[2026-05-09 16:42:02.627] [info]  setup plugin alembic.autogenerate.schemas

[2026-05-09 16:42:02.630] [info]  setup plugin alembic.autogenerate.tables
setup plugin alembic.autogenerate.types
setup plugin alembic.autogenerate.constraints
setup plugin alembic.autogenerate.defaults
setup plugin alembic.autogenerate.comments

[2026-05-09 16:42:03.067] [info]  Adding extra search path custom_nodes C:\Users\runneradmin\Documents\ComfyUI\custom_nodes
Adding extra search path download_model_base C:\Users\runneradmin\Documents\ComfyUI\models

[2026-05-09 16:42:03.068] [info]  Adding extra search path custom_nodes C:\Users\runneradmin\AppData\Local\Programs\ComfyUI\resources\ComfyUI\custom_nodes
Setting output directory to: C:\Users\runneradmin\Documents\ComfyUI\output
Setting input directory to: C:\Users\runneradmin\Documents\ComfyUI\input
Setting user directory to: C:\Users\runneradmin\Documents\ComfyUI\user

[2026-05-09 16:42:04.616] [info]  [START] Security scan
[DONE] Security scan
** ComfyUI startup time: 
[2026-05-09 16:42:04.617] [info]  2026-05-09 16:42:04.615
** Platform: Windows
** Python version: 3.12.11 (main, Aug 18 2025, 19:17:54) [MSC v.1944 64 bit (AMD64)]
** Python executable: C:\Users\runneradmin\Documents\ComfyUI\.venv\Scripts\python.exe
** ComfyUI Path: C:\Users\runneradmin\AppData\Local\Programs\ComfyUI\resources\ComfyUI
** ComfyUI Base Folder Path: C:\Users\runneradmin\AppData\Local\Programs\ComfyUI\resources\ComfyUI

[2026-05-09 16:42:04.618] [info]  ** User directory: C:\Users\runneradmin\Documents\ComfyUI\user
** ComfyUI-Manager config path: C:\Users\runneradmin\Documents\ComfyUI\user\__manager\config.ini
** Log path: C:\Users\runneradmin\Documents\ComfyUI\user\comfyui.log

[2026-05-09 16:42:05.787] [info]  [ComfyUI-Manager] Skipped fixing the 'comfyui-frontend-package' dependency because the ComfyUI is outdated.

[2026-05-09 16:42:05.788] [info]  [PRE] ComfyUI-Manager

[2026-05-09 16:42:06.164] [error] [comfy-env] comfyui-geometrypack: 1 isolation env(s):
[2026-05-09 16:42:06.166] [error] 
[comfy-env]   nodes -> C:\Users\runneradmin\Documents\ComfyUI\custom_nodes\comfyui-geometrypack\nodes

[2026-05-09 16:42:06.167] [error] [comfy-env] prestartup complete
[2026-05-09 16:42:06.170] [error] 

[2026-05-09 16:42:09.154] [info]  Found comfy_kitchen backend triton: {'available': False, 'disabled': True, 'unavailable_reason': "ImportError: No module named 'triton'", 'capabilities': []}

[2026-05-09 16:42:09.156] [info]  Found comfy_kitchen backend eager: {'available': True, 'disabled': False, 'unavailable_reason': None, 'capabilities': ['apply_rope', 'apply_rope1', 'dequantize_mxfp8', 'dequantize_nvfp4', 'dequantize_per_tensor_fp8', 'quantize_mxfp8', 'quantize_nvfp4', 'quantize_per_tensor_fp8', 'scaled_mm_mxfp8', 'scaled_mm_nvfp4']}
Found comfy_kitchen backend cuda: {'available': False, 'disabled': True, 'unavailable_reason': 'CUDA not available on this system', 'capabilities': []}

[2026-05-09 16:42:09.162] [info]  Checkpoint files will always be loaded safely.

[2026-05-09 16:42:09.178] [info]  Total VRAM 16379 MB, total RAM 16379 MB

[2026-05-09 16:42:09.180] [info]  pytorch version: 2.10.0+cpu
Set vram state to: DISABLED
Device: cpu

[2026-05-09 16:42:09.481] [info]  Using sub quadratic optimization for attention, if you have memory or speed issues try using: --use-split-cross-attention

[2026-05-09 16:42:12.359] [info]  Python version: 3.12.11 (main, Aug 18 2025, 19:17:54) [MSC v.1944 64 bit (AMD64)]

[2026-05-09 16:42:12.361] [info]  ComfyUI version: 0.20.1
comfy-aimdo version: 0.2.14

[2026-05-09 16:42:12.362] [info]  comfy-kitchen version: 0.2.8

[2026-05-09 16:42:12.365] [info]  [Prompt Server] web root: C:\Users\runneradmin\AppData\Local\Programs\ComfyUI\resources\ComfyUI\web_custom_versions\desktop_app

[2026-05-09 16:42:12.367] [info]  Asset seeder disabled

[2026-05-09 16:42:12.368] [info]  [START] ComfyUI-Manager

[2026-05-09 16:42:12.498] [info]  [ComfyUI-Manager] Using GitPython backend

[2026-05-09 16:42:12.568] [info]  [ComfyUI-Manager] network_mode: public

[2026-05-09 16:42:12.572] [info]  [ComfyUI-Manager] The matrix sharing feature has been disabled because the `matrix-nio` dependency is not installed.
	To use this feature, please run the following command:
	C:\Users\runneradmin\Documents\ComfyUI\.venv\Scripts\python.exe -m pip install matrix-nio


[2026-05-09 16:42:14.378] [info]  loading...

[2026-05-09 16:42:14.379] [info]  calling register_nodes

[2026-05-09 16:42:14.383] [error] [comfy-env] Version: 0.3.78
[2026-05-09 16:42:14.384] [error] 

[2026-05-09 16:42:17.815] [info]  [comfy-env] Removed stale temp dir: C:\Users\RUNNER~1\AppData\Local\Temp\comfyui_pvenv_a7duk56b

[2026-05-09 16:42:18.224] [error] [comfy-env] register_nodes: comfyui-geometrypack
[2026-05-09 16:42:18.225] [error] 

[2026-05-09 16:42:18.245] [error] [comfy-env] ComfyUI source dir: C:\Users\runneradmin\AppData\Local\Programs\ComfyUI\resources\ComfyUI
[2026-05-09 16:42:18.247] [error] 

[2026-05-09 16:42:18.252] [error] [comfy-env] Scanning nodes metadata (isolation root)...
[2026-05-09 16:42:18.254] [error] 

[2026-05-09 16:42:18.299] [error] [comfy-env] Cache hit for nodes: 125 nodes
[2026-05-09 16:42:18.301] [error] 
[comfy-env] Scanned nodes root: 125 nodes (0.0s)

[2026-05-09 16:42:18.305] [error] [comfy-env] Imported nodes root: 125 nodes (isolation)
[2026-05-09 16:42:18.306] [error] 
[comfy-env] Registered 125 total nodes
[2026-05-09 16:42:18.308] [error] 

[2026-05-09 16:42:18.312] [info]  
Import times for custom nodes:

[2026-05-09 16:42:18.314] [info]     0.0 seconds: C:\Users\runneradmin\AppData\Local\Programs\ComfyUI\resources\ComfyUI\custom_nodes\websocket_image_save.py
   3.9 seconds: C:\Users\runneradmin\Documents\ComfyUI\custom_nodes\comfyui-geometrypack


[2026-05-09 16:42:18.318] [info]  Context impl SQLiteImpl.

[2026-05-09 16:42:18.320] [info]  Will assume non-transactional DDL.

[2026-05-09 16:42:18.327] [error] Failed to initialize database. Please ensure you have installed the latest requirements. If the error persists, please report this as in future the database will be required: Could not acquire lock on database 'C:/Users/runneradmin/Documents/ComfyUI/user/comfyui.db'. Another ComfyUI process may already be using it. Use --database-url to specify a separate database file.

[2026-05-09 16:42:18.438] [info]  Starting server


[2026-05-09 16:42:18.440] [info]  To see the GUI go to: http://127.0.0.1:8001

[2026-05-09 16:42:21.196] [info]  [ComfyUI-Manager] The ComfyRegistry cache update is still in progress, so an outdated cache is being used.

[2026-05-09 16:42:21.346] [info]  FETCH DATA from: C:\Users\runneradmin\Documents\ComfyUI\.venv\Lib\site-packages\comfyui_manager\custom-node-list.json
[2026-05-09 16:42:21.376] [info]   [DONE]

[2026-05-09 16:42:23.552] [error] Exception in callback _ProactorBasePipeTransport._call_connection_lost(None)
handle: <Handle _ProactorBasePipeTransport._call_connection_lost(None)>
Traceback (most recent call last):
  File "C:\Users\runneradmin\AppData\Roaming\uv\python\cpython-3.12.11-windows-x86_64-none\Lib\asyncio\events.py", line 88, in _run
    self._context.run(self._callback, *self._args)
  File "C:\Users\runneradmin\AppData\Roaming\uv\python\cpython-3.12.11-windows-x86_64-none\Lib\asyncio\proactor_events.py", line 165, in _call_connection_lost
    self._sock.shutdown(socket.SHUT_RDWR)
ConnectionResetError: [WinError 10054] An existing connection was forcibly closed by the remote host

[2026-05-09 16:42:24.619] [info]  [ComfyUI-Manager] The ComfyRegistry cache update is still in progress, so an outdated cache is being used.

[2026-05-09 16:42:24.758] [info]  FETCH DATA from: C:\Users\runneradmin\Documents\ComfyUI\.venv\Lib\site-packages\comfyui_manager\custom-node-list.json
[2026-05-09 16:42:24.780] [info]   [DONE]

[2026-05-09 16:42:45.155] [info]  got prompt

[2026-05-09 16:42:45.176] [info]  [comfyui-geometrypack] python: C:\Users\runneradmin\Documents\ComfyUI\.ce\.pixi\envs\geometrypack-nodes\python.exe
[2026-05-09 16:42:45.180] [info]  
[comfyui-geometrypack] sys_path sent to worker: ['C:\\Users\\runneradmin\\AppData\\Local\\Programs\\ComfyUI\\resources\\ComfyUI', 'C:\\Users\\runneradmin\\Documents\\ComfyUI\\custom_nodes\\comfyui-geometrypack', 'C:\\Users\\runneradmin\\Documents\\ComfyUI\\.ce\\.pixi\\envs\\geometrypack-nodes\\Lib\\site-packages', 'C:\\Users\\runneradmin\\Documents\\ComfyUI\\custom_nodes\\comfyui-geometrypack']

[2026-05-09 16:42:50.692] [error] [worker:comfyui-geometrypack] INFO: Found mesh in input folder: 3d/Stanford_Bunny.stl

[2026-05-09 16:42:50.695] [error] [worker:comfyui-geometrypack] INFO: Loading: C:\Users\runneradmin\Documents\ComfyUI\input\3d/Stanford_Bunny.stl

[2026-05-09 16:42:50.961] [error] [worker:comfyui-geometrypack] INFO: Initial mesh: 56203 vertices, 112402 faces

[2026-05-09 16:42:51.062] [error] [worker:comfyui-geometrypack] INFO: Successfully loaded: 56203 vertices, 112402 faces

[2026-05-09 16:42:51.067] [error] [worker:comfyui-geometrypack] INFO: Loaded: 56203 vertices, 112402 faces

[2026-05-09 16:42:51.639] [error] [comfyui-geometrypack] Health check: ping (timeout=5.0s)...
[2026-05-09 16:42:51.641] [error] 
[comfyui-geometrypack] Health check: ok

[2026-05-09 16:42:51.704] [error] [worker:comfyui-geometrypack] INFO: Remesh dispatch: pymeshlab_isotropic -> GeomPackRemesh_PyMeshLab

[2026-05-09 16:42:51.748] [error] [comfyui-geometrypack] Health check: ping (timeout=5.0s)...
[2026-05-09 16:42:51.750] [error] 
[comfyui-geometrypack] Health check: ok

[2026-05-09 16:42:51.804] [error] [worker:comfyui-geometrypack] INFO: Remesh dispatch: cgal_isotropic -> GeomPackRemesh_CGAL

[2026-05-09 16:42:51.844] [error] [comfyui-geometrypack] Health check: ping (timeout=5.0s)...
[2026-05-09 16:42:51.846] [error] 
[comfyui-geometrypack] Health check: ok

[2026-05-09 16:42:51.902] [error] [worker:comfyui-geometrypack] INFO: Backend: pymeshlab_isotropic

[2026-05-09 16:42:51.905] [error] [worker:comfyui-geometrypack] INFO: Input: 56203 vertices, 112402 faces

[2026-05-09 16:42:51.908] [error] [worker:comfyui-geometrypack] INFO: Parameters: target_edge_length=1.0, iterations=3, feature_angle=30.0, adaptive=false

[2026-05-09 16:42:59.812] [error] [worker:comfyui-geometrypack] INFO: Output: 32264 vertices, 64524 faces

[2026-05-09 16:42:59.843] [error] [comfyui-geometrypack] Health check: ping (timeout=5.0s)...
[2026-05-09 16:42:59.844] [error] 

[2026-05-09 16:42:59.845] [error] [comfyui-geometrypack] Health check: ok

[2026-05-09 16:42:59.985] [error] C:\Users\runneradmin\Documents\ComfyUI\.ce\.pixi\envs\geometrypack-nodes\Lib\site-packages\point_cloud_utils\_ray_mesh_intersector.py:13: SyntaxWarning: invalid escape sequence '\#'
  mesh_v : \#v by 3 array of vertex positions (each row is a vertex)

[2026-05-09 16:42:59.986] [error] C:\Users\runneradmin\Documents\ComfyUI\.ce\.pixi\envs\geometrypack-nodes\Lib\site-packages\point_cloud_utils\_ray_mesh_intersector.py:27: SyntaxWarning: invalid escape sequence '\#'
  ray_o : array of shape (\#rays, 3) of ray origins (one per row) or a single array of shape (3,) to use

[2026-05-09 16:42:59.989] [error] C:\Users\runneradmin\Documents\ComfyUI\.ce\.pixi\envs\geometrypack-nodes\Lib\site-packages\point_cloud_utils\_point_cloud_geometry.py:71: SyntaxWarning: invalid escape sequence '\#'
  p : \#p by 3 array of vertex positions (each row is a vertex)

[2026-05-09 16:42:59.990] [error] C:\Users\runneradmin\Documents\ComfyUI\.ce\.pixi\envs\geometrypack-nodes\Lib\site-packages\point_cloud_utils\_point_cloud_geometry.py:91: SyntaxWarning: invalid escape sequence '\#'
  p : \#p by 3 array of vertex positions (each row is a vertex)

[2026-05-09 16:42:59.996] [error] [worker:comfyui-geometrypack] INFO: Metric: hausdorff, Samples: 10000

[2026-05-09 16:43:00.002] [error] [worker:comfyui-geometrypack] INFO: Mesh A: 56203 vertices, 112402 faces

[2026-05-09 16:43:00.006] [error] [worker:comfyui-geometrypack] INFO: Mesh B: 32264 vertices, 64524 faces
[2026-05-09 16:43:00.008] [error] 

[2026-05-09 16:43:00.137] [error] [worker:comfyui-geometrypack] INFO: Result: 2.986734

[2026-05-09 16:43:00.158] [error] [comfyui-geometrypack] Health check: ping (timeout=5.0s)...
[2026-05-09 16:43:00.159] [error] 

[2026-05-09 16:43:00.160] [error] [comfyui-geometrypack] Health check: ok

[2026-05-09 16:43:00.218] [error] [worker:comfyui-geometrypack] INFO: Backend: cgal_isotropic

[2026-05-09 16:43:00.222] [error] [worker:comfyui-geometrypack] INFO: Input: 56,203 vertices, 112,402 faces

[2026-05-09 16:43:00.227] [error] [worker:comfyui-geometrypack] INFO: Parameters: target_edge_length=1.0, iterations=3, protect_boundaries=true

[2026-05-09 16:43:00.232] [error] [worker:comfyui-geometrypack] INFO: Running CGAL isotropic remesh (target_edge_length=1.0)...

[2026-05-09 16:43:06.931] [error] [worker:comfyui-geometrypack] INFO: Output: 41466 vertices (-14737), 82928 faces (-29474)

[2026-05-09 16:43:06.986] [error] [comfyui-geometrypack] Health check: ping (timeout=5.0s)...
[comfyui-geometrypack] Health check: ok

[2026-05-09 16:43:07.059] [error] [worker:comfyui-geometrypack] INFO: Metric: hausdorff, Samples: 10000

[2026-05-09 16:43:07.062] [error] [worker:comfyui-geometrypack] INFO: Mesh A: 56203 vertices, 112402 faces

[2026-05-09 16:43:07.066] [error] [worker:comfyui-geometrypack] INFO: Mesh B: 41466 vertices, 82928 faces

[2026-05-09 16:43:07.184] [error] [worker:comfyui-geometrypack] INFO: Result: 3.254275

[2026-05-09 16:43:07.208] [info]  Prompt executed in 22.05 seconds

