[2026-05-18 19:18:01.240] [info]  setup plugin alembic.autogenerate.schemas
setup plugin alembic.autogenerate.tables

[2026-05-18 19:18:01.243] [info]  setup plugin alembic.autogenerate.types
setup plugin alembic.autogenerate.constraints
setup plugin alembic.autogenerate.defaults
setup plugin alembic.autogenerate.comments

[2026-05-18 19:18:01.683] [info]  Adding extra search path custom_nodes C:\Users\stduser\Documents\ComfyUI\custom_nodes
Adding extra search path download_model_base C:\Users\stduser\Documents\ComfyUI\models
Adding extra search path custom_nodes C:\Users\stduser\.comfy-test-cache\desktop\ComfyUI\resources\ComfyUI\custom_nodes

[2026-05-18 19:18:01.685] [info]  Setting output directory to: C:\Users\stduser\Documents\ComfyUI\output
Setting input directory to: C:\Users\stduser\Documents\ComfyUI\input
Setting user directory to: C:\Users\stduser\Documents\ComfyUI\user

[2026-05-18 19:18:03.209] [info]  [START] Security scan
[DONE] Security scan
** ComfyUI startup time: 2026-05-18 19:18:03.208
[2026-05-18 19:18:03.211] [info]  
** Platform: Windows
** Python version: 3.12.11 (main, Aug 18 2025, 19:17:54) [MSC v.1944 64 bit (AMD64)]
** Python executable: C:\Users\stduser\Documents\ComfyUI\.venv\Scripts\python.exe
** ComfyUI Path: C:\Users\stduser\.comfy-test-cache\desktop\ComfyUI\resources\ComfyUI
** ComfyUI Base Folder Path: C:\Users\stduser\.comfy-test-cache\desktop\ComfyUI\resources\ComfyUI

[2026-05-18 19:18:03.212] [info]  ** User directory:
[2026-05-18 19:18:03.214] [info]   C:\Users\stduser\Documents\ComfyUI\user
** ComfyUI-Manager config path: C:\Users\stduser\Documents\ComfyUI\user\__manager\config.ini
** Log path: C:\Users\stduser\Documents\ComfyUI\user\comfyui.log

[2026-05-18 19:18:04.321] [info]  [ComfyUI-Manager] Skipped fixing the 'comfyui-frontend-package' dependency because the ComfyUI is outdated.

[2026-05-18 19:18:04.322] [info]  [PRE] ComfyUI-Manager

[2026-05-18 19:18:04.647] [error] [comfy-env] comfyui-geometrypack: 1 isolation env(s):
[2026-05-18 19:18:04.648] [error] 
[comfy-env]   nodes -> C:\Users\stduser\Documents\ComfyUI\custom_nodes\comfyui-geometrypack\nodes
[comfy-env] prestartup complete

[2026-05-18 19:18:07.466] [info]  Found comfy_kitchen backend triton: {'available': False, 'disabled': True, 'unavailable_reason': "ImportError: No module named 'triton'", 'capabilities': []}
Found comfy_kitchen backend eager: {'available': True, 'disabled': False, 'unavailable_reason': None, 'capabilities': ['apply_rope', 'apply_rope1', 'dequantize_mxfp8', 'dequantize_nvfp4', 'dequantize_per_tensor_fp8', 'quantize_mxfp8', 'quantize_nvfp4', 'quantize_per_tensor_fp8', 'scaled_mm_mxfp8', 'scaled_mm_nvfp4']}

[2026-05-18 19:18:07.468] [info]  Found comfy_kitchen backend cuda: {'available': False, 'disabled': True, 'unavailable_reason': 'CUDA not available on this system', 'capabilities': []}

[2026-05-18 19:18:07.475] [info]  Checkpoint files will always be loaded safely.

[2026-05-18 19:18:07.489] [info]  Total VRAM 16379 MB, total RAM 16379 MB
pytorch version: 2.10.0+cpu

[2026-05-18 19:18:07.491] [info]  Set vram state to: DISABLED
Device: cpu

[2026-05-18 19:18:07.774] [info]  Using sub quadratic optimization for attention, if you have memory or speed issues try using: --use-split-cross-attention

[2026-05-18 19:18:10.392] [info]  Python version: 3.12.11 (main, Aug 18 2025, 19:17:54) [MSC v.1944 64 bit (AMD64)]

[2026-05-18 19:18:10.394] [info]  ComfyUI version: 0.21.1
comfy-aimdo version: 0.3.0

[2026-05-18 19:18:10.395] [info]  comfy-kitchen version: 0.2.8

[2026-05-18 19:18:10.398] [info]  [Prompt Server] web root: C:\Users\stduser\.comfy-test-cache\desktop\ComfyUI\resources\ComfyUI\web_custom_versions\desktop_app

[2026-05-18 19:18:10.399] [info]  Asset seeder disabled

[2026-05-18 19:18:10.400] [info]  [START] ComfyUI-Manager

[2026-05-18 19:18:10.560] [info]  [ComfyUI-Manager] Using GitPython backend

[2026-05-18 19:18:10.625] [info]  [ComfyUI-Manager] network_mode: public

[2026-05-18 19:18:10.630] [info]  [ComfyUI-Manager] The matrix sharing feature has been disabled because the `matrix-nio` dependency is not installed.
	To use this feature, please run the following command:
	C:\Users\stduser\Documents\ComfyUI\.venv\Scripts\python.exe -m pip install matrix-nio


[2026-05-18 19:18:12.475] [info]  loading...
calling register_nodes

[2026-05-18 19:18:12.481] [error] [comfy-env] Version: 0.3.84
[2026-05-18 19:18:12.483] [error] 

[2026-05-18 19:18:13.236] [error] [comfy-env] register_nodes: comfyui-geometrypack
[2026-05-18 19:18:13.238] [error] 

[2026-05-18 19:18:13.249] [error] [comfy-env] ComfyUI source dir: C:\Users\stduser\.comfy-test-cache\desktop\ComfyUI\resources\ComfyUI
[2026-05-18 19:18:13.251] [error] 

[2026-05-18 19:18:13.253] [error] [comfy-env] Scanning nodes metadata (isolation root)...
[2026-05-18 19:18:13.254] [error] 

[2026-05-18 19:18:13.286] [error] [comfy-env] Cache hit for nodes: 125 nodes
[2026-05-18 19:18:13.288] [error] 
[comfy-env] Scanned nodes root: 125 nodes (0.0s)
[2026-05-18 19:18:13.289] [error] 

[2026-05-18 19:18:13.293] [error] [comfy-env] Imported nodes root: 125 nodes (isolation)
[2026-05-18 19:18:13.294] [error] 
[comfy-env] Registered 125 total nodes

[2026-05-18 19:18:13.301] [info]  
Import times for custom nodes:

[2026-05-18 19:18:13.302] [info]     0.0 seconds: C:\Users\stduser\.comfy-test-cache\desktop\ComfyUI\resources\ComfyUI\custom_nodes\websocket_image_save.py
   0.8 seconds: C:\Users\stduser\Documents\ComfyUI\custom_nodes\comfyui-geometrypack


[2026-05-18 19:18:13.306] [info]  Context impl SQLiteImpl.

[2026-05-18 19:18:13.308] [info]  Will assume non-transactional DDL.

[2026-05-18 19:18:13.321] [error] Failed to initialize database. Please ensure you have installed the latest requirements. If the error persists, please report this as in future the database will be required: Could not acquire lock on database 'C:/Users/stduser/Documents/ComfyUI/user/comfyui.db'. Another ComfyUI process may already be using it. Use --database-url to specify a separate database file.

[2026-05-18 19:18:13.412] [info]  Starting server


[2026-05-18 19:18:13.413] [info]  To see the GUI go to: http://127.0.0.1:8001

[2026-05-18 19:18:15.785] [info]  [ComfyUI-Manager] The ComfyRegistry cache update is still in progress, so an outdated cache is being used.

[2026-05-18 19:18:15.951] [info]  FETCH DATA from: C:\Users\stduser\Documents\ComfyUI\.venv\Lib\site-packages\comfyui_manager\custom-node-list.json
[2026-05-18 19:18:16.015] [info]   [DONE]
[2026-05-18 19:18:16.017] [info]  

[2026-05-18 19:18:19.863] [info]  [ComfyUI-Manager] The ComfyRegistry cache update is still in progress, so an outdated cache is being used.

[2026-05-18 19:18:19.989] [info]  FETCH DATA from: C:\Users\stduser\Documents\ComfyUI\.venv\Lib\site-packages\comfyui_manager\custom-node-list.json
[2026-05-18 19:18:20.025] [info]   [DONE]

