[2026-05-10 22:23:17.964] [info]  setup plugin alembic.autogenerate.schemas
setup plugin alembic.autogenerate.tables

[2026-05-10 22:23:17.966] [info]  setup plugin alembic.autogenerate.types
setup plugin alembic.autogenerate.constraints
setup plugin alembic.autogenerate.defaults
setup plugin alembic.autogenerate.comments

[2026-05-10 22:23:18.405] [info]  Adding extra search path custom_nodes C:\Users\runneradmin\Documents\ComfyUI\custom_nodes

[2026-05-10 22:23:18.407] [info]  Adding extra search path download_model_base C:\Users\runneradmin\Documents\ComfyUI\models
Adding extra search path custom_nodes C:\Users\runneradmin\.comfy-test-cache\desktop\ComfyUI\resources\ComfyUI\custom_nodes
Setting output directory to: C:\Users\runneradmin\Documents\ComfyUI\output
Setting input directory to: C:\Users\runneradmin\Documents\ComfyUI\input
Setting user directory to: C:\Users\runneradmin\Documents\ComfyUI\user

[2026-05-10 22:23:19.877] [info]  [START] Security scan
[DONE] Security scan
** ComfyUI startup time: 2026-05-10 22:23:19.877
[2026-05-10 22:23:19.879] [info]  
** Platform: Windows
** Python version: 3.12.11 (main, Aug 18 2025, 19:17:54) [MSC v.1944 64 bit (AMD64)]
** Python executable: C:\Users\runneradmin\Documents\ComfyUI\.venv\Scripts\python.exe
** ComfyUI Path: C:\Users\runneradmin\.comfy-test-cache\desktop\ComfyUI\resources\ComfyUI
** ComfyUI Base Folder Path: C:\Users\runneradmin\.comfy-test-cache\desktop\ComfyUI\resources\ComfyUI

[2026-05-10 22:23:19.880] [info]  ** User directory: C:\Users\runneradmin\Documents\ComfyUI\user
** ComfyUI-Manager config path: C:\Users\runneradmin\Documents\ComfyUI\user\__manager\config.ini
** Log path: C:\Users\runneradmin\Documents\ComfyUI\user\comfyui.log

[2026-05-10 22:23:20.970] [info]  [ComfyUI-Manager] Skipped fixing the 'comfyui-frontend-package' dependency because the ComfyUI is outdated.

[2026-05-10 22:23:20.972] [info]  [PRE] ComfyUI-Manager

[2026-05-10 22:23:21.282] [error] [comfy-env] comfyui-geometrypack: 1 isolation env(s):
[2026-05-10 22:23:21.284] [error] 
[comfy-env]   nodes -> C:\Users\runneradmin\Documents\ComfyUI\custom_nodes\comfyui-geometrypack\nodes
[comfy-env] prestartup complete

[2026-05-10 22:23:24.007] [info]  Found comfy_kitchen backend cuda: {'available': False, 'disabled': True, 'unavailable_reason': 'CUDA not available on this system', 'capabilities': []}

[2026-05-10 22:23:24.009] [info]  Found comfy_kitchen backend eager: {'available': True, 'disabled': False, 'unavailable_reason': None, 'capabilities': ['apply_rope', 'apply_rope1', 'dequantize_mxfp8', 'dequantize_nvfp4', 'dequantize_per_tensor_fp8', 'quantize_mxfp8', 'quantize_nvfp4', 'quantize_per_tensor_fp8', 'scaled_mm_mxfp8', 'scaled_mm_nvfp4']}
Found comfy_kitchen backend triton: {'available': False, 'disabled': True, 'unavailable_reason': "ImportError: No module named 'triton'", 'capabilities': []}

[2026-05-10 22:23:24.015] [info]  Checkpoint files will always be loaded safely.

[2026-05-10 22:23:24.035] [info]  Total VRAM 16379 MB, total RAM 16379 MB

[2026-05-10 22:23:24.036] [info]  pytorch version: 2.10.0+cpu
Set vram state to: DISABLED
Device: cpu

[2026-05-10 22:23:24.312] [info]  Using sub quadratic optimization for attention, if you have memory or speed issues try using: --use-split-cross-attention

[2026-05-10 22:23:26.923] [info]  Python version: 3.12.11 (main, Aug 18 2025, 19:17:54) [MSC v.1944 64 bit (AMD64)]

[2026-05-10 22:23:26.925] [info]  ComfyUI version: 0.20.1
comfy-aimdo version: 0.2.14

[2026-05-10 22:23:26.926] [info]  comfy-kitchen version: 0.2.8

[2026-05-10 22:23:26.929] [info]  [Prompt Server] web root: C:\Users\runneradmin\.comfy-test-cache\desktop\ComfyUI\resources\ComfyUI\web_custom_versions\desktop_app

[2026-05-10 22:23:26.934] [info]  Asset seeder disabled

[2026-05-10 22:23:26.935] [info]  [START] ComfyUI-Manager

[2026-05-10 22:23:27.061] [info]  [ComfyUI-Manager] Using GitPython backend

[2026-05-10 22:23:27.128] [info]  [ComfyUI-Manager] network_mode: public

[2026-05-10 22:23:27.132] [info]  [ComfyUI-Manager] The matrix sharing feature has been disabled because the `matrix-nio` dependency is not installed.
	To use this feature, please run the following command:
	C:\Users\runneradmin\Documents\ComfyUI\.venv\Scripts\python.exe -m pip install matrix-nio


[2026-05-10 22:23:28.810] [info]  loading...

[2026-05-10 22:23:28.812] [info]  calling register_nodes

[2026-05-10 22:23:28.815] [error] [comfy-env] Version: 0.3.82
[2026-05-10 22:23:28.816] [error] 

[2026-05-10 22:23:31.195] [info]  [comfy-env] Removed stale temp dir: C:\Users\RUNNER~1\AppData\Local\Temp\comfyui_pvenv_d_7d3etr

[2026-05-10 22:23:31.479] [error] [comfy-env] register_nodes: comfyui-geometrypack
[2026-05-10 22:23:31.482] [error] 

[2026-05-10 22:23:31.491] [error] [comfy-env] ComfyUI source dir: C:\Users\runneradmin\.comfy-test-cache\desktop\ComfyUI\resources\ComfyUI
[2026-05-10 22:23:31.492] [error] 

[2026-05-10 22:23:31.495] [error] [comfy-env] Scanning nodes metadata (isolation root)...
[2026-05-10 22:23:31.498] [error] 

[2026-05-10 22:23:31.552] [error] [comfy-env] Cache hit for nodes: 125 nodes
[2026-05-10 22:23:31.553] [error] 
[comfy-env] Scanned nodes root: 125 nodes (0.1s)

[2026-05-10 22:23:31.557] [error] [comfy-env] Imported nodes root: 125 nodes (isolation)
[2026-05-10 22:23:31.558] [error] 

[2026-05-10 22:23:31.559] [error] [comfy-env] Registered 125 total nodes

[2026-05-10 22:23:31.565] [info]  
Import times for custom nodes:

[2026-05-10 22:23:31.566] [info]     0.0 seconds: C:\Users\runneradmin\.comfy-test-cache\desktop\ComfyUI\resources\ComfyUI\custom_nodes\websocket_image_save.py
   2.8 seconds: C:\Users\runneradmin\Documents\ComfyUI\custom_nodes\comfyui-geometrypack


[2026-05-10 22:23:31.570] [info]  Context impl SQLiteImpl.

[2026-05-10 22:23:31.571] [info]  Will assume non-transactional DDL.

[2026-05-10 22:23:31.579] [error] Failed to initialize database. Please ensure you have installed the latest requirements. If the error persists, please report this as in future the database will be required: Could not acquire lock on database 'C:/Users/runneradmin/Documents/ComfyUI/user/comfyui.db'. Another ComfyUI process may already be using it. Use --database-url to specify a separate database file.

[2026-05-10 22:23:31.660] [info]  Starting server


[2026-05-10 22:23:31.662] [info]  To see the GUI go to: http://127.0.0.1:8001

[2026-05-10 22:23:33.837] [info]  [ComfyUI-Manager] The ComfyRegistry cache update is still in progress, so an outdated cache is being used.

[2026-05-10 22:23:34.006] [info]  FETCH DATA from: C:\Users\runneradmin\Documents\ComfyUI\.venv\Lib\site-packages\comfyui_manager\custom-node-list.json
[2026-05-10 22:23:34.030] [info]   [DONE]

[2026-05-10 22:23:37.240] [info]  [ComfyUI-Manager] The ComfyRegistry cache update is still in progress, so an outdated cache is being used.

[2026-05-10 22:23:37.451] [info]  FETCH DATA from: C:\Users\runneradmin\Documents\ComfyUI\.venv\Lib\site-packages\comfyui_manager\custom-node-list.json
[2026-05-10 22:23:37.488] [info]   [DONE]

[2026-05-10 22:23:57.591] [info]  got prompt

[2026-05-10 22:23:57.612] [info]  [comfyui-geometrypack] python: C:\ce\.pixi\envs\geometrypack-nodes\python.exe
[2026-05-10 22:23:57.613] [info]  
[comfyui-geometrypack] sys_path sent to worker: ['C:\\Users\\runneradmin\\.comfy-test-cache\\desktop\\ComfyUI\\resources\\ComfyUI', 'C:\\Users\\runneradmin\\Documents\\ComfyUI\\custom_nodes\\comfyui-geometrypack', 'C:\\ce\\.pixi\\envs\\geometrypack-nodes\\Lib\\site-packages', 'C:\\Users\\runneradmin\\Documents\\ComfyUI\\custom_nodes\\comfyui-geometrypack']

[2026-05-10 22:23:59.774] [error] [worker:comfyui-geometrypack] ERROR: Failed to import comfy_kitchen, Error: No module named 'comfy_kitchen', fp8 and fp4 support will not be available.

[2026-05-10 22:24:01.361] [error] [worker:comfyui-geometrypack] INFO: Created sphere: 162 vertices, 320 faces

[2026-05-10 22:24:01.732] [error] [comfyui-geometrypack] Health check: ping (timeout=5.0s)...
[2026-05-10 22:24:01.734] [error] 
[comfyui-geometrypack] Health check: ok

[2026-05-10 22:24:01.773] [error] [worker:comfyui-geometrypack] INFO: Created cube: 8 vertices, 12 faces

[2026-05-10 22:24:01.790] [error] [comfyui-geometrypack] Health check: ping (timeout=5.0s)...
[2026-05-10 22:24:01.792] [error] 

[2026-05-10 22:24:01.794] [error] [comfyui-geometrypack] Health check: ok
[2026-05-10 22:24:01.796] [error] 

[2026-05-10 22:24:01.843] [error] [worker:comfyui-geometrypack] INFO: Layout: side_by_side, Mode: fields

[2026-05-10 22:24:01.847] [error] [worker:comfyui-geometrypack] INFO: Mesh 1: Mesh - 8 vertices, 12 faces

[2026-05-10 22:24:01.851] [error] [worker:comfyui-geometrypack] INFO: Mesh 2: Mesh - 162 vertices, 320 faces

[2026-05-10 22:24:01.855] [error] [worker:comfyui-geometrypack] INFO: Mesh 1 fields: []
[2026-05-10 22:24:01.856] [error] 

[2026-05-10 22:24:01.859] [error] [worker:comfyui-geometrypack] INFO: Mesh 2 fields: []

[2026-05-10 22:24:01.863] [error] [worker:comfyui-geometrypack] INFO: Common fields: []

[2026-05-10 22:24:01.866] [error] [worker:comfyui-geometrypack] INFO: Mesh 1 visual: kind=None, texture=False, vertex_colors=False
[2026-05-10 22:24:01.868] [error] 

[2026-05-10 22:24:01.872] [error] [worker:comfyui-geometrypack] INFO: Mesh 2 visual: kind=None, texture=False, vertex_colors=False

[2026-05-10 22:24:01.878] [error] [worker:comfyui-geometrypack] INFO: Exported STL: C:\Users\runneradmin\Documents\ComfyUI\output\preview_dual_1_5bd1d648.stl

[2026-05-10 22:24:01.884] [error] [worker:comfyui-geometrypack] INFO: Exported STL: C:\Users\runneradmin\Documents\ComfyUI\output\preview_dual_2_5bd1d648.stl

[2026-05-10 22:24:01.889] [error] [worker:comfyui-geometrypack] INFO: Preview ready

[2026-05-10 22:24:01.907] [error] [comfyui-geometrypack] Health check: ping (timeout=5.0s)...
[2026-05-10 22:24:01.909] [error] 
[comfyui-geometrypack] Health check: ok

[2026-05-10 22:24:01.969] [error] [worker:comfyui-geometrypack] INFO: Boolean dispatch: libigl_cgal -> GeomPackBoolean_LibiglCGAL

[2026-05-10 22:24:01.992] [error] [comfyui-geometrypack] Health check: ping (timeout=5.0s)...

[2026-05-10 22:24:01.995] [error] [comfyui-geometrypack] Health check: ok

[2026-05-10 22:24:02.057] [error] [worker:comfyui-geometrypack] INFO: Backend: libigl_cgal

[2026-05-10 22:24:02.060] [error] [worker:comfyui-geometrypack] INFO: Mesh A: 8 vertices, 12 faces

[2026-05-10 22:24:02.063] [error] [worker:comfyui-geometrypack] INFO: Mesh B: 162 vertices, 320 faces

[2026-05-10 22:24:02.069] [error] [worker:comfyui-geometrypack] INFO: Operation: union

[2026-05-10 22:24:02.475] [error] [worker:comfyui-geometrypack] INFO: Success: 302 vertices, 600 faces

[2026-05-10 22:24:02.494] [error] [comfyui-geometrypack] Health check: ping (timeout=5.0s)...
[2026-05-10 22:24:02.496] [error] 

[2026-05-10 22:24:02.499] [error] [comfyui-geometrypack] Health check: ok

[2026-05-10 22:24:02.562] [error] [worker:comfyui-geometrypack] INFO: Preparing preview: Mesh - 302 vertices, 600 faces

[2026-05-10 22:24:02.569] [error] [worker:comfyui-geometrypack] INFO: Mode: fields

[2026-05-10 22:24:02.575] [error] [worker:comfyui-geometrypack] INFO: Visual data - has_visual: True, kind: None, texture: False, vertex_colors: False

[2026-05-10 22:24:02.579] [error] [worker:comfyui-geometrypack] INFO: Using fields mode - VTP export

[2026-05-10 22:24:02.583] [error] [worker:comfyui-geometrypack] INFO: Exporting mesh to VTP: C:\Users\runneradmin\Documents\ComfyUI\output\preview_vtk_9932f272.vtp

[2026-05-10 22:24:02.589] [error] [worker:comfyui-geometrypack] INFO: Adding normals field (302 vertices)

[2026-05-10 22:24:02.597] [error] [worker:comfyui-geometrypack] INFO: Export complete: 302 vertices, 600 faces

[2026-05-10 22:24:02.600] [error] [worker:comfyui-geometrypack] INFO: Exported VTP to: C:\Users\runneradmin\Documents\ComfyUI\output\preview_vtk_9932f272.vtp

[2026-05-10 22:24:02.605] [error] [worker:comfyui-geometrypack] INFO: Fields mode info: watertight=True, volume=9.214489033870414, area=25.093742655540616, no fields

[2026-05-10 22:24:02.650] [info]  Prompt executed in 5.03 seconds

