[2026-05-18 19:19:25.552] [info]  setup plugin alembic.autogenerate.schemas
setup plugin alembic.autogenerate.tables

[2026-05-18 19:19:25.554] [info]  setup plugin alembic.autogenerate.types
setup plugin alembic.autogenerate.constraints
setup plugin alembic.autogenerate.defaults
setup plugin alembic.autogenerate.comments

[2026-05-18 19:19:25.996] [info]  Adding extra search path custom_nodes C:\Users\stduser\Documents\ComfyUI\custom_nodes
Adding extra search path download_model_base C:\Users\stduser\Documents\ComfyUI\models
Adding extra search path custom_nodes C:\Users\stduser\.comfy-test-cache\desktop\ComfyUI\resources\ComfyUI\custom_nodes
Setting output directory to: C:\Users\stduser\Documents\ComfyUI\output
Setting input directory to: C:\Users\stduser\Documents\ComfyUI\input
Setting user directory to: C:\Users\stduser\Documents\ComfyUI\user

[2026-05-18 19:19:27.521] [info]  [START] Security scan
[DONE] Security scan
** ComfyUI startup time: 2026-05-18 19:19:27.520

[2026-05-18 19:19:27.522] [info]  ** Platform: Windows
** Python version: 3.12.11 (main, Aug 18 2025, 19:17:54) [MSC v.1944 64 bit (AMD64)]
** Python executable: C:\Users\stduser\Documents\ComfyUI\.venv\Scripts\python.exe
** ComfyUI Path: C:\Users\stduser\.comfy-test-cache\desktop\ComfyUI\resources\ComfyUI
** ComfyUI Base Folder Path: C:\Users\stduser\.comfy-test-cache\desktop\ComfyUI\resources\ComfyUI

[2026-05-18 19:19:27.524] [info]  ** User directory: C:\Users\stduser\Documents\ComfyUI\user
** ComfyUI-Manager config path: C:\Users\stduser\Documents\ComfyUI\user\__manager\config.ini
** Log path: C:\Users\stduser\Documents\ComfyUI\user\comfyui.log

[2026-05-18 19:19:28.641] [info]  [ComfyUI-Manager] Skipped fixing the 'comfyui-frontend-package' dependency because the ComfyUI is outdated.

[2026-05-18 19:19:28.643] [info]  [PRE] ComfyUI-Manager

[2026-05-18 19:19:28.952] [error] [comfy-env] comfyui-geometrypack: 1 isolation env(s):
[2026-05-18 19:19:28.954] [error] 
[comfy-env]   nodes -> C:\Users\stduser\Documents\ComfyUI\custom_nodes\comfyui-geometrypack\nodes
[comfy-env] prestartup complete

[2026-05-18 19:19:31.871] [info]  Found comfy_kitchen backend eager: {'available': True, 'disabled': False, 'unavailable_reason': None, 'capabilities': ['apply_rope', 'apply_rope1', 'dequantize_mxfp8', 'dequantize_nvfp4', 'dequantize_per_tensor_fp8', 'quantize_mxfp8', 'quantize_nvfp4', 'quantize_per_tensor_fp8', 'scaled_mm_mxfp8', 'scaled_mm_nvfp4']}
Found comfy_kitchen backend triton: {'available': False, 'disabled': True, 'unavailable_reason': "ImportError: No module named 'triton'", 'capabilities': []}

[2026-05-18 19:19:31.873] [info]  Found comfy_kitchen backend cuda: {'available': False, 'disabled': True, 'unavailable_reason': 'CUDA not available on this system', 'capabilities': []}

[2026-05-18 19:19:31.882] [info]  Checkpoint files will always be loaded safely.

[2026-05-18 19:19:31.899] [info]  Total VRAM 16379 MB, total RAM 16379 MB
pytorch version: 2.10.0+cpu

[2026-05-18 19:19:31.900] [info]  Set vram state to: DISABLED
Device: cpu

[2026-05-18 19:19:32.181] [info]  Using sub quadratic optimization for attention, if you have memory or speed issues try using: --use-split-cross-attention

[2026-05-18 19:19:34.794] [info]  Python version: 3.12.11 (main, Aug 18 2025, 19:17:54) [MSC v.1944 64 bit (AMD64)]

[2026-05-18 19:19:34.796] [info]  ComfyUI version: 0.21.1
comfy-aimdo version: 0.3.0

[2026-05-18 19:19:34.798] [info]  comfy-kitchen version: 0.2.8

[2026-05-18 19:19:34.800] [info]  [Prompt Server] web root: C:\Users\stduser\.comfy-test-cache\desktop\ComfyUI\resources\ComfyUI\web_custom_versions\desktop_app

[2026-05-18 19:19:34.801] [info]  Asset seeder disabled

[2026-05-18 19:19:34.802] [info]  [START] ComfyUI-Manager

[2026-05-18 19:19:34.965] [info]  [ComfyUI-Manager] Using GitPython backend

[2026-05-18 19:19:35.031] [info]  [ComfyUI-Manager] network_mode: public

[2026-05-18 19:19:35.035] [info]  [ComfyUI-Manager] The matrix sharing feature has been disabled because the `matrix-nio` dependency is not installed.
	To use this feature, please run the following command:
	C:\Users\stduser\Documents\ComfyUI\.venv\Scripts\python.exe -m pip install matrix-nio


[2026-05-18 19:19:36.832] [info]  loading...
calling register_nodes

[2026-05-18 19:19:36.836] [error] [comfy-env] Version: 0.3.84
[2026-05-18 19:19:36.838] [error] 

[2026-05-18 19:19:37.512] [error] [comfy-env] register_nodes: comfyui-geometrypack
[2026-05-18 19:19:37.514] [error] 

[2026-05-18 19:19:37.527] [error] [comfy-env] ComfyUI source dir: C:\Users\stduser\.comfy-test-cache\desktop\ComfyUI\resources\ComfyUI
[2026-05-18 19:19:37.529] [error] 

[2026-05-18 19:19:37.532] [error] [comfy-env] Scanning nodes metadata (isolation root)...
[2026-05-18 19:19:37.533] [error] 

[2026-05-18 19:19:37.572] [error] [comfy-env] Cache hit for nodes: 125 nodes
[2026-05-18 19:19:37.573] [error] 
[comfy-env] Scanned nodes root: 125 nodes (0.0s)
[2026-05-18 19:19:37.575] [error] 

[2026-05-18 19:19:37.577] [error] [comfy-env] Imported nodes root: 125 nodes (isolation)
[2026-05-18 19:19:37.579] [error] 

[2026-05-18 19:19:37.580] [error] [comfy-env] Registered 125 total nodes

[2026-05-18 19:19:37.587] [info]  
Import times for custom nodes:

[2026-05-18 19:19:37.589] [info]     0.0 seconds: C:\Users\stduser\.comfy-test-cache\desktop\ComfyUI\resources\ComfyUI\custom_nodes\websocket_image_save.py
   0.8 seconds: C:\Users\stduser\Documents\ComfyUI\custom_nodes\comfyui-geometrypack


[2026-05-18 19:19:37.594] [info]  Context impl SQLiteImpl.

[2026-05-18 19:19:37.595] [info]  Will assume non-transactional DDL.

[2026-05-18 19:19:37.607] [error] Failed to initialize database. Please ensure you have installed the latest requirements. If the error persists, please report this as in future the database will be required: Could not acquire lock on database 'C:/Users/stduser/Documents/ComfyUI/user/comfyui.db'. Another ComfyUI process may already be using it. Use --database-url to specify a separate database file.

[2026-05-18 19:19:37.711] [info]  Starting server


[2026-05-18 19:19:37.713] [info]  To see the GUI go to: http://127.0.0.1:8001

[2026-05-18 19:19:39.569] [info]  [ComfyUI-Manager] The ComfyRegistry cache update is still in progress, so an outdated cache is being used.

[2026-05-18 19:19:39.760] [info]  FETCH DATA from: C:\Users\stduser\Documents\ComfyUI\.venv\Lib\site-packages\comfyui_manager\custom-node-list.json
[2026-05-18 19:19:39.788] [info]   [DONE]

[2026-05-18 19:19:43.077] [info]  [ComfyUI-Manager] The ComfyRegistry cache update is still in progress, so an outdated cache is being used.

[2026-05-18 19:19:43.236] [info]  FETCH DATA from: C:\Users\stduser\Documents\ComfyUI\.venv\Lib\site-packages\comfyui_manager\custom-node-list.json
[2026-05-18 19:19:43.280] [info]   [DONE]

