[2026-05-10 22:48:55.083] [info]  setup plugin alembic.autogenerate.schemas

[2026-05-10 22:48:55.085] [info]  setup plugin alembic.autogenerate.tables
setup plugin alembic.autogenerate.types
setup plugin alembic.autogenerate.constraints
setup plugin alembic.autogenerate.defaults
setup plugin alembic.autogenerate.comments

[2026-05-10 22:48:55.516] [info]  Adding extra search path custom_nodes C:\Users\runneradmin\Documents\ComfyUI\custom_nodes
Adding extra search path download_model_base C:\Users\runneradmin\Documents\ComfyUI\models

[2026-05-10 22:48:55.518] [info]  Adding extra search path custom_nodes C:\Users\runneradmin\.comfy-test-cache\desktop\ComfyUI\resources\ComfyUI\custom_nodes
Setting output directory to: C:\Users\runneradmin\Documents\ComfyUI\output
Setting input directory to: C:\Users\runneradmin\Documents\ComfyUI\input
Setting user directory to: C:\Users\runneradmin\Documents\ComfyUI\user

[2026-05-10 22:48:56.980] [info]  [START] Security scan
[DONE] Security scan
** ComfyUI startup time:
[2026-05-10 22:48:56.981] [info]   2026-05-10 22:48:56.979
** Platform: Windows
** Python version: 3.12.11 (main, Aug 18 2025, 19:17:54) [MSC v.1944 64 bit (AMD64)]
** Python executable: C:\Users\runneradmin\Documents\ComfyUI\.venv\Scripts\python.exe
** ComfyUI Path: C:\Users\runneradmin\.comfy-test-cache\desktop\ComfyUI\resources\ComfyUI
** ComfyUI Base Folder Path: C:\Users\runneradmin\.comfy-test-cache\desktop\ComfyUI\resources\ComfyUI

[2026-05-10 22:48:56.983] [info]  ** User directory: C:\Users\runneradmin\Documents\ComfyUI\user
** ComfyUI-Manager config path: C:\Users\runneradmin\Documents\ComfyUI\user\__manager\config.ini
** Log path: C:\Users\runneradmin\Documents\ComfyUI\user\comfyui.log

[2026-05-10 22:48:58.070] [info]  [ComfyUI-Manager] Skipped fixing the 'comfyui-frontend-package' dependency because the ComfyUI is outdated.

[2026-05-10 22:48:58.071] [info]  [PRE] ComfyUI-Manager

[2026-05-10 22:48:58.377] [error] [comfy-env] comfyui-geometrypack: 1 isolation env(s):
[2026-05-10 22:48:58.379] [error] 
[comfy-env]   nodes -> C:\Users\runneradmin\Documents\ComfyUI\custom_nodes\comfyui-geometrypack\nodes
[comfy-env] prestartup complete

[2026-05-10 22:49:01.050] [info]  Found comfy_kitchen backend triton: {'available': False, 'disabled': True, 'unavailable_reason': "ImportError: No module named 'triton'", 'capabilities': []}

[2026-05-10 22:49:01.051] [info]  Found comfy_kitchen backend cuda: {'available': False, 'disabled': True, 'unavailable_reason': 'CUDA not available on this system', 'capabilities': []}
Found comfy_kitchen backend eager: {'available': True, 'disabled': False, 'unavailable_reason': None, 'capabilities': ['apply_rope', 'apply_rope1', 'dequantize_mxfp8', 'dequantize_nvfp4', 'dequantize_per_tensor_fp8', 'quantize_mxfp8', 'quantize_nvfp4', 'quantize_per_tensor_fp8', 'scaled_mm_mxfp8', 'scaled_mm_nvfp4']}

[2026-05-10 22:49:01.057] [info]  Checkpoint files will always be loaded safely.

[2026-05-10 22:49:01.072] [info]  Total VRAM 16379 MB, total RAM 16379 MB

[2026-05-10 22:49:01.073] [info]  pytorch version: 2.10.0+cpu
Set vram state to: DISABLED

[2026-05-10 22:49:01.075] [info]  Device: cpu

[2026-05-10 22:49:01.363] [info]  Using sub quadratic optimization for attention, if you have memory or speed issues try using: --use-split-cross-attention

[2026-05-10 22:49:03.943] [info]  Python version: 3.12.11 (main, Aug 18 2025, 19:17:54) [MSC v.1944 64 bit (AMD64)]

[2026-05-10 22:49:03.945] [info]  ComfyUI version: 0.20.1
comfy-aimdo version: 0.2.14

[2026-05-10 22:49:03.946] [info]  comfy-kitchen version: 0.2.8

[2026-05-10 22:49:03.948] [info]  [Prompt Server] web root: C:\Users\runneradmin\.comfy-test-cache\desktop\ComfyUI\resources\ComfyUI\web_custom_versions\desktop_app

[2026-05-10 22:49:03.949] [info]  Asset seeder disabled

[2026-05-10 22:49:03.951] [info]  [START] ComfyUI-Manager

[2026-05-10 22:49:04.072] [info]  [ComfyUI-Manager] Using GitPython backend

[2026-05-10 22:49:04.136] [info]  [ComfyUI-Manager] network_mode: public

[2026-05-10 22:49:04.140] [info]  [ComfyUI-Manager] The matrix sharing feature has been disabled because the `matrix-nio` dependency is not installed.
	To use this feature, please run the following command:
	C:\Users\runneradmin\Documents\ComfyUI\.venv\Scripts\python.exe -m pip install matrix-nio


[2026-05-10 22:49:05.787] [info]  loading...

[2026-05-10 22:49:05.789] [info]  calling register_nodes

[2026-05-10 22:49:05.792] [error] [comfy-env] Version: 0.3.82
[2026-05-10 22:49:05.793] [error] 

[2026-05-10 22:49:08.193] [info]  [comfy-env] Removed stale temp dir: C:\Users\RUNNER~1\AppData\Local\Temp\comfyui_pvenv_aw_2q6sd

[2026-05-10 22:49:08.495] [error] [comfy-env] register_nodes: comfyui-geometrypack
[2026-05-10 22:49:08.496] [error] 

[2026-05-10 22:49:08.509] [error] [comfy-env] ComfyUI source dir: C:\Users\runneradmin\.comfy-test-cache\desktop\ComfyUI\resources\ComfyUI
[2026-05-10 22:49:08.511] [error] 

[2026-05-10 22:49:08.515] [error] [comfy-env] Scanning nodes metadata (isolation root)...
[2026-05-10 22:49:08.516] [error] 

[2026-05-10 22:49:08.544] [error] [comfy-env] Cache hit for nodes: 125 nodes
[2026-05-10 22:49:08.546] [error] 
[comfy-env] Scanned nodes root: 125 nodes (0.0s)

[2026-05-10 22:49:08.550] [error] [comfy-env] Imported nodes root: 125 nodes (isolation)
[2026-05-10 22:49:08.551] [error] 

[2026-05-10 22:49:08.552] [error] [comfy-env] Registered 125 total nodes

[2026-05-10 22:49:08.558] [info]  
Import times for custom nodes:

[2026-05-10 22:49:08.560] [info]     0.0 seconds: C:\Users\runneradmin\.comfy-test-cache\desktop\ComfyUI\resources\ComfyUI\custom_nodes\websocket_image_save.py
   2.8 seconds: C:\Users\runneradmin\Documents\ComfyUI\custom_nodes\comfyui-geometrypack


[2026-05-10 22:49:08.563] [info]  Context impl SQLiteImpl.

[2026-05-10 22:49:08.564] [info]  Will assume non-transactional DDL.

[2026-05-10 22:49:08.571] [error] Failed to initialize database. Please ensure you have installed the latest requirements. If the error persists, please report this as in future the database will be required: Could not acquire lock on database 'C:/Users/runneradmin/Documents/ComfyUI/user/comfyui.db'. Another ComfyUI process may already be using it. Use --database-url to specify a separate database file.

[2026-05-10 22:49:08.649] [info]  Starting server


[2026-05-10 22:49:08.650] [info]  To see the GUI go to: http://127.0.0.1:8001

[2026-05-10 22:49:11.520] [info]  [ComfyUI-Manager] The ComfyRegistry cache update is still in progress, so an outdated cache is being used.

[2026-05-10 22:49:11.664] [info]  FETCH DATA from: C:\Users\runneradmin\Documents\ComfyUI\.venv\Lib\site-packages\comfyui_manager\custom-node-list.json
[2026-05-10 22:49:11.710] [info]   [DONE]

[2026-05-10 22:49:14.921] [info]  [ComfyUI-Manager] The ComfyRegistry cache update is still in progress, so an outdated cache is being used.

[2026-05-10 22:49:15.071] [info]  FETCH DATA from: C:\Users\runneradmin\Documents\ComfyUI\.venv\Lib\site-packages\comfyui_manager\custom-node-list.json
[2026-05-10 22:49:15.115] [info]   [DONE]

[2026-05-10 22:49:35.051] [info]  got prompt

[2026-05-10 22:49:35.070] [info]  [comfyui-geometrypack] python: C:\ce\.pixi\envs\geometrypack-nodes\python.exe
[2026-05-10 22:49:35.071] [info]  
[comfyui-geometrypack] sys_path sent to worker: ['C:\\Users\\runneradmin\\.comfy-test-cache\\desktop\\ComfyUI\\resources\\ComfyUI', 'C:\\Users\\runneradmin\\Documents\\ComfyUI\\custom_nodes\\comfyui-geometrypack', 'C:\\ce\\.pixi\\envs\\geometrypack-nodes\\Lib\\site-packages', 'C:\\Users\\runneradmin\\Documents\\ComfyUI\\custom_nodes\\comfyui-geometrypack']

[2026-05-10 22:49:37.190] [error] [worker:comfyui-geometrypack] ERROR: Failed to import comfy_kitchen, Error: No module named 'comfy_kitchen', fp8 and fp4 support will not be available.

[2026-05-10 22:49:38.763] [error] [worker:comfyui-geometrypack] INFO: Found mesh in input folder: 3d/Stanford_Bunny.stl
[worker:comfyui-geometrypack] INFO: Loading: C:\Users\runneradmin\Documents\ComfyUI\input\3d/Stanford_Bunny.stl

[2026-05-10 22:49:38.953] [error] [worker:comfyui-geometrypack] INFO: Initial mesh: 56203 vertices, 112402 faces

[2026-05-10 22:49:39.030] [error] [worker:comfyui-geometrypack] INFO: Successfully loaded: 56203 vertices, 112402 faces

[2026-05-10 22:49:39.033] [error] [worker:comfyui-geometrypack] INFO: Loaded: 56203 vertices, 112402 faces

[2026-05-10 22:49:39.413] [error] [comfyui-geometrypack] Health check: ping (timeout=5.0s)...
[2026-05-10 22:49:39.415] [error] 
[comfyui-geometrypack] Health check: ok

[2026-05-10 22:49:39.465] [error] [worker:comfyui-geometrypack] INFO: Remesh dispatch: quadwild -> GeomPackRemesh_QuadWild

[2026-05-10 22:49:39.506] [error] [comfyui-geometrypack] Health check: ping (timeout=5.0s)...
[2026-05-10 22:49:39.507] [error] 
[comfyui-geometrypack] Health check: ok

[2026-05-10 22:49:39.579] [error] [worker:comfyui-geometrypack] INFO: Backend: quadwild

[2026-05-10 22:49:39.582] [error] [worker:comfyui-geometrypack] INFO: Input: 56203 vertices, 112402 faces

[2026-05-10 22:49:39.586] [error] [worker:comfyui-geometrypack] INFO: Parameters: sharp_angle=35.0, alpha=0.02, scale=1.0, remesh=true, smooth=true

[2026-05-10 22:50:12.577] [error] Initital dimension: 
[2026-05-10 22:50:12.579] [error] 33306 x 33306, number of constraints: 0, number of integer variables: 20058, use reordering: yes
COMISO::ConstrainedSolver::make_constraints_independent took 0.00088599999999999996 s.
Constraint integration took 
[2026-05-10 22:50:12.580] [error] 0.00014679999999999999 s.

[2026-05-10 22:50:12.585] [error] Constraint elimination took 
[2026-05-10 22:50:12.586] [error] 0.0064205 s.
Reindexing took 0.0002697 s.
COMISO::ConstrainedSolver::eliminate_constraints took 0.0070936999999999997 s.
Eliminated dimension: 33306 x 33306
#nonzeros: 152166
integer variables #: 20058
continuous variables #: 13248
initial full solution

[2026-05-10 22:50:12.608] [error] COMISO::EigenLDLTSolver::calc_system_eigen took 
[2026-05-10 22:50:12.610] [error] 0.022223900000000001 s.

[2026-05-10 22:50:13.392] [error] final full solution

[2026-05-10 22:50:13.399] [error] COMISO::EigenLDLTSolver::update_system_eigen took 
[2026-05-10 22:50:13.401] [error] 0.0072011999999999996 s.

[2026-05-10 22:50:13.402] [error]  *** Statistics of MiSo Solver ***
Number of LOCAL iterations  = 3043
Number of CG    iterations  = 0
Number of FULL  iterations  = 2
Number of ROUNDING          = 20058
COMISO::MISolver::solve_multiple_rounding took 0.81535550000000001 s.
COMISO::MISolver::solve took 0.81571499999999997 s.
COMISO::ConstrainedSolver::restore_eliminated_vars took 
[2026-05-10 22:50:13.403] [error] 0.0001694 s.
COMISO::ConstrainedSolver::solve took 0.82526330000000003 s.

[2026-05-10 22:50:15.993] [error] performed 202 adjustments for even rhs

[2026-05-10 22:50:16.040] [error] performed 184 adjustments for even rhs

[2026-05-10 22:50:20.089] [error] [worker:comfyui-geometrypack] INFO: Output: 6906 vertices, 13804 faces

[2026-05-10 22:50:20.108] [error] [comfyui-geometrypack] Health check: ping (timeout=5.0s)...
[2026-05-10 22:50:20.109] [error] 

[2026-05-10 22:50:20.110] [error] [comfyui-geometrypack] Health check: ok

[2026-05-10 22:50:20.175] [error] [worker:comfyui-geometrypack] INFO: Layout: side_by_side, Mode: fields

[2026-05-10 22:50:20.179] [error] [worker:comfyui-geometrypack] INFO: Mesh 1: Mesh - 56203 vertices, 112402 faces

[2026-05-10 22:50:20.183] [error] [worker:comfyui-geometrypack] INFO: Mesh 2: Mesh - 6906 vertices, 13804 faces

[2026-05-10 22:50:20.189] [error] [worker:comfyui-geometrypack] INFO: Mesh 1 fields: ['face.stl']

[2026-05-10 22:50:20.192] [error] [worker:comfyui-geometrypack] INFO: Mesh 2 fields: []

[2026-05-10 22:50:20.196] [error] [worker:comfyui-geometrypack] INFO: Common fields: []

[2026-05-10 22:50:20.201] [error] [worker:comfyui-geometrypack] INFO: Mesh 1 visual: kind=None, texture=False, vertex_colors=False

[2026-05-10 22:50:20.204] [error] [worker:comfyui-geometrypack] INFO: Mesh 2 visual: kind=None, texture=False, vertex_colors=False

[2026-05-10 22:50:20.209] [error] [worker:comfyui-geometrypack] INFO: Exporting mesh to VTP: C:\Users\runneradmin\Documents\ComfyUI\output\preview_dual_1_4882273c.vtp

[2026-05-10 22:50:20.414] [error] [worker:comfyui-geometrypack] INFO: Adding normals field (56203 vertices)

[2026-05-10 22:50:20.511] [error] [worker:comfyui-geometrypack] INFO: Adding face field: stl

[2026-05-10 22:50:20.681] [error] [worker:comfyui-geometrypack] INFO: Export complete: 56203 vertices, 112402 faces

[2026-05-10 22:50:20.687] [error] [worker:comfyui-geometrypack] INFO: Exported VTP with fields: C:\Users\runneradmin\Documents\ComfyUI\output\preview_dual_1_4882273c.vtp

[2026-05-10 22:50:20.696] [error] [worker:comfyui-geometrypack] INFO: Exported STL: C:\Users\runneradmin\Documents\ComfyUI\output\preview_dual_2_4882273c.stl

[2026-05-10 22:50:20.770] [error] [worker:comfyui-geometrypack] INFO: Preview ready

[2026-05-10 22:50:20.788] [info]  Prompt executed in 45.73 seconds

