[2026-05-09 16:56:18.431] [info]  setup plugin alembic.autogenerate.schemas

[2026-05-09 16:56:18.434] [info]  setup plugin alembic.autogenerate.tables
setup plugin alembic.autogenerate.types
setup plugin alembic.autogenerate.constraints
setup plugin alembic.autogenerate.defaults
setup plugin alembic.autogenerate.comments

[2026-05-09 16:56:18.864] [info]  Adding extra search path custom_nodes C:\Users\runneradmin\Documents\ComfyUI\custom_nodes
Adding extra search path download_model_base C:\Users\runneradmin\Documents\ComfyUI\models

[2026-05-09 16:56:18.866] [info]  Adding extra search path custom_nodes C:\Users\runneradmin\AppData\Local\Programs\ComfyUI\resources\ComfyUI\custom_nodes
Setting output directory to: C:\Users\runneradmin\Documents\ComfyUI\output
Setting input directory to: C:\Users\runneradmin\Documents\ComfyUI\input
Setting user directory to: C:\Users\runneradmin\Documents\ComfyUI\user

[2026-05-09 16:56:20.350] [info]  [START] Security scan
[DONE] Security scan
** ComfyUI startup time: 
[2026-05-09 16:56:20.352] [info]  2026-05-09 16:56:20.349
** Platform: Windows
** Python version: 3.12.11 (main, Aug 18 2025, 19:17:54) [MSC v.1944 64 bit (AMD64)]
** Python executable: C:\Users\runneradmin\Documents\ComfyUI\.venv\Scripts\python.exe
** ComfyUI Path: C:\Users\runneradmin\AppData\Local\Programs\ComfyUI\resources\ComfyUI
** ComfyUI Base Folder Path: C:\Users\runneradmin\AppData\Local\Programs\ComfyUI\resources\ComfyUI

[2026-05-09 16:56:20.354] [info]  ** User directory: 
[2026-05-09 16:56:20.355] [info]  C:\Users\runneradmin\Documents\ComfyUI\user
** ComfyUI-Manager config path: C:\Users\runneradmin\Documents\ComfyUI\user\__manager\config.ini
** Log path: C:\Users\runneradmin\Documents\ComfyUI\user\comfyui.log

[2026-05-09 16:56:21.494] [info]  [ComfyUI-Manager] Skipped fixing the 'comfyui-frontend-package' dependency because the ComfyUI is outdated.

[2026-05-09 16:56:21.496] [info]  [PRE] ComfyUI-Manager

[2026-05-09 16:56:21.851] [error] [comfy-env] comfyui-geometrypack: 1 isolation env(s):
[2026-05-09 16:56:21.853] [error] 
[comfy-env]   nodes -> C:\Users\runneradmin\Documents\ComfyUI\custom_nodes\comfyui-geometrypack\nodes
[comfy-env] prestartup complete
[2026-05-09 16:56:21.854] [error] 

[2026-05-09 16:56:24.731] [info]  Found comfy_kitchen backend eager: {'available': True, 'disabled': False, 'unavailable_reason': None, 'capabilities': ['apply_rope', 'apply_rope1', 'dequantize_mxfp8', 'dequantize_nvfp4', 'dequantize_per_tensor_fp8', 'quantize_mxfp8', 'quantize_nvfp4', 'quantize_per_tensor_fp8', 'scaled_mm_mxfp8', 'scaled_mm_nvfp4']}

[2026-05-09 16:56:24.732] [info]  Found comfy_kitchen backend triton: {'available': False, 'disabled': True, 'unavailable_reason': "ImportError: No module named 'triton'", 'capabilities': []}
Found comfy_kitchen backend cuda: {'available': False, 'disabled': True, 'unavailable_reason': 'CUDA not available on this system', 'capabilities': []}

[2026-05-09 16:56:24.740] [info]  Checkpoint files will always be loaded safely.

[2026-05-09 16:56:24.756] [info]  Total VRAM 16379 MB, total RAM 16379 MB

[2026-05-09 16:56:24.757] [info]  pytorch version: 2.10.0+cpu
Set vram state to: DISABLED
Device: cpu

[2026-05-09 16:56:25.053] [info]  Using sub quadratic optimization for attention, if you have memory or speed issues try using: --use-split-cross-attention

[2026-05-09 16:56:27.727] [info]  Python version: 3.12.11 (main, Aug 18 2025, 19:17:54) [MSC v.1944 64 bit (AMD64)]

[2026-05-09 16:56:27.729] [info]  ComfyUI version: 0.20.1
comfy-aimdo version: 0.2.14

[2026-05-09 16:56:27.730] [info]  comfy-kitchen version: 0.2.8

[2026-05-09 16:56:27.732] [info]  [Prompt Server] web root: C:\Users\runneradmin\AppData\Local\Programs\ComfyUI\resources\ComfyUI\web_custom_versions\desktop_app

[2026-05-09 16:56:27.734] [info]  Asset seeder disabled

[2026-05-09 16:56:27.735] [info]  [START] ComfyUI-Manager

[2026-05-09 16:56:27.859] [info]  [ComfyUI-Manager] Using GitPython backend

[2026-05-09 16:56:27.930] [info]  [ComfyUI-Manager] network_mode: public

[2026-05-09 16:56:27.934] [info]  [ComfyUI-Manager] The matrix sharing feature has been disabled because the `matrix-nio` dependency is not installed.
	To use this feature, please run the following command:
	C:\Users\runneradmin\Documents\ComfyUI\.venv\Scripts\python.exe -m pip install matrix-nio


[2026-05-09 16:56:29.786] [info]  loading...

[2026-05-09 16:56:29.787] [info]  calling register_nodes

[2026-05-09 16:56:29.791] [error] [comfy-env] Version: 0.3.78
[2026-05-09 16:56:29.792] [error] 

[2026-05-09 16:56:33.199] [info]  [comfy-env] Removed stale temp dir: C:\Users\RUNNER~1\AppData\Local\Temp\comfyui_pvenv_keisyo8c

[2026-05-09 16:56:33.588] [error] [comfy-env] register_nodes: comfyui-geometrypack
[2026-05-09 16:56:33.590] [error] 

[2026-05-09 16:56:33.642] [error] [comfy-env] ComfyUI source dir: C:\Users\runneradmin\AppData\Local\Programs\ComfyUI\resources\ComfyUI
[comfy-env] Scanning nodes metadata (isolation root)...

[2026-05-09 16:56:33.652] [error] [comfy-env] Cache hit for nodes: 125 nodes
[2026-05-09 16:56:33.654] [error] 
[comfy-env] Scanned nodes root: 125 nodes (0.0s)
[2026-05-09 16:56:33.655] [error] 

[2026-05-09 16:56:33.660] [error] [comfy-env] Imported nodes root: 125 nodes (isolation)
[2026-05-09 16:56:33.661] [error] 

[2026-05-09 16:56:33.663] [error] [comfy-env] Registered 125 total nodes

[2026-05-09 16:56:33.668] [info]  
Import times for custom nodes:

[2026-05-09 16:56:33.669] [info]     0.0 seconds: C:\Users\runneradmin\AppData\Local\Programs\ComfyUI\resources\ComfyUI\custom_nodes\websocket_image_save.py
   3.9 seconds: C:\Users\runneradmin\Documents\ComfyUI\custom_nodes\comfyui-geometrypack


[2026-05-09 16:56:33.673] [info]  Context impl SQLiteImpl.

[2026-05-09 16:56:33.674] [info]  Will assume non-transactional DDL.

[2026-05-09 16:56:33.681] [error] Failed to initialize database. Please ensure you have installed the latest requirements. If the error persists, please report this as in future the database will be required: Could not acquire lock on database 'C:/Users/runneradmin/Documents/ComfyUI/user/comfyui.db'. Another ComfyUI process may already be using it. Use --database-url to specify a separate database file.

[2026-05-09 16:56:33.776] [info]  Starting server

To see the GUI go to: http://127.0.0.1:8001

[2026-05-09 16:56:36.910] [info]  [ComfyUI-Manager] The ComfyRegistry cache update is still in progress, so an outdated cache is being used.

[2026-05-09 16:56:37.062] [info]  FETCH DATA from: C:\Users\runneradmin\Documents\ComfyUI\.venv\Lib\site-packages\comfyui_manager\custom-node-list.json
[2026-05-09 16:56:37.090] [info]   [DONE]

[2026-05-09 16:56:41.136] [info]  [ComfyUI-Manager] The ComfyRegistry cache update is still in progress, so an outdated cache is being used.

[2026-05-09 16:56:41.277] [info]  FETCH DATA from: C:\Users\runneradmin\Documents\ComfyUI\.venv\Lib\site-packages\comfyui_manager\custom-node-list.json
[2026-05-09 16:56:41.316] [info]   [DONE]

[2026-05-09 16:57:00.612] [info]  got prompt

[2026-05-09 16:57:00.631] [info]  [comfyui-geometrypack] python: C:\Users\runneradmin\Documents\ComfyUI\.ce\.pixi\envs\geometrypack-nodes\python.exe
[2026-05-09 16:57:00.632] [info]  
[comfyui-geometrypack] sys_path sent to worker: ['C:\\Users\\runneradmin\\AppData\\Local\\Programs\\ComfyUI\\resources\\ComfyUI', 'C:\\Users\\runneradmin\\Documents\\ComfyUI\\custom_nodes\\comfyui-geometrypack', 'C:\\Users\\runneradmin\\Documents\\ComfyUI\\.ce\\.pixi\\envs\\geometrypack-nodes\\Lib\\site-packages', 'C:\\Users\\runneradmin\\Documents\\ComfyUI\\custom_nodes\\comfyui-geometrypack']

[2026-05-09 16:57:06.129] [error] [worker:comfyui-geometrypack] INFO: Found .blend in input folder: 3d/coca_cola.blend

[2026-05-09 16:57:06.133] [error] [worker:comfyui-geometrypack] INFO: Loading via bpy: C:\Users\runneradmin\Documents\ComfyUI\input\3d/coca_cola.blend

[2026-05-09 16:57:06.592] [error] [worker:comfyui-geometrypack] INFO: Loaded: 36696 vertices, 73216 faces

[2026-05-09 16:57:07.413] [error] [comfyui-geometrypack] Health check: ping (timeout=5.0s)...
[2026-05-09 16:57:07.415] [error] 
[comfyui-geometrypack] Health check: ok

[2026-05-09 16:57:07.459] [error] [worker:comfyui-geometrypack] INFO: Found FBX in input folder: 3d/rigged_human.fbx

[2026-05-09 16:57:07.463] [error] [worker:comfyui-geometrypack] INFO: Loading via bpy: C:\Users\runneradmin\Documents\ComfyUI\input\3d/rigged_human.fbx

[2026-05-09 16:57:07.707] [error] [worker:comfyui-geometrypack] FBX version: 7400

[2026-05-09 16:57:08.287] [error] [worker:comfyui-geometrypack] INFO: Loaded: 32327 vertices, 50000 faces

[2026-05-09 16:57:08.320] [error] [comfyui-geometrypack] Health check: ping (timeout=5.0s)...
[2026-05-09 16:57:08.322] [error] 
[comfyui-geometrypack] Health check: ok

[2026-05-09 16:57:08.386] [error] [worker:comfyui-geometrypack] INFO: Layout: side_by_side, Mode: fields

[2026-05-09 16:57:08.389] [error] [worker:comfyui-geometrypack] INFO: Mesh 1: Mesh - 36696 vertices, 73216 faces

[2026-05-09 16:57:08.393] [error] [worker:comfyui-geometrypack] INFO: Mesh 2: Mesh - 32327 vertices, 50000 faces

[2026-05-09 16:57:08.397] [error] [worker:comfyui-geometrypack] INFO: Mesh 1 fields: []
[2026-05-09 16:57:08.398] [error] 

[2026-05-09 16:57:08.401] [error] [worker:comfyui-geometrypack] INFO: Mesh 2 fields: []

[2026-05-09 16:57:08.405] [error] [worker:comfyui-geometrypack] INFO: Common fields: []

[2026-05-09 16:57:08.409] [error] [worker:comfyui-geometrypack] INFO: Mesh 1 visual: kind=None, texture=False, vertex_colors=False

[2026-05-09 16:57:08.412] [error] [worker:comfyui-geometrypack] INFO: Mesh 2 visual: kind=None, texture=False, vertex_colors=False

[2026-05-09 16:57:08.445] [error] [worker:comfyui-geometrypack] INFO: Exported STL: C:\Users\runneradmin\Documents\ComfyUI\output\preview_dual_1_b3ced2bf.stl

[2026-05-09 16:57:08.467] [error] [worker:comfyui-geometrypack] INFO: Exported STL: C:\Users\runneradmin\Documents\ComfyUI\output\preview_dual_2_b3ced2bf.stl

[2026-05-09 16:57:08.559] [error] [worker:comfyui-geometrypack] INFO: Preview ready

[2026-05-09 16:57:08.579] [info]  Prompt executed in 7.97 seconds

