[2026-05-10 03:19:29.659] [info]  setup plugin alembic.autogenerate.schemas

[2026-05-10 03:19:29.662] [info]  setup plugin alembic.autogenerate.tables
setup plugin alembic.autogenerate.types
setup plugin alembic.autogenerate.constraints
setup plugin alembic.autogenerate.defaults
setup plugin alembic.autogenerate.comments

[2026-05-10 03:19:30.115] [info]  Adding extra search path custom_nodes C:\Users\runneradmin\Documents\ComfyUI\custom_nodes
Adding extra search path download_model_base C:\Users\runneradmin\Documents\ComfyUI\models

[2026-05-10 03:19:30.117] [info]  Adding extra search path custom_nodes C:\Users\runneradmin\.comfy-test-cache\desktop\ComfyUI\resources\ComfyUI\custom_nodes
Setting output directory to: C:\Users\runneradmin\Documents\ComfyUI\output
Setting input directory to: C:\Users\runneradmin\Documents\ComfyUI\input
Setting user directory to: C:\Users\runneradmin\Documents\ComfyUI\user

[2026-05-10 03:19:31.750] [info]  [START] Security scan
[DONE] Security scan
** ComfyUI startup time: 
[2026-05-10 03:19:31.751] [info]  2026-05-10 03:19:31.749
** Platform: Windows
** Python version: 3.12.11 (main, Aug 18 2025, 19:17:54) [MSC v.1944 64 bit (AMD64)]
** Python executable: C:\Users\runneradmin\Documents\ComfyUI\.venv\Scripts\python.exe
** ComfyUI Path: C:\Users\runneradmin\.comfy-test-cache\desktop\ComfyUI\resources\ComfyUI
** ComfyUI Base Folder Path: C:\Users\runneradmin\.comfy-test-cache\desktop\ComfyUI\resources\ComfyUI

[2026-05-10 03:19:31.760] [info]  ** User directory:
[2026-05-10 03:19:31.761] [info]   C:\Users\runneradmin\Documents\ComfyUI\user
** ComfyUI-Manager config path: C:\Users\runneradmin\Documents\ComfyUI\user\__manager\config.ini
** Log path: C:\Users\runneradmin\Documents\ComfyUI\user\comfyui.log

[2026-05-10 03:19:33.072] [info]  [ComfyUI-Manager] Skipped fixing the 'comfyui-frontend-package' dependency because the ComfyUI is outdated.

[2026-05-10 03:19:33.074] [info]  [PRE] ComfyUI-Manager

[2026-05-10 03:19:33.440] [error] [comfy-env] comfyui-geometrypack: 1 isolation env(s):
[2026-05-10 03:19:33.442] [error] 
[comfy-env]   nodes -> C:\Users\runneradmin\Documents\ComfyUI\custom_nodes\comfyui-geometrypack\nodes

[2026-05-10 03:19:33.444] [error] [comfy-env] prestartup complete

[2026-05-10 03:19:36.511] [info]  Found comfy_kitchen backend eager: {'available': True, 'disabled': False, 'unavailable_reason': None, 'capabilities': ['apply_rope', 'apply_rope1', 'dequantize_mxfp8', 'dequantize_nvfp4', 'dequantize_per_tensor_fp8', 'quantize_mxfp8', 'quantize_nvfp4', 'quantize_per_tensor_fp8', 'scaled_mm_mxfp8', 'scaled_mm_nvfp4']}

[2026-05-10 03:19:36.513] [info]  Found comfy_kitchen backend triton: {'available': False, 'disabled': True, 'unavailable_reason': "ImportError: No module named 'triton'", 'capabilities': []}
Found comfy_kitchen backend cuda: {'available': False, 'disabled': True, 'unavailable_reason': 'CUDA not available on this system', 'capabilities': []}

[2026-05-10 03:19:36.520] [info]  Checkpoint files will always be loaded safely.

[2026-05-10 03:19:36.537] [info]  Total VRAM 16379 MB, total RAM 16379 MB

[2026-05-10 03:19:36.538] [info]  pytorch version: 2.10.0+cpu
Set vram state to: DISABLED
Device: cpu

[2026-05-10 03:19:36.911] [info]  Using sub quadratic optimization for attention, if you have memory or speed issues try using: --use-split-cross-attention

[2026-05-10 03:19:39.769] [info]  Python version: 3.12.11 (main, Aug 18 2025, 19:17:54) [MSC v.1944 64 bit (AMD64)]

[2026-05-10 03:19:39.771] [info]  ComfyUI version: 0.20.1
comfy-aimdo version: 0.2.14

[2026-05-10 03:19:39.772] [info]  comfy-kitchen version: 0.2.8

[2026-05-10 03:19:39.774] [info]  [Prompt Server] web root: C:\Users\runneradmin\.comfy-test-cache\desktop\ComfyUI\resources\ComfyUI\web_custom_versions\desktop_app

[2026-05-10 03:19:39.776] [info]  Asset seeder disabled

[2026-05-10 03:19:39.777] [info]  [START] ComfyUI-Manager

[2026-05-10 03:19:39.901] [info]  [ComfyUI-Manager] Using GitPython backend

[2026-05-10 03:19:39.970] [info]  [ComfyUI-Manager] network_mode: public

[2026-05-10 03:19:39.976] [info]  [ComfyUI-Manager] The matrix sharing feature has been disabled because the `matrix-nio` dependency is not installed.
	To use this feature, please run the following command:
	C:\Users\runneradmin\Documents\ComfyUI\.venv\Scripts\python.exe -m pip install matrix-nio


[2026-05-10 03:19:41.841] [info]  loading...

[2026-05-10 03:19:41.843] [info]  calling register_nodes

[2026-05-10 03:19:41.849] [error] [comfy-env] Version: 0.3.78
[2026-05-10 03:19:41.850] [error] 

[2026-05-10 03:19:45.296] [info]  [comfy-env] Removed stale temp dir: C:\Users\RUNNER~1\AppData\Local\Temp\comfyui_pvenv_8uuf0tei

[2026-05-10 03:19:45.776] [error] [comfy-env] register_nodes: comfyui-geometrypack
[2026-05-10 03:19:45.777] [error] 

[2026-05-10 03:19:45.837] [error] [comfy-env] ComfyUI source dir: C:\Users\runneradmin\.comfy-test-cache\desktop\ComfyUI\resources\ComfyUI
[comfy-env] Scanning nodes metadata (isolation root)...

[2026-05-10 03:19:45.843] [error] [comfy-env] Cache hit for nodes: 125 nodes
[2026-05-10 03:19:45.844] [error] 

[2026-05-10 03:19:45.846] [error] [comfy-env] Scanned nodes root: 125 nodes (0.0s)

[2026-05-10 03:19:45.853] [error] [comfy-env] Imported nodes root: 125 nodes (isolation)
[2026-05-10 03:19:45.855] [error] 

[2026-05-10 03:19:45.857] [error] [comfy-env] Registered 125 total nodes
[2026-05-10 03:19:45.858] [error] 

[2026-05-10 03:19:45.865] [info]  
Import times for custom nodes:

[2026-05-10 03:19:45.867] [info]     0.0 seconds: C:\Users\runneradmin\.comfy-test-cache\desktop\ComfyUI\resources\ComfyUI\custom_nodes\websocket_image_save.py
   4.0 seconds: C:\Users\runneradmin\Documents\ComfyUI\custom_nodes\comfyui-geometrypack


[2026-05-10 03:19:45.872] [info]  Context impl SQLiteImpl.

[2026-05-10 03:19:45.873] [info]  Will assume non-transactional DDL.

[2026-05-10 03:19:45.880] [error] Failed to initialize database. Please ensure you have installed the latest requirements. If the error persists, please report this as in future the database will be required: Could not acquire lock on database 'C:/Users/runneradmin/Documents/ComfyUI/user/comfyui.db'. Another ComfyUI process may already be using it. Use --database-url to specify a separate database file.

[2026-05-10 03:19:45.978] [info]  Starting server


[2026-05-10 03:19:45.980] [info]  To see the GUI go to: http://127.0.0.1:8001

[2026-05-10 03:19:48.290] [info]  [ComfyUI-Manager] The ComfyRegistry cache update is still in progress, so an outdated cache is being used.

[2026-05-10 03:19:48.459] [info]  FETCH DATA from: C:\Users\runneradmin\Documents\ComfyUI\.venv\Lib\site-packages\comfyui_manager\custom-node-list.json
[2026-05-10 03:19:48.508] [info]   [DONE]

[2026-05-10 03:19:52.167] [info]  [ComfyUI-Manager] The ComfyRegistry cache update is still in progress, so an outdated cache is being used.

[2026-05-10 03:19:52.445] [info]  FETCH DATA from: C:\Users\runneradmin\Documents\ComfyUI\.venv\Lib\site-packages\comfyui_manager\custom-node-list.json
[2026-05-10 03:19:52.495] [info]   [DONE]

[2026-05-10 03:20:12.193] [info]  got prompt

[2026-05-10 03:20:12.216] [info]  [comfyui-geometrypack] python: C:\Users\runneradmin\Documents\ComfyUI\.ce\.pixi\envs\geometrypack-nodes\python.exe
[2026-05-10 03:20:12.217] [info]  
[comfyui-geometrypack] sys_path sent to worker: ['C:\\Users\\runneradmin\\.comfy-test-cache\\desktop\\ComfyUI\\resources\\ComfyUI', 'C:\\Users\\runneradmin\\Documents\\ComfyUI\\custom_nodes\\comfyui-geometrypack', 'C:\\Users\\runneradmin\\Documents\\ComfyUI\\.ce\\.pixi\\envs\\geometrypack-nodes\\Lib\\site-packages', 'C:\\Users\\runneradmin\\Documents\\ComfyUI\\custom_nodes\\comfyui-geometrypack']

[2026-05-10 03:20:18.932] [error] [worker:comfyui-geometrypack] INFO: Found mesh in input folder: 3d/Stanford_Bunny.stl

[2026-05-10 03:20:18.955] [error] [worker:comfyui-geometrypack] INFO: Loading: C:\Users\runneradmin\Documents\ComfyUI\input\3d/Stanford_Bunny.stl

[2026-05-10 03:20:19.219] [error] [worker:comfyui-geometrypack] INFO: Initial mesh: 56203 vertices, 112402 faces

[2026-05-10 03:20:19.315] [error] [worker:comfyui-geometrypack] INFO: Successfully loaded: 56203 vertices, 112402 faces

[2026-05-10 03:20:19.325] [error] [worker:comfyui-geometrypack] INFO: Loaded: 56203 vertices, 112402 faces

[2026-05-10 03:20:20.087] [error] [comfyui-geometrypack] Health check: ping (timeout=5.0s)...
[2026-05-10 03:20:20.089] [error] 
[comfyui-geometrypack] Health check: ok

[2026-05-10 03:20:20.239] [error] [worker:comfyui-geometrypack] INFO: Decimate dispatch: decimate_pro -> GeomPackDecimate_DecimatePro

[2026-05-10 03:20:20.466] [error] [comfyui-geometrypack] Health check: ping (timeout=5.0s)...
[2026-05-10 03:20:20.467] [error] 
[comfyui-geometrypack] Health check: ok

[2026-05-10 03:20:20.534] [error] [worker:comfyui-geometrypack] INFO: Decimate dispatch: fast_simplification -> GeomPackDecimate_FastSimplification

[2026-05-10 03:20:20.574] [error] [comfyui-geometrypack] Health check: ping (timeout=5.0s)...

[2026-05-10 03:20:20.577] [error] [comfyui-geometrypack] Health check: ok

[2026-05-10 03:20:20.653] [error] [worker:comfyui-geometrypack] INFO: Decimate dispatch: vertex_clustering -> GeomPackDecimate_VertexClustering

[2026-05-10 03:20:20.704] [error] [comfyui-geometrypack] Health check: ping (timeout=5.0s)...

[2026-05-10 03:20:20.707] [error] [comfyui-geometrypack] Health check: ok
[2026-05-10 03:20:20.708] [error] 

[2026-05-10 03:20:20.772] [error] [worker:comfyui-geometrypack] INFO: Decimate dispatch: quadric_edge_collapse -> GeomPackDecimate_QuadricEdgeCollapse

[2026-05-10 03:20:20.822] [error] [comfyui-geometrypack] Health check: ping (timeout=5.0s)...
[2026-05-10 03:20:20.823] [error] 
[comfyui-geometrypack] Health check: ok

[2026-05-10 03:20:20.888] [error] [worker:comfyui-geometrypack] INFO: Backend: decimate_pro

[2026-05-10 03:20:20.895] [error] [worker:comfyui-geometrypack] INFO: Input: 56,203 vertices, 112,402 faces

[2026-05-10 03:20:22.420] [error] [comfyui-geometrypack] Health check: ping (timeout=5.0s)...
[2026-05-10 03:20:22.422] [error] 

[2026-05-10 03:20:22.424] [error] [comfyui-geometrypack] Health check: ok

[2026-05-10 03:20:22.516] [error] [worker:comfyui-geometrypack] INFO: Backend: fast_simplification

[2026-05-10 03:20:22.525] [error] [worker:comfyui-geometrypack] INFO: Input: 56,203 vertices, 112,402 faces

[2026-05-10 03:20:22.727] [error] [comfyui-geometrypack] Health check: ping (timeout=5.0s)...
[2026-05-10 03:20:22.729] [error] 

[2026-05-10 03:20:22.731] [error] [comfyui-geometrypack] Health check: ok

[2026-05-10 03:20:22.798] [error] [worker:comfyui-geometrypack] INFO: Backend: vertex_clustering

[2026-05-10 03:20:22.803] [error] [worker:comfyui-geometrypack] INFO: Input: 56,203 vertices, 112,402 faces

[2026-05-10 03:20:23.079] [error] [comfyui-geometrypack] Health check: ping (timeout=5.0s)...
[2026-05-10 03:20:23.081] [error] 

[2026-05-10 03:20:23.090] [error] [comfyui-geometrypack] Health check: ok

[2026-05-10 03:20:23.244] [error] [worker:comfyui-geometrypack] INFO: Mode: fields, Meshes: 3
[worker:comfyui-geometrypack] INFO: Mesh 1: Mesh - 56203 vertices, 112402 faces
[worker:comfyui-geometrypack] INFO: Exporting mesh to VTP: C:\Users\runneradmin\Documents\ComfyUI\output\preview_multi_1_e4fe53cc.vtp

[2026-05-10 03:20:23.461] [error] [worker:comfyui-geometrypack] INFO: Adding normals field (56203 vertices)

[2026-05-10 03:20:23.551] [error] [worker:comfyui-geometrypack] INFO: Adding face field: stl

[2026-05-10 03:20:23.747] [error] [worker:comfyui-geometrypack] INFO: Export complete: 56203 vertices, 112402 faces

[2026-05-10 03:20:23.761] [error] [worker:comfyui-geometrypack] INFO: Exported VTP: C:\Users\runneradmin\Documents\ComfyUI\output\preview_multi_1_e4fe53cc.vtp

[2026-05-10 03:20:23.858] [error] [worker:comfyui-geometrypack] INFO: Mesh 2: Mesh - 11242 vertices, 22480 faces
[worker:comfyui-geometrypack] INFO: Exporting mesh to VTP: C:\Users\runneradmin\Documents\ComfyUI\output\preview_multi_2_e4fe53cc.vtp

[2026-05-10 03:20:23.907] [error] [worker:comfyui-geometrypack] INFO: Adding normals field (11242 vertices)

[2026-05-10 03:20:23.961] [error] [worker:comfyui-geometrypack] INFO: Export complete: 11242 vertices, 22480 faces

[2026-05-10 03:20:23.966] [error] [worker:comfyui-geometrypack] INFO: Exported VTP: C:\Users\runneradmin\Documents\ComfyUI\output\preview_multi_2_e4fe53cc.vtp

[2026-05-10 03:20:23.983] [error] [worker:comfyui-geometrypack] INFO: Mesh 3: Mesh - 1272 vertices, 2582 faces

[2026-05-10 03:20:23.988] [error] [worker:comfyui-geometrypack] INFO: Exporting mesh to VTP: C:\Users\runneradmin\Documents\ComfyUI\output\preview_multi_3_e4fe53cc.vtp

[2026-05-10 03:20:23.998] [error] [worker:comfyui-geometrypack] INFO: Adding normals field (1272 vertices)

[2026-05-10 03:20:24.016] [error] [worker:comfyui-geometrypack] INFO: Export complete: 1272 vertices, 2582 faces

[2026-05-10 03:20:24.024] [error] [worker:comfyui-geometrypack] INFO: Exported VTP: C:\Users\runneradmin\Documents\ComfyUI\output\preview_multi_3_e4fe53cc.vtp

[2026-05-10 03:20:24.035] [error] [worker:comfyui-geometrypack] INFO: Grid: 3x1, Preview ready
[2026-05-10 03:20:24.036] [error] 

[2026-05-10 03:20:24.054] [error] [comfyui-geometrypack] Health check: ping (timeout=5.0s)...

[2026-05-10 03:20:24.059] [error] [comfyui-geometrypack] Health check: ok

[2026-05-10 03:20:24.209] [error] [worker:comfyui-geometrypack] INFO: Backend: quadric_edge_collapse

[2026-05-10 03:20:24.221] [error] [worker:comfyui-geometrypack] INFO: Input: 56,203 vertices, 112,402 faces
[2026-05-10 03:20:24.222] [error] 

[2026-05-10 03:20:27.953] [error] [comfyui-geometrypack] Health check: ping (timeout=5.0s)...
[2026-05-10 03:20:27.955] [error] 

[2026-05-10 03:20:27.957] [error] [comfyui-geometrypack] Health check: ok

[2026-05-10 03:20:28.076] [error] [worker:comfyui-geometrypack] INFO: Mode: fields, Meshes: 3

[2026-05-10 03:20:28.082] [error] [worker:comfyui-geometrypack] INFO: Mesh 1: Mesh - 56203 vertices, 112402 faces

[2026-05-10 03:20:28.087] [error] [worker:comfyui-geometrypack] INFO: Exporting mesh to VTP: C:\Users\runneradmin\Documents\ComfyUI\output\preview_multi_1_9780a51b.vtp

[2026-05-10 03:20:28.298] [error] [worker:comfyui-geometrypack] INFO: Adding normals field (56203 vertices)

[2026-05-10 03:20:28.387] [error] [worker:comfyui-geometrypack] INFO: Adding face field: stl

[2026-05-10 03:20:28.610] [error] [worker:comfyui-geometrypack] INFO: Export complete: 56203 vertices, 112402 faces

[2026-05-10 03:20:28.619] [error] [worker:comfyui-geometrypack] INFO: Exported VTP: C:\Users\runneradmin\Documents\ComfyUI\output\preview_multi_1_9780a51b.vtp

[2026-05-10 03:20:28.697] [error] [worker:comfyui-geometrypack] INFO: Mesh 2: Mesh - 2502 vertices, 5000 faces

[2026-05-10 03:20:28.702] [error] [worker:comfyui-geometrypack] INFO: Exporting mesh to VTP: C:\Users\runneradmin\Documents\ComfyUI\output\preview_multi_2_9780a51b.vtp

[2026-05-10 03:20:28.718] [error] [worker:comfyui-geometrypack] INFO: Adding normals field (2502 vertices)

[2026-05-10 03:20:28.736] [error] [worker:comfyui-geometrypack] INFO: Export complete: 2502 vertices, 5000 faces

[2026-05-10 03:20:28.741] [error] [worker:comfyui-geometrypack] INFO: Exported VTP: C:\Users\runneradmin\Documents\ComfyUI\output\preview_multi_2_9780a51b.vtp

[2026-05-10 03:20:28.748] [error] [worker:comfyui-geometrypack] INFO: Mesh 3: Mesh - 11242 vertices, 22480 faces

[2026-05-10 03:20:28.753] [error] [worker:comfyui-geometrypack] INFO: Exporting mesh to VTP: C:\Users\runneradmin\Documents\ComfyUI\output\preview_multi_3_9780a51b.vtp

[2026-05-10 03:20:28.798] [error] [worker:comfyui-geometrypack] INFO: Adding normals field (11242 vertices)

[2026-05-10 03:20:28.853] [error] [worker:comfyui-geometrypack] INFO: Export complete: 11242 vertices, 22480 faces

[2026-05-10 03:20:28.858] [error] [worker:comfyui-geometrypack] INFO: Exported VTP: C:\Users\runneradmin\Documents\ComfyUI\output\preview_multi_3_9780a51b.vtp

[2026-05-10 03:20:28.878] [error] [worker:comfyui-geometrypack] INFO: Grid: 3x1, Preview ready

[2026-05-10 03:20:28.903] [info]  Prompt executed in 16.71 seconds

