[2026-05-10 03:20:44.893] [info]  setup plugin alembic.autogenerate.schemas

[2026-05-10 03:20:44.896] [info]  setup plugin alembic.autogenerate.tables
setup plugin alembic.autogenerate.types
setup plugin alembic.autogenerate.constraints
setup plugin alembic.autogenerate.defaults
setup plugin alembic.autogenerate.comments

[2026-05-10 03:20:45.344] [info]  Adding extra search path custom_nodes C:\Users\runneradmin\Documents\ComfyUI\custom_nodes
Adding extra search path download_model_base C:\Users\runneradmin\Documents\ComfyUI\models

[2026-05-10 03:20:45.346] [info]  Adding extra search path custom_nodes C:\Users\runneradmin\.comfy-test-cache\desktop\ComfyUI\resources\ComfyUI\custom_nodes
Setting output directory to: C:\Users\runneradmin\Documents\ComfyUI\output
Setting input directory to: C:\Users\runneradmin\Documents\ComfyUI\input
Setting user directory to: C:\Users\runneradmin\Documents\ComfyUI\user

[2026-05-10 03:20:46.870] [info]  [START] Security scan
[DONE] Security scan
** ComfyUI startup time: 2026-05-10 03:20:46.870
[2026-05-10 03:20:46.871] [info]  
** Platform: Windows
** Python version: 3.12.11 (main, Aug 18 2025, 19:17:54) [MSC v.1944 64 bit (AMD64)]
** Python executable: C:\Users\runneradmin\Documents\ComfyUI\.venv\Scripts\python.exe
** ComfyUI Path: C:\Users\runneradmin\.comfy-test-cache\desktop\ComfyUI\resources\ComfyUI
** ComfyUI Base Folder Path: C:\Users\runneradmin\.comfy-test-cache\desktop\ComfyUI\resources\ComfyUI

[2026-05-10 03:20:46.872] [info]  ** User directory: C:\Users\runneradmin\Documents\ComfyUI\user
** ComfyUI-Manager config path: C:\Users\runneradmin\Documents\ComfyUI\user\__manager\config.ini
** Log path:
[2026-05-10 03:20:46.874] [info]   C:\Users\runneradmin\Documents\ComfyUI\user\comfyui.log

[2026-05-10 03:20:48.007] [info]  [ComfyUI-Manager] Skipped fixing the 'comfyui-frontend-package' dependency because the ComfyUI is outdated.

[2026-05-10 03:20:48.008] [info]  [PRE] ComfyUI-Manager

[2026-05-10 03:20:48.359] [error] [comfy-env] comfyui-geometrypack: 1 isolation env(s):
[2026-05-10 03:20:48.361] [error] 
[comfy-env]   nodes -> C:\Users\runneradmin\Documents\ComfyUI\custom_nodes\comfyui-geometrypack\nodes
[comfy-env] prestartup complete

[2026-05-10 03:20:51.177] [info]  Found comfy_kitchen backend eager: {'available': True, 'disabled': False, 'unavailable_reason': None, 'capabilities': ['apply_rope', 'apply_rope1', 'dequantize_mxfp8', 'dequantize_nvfp4', 'dequantize_per_tensor_fp8', 'quantize_mxfp8', 'quantize_nvfp4', 'quantize_per_tensor_fp8', 'scaled_mm_mxfp8', 'scaled_mm_nvfp4']}

[2026-05-10 03:20:51.179] [info]  Found comfy_kitchen backend triton: {'available': False, 'disabled': True, 'unavailable_reason': "ImportError: No module named 'triton'", 'capabilities': []}
Found comfy_kitchen backend cuda: {'available': False, 'disabled': True, 'unavailable_reason': 'CUDA not available on this system', 'capabilities': []}

[2026-05-10 03:20:51.185] [info]  Checkpoint files will always be loaded safely.

[2026-05-10 03:20:51.204] [info]  Total VRAM 16379 MB, total RAM 16379 MB

[2026-05-10 03:20:51.207] [info]  pytorch version: 2.10.0+cpu
Set vram state to: DISABLED
Device: cpu

[2026-05-10 03:20:51.506] [info]  Using sub quadratic optimization for attention, if you have memory or speed issues try using: --use-split-cross-attention

[2026-05-10 03:20:54.403] [info]  Python version: 3.12.11 (main, Aug 18 2025, 19:17:54) [MSC v.1944 64 bit (AMD64)]
ComfyUI version: 0.20.1
comfy-aimdo version: 0.2.14
comfy-kitchen version: 0.2.8
[Prompt Server] web root: C:\Users\runneradmin\.comfy-test-cache\desktop\ComfyUI\resources\ComfyUI\web_custom_versions\desktop_app
Asset seeder disabled
[START] ComfyUI-Manager

[2026-05-10 03:20:54.537] [info]  [ComfyUI-Manager] Using GitPython backend

[2026-05-10 03:20:54.615] [info]  [ComfyUI-Manager] network_mode: public

[2026-05-10 03:20:54.622] [info]  [ComfyUI-Manager] The matrix sharing feature has been disabled because the `matrix-nio` dependency is not installed.
	To use this feature, please run the following command:
	C:\Users\runneradmin\Documents\ComfyUI\.venv\Scripts\python.exe -m pip install matrix-nio


[2026-05-10 03:20:56.669] [info]  loading...
calling register_nodes

[2026-05-10 03:20:56.674] [error] [comfy-env] Version: 0.3.78
[2026-05-10 03:20:56.675] [error] 

[2026-05-10 03:21:00.156] [info]  [comfy-env] Removed stale temp dir: C:\Users\RUNNER~1\AppData\Local\Temp\comfyui_pvenv_rzb9nepq

[2026-05-10 03:21:00.577] [error] [comfy-env] register_nodes: comfyui-geometrypack
[2026-05-10 03:21:00.579] [error] 

[2026-05-10 03:21:00.599] [error] [comfy-env] ComfyUI source dir: C:\Users\runneradmin\.comfy-test-cache\desktop\ComfyUI\resources\ComfyUI
[2026-05-10 03:21:00.600] [error] 

[2026-05-10 03:21:00.607] [error] [comfy-env] Scanning nodes metadata (isolation root)...
[2026-05-10 03:21:00.608] [error] 

[2026-05-10 03:21:00.651] [error] [comfy-env] Cache hit for nodes: 125 nodes
[2026-05-10 03:21:00.653] [error] 
[comfy-env] Scanned nodes root: 125 nodes (0.0s)

[2026-05-10 03:21:00.657] [error] [comfy-env] Imported nodes root: 125 nodes (isolation)
[2026-05-10 03:21:00.659] [error] 

[2026-05-10 03:21:00.660] [error] [comfy-env] Registered 125 total nodes

[2026-05-10 03:21:00.669] [info]  
Import times for custom nodes:

[2026-05-10 03:21:00.671] [info]     0.0 seconds: C:\Users\runneradmin\.comfy-test-cache\desktop\ComfyUI\resources\ComfyUI\custom_nodes\websocket_image_save.py

[2026-05-10 03:21:00.673] [info]     4.0 seconds: C:\Users\runneradmin\Documents\ComfyUI\custom_nodes\comfyui-geometrypack


[2026-05-10 03:21:00.678] [info]  Context impl SQLiteImpl.

[2026-05-10 03:21:00.679] [info]  Will assume non-transactional DDL.

[2026-05-10 03:21:00.688] [error] Failed to initialize database. Please ensure you have installed the latest requirements. If the error persists, please report this as in future the database will be required: Could not acquire lock on database 'C:/Users/runneradmin/Documents/ComfyUI/user/comfyui.db'. Another ComfyUI process may already be using it. Use --database-url to specify a separate database file.

[2026-05-10 03:21:00.799] [info]  Starting server


[2026-05-10 03:21:00.800] [info]  To see the GUI go to: http://127.0.0.1:8001

[2026-05-10 03:21:03.238] [info]  [ComfyUI-Manager] The ComfyRegistry cache update is still in progress, so an outdated cache is being used.

[2026-05-10 03:21:03.619] [info]  FETCH DATA from: C:\Users\runneradmin\Documents\ComfyUI\.venv\Lib\site-packages\comfyui_manager\custom-node-list.json
[2026-05-10 03:21:03.645] [info]   [DONE]

[2026-05-10 03:21:05.419] [error] Exception in callback _ProactorBasePipeTransport._call_connection_lost(None)
handle: <Handle _ProactorBasePipeTransport._call_connection_lost(None)>
Traceback (most recent call last):
  File "C:\Users\runneradmin\AppData\Roaming\uv\python\cpython-3.12.11-windows-x86_64-none\Lib\asyncio\events.py", line 88, in _run
    self._context.run(self._callback, *self._args)
  File "C:\Users\runneradmin\AppData\Roaming\uv\python\cpython-3.12.11-windows-x86_64-none\Lib\asyncio\proactor_events.py", line 165, in _call_connection_lost
    self._sock.shutdown(socket.SHUT_RDWR)
ConnectionResetError: [WinError 10054] An existing connection was forcibly closed by the remote host

[2026-05-10 03:21:06.937] [info]  [ComfyUI-Manager] The ComfyRegistry cache update is still in progress, so an outdated cache is being used.

[2026-05-10 03:21:07.110] [info]  FETCH DATA from: C:\Users\runneradmin\Documents\ComfyUI\.venv\Lib\site-packages\comfyui_manager\custom-node-list.json
[2026-05-10 03:21:07.134] [info]   [DONE]

[2026-05-10 03:21:29.032] [info]  got prompt

[2026-05-10 03:21:29.034] [error] Failed to validate prompt for output 7:
* LoadImage 1:
  - Custom validation failed for node: image - Invalid image file: example.png

[2026-05-10 03:21:29.035] [info]  invalid prompt: {'type': 'prompt_outputs_failed_validation', 'message': 'Prompt outputs failed validation', 'details': '', 'extra_info': {}}

[2026-05-10 03:21:29.036] [error] Output will be ignored
Failed to validate prompt for output 4:
Output will be ignored

[2026-05-10 03:22:22.269] [info]  FETCH ComfyRegistry Data [DONE]

[2026-05-10 03:22:22.614] [info]  [ComfyUI-Manager] default cache updated: https://api.comfy.org/nodes

[2026-05-10 03:22:22.664] [info]  FETCH DATA from: C:\Users\runneradmin\Documents\ComfyUI\user\__manager\cache\1514988643_custom-node-list.json
[2026-05-10 03:22:22.683] [info]   [DONE]

[2026-05-10 03:22:22.796] [info]  [ComfyUI-Manager] All startup tasks have been completed.

