[2026-05-09 16:39:49.877] [info]  setup plugin alembic.autogenerate.schemas

[2026-05-09 16:39:49.879] [info]  setup plugin alembic.autogenerate.tables
setup plugin alembic.autogenerate.types
setup plugin alembic.autogenerate.constraints
setup plugin alembic.autogenerate.defaults
setup plugin alembic.autogenerate.comments

[2026-05-09 16:39:50.354] [info]  Adding extra search path custom_nodes C:\Users\runneradmin\Documents\ComfyUI\custom_nodes
Adding extra search path download_model_base C:\Users\runneradmin\Documents\ComfyUI\models
Adding extra search path custom_nodes C:\Users\runneradmin\AppData\Local\Programs\ComfyUI\resources\ComfyUI\custom_nodes

[2026-05-09 16:39:50.356] [info]  Setting output directory to: C:\Users\runneradmin\Documents\ComfyUI\output
Setting input directory to: C:\Users\runneradmin\Documents\ComfyUI\input
Setting user directory to: C:\Users\runneradmin\Documents\ComfyUI\user

[2026-05-09 16:39:51.974] [info]  [START] Security scan
[DONE] Security scan
** ComfyUI startup time: 
[2026-05-09 16:39:51.976] [info]  2026-05-09 16:39:51.974
** Platform: Windows
** Python version: 3.12.11 (main, Aug 18 2025, 19:17:54) [MSC v.1944 64 bit (AMD64)]
** Python executable: C:\Users\runneradmin\Documents\ComfyUI\.venv\Scripts\python.exe
** ComfyUI Path: C:\Users\runneradmin\AppData\Local\Programs\ComfyUI\resources\ComfyUI
** ComfyUI Base Folder Path: C:\Users\runneradmin\AppData\Local\Programs\ComfyUI\resources\ComfyUI

[2026-05-09 16:39:51.977] [info]  ** User directory: C:\Users\runneradmin\Documents\ComfyUI\user
** ComfyUI-Manager config path: C:\Users\runneradmin\Documents\ComfyUI\user\__manager\config.ini
** Log path: 
[2026-05-09 16:39:51.978] [info]  C:\Users\runneradmin\Documents\ComfyUI\user\comfyui.log

[2026-05-09 16:39:53.169] [info]  [ComfyUI-Manager] Skipped fixing the 'comfyui-frontend-package' dependency because the ComfyUI is outdated.

[2026-05-09 16:39:53.171] [info]  [PRE] ComfyUI-Manager

[2026-05-09 16:39:53.672] [error] [comfy-env] comfyui-geometrypack: 1 isolation env(s):
[2026-05-09 16:39:53.675] [error] 
[comfy-env]   nodes -> C:\Users\runneradmin\Documents\ComfyUI\custom_nodes\comfyui-geometrypack\nodes
[comfy-env] prestartup complete

[2026-05-09 16:39:56.759] [info]  Found comfy_kitchen backend eager: {'available': True, 'disabled': False, 'unavailable_reason': None, 'capabilities': ['apply_rope', 'apply_rope1', 'dequantize_mxfp8', 'dequantize_nvfp4', 'dequantize_per_tensor_fp8', 'quantize_mxfp8', 'quantize_nvfp4', 'quantize_per_tensor_fp8', 'scaled_mm_mxfp8', 'scaled_mm_nvfp4']}

[2026-05-09 16:39:56.761] [info]  Found comfy_kitchen backend cuda: {'available': False, 'disabled': True, 'unavailable_reason': 'CUDA not available on this system', 'capabilities': []}
Found comfy_kitchen backend triton: {'available': False, 'disabled': True, 'unavailable_reason': "ImportError: No module named 'triton'", 'capabilities': []}

[2026-05-09 16:39:56.769] [info]  Checkpoint files will always be loaded safely.

[2026-05-09 16:39:56.786] [info]  Total VRAM 16379 MB, total RAM 16379 MB

[2026-05-09 16:39:56.788] [info]  pytorch version: 2.10.0+cpu
Set vram state to: DISABLED
Device: cpu

[2026-05-09 16:39:57.116] [info]  Using sub quadratic optimization for attention, if you have memory or speed issues try using: --use-split-cross-attention

[2026-05-09 16:40:00.061] [info]  Python version: 3.12.11 (main, Aug 18 2025, 19:17:54) [MSC v.1944 64 bit (AMD64)]

[2026-05-09 16:40:00.063] [info]  ComfyUI version: 0.20.1
comfy-aimdo version: 0.2.14

[2026-05-09 16:40:00.064] [info]  comfy-kitchen version: 0.2.8

[2026-05-09 16:40:00.066] [info]  [Prompt Server] web root: C:\Users\runneradmin\AppData\Local\Programs\ComfyUI\resources\ComfyUI\web_custom_versions\desktop_app

[2026-05-09 16:40:00.068] [info]  Asset seeder disabled

[2026-05-09 16:40:00.069] [info]  [START] ComfyUI-Manager

[2026-05-09 16:40:00.198] [info]  [ComfyUI-Manager] Using GitPython backend

[2026-05-09 16:40:00.279] [info]  [ComfyUI-Manager] network_mode: public

[2026-05-09 16:40:00.285] [info]  [ComfyUI-Manager] The matrix sharing feature has been disabled because the `matrix-nio` dependency is not installed.
	To use this feature, please run the following command:
	C:\Users\runneradmin\Documents\ComfyUI\.venv\Scripts\python.exe -m pip install matrix-nio


[2026-05-09 16:40:02.119] [info]  loading...

[2026-05-09 16:40:02.120] [info]  calling register_nodes

[2026-05-09 16:40:02.124] [error] [comfy-env] Version: 0.3.78
[2026-05-09 16:40:02.125] [error] 

[2026-05-09 16:40:05.017] [error] [comfy-env] register_nodes: comfyui-geometrypack
[2026-05-09 16:40:05.019] [error] 

[2026-05-09 16:40:05.041] [error] [comfy-env] ComfyUI source dir: C:\Users\runneradmin\AppData\Local\Programs\ComfyUI\resources\ComfyUI
[2026-05-09 16:40:05.043] [error] 

[2026-05-09 16:40:05.048] [error] [comfy-env] Scanning nodes metadata (isolation root)...
[2026-05-09 16:40:05.050] [error] 

[2026-05-09 16:40:05.110] [error] [comfy-env] Cache hit for nodes: 125 nodes
[2026-05-09 16:40:05.112] [error] 
[comfy-env] Scanned nodes root: 125 nodes (0.1s)

[2026-05-09 16:40:05.117] [error] [comfy-env] Imported nodes root: 125 nodes (isolation)
[2026-05-09 16:40:05.118] [error] 

[2026-05-09 16:40:05.119] [error] [comfy-env] Registered 125 total nodes

[2026-05-09 16:40:05.125] [info]  
Import times for custom nodes:

[2026-05-09 16:40:05.126] [info]     0.0 seconds: C:\Users\runneradmin\AppData\Local\Programs\ComfyUI\resources\ComfyUI\custom_nodes\websocket_image_save.py
   3.0 seconds: C:\Users\runneradmin\Documents\ComfyUI\custom_nodes\comfyui-geometrypack


[2026-05-09 16:40:05.132] [info]  Context impl SQLiteImpl.

[2026-05-09 16:40:05.134] [info]  Will assume non-transactional DDL.

[2026-05-09 16:40:05.143] [error] Failed to initialize database. Please ensure you have installed the latest requirements. If the error persists, please report this as in future the database will be required: Could not acquire lock on database 'C:/Users/runneradmin/Documents/ComfyUI/user/comfyui.db'. Another ComfyUI process may already be using it. Use --database-url to specify a separate database file.

[2026-05-09 16:40:05.244] [info]  Starting server


[2026-05-09 16:40:05.246] [info]  To see the GUI go to: http://127.0.0.1:8001

[2026-05-09 16:40:07.740] [info]  [ComfyUI-Manager] The ComfyRegistry cache update is still in progress, so an outdated cache is being used.

[2026-05-09 16:40:07.890] [info]  FETCH DATA from: C:\Users\runneradmin\Documents\ComfyUI\.venv\Lib\site-packages\comfyui_manager\custom-node-list.json
[2026-05-09 16:40:07.937] [info]   [DONE]

[2026-05-09 16:40:11.974] [info]  [ComfyUI-Manager] The ComfyRegistry cache update is still in progress, so an outdated cache is being used.

[2026-05-09 16:40:12.132] [info]  FETCH DATA from: C:\Users\runneradmin\Documents\ComfyUI\.venv\Lib\site-packages\comfyui_manager\custom-node-list.json
[2026-05-09 16:40:12.172] [info]   [DONE]

[2026-05-09 16:40:32.347] [info]  got prompt

[2026-05-09 16:40:32.380] [info]  [comfyui-geometrypack] python: C:\Users\runneradmin\Documents\ComfyUI\.ce\.pixi\envs\geometrypack-nodes\python.exe
[2026-05-09 16:40:32.382] [info]  
[comfyui-geometrypack] sys_path sent to worker: ['C:\\Users\\runneradmin\\AppData\\Local\\Programs\\ComfyUI\\resources\\ComfyUI', 'C:\\Users\\runneradmin\\Documents\\ComfyUI\\custom_nodes\\comfyui-geometrypack', 'C:\\Users\\runneradmin\\Documents\\ComfyUI\\.ce\\.pixi\\envs\\geometrypack-nodes\\Lib\\site-packages', 'C:\\Users\\runneradmin\\Documents\\ComfyUI\\custom_nodes\\comfyui-geometrypack']

[2026-05-09 16:40:38.491] [error] [worker:comfyui-geometrypack] INFO: Found mesh in input folder: 3d/camelhead.off

[2026-05-09 16:40:38.495] [error] [worker:comfyui-geometrypack] INFO: Loading: C:\Users\runneradmin\Documents\ComfyUI\input\3d/camelhead.off

[2026-05-09 16:40:38.819] [error] [worker:comfyui-geometrypack] INFO: Initial mesh: 11381 vertices, 22704 faces

[2026-05-09 16:40:38.922] [error] [worker:comfyui-geometrypack] INFO: Successfully loaded: 11381 vertices, 22704 faces

[2026-05-09 16:40:39.145] [error] [worker:comfyui-geometrypack] INFO: Loaded: 11381 vertices, 22704 faces

[2026-05-09 16:40:39.949] [error] [comfyui-geometrypack] Health check: ping (timeout=5.0s)...
[2026-05-09 16:40:39.952] [error] 
[comfyui-geometrypack] Health check: ok

[2026-05-09 16:40:39.999] [error] [worker:comfyui-geometrypack] INFO: Analyzing mesh: 11381 vertices, 22704 faces

[2026-05-09 16:40:40.016] [error] [worker:comfyui-geometrypack] INFO: Using libigl CGAL method

[2026-05-09 16:40:40.076] [error] [worker:comfyui-geometrypack] INFO: Found 6 intersecting faces (5 intersection pairs)

[2026-05-09 16:40:40.100] [error] [comfyui-geometrypack] Health check: ping (timeout=5.0s)...
[2026-05-09 16:40:40.102] [error] 

[2026-05-09 16:40:40.103] [error] [comfyui-geometrypack] Health check: ok

[2026-05-09 16:40:40.162] [error] [worker:comfyui-geometrypack] INFO: Processing mesh: 11381 vertices, 22704 faces

[2026-05-09 16:40:40.166] [error] [worker:comfyui-geometrypack] INFO: Params: epsilon=0.0001, max_iter=12, direction=adaptive, re_detect=True

[2026-05-09 16:40:40.170] [error] [worker:comfyui-geometrypack] INFO: Found 8 vertices to perturb

[2026-05-09 16:40:40.204] [error] [worker:comfyui-geometrypack] INFO: Iteration 1: avg displacement = 0.000004

[2026-05-09 16:40:40.221] [error] [worker:comfyui-geometrypack] INFO: Iteration 2: avg displacement = 0.000008

[2026-05-09 16:40:40.238] [error] [worker:comfyui-geometrypack] INFO: Iteration 3: avg displacement = 0.000011

[2026-05-09 16:40:40.253] [error] [worker:comfyui-geometrypack] INFO: Iteration 4: avg displacement = 0.000015

[2026-05-09 16:40:40.269] [error] [worker:comfyui-geometrypack] INFO: Iteration 5: avg displacement = 0.000019

[2026-05-09 16:40:40.285] [error] [worker:comfyui-geometrypack] INFO: Iteration 6: avg displacement = 0.000023

[2026-05-09 16:40:40.305] [error] [worker:comfyui-geometrypack] INFO: Iteration 7: avg displacement = 0.000026

[2026-05-09 16:40:40.321] [error] [worker:comfyui-geometrypack] INFO: Iteration 8: avg displacement = 0.000030

[2026-05-09 16:40:40.367] [error] [worker:comfyui-geometrypack] INFO: Iteration 9: avg displacement = 0.000034
[worker:comfyui-geometrypack] INFO: Iteration 10: avg displacement = 0.000038

[2026-05-09 16:40:40.375] [error] [worker:comfyui-geometrypack] INFO: Iteration 11: avg displacement = 0.000041

[2026-05-09 16:40:40.392] [error] [worker:comfyui-geometrypack] INFO: Iteration 12: avg displacement = 0.000045

[2026-05-09 16:40:40.395] [error] [worker:comfyui-geometrypack] INFO: Re-detecting self-intersections...

[2026-05-09 16:40:40.453] [error] [worker:comfyui-geometrypack] INFO: No self-intersections remaining!

[2026-05-09 16:40:40.459] [error] [worker:comfyui-geometrypack] INFO: Complete: perturbed 8 vertices over 12 iterations

[2026-05-09 16:40:40.482] [error] [comfyui-geometrypack] Health check: ping (timeout=5.0s)...
[2026-05-09 16:40:40.483] [error] 
[comfyui-geometrypack] Health check: ok
[2026-05-09 16:40:40.485] [error] 

[2026-05-09 16:40:40.535] [error] [worker:comfyui-geometrypack] INFO: Analyzing mesh: 11381 vertices, 22704 faces

[2026-05-09 16:40:40.541] [error] [worker:comfyui-geometrypack] INFO: Using libigl CGAL method

[2026-05-09 16:40:40.599] [error] [worker:comfyui-geometrypack] INFO: No self-intersections detected

[2026-05-09 16:40:40.622] [error] [comfyui-geometrypack] Health check: ping (timeout=5.0s)...

[2026-05-09 16:40:40.625] [error] [comfyui-geometrypack] Health check: ok

[2026-05-09 16:40:40.677] [error] [worker:comfyui-geometrypack] INFO: Layout: side_by_side, Mode: fields

[2026-05-09 16:40:40.681] [error] [worker:comfyui-geometrypack] INFO: Mesh 1: Mesh - 11381 vertices, 22704 faces

[2026-05-09 16:40:40.685] [error] [worker:comfyui-geometrypack] INFO: Mesh 2: Mesh - 11381 vertices, 22704 faces

[2026-05-09 16:40:40.689] [error] [worker:comfyui-geometrypack] INFO: Mesh 1 fields: ['intersection_flag', 'intersection_count', 'face.self_intersecting']

[2026-05-09 16:40:40.693] [error] [worker:comfyui-geometrypack] INFO: Mesh 2 fields: ['intersection_flag', 'intersection_count', 'face.self_intersecting']

[2026-05-09 16:40:40.697] [error] [worker:comfyui-geometrypack] INFO: Common fields: ['intersection_count', 'intersection_flag', 'face.self_intersecting']

[2026-05-09 16:40:40.703] [error] [worker:comfyui-geometrypack] INFO: Mesh 1 visual: kind=None, texture=False, vertex_colors=False

[2026-05-09 16:40:40.706] [error] [worker:comfyui-geometrypack] INFO: Mesh 2 visual: kind=None, texture=False, vertex_colors=False

[2026-05-09 16:40:40.710] [error] [worker:comfyui-geometrypack] INFO: Exporting mesh to VTP: C:\Users\runneradmin\Documents\ComfyUI\output\preview_dual_1_e48f51ef.vtp

[2026-05-09 16:40:40.752] [error] [worker:comfyui-geometrypack] INFO: Adding normals field (11381 vertices)

[2026-05-09 16:40:40.772] [error] [worker:comfyui-geometrypack] INFO: Adding scalar field: intersection_flag (components: 1)

[2026-05-09 16:40:40.779] [error] [worker:comfyui-geometrypack] INFO: Adding scalar field: intersection_count (components: 1)

[2026-05-09 16:40:40.785] [error] [worker:comfyui-geometrypack] INFO: Adding face field: self_intersecting

[2026-05-09 16:40:40.827] [error] [worker:comfyui-geometrypack] INFO: Export complete: 11381 vertices, 22704 faces

[2026-05-09 16:40:40.831] [error] [worker:comfyui-geometrypack] INFO: Exported VTP with fields: C:\Users\runneradmin\Documents\ComfyUI\output\preview_dual_1_e48f51ef.vtp

[2026-05-09 16:40:40.835] [error] [worker:comfyui-geometrypack] INFO: Exporting mesh to VTP: C:\Users\runneradmin\Documents\ComfyUI\output\preview_dual_2_e48f51ef.vtp

[2026-05-09 16:40:40.874] [error] [worker:comfyui-geometrypack] INFO: Adding normals field (11381 vertices)

[2026-05-09 16:40:40.899] [error] [worker:comfyui-geometrypack] INFO: Adding scalar field: intersection_flag (components: 1)

[2026-05-09 16:40:40.907] [error] [worker:comfyui-geometrypack] INFO: Adding scalar field: intersection_count (components: 1)

[2026-05-09 16:40:40.913] [error] [worker:comfyui-geometrypack] INFO: Adding face field: self_intersecting

[2026-05-09 16:40:40.994] [error] [worker:comfyui-geometrypack] INFO: Export complete: 11381 vertices, 22704 faces
[worker:comfyui-geometrypack] INFO: Exported VTP with fields: C:\Users\runneradmin\Documents\ComfyUI\output\preview_dual_2_e48f51ef.vtp

[2026-05-09 16:40:41.000] [error] [worker:comfyui-geometrypack] INFO: Preview ready

[2026-05-09 16:40:41.020] [info]  Prompt executed in 8.67 seconds

