[2026-05-18 19:15:55.980] [info]  setup plugin alembic.autogenerate.schemas
setup plugin alembic.autogenerate.tables
setup plugin alembic.autogenerate.types

[2026-05-18 19:15:55.983] [info]  setup plugin alembic.autogenerate.constraints
setup plugin alembic.autogenerate.defaults
setup plugin alembic.autogenerate.comments

[2026-05-18 19:15:56.428] [info]  Adding extra search path custom_nodes C:\Users\stduser\Documents\ComfyUI\custom_nodes
Adding extra search path download_model_base C:\Users\stduser\Documents\ComfyUI\models
Adding extra search path custom_nodes C:\Users\stduser\.comfy-test-cache\desktop\ComfyUI\resources\ComfyUI\custom_nodes
Setting output directory to: C:\Users\stduser\Documents\ComfyUI\output
Setting input directory to: C:\Users\stduser\Documents\ComfyUI\input
Setting user directory to: C:\Users\stduser\Documents\ComfyUI\user

[2026-05-18 19:15:57.935] [info]  [START] Security scan
[DONE] Security scan
** ComfyUI startup time:
[2026-05-18 19:15:57.937] [info]   2026-05-18 19:15:57.935
** Platform: Windows
** Python version: 3.12.11 (main, Aug 18 2025, 19:17:54) [MSC v.1944 64 bit (AMD64)]
** Python executable: C:\Users\stduser\Documents\ComfyUI\.venv\Scripts\python.exe
** ComfyUI Path: C:\Users\stduser\.comfy-test-cache\desktop\ComfyUI\resources\ComfyUI
** ComfyUI Base Folder Path: C:\Users\stduser\.comfy-test-cache\desktop\ComfyUI\resources\ComfyUI

[2026-05-18 19:15:57.939] [info]  ** User directory: C:\Users\stduser\Documents\ComfyUI\user
[2026-05-18 19:15:57.941] [info]  
** ComfyUI-Manager config path: C:\Users\stduser\Documents\ComfyUI\user\__manager\config.ini
** Log path: C:\Users\stduser\Documents\ComfyUI\user\comfyui.log

[2026-05-18 19:15:59.067] [info]  [ComfyUI-Manager] Skipped fixing the 'comfyui-frontend-package' dependency because the ComfyUI is outdated.

[2026-05-18 19:15:59.069] [info]  [PRE] ComfyUI-Manager

[2026-05-18 19:15:59.382] [error] [comfy-env] comfyui-geometrypack: 1 isolation env(s):
[2026-05-18 19:15:59.384] [error] 
[comfy-env]   nodes -> C:\Users\stduser\Documents\ComfyUI\custom_nodes\comfyui-geometrypack\nodes
[comfy-env] prestartup complete

[2026-05-18 19:16:02.233] [info]  Found comfy_kitchen backend cuda: {'available': False, 'disabled': True, 'unavailable_reason': 'CUDA not available on this system', 'capabilities': []}
Found comfy_kitchen backend triton: {'available': False, 'disabled': True, 'unavailable_reason': "ImportError: No module named 'triton'", 'capabilities': []}

[2026-05-18 19:16:02.235] [info]  Found comfy_kitchen backend eager: {'available': True, 'disabled': False, 'unavailable_reason': None, 'capabilities': ['apply_rope', 'apply_rope1', 'dequantize_mxfp8', 'dequantize_nvfp4', 'dequantize_per_tensor_fp8', 'quantize_mxfp8', 'quantize_nvfp4', 'quantize_per_tensor_fp8', 'scaled_mm_mxfp8', 'scaled_mm_nvfp4']}

[2026-05-18 19:16:02.241] [info]  Checkpoint files will always be loaded safely.

[2026-05-18 19:16:02.256] [info]  Total VRAM 16379 MB, total RAM 16379 MB
pytorch version: 2.10.0+cpu

[2026-05-18 19:16:02.258] [info]  Set vram state to: DISABLED
Device: cpu

[2026-05-18 19:16:02.575] [info]  Using sub quadratic optimization for attention, if you have memory or speed issues try using: --use-split-cross-attention

[2026-05-18 19:16:05.177] [info]  Python version: 3.12.11 (main, Aug 18 2025, 19:17:54) [MSC v.1944 64 bit (AMD64)]
ComfyUI version: 0.21.1
comfy-aimdo version: 0.3.0
comfy-kitchen version: 0.2.8
[Prompt Server] web root: C:\Users\stduser\.comfy-test-cache\desktop\ComfyUI\resources\ComfyUI\web_custom_versions\desktop_app
Asset seeder disabled
[START] ComfyUI-Manager

[2026-05-18 19:16:05.360] [info]  [ComfyUI-Manager] Using GitPython backend

[2026-05-18 19:16:05.429] [info]  [ComfyUI-Manager] network_mode: public

[2026-05-18 19:16:05.434] [info]  [ComfyUI-Manager] The matrix sharing feature has been disabled because the `matrix-nio` dependency is not installed.
	To use this feature, please run the following command:
	C:\Users\stduser\Documents\ComfyUI\.venv\Scripts\python.exe -m pip install matrix-nio


[2026-05-18 19:16:07.189] [info]  loading...

[2026-05-18 19:16:07.190] [info]  calling register_nodes

[2026-05-18 19:16:07.193] [error] [comfy-env] Version: 0.3.84
[2026-05-18 19:16:07.194] [error] 

[2026-05-18 19:16:07.587] [info]  [comfy-env] Removed stale temp dir: C:\Users\stduser\AppData\Local\Temp\comfyui_pvenv_h23osl0a

[2026-05-18 19:16:07.904] [error] [comfy-env] register_nodes: comfyui-geometrypack
[2026-05-18 19:16:07.906] [error] 

[2026-05-18 19:16:07.918] [error] [comfy-env] ComfyUI source dir: C:\Users\stduser\.comfy-test-cache\desktop\ComfyUI\resources\ComfyUI
[2026-05-18 19:16:07.920] [error] 

[2026-05-18 19:16:07.923] [error] [comfy-env] Scanning nodes metadata (isolation root)...
[2026-05-18 19:16:07.925] [error] 

[2026-05-18 19:16:07.961] [error] [comfy-env] Cache hit for nodes: 125 nodes
[2026-05-18 19:16:07.962] [error] 

[2026-05-18 19:16:07.964] [error] [comfy-env] Scanned nodes root: 125 nodes (0.0s)

[2026-05-18 19:16:07.968] [error] [comfy-env] Imported nodes root: 125 nodes (isolation)
[2026-05-18 19:16:07.969] [error] 

[2026-05-18 19:16:07.970] [error] [comfy-env] Registered 125 total nodes
[2026-05-18 19:16:07.971] [error] 

[2026-05-18 19:16:07.996] [info]  
Import times for custom nodes:

[2026-05-18 19:16:07.998] [info]     0.0 seconds: C:\Users\stduser\.comfy-test-cache\desktop\ComfyUI\resources\ComfyUI\custom_nodes\websocket_image_save.py
   0.8 seconds: C:\Users\stduser\Documents\ComfyUI\custom_nodes\comfyui-geometrypack


[2026-05-18 19:16:08.002] [info]  Context impl SQLiteImpl.

[2026-05-18 19:16:08.003] [info]  Will assume non-transactional DDL.

[2026-05-18 19:16:08.010] [error] Failed to initialize database. Please ensure you have installed the latest requirements. If the error persists, please report this as in future the database will be required: Could not acquire lock on database 'C:/Users/stduser/Documents/ComfyUI/user/comfyui.db'. Another ComfyUI process may already be using it. Use --database-url to specify a separate database file.

[2026-05-18 19:16:08.100] [info]  Starting server


[2026-05-18 19:16:08.101] [info]  To see the GUI go to: http://127.0.0.1:8001

[2026-05-18 19:16:09.972] [info]  [ComfyUI-Manager] The ComfyRegistry cache update is still in progress, so an outdated cache is being used.

[2026-05-18 19:16:10.117] [info]  FETCH DATA from: C:\Users\stduser\Documents\ComfyUI\.venv\Lib\site-packages\comfyui_manager\custom-node-list.json
[2026-05-18 19:16:10.142] [info]   [DONE]

[2026-05-18 19:16:13.517] [info]  [ComfyUI-Manager] The ComfyRegistry cache update is still in progress, so an outdated cache is being used.

[2026-05-18 19:16:13.680] [info]  FETCH DATA from: C:\Users\stduser\Documents\ComfyUI\.venv\Lib\site-packages\comfyui_manager\custom-node-list.json
[2026-05-18 19:16:13.721] [info]   [DONE]

