[2026-05-10 03:46:35.486] [info]  setup plugin alembic.autogenerate.schemas

[2026-05-10 03:46:35.489] [info]  setup plugin alembic.autogenerate.tables
setup plugin alembic.autogenerate.types
setup plugin alembic.autogenerate.constraints
setup plugin alembic.autogenerate.defaults
setup plugin alembic.autogenerate.comments

[2026-05-10 03:46:35.934] [info]  Adding extra search path custom_nodes C:\Users\runneradmin\Documents\ComfyUI\custom_nodes
Adding extra search path download_model_base C:\Users\runneradmin\Documents\ComfyUI\models
Adding extra search path custom_nodes C:\Users\runneradmin\.comfy-test-cache\desktop\ComfyUI\resources\ComfyUI\custom_nodes

[2026-05-10 03:46:35.936] [info]  Setting output directory to: C:\Users\runneradmin\Documents\ComfyUI\output
Setting input directory to: C:\Users\runneradmin\Documents\ComfyUI\input
Setting user directory to: C:\Users\runneradmin\Documents\ComfyUI\user

[2026-05-10 03:46:37.475] [info]  [START] Security scan
[DONE] Security scan
** ComfyUI startup time:
[2026-05-10 03:46:37.477] [info]   2026-05-10 03:46:37.475
** Platform: Windows
** Python version: 3.12.11 (main, Aug 18 2025, 19:17:54) [MSC v.1944 64 bit (AMD64)]
** Python executable: C:\Users\runneradmin\Documents\ComfyUI\.venv\Scripts\python.exe
** ComfyUI Path: C:\Users\runneradmin\.comfy-test-cache\desktop\ComfyUI\resources\ComfyUI
** ComfyUI Base Folder Path: C:\Users\runneradmin\.comfy-test-cache\desktop\ComfyUI\resources\ComfyUI

[2026-05-10 03:46:37.478] [info]  ** User directory: C:\Users\runneradmin\Documents\ComfyUI\user
** ComfyUI-Manager config path: C:\Users\runneradmin\Documents\ComfyUI\user\__manager\config.ini

[2026-05-10 03:46:37.479] [info]  ** Log path: C:\Users\runneradmin\Documents\ComfyUI\user\comfyui.log

[2026-05-10 03:46:38.644] [info]  [ComfyUI-Manager] Skipped fixing the 'comfyui-frontend-package' dependency because the ComfyUI is outdated.

[2026-05-10 03:46:38.646] [info]  [PRE] ComfyUI-Manager

[2026-05-10 03:46:39.025] [error] [comfy-env] comfyui-geometrypack: 1 isolation env(s):
[2026-05-10 03:46:39.027] [error] 
[comfy-env]   nodes -> C:\Users\runneradmin\Documents\ComfyUI\custom_nodes\comfyui-geometrypack\nodes
[comfy-env] prestartup complete

[2026-05-10 03:46:41.831] [info]  Found comfy_kitchen backend triton: {'available': False, 'disabled': True, 'unavailable_reason': "ImportError: No module named 'triton'", 'capabilities': []}

[2026-05-10 03:46:41.832] [info]  Found comfy_kitchen backend cuda: {'available': False, 'disabled': True, 'unavailable_reason': 'CUDA not available on this system', 'capabilities': []}
Found comfy_kitchen backend eager: {'available': True, 'disabled': False, 'unavailable_reason': None, 'capabilities': ['apply_rope', 'apply_rope1', 'dequantize_mxfp8', 'dequantize_nvfp4', 'dequantize_per_tensor_fp8', 'quantize_mxfp8', 'quantize_nvfp4', 'quantize_per_tensor_fp8', 'scaled_mm_mxfp8', 'scaled_mm_nvfp4']}

[2026-05-10 03:46:41.839] [info]  Checkpoint files will always be loaded safely.

[2026-05-10 03:46:41.854] [info]  Total VRAM 16379 MB, total RAM 16379 MB

[2026-05-10 03:46:41.856] [info]  pytorch version: 2.10.0+cpu
Set vram state to: DISABLED
Device: cpu

[2026-05-10 03:46:42.156] [info]  Using sub quadratic optimization for attention, if you have memory or speed issues try using: --use-split-cross-attention

[2026-05-10 03:46:44.880] [info]  Python version: 3.12.11 (main, Aug 18 2025, 19:17:54) [MSC v.1944 64 bit (AMD64)]

[2026-05-10 03:46:44.882] [info]  ComfyUI version: 0.20.1
comfy-aimdo version: 0.2.14

[2026-05-10 03:46:44.883] [info]  comfy-kitchen version: 0.2.8

[2026-05-10 03:46:44.885] [info]  [Prompt Server] web root: C:\Users\runneradmin\.comfy-test-cache\desktop\ComfyUI\resources\ComfyUI\web_custom_versions\desktop_app

[2026-05-10 03:46:44.888] [info]  Asset seeder disabled
[START] ComfyUI-Manager

[2026-05-10 03:46:45.019] [info]  [ComfyUI-Manager] Using GitPython backend

[2026-05-10 03:46:45.097] [info]  [ComfyUI-Manager] network_mode: public

[2026-05-10 03:46:45.101] [info]  [ComfyUI-Manager] The matrix sharing feature has been disabled because the `matrix-nio` dependency is not installed.
	To use this feature, please run the following command:
	C:\Users\runneradmin\Documents\ComfyUI\.venv\Scripts\python.exe -m pip install matrix-nio


[2026-05-10 03:46:46.825] [info]  loading...

[2026-05-10 03:46:46.827] [info]  calling register_nodes

[2026-05-10 03:46:46.831] [error] [comfy-env] Version: 0.3.78
[2026-05-10 03:46:46.832] [error] 

[2026-05-10 03:46:50.235] [info]  [comfy-env] Removed stale temp dir: C:\Users\RUNNER~1\AppData\Local\Temp\comfyui_pvenv_tiuknkd2

[2026-05-10 03:46:50.596] [error] [comfy-env] register_nodes: comfyui-geometrypack
[2026-05-10 03:46:50.598] [error] 

[2026-05-10 03:46:50.614] [error] [comfy-env] ComfyUI source dir: C:\Users\runneradmin\.comfy-test-cache\desktop\ComfyUI\resources\ComfyUI
[2026-05-10 03:46:50.615] [error] 

[2026-05-10 03:46:50.620] [error] [comfy-env] Scanning nodes metadata (isolation root)...
[2026-05-10 03:46:50.621] [error] 

[2026-05-10 03:46:50.676] [error] [comfy-env] Cache hit for nodes: 125 nodes
[2026-05-10 03:46:50.678] [error] 
[comfy-env] Scanned nodes root: 125 nodes (0.1s)

[2026-05-10 03:46:50.681] [error] [comfy-env] Imported nodes root: 125 nodes (isolation)
[2026-05-10 03:46:50.683] [error] 

[2026-05-10 03:46:50.684] [error] [comfy-env] Registered 125 total nodes
[2026-05-10 03:46:50.685] [error] 

[2026-05-10 03:46:50.691] [info]  
Import times for custom nodes:

[2026-05-10 03:46:50.693] [info]     0.0 seconds: C:\Users\runneradmin\.comfy-test-cache\desktop\ComfyUI\resources\ComfyUI\custom_nodes\websocket_image_save.py
   3.9 seconds: C:\Users\runneradmin\Documents\ComfyUI\custom_nodes\comfyui-geometrypack


[2026-05-10 03:46:50.698] [info]  Context impl SQLiteImpl.

[2026-05-10 03:46:50.700] [info]  Will assume non-transactional DDL.

[2026-05-10 03:46:50.710] [error] Failed to initialize database. Please ensure you have installed the latest requirements. If the error persists, please report this as in future the database will be required: Could not acquire lock on database 'C:/Users/runneradmin/Documents/ComfyUI/user/comfyui.db'. Another ComfyUI process may already be using it. Use --database-url to specify a separate database file.

[2026-05-10 03:46:50.807] [info]  Starting server


[2026-05-10 03:46:50.808] [info]  To see the GUI go to: http://127.0.0.1:8001

[2026-05-10 03:46:52.962] [info]  [ComfyUI-Manager] The ComfyRegistry cache update is still in progress, so an outdated cache is being used.

[2026-05-10 03:46:53.110] [info]  FETCH DATA from: C:\Users\runneradmin\Documents\ComfyUI\.venv\Lib\site-packages\comfyui_manager\custom-node-list.json
[2026-05-10 03:46:53.133] [info]   [DONE]

[2026-05-10 03:46:54.939] [info]  [ComfyUI-Manager] The ComfyRegistry cache update is still in progress, so an outdated cache is being used.

[2026-05-10 03:46:55.033] [info]  FETCH DATA from: C:\Users\runneradmin\Documents\ComfyUI\.venv\Lib\site-packages\comfyui_manager\custom-node-list.json
[2026-05-10 03:46:55.062] [info]   [DONE]

[2026-05-10 03:47:15.299] [info]  got prompt

[2026-05-10 03:47:15.318] [info]  [comfyui-geometrypack] python: C:\Users\runneradmin\Documents\ComfyUI\.ce\.pixi\envs\geometrypack-nodes\python.exe
[2026-05-10 03:47:15.320] [info]  
[comfyui-geometrypack] sys_path sent to worker: ['C:\\Users\\runneradmin\\.comfy-test-cache\\desktop\\ComfyUI\\resources\\ComfyUI', 'C:\\Users\\runneradmin\\Documents\\ComfyUI\\custom_nodes\\comfyui-geometrypack', 'C:\\Users\\runneradmin\\Documents\\ComfyUI\\.ce\\.pixi\\envs\\geometrypack-nodes\\Lib\\site-packages', 'C:\\Users\\runneradmin\\Documents\\ComfyUI\\custom_nodes\\comfyui-geometrypack']

[2026-05-10 03:47:20.777] [error] [worker:comfyui-geometrypack] INFO: Found mesh in input folder: 3d/noisy/Fandisk0.3/Noisy.obj

[2026-05-10 03:47:20.783] [error] [worker:comfyui-geometrypack] INFO: Loading: C:\Users\runneradmin\Documents\ComfyUI\input\3d/noisy/Fandisk0.3/Noisy.obj

[2026-05-10 03:47:20.829] [error] [worker:comfyui-geometrypack] INFO: Initial mesh: 6475 vertices, 12946 faces

[2026-05-10 03:47:20.846] [error] [worker:comfyui-geometrypack] INFO: Successfully loaded: 6475 vertices, 12946 faces

[2026-05-10 03:47:20.860] [error] [worker:comfyui-geometrypack] INFO: Loaded: 6475 vertices, 12946 faces

[2026-05-10 03:47:21.301] [error] [comfyui-geometrypack] Health check: ping (timeout=5.0s)...
[2026-05-10 03:47:21.303] [error] 
[comfyui-geometrypack] Health check: ok

[2026-05-10 03:47:21.371] [error] [worker:comfyui-geometrypack] INFO: Sharpen dispatch: fast_effective -> GeomPackSharpen_FastEffective

[2026-05-10 03:47:21.394] [error] [comfyui-geometrypack] Health check: ping (timeout=5.0s)...
[2026-05-10 03:47:21.396] [error] 
[comfyui-geometrypack] Health check: ok
[2026-05-10 03:47:21.397] [error] 

[2026-05-10 03:47:21.459] [error] [worker:comfyui-geometrypack] INFO: Sharpen dispatch: non_iterative -> GeomPackSharpen_NonIterative

[2026-05-10 03:47:21.489] [error] [comfyui-geometrypack] Health check: ping (timeout=5.0s)...
[2026-05-10 03:47:21.491] [error] 

[2026-05-10 03:47:21.494] [error] [comfyui-geometrypack] Health check: ok

[2026-05-10 03:47:21.558] [error] [worker:comfyui-geometrypack] INFO: Sharpen dispatch: guided_normal -> GeomPackSharpen_GuidedNormal

[2026-05-10 03:47:21.587] [error] [comfyui-geometrypack] Health check: ping (timeout=5.0s)...
[2026-05-10 03:47:21.589] [error] 

[2026-05-10 03:47:21.590] [error] [comfyui-geometrypack] Health check: ok

[2026-05-10 03:47:21.646] [error] [worker:comfyui-geometrypack] INFO: Sharpen dispatch: l0_minimize -> GeomPackSharpen_L0Minimize

[2026-05-10 03:47:21.672] [error] [comfyui-geometrypack] Health check: ping (timeout=5.0s)...
[2026-05-10 03:47:21.673] [error] 

[2026-05-10 03:47:21.679] [error] [comfyui-geometrypack] Health check: ok

[2026-05-10 03:47:21.759] [error] [worker:comfyui-geometrypack] INFO: Sharpen dispatch: unsharp_mask -> GeomPackSharpen_UnsharpMask

[2026-05-10 03:47:21.782] [error] [comfyui-geometrypack] Health check: ping (timeout=5.0s)...
[2026-05-10 03:47:21.784] [error] 

[2026-05-10 03:47:21.785] [error] [comfyui-geometrypack] Health check: ok

[2026-05-10 03:47:21.837] [error] [worker:comfyui-geometrypack] INFO: Sharpen dispatch: libigl_unsharp -> GeomPackSharpen_LibiglUnsharp

[2026-05-10 03:47:21.861] [error] [comfyui-geometrypack] Health check: ping (timeout=5.0s)...
[2026-05-10 03:47:21.863] [error] 

[2026-05-10 03:47:21.868] [error] [comfyui-geometrypack] Health check: ok

[2026-05-10 03:47:21.919] [error] [worker:comfyui-geometrypack] INFO: Sharpen dispatch: two_step -> GeomPackSharpen_TwoStep

[2026-05-10 03:47:21.941] [error] [comfyui-geometrypack] Health check: ping (timeout=5.0s)...
[2026-05-10 03:47:21.943] [error] 

[2026-05-10 03:47:21.944] [error] [comfyui-geometrypack] Health check: ok

[2026-05-10 03:47:22.002] [error] [worker:comfyui-geometrypack] INFO: Backend: fast_effective

[2026-05-10 03:47:22.008] [error] [worker:comfyui-geometrypack] INFO: Input: 6475 vertices, 12946 faces

[2026-05-10 03:47:22.012] [error] [worker:comfyui-geometrypack] INFO: Parameters: threshold_T=0.200, normal_iter=10, vertex_iter=20

[2026-05-10 03:47:33.905] [error] [worker:comfyui-geometrypack] INFO: Output: 6475 vertices, 12946 faces

[2026-05-10 03:47:33.917] [error] [worker:comfyui-geometrypack] INFO: Avg vertex displacement: 0.026954, max: 0.126612

[2026-05-10 03:47:33.953] [error] [comfyui-geometrypack] Health check: ping (timeout=5.0s)...
[2026-05-10 03:47:33.955] [error] 

[2026-05-10 03:47:33.956] [error] [comfyui-geometrypack] Health check: ok

[2026-05-10 03:47:34.060] [error] [worker:comfyui-geometrypack] INFO: Backend: non_iterative

[2026-05-10 03:47:34.064] [error] [worker:comfyui-geometrypack] INFO: Input: 6475 vertices, 12946 faces

[2026-05-10 03:47:34.070] [error] [worker:comfyui-geometrypack] INFO: Parameters: sigma_f=1.000, sigma_g=1.000

[2026-05-10 03:47:44.652] [error] [worker:comfyui-geometrypack] INFO: Output: 6475 vertices, 12946 faces

[2026-05-10 03:47:44.661] [error] [worker:comfyui-geometrypack] INFO: Avg vertex displacement: 0.021192, max: 0.087476

[2026-05-10 03:47:44.701] [error] [comfyui-geometrypack] Health check: ping (timeout=5.0s)...
[2026-05-10 03:47:44.703] [error] 

[2026-05-10 03:47:44.709] [error] [comfyui-geometrypack] Health check: ok

[2026-05-10 03:47:44.772] [error] [worker:comfyui-geometrypack] INFO: Backend: guided_normal

[2026-05-10 03:47:44.780] [error] [worker:comfyui-geometrypack] INFO: Input: 6475 vertices, 12946 faces

[2026-05-10 03:47:44.785] [error] [worker:comfyui-geometrypack] INFO: Parameters: normal_iter=5, vertex_iter=10, sigma_s=1.00, sigma_r=0.350

[2026-05-10 03:48:15.254] [info]  FETCH ComfyRegistry Data [DONE]

[2026-05-10 03:48:15.683] [info]  [ComfyUI-Manager] default cache updated: https://api.comfy.org/nodes

[2026-05-10 03:48:15.732] [info]  FETCH DATA from: C:\Users\runneradmin\Documents\ComfyUI\user\__manager\cache\1514988643_custom-node-list.json
[2026-05-10 03:48:15.745] [info]   [DONE]

[2026-05-10 03:48:15.815] [info]  [ComfyUI-Manager] All startup tasks have been completed.

[2026-05-10 03:48:21.279] [error] [worker:comfyui-geometrypack] INFO: Output: 6475 vertices, 12946 faces

[2026-05-10 03:48:21.285] [error] [worker:comfyui-geometrypack] INFO: Avg vertex displacement: 0.025300, max: 0.123510

[2026-05-10 03:48:21.316] [error] [comfyui-geometrypack] Health check: ping (timeout=5.0s)...
[2026-05-10 03:48:21.318] [error] 

[2026-05-10 03:48:21.321] [error] [comfyui-geometrypack] Health check: ok

[2026-05-10 03:48:21.374] [error] [worker:comfyui-geometrypack] INFO: Backend: l0_minimize

[2026-05-10 03:48:21.378] [error] [worker:comfyui-geometrypack] INFO: Input: 6475 vertices, 12946 faces

[2026-05-10 03:48:21.383] [error] [worker:comfyui-geometrypack] INFO: Parameters: alpha=0.0010, beta=2.0, iterations=10

[2026-05-10 03:48:25.927] [error] [worker:comfyui-geometrypack] INFO: Output: 6475 vertices, 12946 faces

[2026-05-10 03:48:25.931] [error] [worker:comfyui-geometrypack] INFO: Avg vertex displacement: 0.009479, max: 0.060807

[2026-05-10 03:48:25.953] [error] [comfyui-geometrypack] Health check: ping (timeout=5.0s)...
[2026-05-10 03:48:25.955] [error] 

[2026-05-10 03:48:25.956] [error] [comfyui-geometrypack] Health check: ok

[2026-05-10 03:48:26.033] [error] [worker:comfyui-geometrypack] INFO: Mode: fields, Meshes: 4

[2026-05-10 03:48:26.041] [error] [worker:comfyui-geometrypack] INFO: Mesh 1: Mesh - 6475 vertices, 12946 faces

[2026-05-10 03:48:26.046] [error] [worker:comfyui-geometrypack] INFO: Exporting mesh to VTP: C:\Users\runneradmin\Documents\ComfyUI\output\preview_multi_1_2afc9969.vtp

[2026-05-10 03:48:26.081] [error] [worker:comfyui-geometrypack] INFO: Adding normals field (6475 vertices)

[2026-05-10 03:48:26.116] [error] [worker:comfyui-geometrypack] INFO: Export complete: 6475 vertices, 12946 faces

[2026-05-10 03:48:26.121] [error] [worker:comfyui-geometrypack] INFO: Exported VTP: C:\Users\runneradmin\Documents\ComfyUI\output\preview_multi_1_2afc9969.vtp

[2026-05-10 03:48:26.133] [error] [worker:comfyui-geometrypack] INFO: Mesh 2: Mesh - 6475 vertices, 12946 faces

[2026-05-10 03:48:26.138] [error] [worker:comfyui-geometrypack] INFO: Exporting mesh to VTP: C:\Users\runneradmin\Documents\ComfyUI\output\preview_multi_2_2afc9969.vtp

[2026-05-10 03:48:26.166] [error] [worker:comfyui-geometrypack] INFO: Adding normals field (6475 vertices)

[2026-05-10 03:48:26.204] [error] [worker:comfyui-geometrypack] INFO: Export complete: 6475 vertices, 12946 faces

[2026-05-10 03:48:26.209] [error] [worker:comfyui-geometrypack] INFO: Exported VTP: C:\Users\runneradmin\Documents\ComfyUI\output\preview_multi_2_2afc9969.vtp

[2026-05-10 03:48:26.223] [error] [worker:comfyui-geometrypack] INFO: Mesh 3: Mesh - 6475 vertices, 12946 faces

[2026-05-10 03:48:26.228] [error] [worker:comfyui-geometrypack] INFO: Exporting mesh to VTP: C:\Users\runneradmin\Documents\ComfyUI\output\preview_multi_3_2afc9969.vtp

[2026-05-10 03:48:26.277] [error] [worker:comfyui-geometrypack] INFO: Adding normals field (6475 vertices)

[2026-05-10 03:48:26.306] [error] [worker:comfyui-geometrypack] INFO: Export complete: 6475 vertices, 12946 faces

[2026-05-10 03:48:26.313] [error] [worker:comfyui-geometrypack] INFO: Exported VTP: C:\Users\runneradmin\Documents\ComfyUI\output\preview_multi_3_2afc9969.vtp

[2026-05-10 03:48:26.324] [error] [worker:comfyui-geometrypack] INFO: Mesh 4: Mesh - 6475 vertices, 12946 faces

[2026-05-10 03:48:26.328] [error] [worker:comfyui-geometrypack] INFO: Exporting mesh to VTP: C:\Users\runneradmin\Documents\ComfyUI\output\preview_multi_4_2afc9969.vtp

[2026-05-10 03:48:26.359] [error] [worker:comfyui-geometrypack] INFO: Adding normals field (6475 vertices)

[2026-05-10 03:48:26.401] [error] [worker:comfyui-geometrypack] INFO: Export complete: 6475 vertices, 12946 faces

[2026-05-10 03:48:26.406] [error] [worker:comfyui-geometrypack] INFO: Exported VTP: C:\Users\runneradmin\Documents\ComfyUI\output\preview_multi_4_2afc9969.vtp

[2026-05-10 03:48:26.417] [error] [worker:comfyui-geometrypack] INFO: Grid: 2x2, Preview ready

[2026-05-10 03:48:26.449] [error] [comfyui-geometrypack] Health check: ping (timeout=5.0s)...
[2026-05-10 03:48:26.450] [error] 

[2026-05-10 03:48:26.452] [error] [comfyui-geometrypack] Health check: ok

[2026-05-10 03:48:26.505] [error] [worker:comfyui-geometrypack] INFO: Backend: unsharp_mask

[2026-05-10 03:48:26.509] [error] [worker:comfyui-geometrypack] INFO: Input: 6475 vertices, 12946 faces

[2026-05-10 03:48:26.514] [error] [worker:comfyui-geometrypack] INFO: Parameters: weight=0.300, iterations=5
[2026-05-10 03:48:26.515] [error] 

[2026-05-10 03:48:26.928] [error] [worker:comfyui-geometrypack] INFO: Output: 6475 vertices, 12946 faces

[2026-05-10 03:48:26.937] [error] [worker:comfyui-geometrypack] INFO: Avg vertex displacement: 0.013687, max: 0.066009
[2026-05-10 03:48:26.939] [error] 

[2026-05-10 03:48:26.984] [error] [comfyui-geometrypack] Health check: ping (timeout=5.0s)...

[2026-05-10 03:48:27.006] [error] [comfyui-geometrypack] Health check: ok

[2026-05-10 03:48:27.082] [error] [worker:comfyui-geometrypack] INFO: Backend: libigl_unsharp

[2026-05-10 03:48:27.087] [error] [worker:comfyui-geometrypack] INFO: Input: 6475 vertices, 12946 faces

[2026-05-10 03:48:27.092] [error] [worker:comfyui-geometrypack] INFO: Parameters: weight=0.500, iterations=3

[2026-05-10 03:48:28.009] [error] [worker:comfyui-geometrypack] INFO: Output: 6475 vertices, 12946 faces
[worker:comfyui-geometrypack] INFO: Avg vertex displacement: 0.541299, max: 1.039092

[2026-05-10 03:48:28.026] [error] [comfyui-geometrypack] Health check: ping (timeout=5.0s)...
[2026-05-10 03:48:28.029] [error] 

[2026-05-10 03:48:28.032] [error] [comfyui-geometrypack] Health check: ok

[2026-05-10 03:48:28.096] [error] [worker:comfyui-geometrypack] INFO: Backend: two_step

[2026-05-10 03:48:28.103] [error] [worker:comfyui-geometrypack] INFO: Input: 6475 vertices, 12946 faces

[2026-05-10 03:48:28.107] [error] [worker:comfyui-geometrypack] INFO: Parameters: smooth_steps=3, normal_threshold=60.0

[2026-05-10 03:48:28.212] [error] [worker:comfyui-geometrypack] INFO: Output: 6475 vertices, 12946 faces

[2026-05-10 03:48:28.224] [error] [worker:comfyui-geometrypack] INFO: Avg vertex displacement: 0.059156, max: 0.318610

[2026-05-10 03:48:28.245] [error] [comfyui-geometrypack] Health check: ping (timeout=5.0s)...
[2026-05-10 03:48:28.247] [error] 

[2026-05-10 03:48:28.249] [error] [comfyui-geometrypack] Health check: ok
[2026-05-10 03:48:28.251] [error] 

[2026-05-10 03:48:28.329] [error] [worker:comfyui-geometrypack] INFO: Mode: fields, Meshes: 4
[2026-05-10 03:48:28.330] [error] 

[2026-05-10 03:48:28.333] [error] [worker:comfyui-geometrypack] INFO: Mesh 1: Mesh - 6475 vertices, 12946 faces

[2026-05-10 03:48:28.337] [error] [worker:comfyui-geometrypack] INFO: Exporting mesh to VTP: C:\Users\runneradmin\Documents\ComfyUI\output\preview_multi_1_2bd89d81.vtp

[2026-05-10 03:48:28.367] [error] [worker:comfyui-geometrypack] INFO: Adding normals field (6475 vertices)

[2026-05-10 03:48:28.401] [error] [worker:comfyui-geometrypack] INFO: Export complete: 6475 vertices, 12946 faces

[2026-05-10 03:48:28.405] [error] [worker:comfyui-geometrypack] INFO: Exported VTP: C:\Users\runneradmin\Documents\ComfyUI\output\preview_multi_1_2bd89d81.vtp

[2026-05-10 03:48:28.416] [error] [worker:comfyui-geometrypack] INFO: Mesh 2: Mesh - 6475 vertices, 12946 faces

[2026-05-10 03:48:28.421] [error] [worker:comfyui-geometrypack] INFO: Exporting mesh to VTP: C:\Users\runneradmin\Documents\ComfyUI\output\preview_multi_2_2bd89d81.vtp

[2026-05-10 03:48:28.449] [error] [worker:comfyui-geometrypack] INFO: Adding normals field (6475 vertices)

[2026-05-10 03:48:28.481] [error] [worker:comfyui-geometrypack] INFO: Export complete: 6475 vertices, 12946 faces

[2026-05-10 03:48:28.485] [error] [worker:comfyui-geometrypack] INFO: Exported VTP: C:\Users\runneradmin\Documents\ComfyUI\output\preview_multi_2_2bd89d81.vtp

[2026-05-10 03:48:28.495] [error] [worker:comfyui-geometrypack] INFO: Mesh 3: Mesh - 6475 vertices, 12946 faces

[2026-05-10 03:48:28.501] [error] [worker:comfyui-geometrypack] INFO: Exporting mesh to VTP: C:\Users\runneradmin\Documents\ComfyUI\output\preview_multi_3_2bd89d81.vtp

[2026-05-10 03:48:28.533] [error] [worker:comfyui-geometrypack] INFO: Adding normals field (6475 vertices)
[2026-05-10 03:48:28.535] [error] 

[2026-05-10 03:48:28.570] [error] [worker:comfyui-geometrypack] INFO: Export complete: 6475 vertices, 12946 faces

[2026-05-10 03:48:28.574] [error] [worker:comfyui-geometrypack] INFO: Exported VTP: C:\Users\runneradmin\Documents\ComfyUI\output\preview_multi_3_2bd89d81.vtp

[2026-05-10 03:48:28.585] [error] [worker:comfyui-geometrypack] INFO: Mesh 4: Mesh - 6475 vertices, 12946 faces

[2026-05-10 03:48:28.589] [error] [worker:comfyui-geometrypack] INFO: Exporting mesh to VTP: C:\Users\runneradmin\Documents\ComfyUI\output\preview_multi_4_2bd89d81.vtp

[2026-05-10 03:48:28.635] [error] [worker:comfyui-geometrypack] INFO: Adding normals field (6475 vertices)

[2026-05-10 03:48:28.660] [error] [worker:comfyui-geometrypack] INFO: Export complete: 6475 vertices, 12946 faces

[2026-05-10 03:48:28.664] [error] [worker:comfyui-geometrypack] INFO: Exported VTP: C:\Users\runneradmin\Documents\ComfyUI\output\preview_multi_4_2bd89d81.vtp

[2026-05-10 03:48:28.676] [error] [worker:comfyui-geometrypack] INFO: Grid: 2x2, Preview ready

[2026-05-10 03:48:28.699] [info]  Prompt executed in 73.40 seconds

