[2026-05-10 22:15:11.250] [info]  setup plugin alembic.autogenerate.schemas
setup plugin alembic.autogenerate.tables

[2026-05-10 22:15:11.252] [info]  setup plugin alembic.autogenerate.types
setup plugin alembic.autogenerate.constraints
setup plugin alembic.autogenerate.defaults
setup plugin alembic.autogenerate.comments

[2026-05-10 22:15:12.297] [info]  Adding extra search path custom_nodes C:\Users\runneradmin\Documents\ComfyUI\custom_nodes
Adding extra search path download_model_base C:\Users\runneradmin\Documents\ComfyUI\models

[2026-05-10 22:15:12.299] [info]  Adding extra search path custom_nodes C:\Users\runneradmin\.comfy-test-cache\desktop\ComfyUI\resources\ComfyUI\custom_nodes
Setting output directory to: C:\Users\runneradmin\Documents\ComfyUI\output
Setting input directory to: C:\Users\runneradmin\Documents\ComfyUI\input
Setting user directory to: C:\Users\runneradmin\Documents\ComfyUI\user

[2026-05-10 22:15:15.009] [info]  [START] Security scan
[DONE] Security scan
** ComfyUI startup time: 2026-05-10 22:15:15.009
[2026-05-10 22:15:15.010] [info]  
** Platform: Windows
** Python version: 3.12.11 (main, Aug 18 2025, 19:17:54) [MSC v.1944 64 bit (AMD64)]
** Python executable: C:\Users\runneradmin\Documents\ComfyUI\.venv\Scripts\python.exe
** ComfyUI Path: C:\Users\runneradmin\.comfy-test-cache\desktop\ComfyUI\resources\ComfyUI
** ComfyUI Base Folder Path: C:\Users\runneradmin\.comfy-test-cache\desktop\ComfyUI\resources\ComfyUI

[2026-05-10 22:15:15.011] [info]  ** User directory: C:\Users\runneradmin\Documents\ComfyUI\user
** ComfyUI-Manager config path: C:\Users\runneradmin\Documents\ComfyUI\user\__manager\config.ini
** Log path: C:\Users\runneradmin\Documents\ComfyUI\user\comfyui.log

[2026-05-10 22:15:16.028] [info]  [ComfyUI-Manager] Skipped fixing the 'comfyui-frontend-package' dependency because the ComfyUI is outdated.

[2026-05-10 22:15:16.030] [info]  [PRE] ComfyUI-Manager

[2026-05-10 22:15:26.215] [info]  Found comfy_kitchen backend triton: {'available': False, 'disabled': True, 'unavailable_reason': "ImportError: No module named 'triton'", 'capabilities': []}

[2026-05-10 22:15:26.217] [info]  Found comfy_kitchen backend cuda: {'available': False, 'disabled': True, 'unavailable_reason': 'CUDA not available on this system', 'capabilities': []}
Found comfy_kitchen backend eager: {'available': True, 'disabled': False, 'unavailable_reason': None, 'capabilities': ['apply_rope', 'apply_rope1', 'dequantize_mxfp8', 'dequantize_nvfp4', 'dequantize_per_tensor_fp8', 'quantize_mxfp8', 'quantize_nvfp4', 'quantize_per_tensor_fp8', 'scaled_mm_mxfp8', 'scaled_mm_nvfp4']}

[2026-05-10 22:15:26.280] [info]  Checkpoint files will always be loaded safely.

[2026-05-10 22:15:26.357] [info]  Total VRAM 16379 MB, total RAM 16379 MB

[2026-05-10 22:15:26.359] [info]  pytorch version: 2.10.0+cpu
Set vram state to: DISABLED
Device: cpu

[2026-05-10 22:15:27.338] [info]  Using sub quadratic optimization for attention, if you have memory or speed issues try using: --use-split-cross-attention

[2026-05-10 22:15:34.591] [info]  Python version: 3.12.11 (main, Aug 18 2025, 19:17:54) [MSC v.1944 64 bit (AMD64)]

[2026-05-10 22:15:34.593] [info]  ComfyUI version: 0.20.1
comfy-aimdo version: 0.2.14

[2026-05-10 22:15:34.594] [info]  comfy-kitchen version: 0.2.8

[2026-05-10 22:15:34.595] [info]  [Prompt Server] web root: C:\Users\runneradmin\.comfy-test-cache\desktop\ComfyUI\resources\ComfyUI\web_custom_versions\desktop_app

[2026-05-10 22:15:34.597] [info]  Asset seeder disabled

[2026-05-10 22:15:34.598] [info]  [START] ComfyUI-Manager

[2026-05-10 22:15:34.988] [info]  [ComfyUI-Manager] Using GitPython backend

[2026-05-10 22:15:35.105] [info]  [ComfyUI-Manager] network_mode: public

[2026-05-10 22:15:35.115] [info]  [ComfyUI-Manager] The matrix sharing feature has been disabled because the `matrix-nio` dependency is not installed.
	To use this feature, please run the following command:
	C:\Users\runneradmin\Documents\ComfyUI\.venv\Scripts\python.exe -m pip install matrix-nio


[2026-05-10 22:15:39.049] [info]  
Import times for custom nodes:

[2026-05-10 22:15:39.051] [info]     0.0 seconds: C:\Users\runneradmin\.comfy-test-cache\desktop\ComfyUI\resources\ComfyUI\custom_nodes\websocket_image_save.py


[2026-05-10 22:15:39.068] [info]  Context impl SQLiteImpl.

[2026-05-10 22:15:39.069] [info]  Will assume non-transactional DDL.

[2026-05-10 22:15:39.087] [info]  Context impl SQLiteImpl.

[2026-05-10 22:15:39.088] [info]  Will assume non-transactional DDL.

[2026-05-10 22:15:39.109] [info]  Running upgrade  -> 0001_assets, Initial assets schema
Revision ID: 0001_assets
Revises: None
Create Date: 2025-12-10 00:00:00

[2026-05-10 22:15:39.449] [info]  Running upgrade 0001_assets -> 0002_merge_to_asset_references, Merge AssetInfo and AssetCacheState into unified asset_references table.

[2026-05-10 22:15:39.684] [info]  Running upgrade 0002_merge_to_asset_references -> 0003_add_metadata_job_id, Add system_metadata and job_id columns to asset_references.
Change preview_id FK from assets.id to asset_references.id.

[2026-05-10 22:15:39.757] [info]  Database upgraded from None to 0003_add_metadata_job_id

[2026-05-10 22:15:39.853] [info]  Starting server


[2026-05-10 22:15:39.855] [info]  To see the GUI go to: http://127.0.0.1:8000

[2026-05-10 22:17:06.494] [info]  FETCH ComfyRegistry Data [DONE]

[2026-05-10 22:17:06.770] [info]  [ComfyUI-Manager] default cache updated: https://api.comfy.org/nodes

[2026-05-10 22:17:06.805] [info]  FETCH DATA from: C:\Users\runneradmin\Documents\ComfyUI\user\__manager\cache\1514988643_custom-node-list.json
[2026-05-10 22:17:06.819] [info]   [DONE]

[2026-05-10 22:17:06.878] [info]  [ComfyUI-Manager] All startup tasks have been completed.

[2026-05-10 22:17:30.590] [info]  [ComfyUI-Manager] The ComfyRegistry cache update is still in progress, so an outdated cache is being used.

[2026-05-10 22:17:32.037] [error]   0%|          | 0.00/55.3M [00:00<?, ?B/s]
[2026-05-10 22:17:32.172] [error]  11%|█▏        | 6.29M/55.3M [00:00<00:01, 46.8MB/s]
[2026-05-10 22:17:32.288] [error]  23%|██▎       | 12.6M/55.3M [00:00<00:00, 51.2MB/s]
[2026-05-10 22:17:32.448] [error]  32%|███▏      | 17.8M/55.3M [00:00<00:00, 41.2MB/s]
[2026-05-10 22:17:32.594] [error]  42%|████▏     | 23.1M/55.3M [00:00<00:00, 44.5MB/s]
[2026-05-10 22:17:32.657] [error]  50%|█████     | 27.7M/55.3M [00:00<00:00, 44.4MB/s]
[2026-05-10 22:17:32.756] [error]  59%|█████▉    | 32.8M/55.3M [00:00<00:00, 46.4MB/s]
[2026-05-10 22:17:32.859] [error]  68%|██████▊   | 37.7M/55.3M [00:00<00:00, 46.9MB/s]
[2026-05-10 22:17:33.011] [error]  79%|███████▉  | 43.8M/55.3M [00:00<00:00, 50.6MB/s]
[2026-05-10 22:17:33.078] [error]  89%|████████▊ | 49.0M/55.3M [00:01<00:00, 48.5MB/s]
[2026-05-10 22:17:33.179] [error]  98%|█████████▊| 54.1M/55.3M [00:01<00:00, 49.2MB/s]
[2026-05-10 22:17:33.193] [error] 100%|██████████| 55.3M/55.3M [00:01<00:00, 47.9MB/s]
[2026-05-10 22:17:33.195] [error] 

[2026-05-10 22:17:34.313] [info]  Extracted zip file to C:\Users\runneradmin\Documents\ComfyUI\custom_nodes\comfyui-geometrypack

[2026-05-10 22:17:34.336] [info]  Install: pip packages
[2026-05-10 22:17:34.337] [info]  

[2026-05-10 22:17:35.510] [info]  [ComfyUI-Manager] Skipped fixing the 'comfyui-frontend-package' dependency because the ComfyUI is outdated.

[2026-05-10 22:17:35.511] [info]  Install: install script

[2026-05-10 22:17:38.511] [info]  
Restarting... [Legacy Mode]


Command: ['"C:\\Users\\runneradmin\\Documents\\ComfyUI\\.venv\\Scripts\\python.exe"', '"C:\\Users\\runneradmin\\.comfy-test-cache\\desktop\\ComfyUI\\resources\\ComfyUI\\main.py"', '--user-directory', 'C:\\Users\\runneradmin\\Documents\\ComfyUI\\user', '--input-directory', 'C:\\Users\\runneradmin\\Documents\\ComfyUI\\input', '--output-directory', 'C:\\Users\\runneradmin\\Documents\\ComfyUI\\output', '--front-end-root', 'C:\\Users\\runneradmin\\.comfy-test-cache\\desktop\\ComfyUI\\resources\\ComfyUI\\web_custom_versions\\desktop_app', '--base-directory', 'C:\\Users\\runneradmin\\Documents\\ComfyUI', '--database-url', 'sqlite:///C:/Users/runneradmin/Documents/ComfyUI/user/comfyui.db', '--extra-model-paths-config', 'C:\\Users\\runneradmin\\AppData\\Roaming\\ComfyUI\\extra_models_config.yaml', '--log-stdout', '--listen', '127.0.0.1', '--port', '8000', '--enable-manager', '--cpu']

[2026-05-10 22:17:39.247] [info]  setup plugin alembic.autogenerate.schemas
setup plugin alembic.autogenerate.tables
setup plugin alembic.autogenerate.types
setup plugin alembic.autogenerate.constraints
setup plugin alembic.autogenerate.defaults
setup plugin alembic.autogenerate.comments

[2026-05-10 22:17:39.703] [info]  Adding extra search path custom_nodes C:\Users\runneradmin\Documents\ComfyUI\custom_nodes
Adding extra search path download_model_base C:\Users\runneradmin\Documents\ComfyUI\models
Adding extra search path custom_nodes C:\Users\runneradmin\.comfy-test-cache\desktop\ComfyUI\resources\ComfyUI\custom_nodes

[2026-05-10 22:17:39.705] [info]  Setting output directory to: C:\Users\runneradmin\Documents\ComfyUI\output
Setting input directory to: C:\Users\runneradmin\Documents\ComfyUI\input
Setting user directory to: C:\Users\runneradmin\Documents\ComfyUI\user

[2026-05-10 22:17:41.211] [info]  [START] Security scan
[DONE] Security scan
** ComfyUI startup time: 2026-05-10 22:17:41.211

[2026-05-10 22:17:41.212] [info]  ** Platform: Windows
** Python version: 3.12.11 (main, Aug 18 2025, 19:17:54) [MSC v.1944 64 bit (AMD64)]
** Python executable: C:\Users\runneradmin\Documents\ComfyUI\.venv\Scripts\python.exe
** ComfyUI Path: C:\Users\runneradmin\.comfy-test-cache\desktop\ComfyUI\resources\ComfyUI
** ComfyUI Base Folder Path: C:\Users\runneradmin\.comfy-test-cache\desktop\ComfyUI\resources\ComfyUI

[2026-05-10 22:17:41.213] [info]  ** User directory: C:\Users\runneradmin\Documents\ComfyUI\user
** ComfyUI-Manager config path: C:\Users\runneradmin\Documents\ComfyUI\user\__manager\config.ini
** Log path: C:\Users\runneradmin\Documents\ComfyUI\user\comfyui.log

[2026-05-10 22:17:41.759] [info]  
#######################################################################
[ComfyUI-Manager] Starting dependency installation/(de)activation for the extension


[2026-05-10 22:17:41.761] [info]  
## ComfyUI-Manager: EXECUTE => ['C:\\Users\\runneradmin\\Documents\\ComfyUI\\.venv\\Scripts\\python.exe', '-m', 'pip', 'install', 'comfy-env==0.3.82']

## Execute management script for 'C:\Users\runneradmin\Documents\ComfyUI\custom_nodes\comfyui-geometrypack'

[2026-05-10 22:17:43.669] [info]   Collecting comfy-env==0.3.82

[2026-05-10 22:17:43.698] [info]     Downloading comfy_env-0.3.82-py3-none-any.whl.metadata (7.5 kB)

[2026-05-10 22:17:43.717] [info]   
[2026-05-10 22:17:43.718] [info]   
[2026-05-10 22:17:43.779] [info]   Collecting pre-commit (from comfy-env==0.3.82)

[2026-05-10 22:17:43.784] [info]     Downloading pre_commit-4.6.0-py2.py3-none-any.whl.metadata (1.2 kB)

[2026-05-10 22:17:43.802] [info]   
[2026-05-10 22:17:43.823] [info]   Collecting tomli-w>=1.0.0 (from comfy-env==0.3.82)

[2026-05-10 22:17:43.828] [info]     Downloading tomli_w-1.2.0-py3-none-any.whl.metadata (5.7 kB)

[2026-05-10 22:17:43.884] [info]   Collecting tomli>=2.0.0 (from comfy-env==0.3.82)

[2026-05-10 22:17:43.892] [info]     Using cached tomli-2.4.1-cp312-cp312-win_amd64.whl.metadata (10 kB)

[2026-05-10 22:17:43.898] [info]   
[2026-05-10 22:17:43.924] [info]   Collecting cfgv>=2.0.0 (from pre-commit->comfy-env==0.3.82)

[2026-05-10 22:17:43.929] [info]     Downloading cfgv-3.5.0-py2.py3-none-any.whl.metadata (8.9 kB)

[2026-05-10 22:17:44.020] [info]   Collecting identify>=1.0.0 (from pre-commit->comfy-env==0.3.82)

[2026-05-10 22:17:44.027] [info]     Downloading identify-2.6.19-py2.py3-none-any.whl.metadata (4.4 kB)

[2026-05-10 22:17:44.073] [info]   Collecting nodeenv>=0.11.1 (from pre-commit->comfy-env==0.3.82)

[2026-05-10 22:17:44.078] [info]     Downloading nodeenv-1.10.0-py2.py3-none-any.whl.metadata (24 kB)

[2026-05-10 22:17:44.155] [info]   Collecting virtualenv>=20.10.0 (from pre-commit->comfy-env==0.3.82)

[2026-05-10 22:17:44.161] [info]     Downloading virtualenv-21.3.1-py3-none-any.whl.metadata (3.5 kB)

[2026-05-10 22:17:44.206] [info]   Collecting distlib<1,>=0.3.7 (from virtualenv>=20.10.0->pre-commit->comfy-env==0.3.82)

[2026-05-10 22:17:44.211] [info]     Downloading distlib-0.4.0-py2.py3-none-any.whl.metadata (5.2 kB)

[2026-05-10 22:17:44.260] [info]   Collecting filelock<4,>=3.24.2 (from virtualenv>=20.10.0->pre-commit->comfy-env==0.3.82)

[2026-05-10 22:17:44.266] [info]     Downloading filelock-3.29.0-py3-none-any.whl.metadata (2.0 kB)

[2026-05-10 22:17:44.338] [info]   Collecting platformdirs<5,>=3.9.1 (from virtualenv>=20.10.0->pre-commit->comfy-env==0.3.82)

[2026-05-10 22:17:44.345] [info]     Downloading platformdirs-4.9.6-py3-none-any.whl.metadata (4.7 kB)

[2026-05-10 22:17:44.380] [info]   Collecting python-discovery>=1.2.2 (from virtualenv>=20.10.0->pre-commit->comfy-env==0.3.82)

[2026-05-10 22:17:44.386] [info]     Downloading python_discovery-1.3.0-py3-none-any.whl.metadata (5.5 kB)

[2026-05-10 22:17:44.429] [info]   Downloading comfy_env-0.3.82-py3-none-any.whl (121 kB)

[2026-05-10 22:17:44.451] [info]   Using cached tomli-2.4.1-cp312-cp312-win_amd64.whl (108 kB)

[2026-05-10 22:17:44.459] [info]   Downloading tomli_w-1.2.0-py3-none-any.whl (6.7 kB)

[2026-05-10 22:17:44.479] [info]   Downloading pre_commit-4.6.0-py2.py3-none-any.whl (226 kB)

[2026-05-10 22:17:44.499] [info]   
[2026-05-10 22:17:44.500] [info]  Downloading cfgv-3.5.0-py2.py3-none-any.whl (7.4 kB)

[2026-05-10 22:17:44.519] [info]   Downloading identify-2.6.19-py2.py3-none-any.whl (99 kB)

[2026-05-10 22:17:44.537] [info]   Downloading nodeenv-1.10.0-py2.py3-none-any.whl (23 kB)

[2026-05-10 22:17:44.557] [info]   Downloading virtualenv-21.3.1-py3-none-any.whl (7.6 MB)

[2026-05-10 22:17:44.611] [info]      ---------------------------------------- 7.6/7.6 MB 156.0 MB/s eta 0:00:00

[2026-05-10 22:17:44.616] [info]   Downloading distlib-0.4.0-py2.py3-none-any.whl (469 kB)

[2026-05-10 22:17:44.642] [info]   Downloading filelock-3.29.0-py3-none-any.whl (39 kB)

[2026-05-10 22:17:44.660] [info]   Downloading platformdirs-4.9.6-py3-none-any.whl (21 kB)

[2026-05-10 22:17:44.678] [info]   Downloading python_discovery-1.3.0-py3-none-any.whl (33 kB)

[2026-05-10 22:17:44.931] [info]   Installing collected packages: distlib, tomli-w, tomli, platformdirs, nodeenv, identify, filelock, cfgv, python-discovery, virtualenv, pre-commit, comfy-env

[2026-05-10 22:17:45.254] [info]     Attempting uninstall: filelock

[2026-05-10 22:17:45.260] [info]       Found existing installation: filelock 3.20.3

[2026-05-10 22:17:45.265] [info]       Uninstalling filelock-3.20.3:

[2026-05-10 22:17:45.268] [info]         Successfully uninstalled filelock-3.20.3

[2026-05-10 22:17:46.346] [info]   Successfully installed cfgv-3.5.0 comfy-env-0.3.82 distlib-0.4.0 filelock-3.29.0 identify-2.6.19 nodeenv-1.10.0 platformdirs-4.9.6 pre-commit-4.6.0 python-discovery-1.3.0 tomli-2.4.1 tomli-w-1.2.0 virtualenv-21.3.1

[2026-05-10 22:17:46.691] [error] [!]
[2026-05-10 22:17:46.692] [error]  
[!] [notice] A new release of pip is available: 25.0.1 -> 26.1.1
[!] 
[2026-05-10 22:17:46.693] [error] [notice] To update, run: python.exe -m pip install --upgrade pip

[2026-05-10 22:17:46.807] [info]  
## ComfyUI-Manager: EXECUTE => ['C:\\Users\\runneradmin\\Documents\\ComfyUI\\.venv\\Scripts\\python.exe', '-m', 'pip', 'install', 'comfy-3d-viewers==0.2.44']

## Execute management script for 'C:\Users\runneradmin\Documents\ComfyUI\custom_nodes\comfyui-geometrypack'

[2026-05-10 22:17:48.227] [info]   Collecting comfy-3d-viewers==0.2.44

[2026-05-10 22:17:48.251] [info]     Downloading comfy_3d_viewers-0.2.44-py3-none-any.whl.metadata (2.2 kB)

[2026-05-10 22:17:48.275] [info]   Downloading comfy_3d_viewers-0.2.44-py3-none-any.whl (1.3 MB)

[2026-05-10 22:17:48.327] [info]      ---------------------------------------- 1.3/1.3 MB 32.0 MB/s eta 0:00:00

[2026-05-10 22:17:48.555] [info]   Installing collected packages: comfy-3d-viewers

[2026-05-10 22:17:48.694] [info]   Successfully installed comfy-3d-viewers-0.2.44

[2026-05-10 22:17:49.011] [error] [!] 
[2026-05-10 22:17:49.013] [error] 
[!] [notice] A new release of pip is available: 25.0.1 -> 26.1.1
[!] [notice] To update, run: python.exe -m pip install --upgrade pip

[2026-05-10 22:17:49.126] [info]  
## ComfyUI-Manager: EXECUTE => ['C:\\Users\\runneradmin\\Documents\\ComfyUI\\.venv\\Scripts\\python.exe', '-m', 'pip', 'install', 'trimesh[easy]>=4.0.0']

## Execute management script for 'C:\Users\runneradmin\Documents\ComfyUI\custom_nodes\comfyui-geometrypack'

[2026-05-10 22:17:52.203] [info]   Collecting trimesh>=4.0.0 (from trimesh[easy]>=4.0.0)

[2026-05-10 22:17:52.227] [info]     Downloading trimesh-4.12.2-py3-none-any.whl.metadata (13 kB)

[2026-05-10 22:17:52.269] [info]   
[2026-05-10 22:17:52.299] [info]   Collecting colorlog (from trimesh[easy]>=4.0.0)

[2026-05-10 22:17:52.304] [info]     Downloading colorlog-6.10.1-py3-none-any.whl.metadata (11 kB)

[2026-05-10 22:17:52.361] [info]   Collecting manifold3d>=2.3.0 (from trimesh[easy]>=4.0.0)

[2026-05-10 22:17:52.366] [info]     Downloading manifold3d-3.4.1-cp312-cp312-win_amd64.whl.metadata (19 kB)

[2026-05-10 22:17:52.383] [info]   
[2026-05-10 22:17:52.552] [info]   Collecting lxml (from trimesh[easy]>=4.0.0)

[2026-05-10 22:17:52.557] [info]     Downloading lxml-6.1.0-cp312-cp312-win_amd64.whl.metadata (4.1 kB)

[2026-05-10 22:17:52.614] [info]   Collecting jsonschema (from trimesh[easy]>=4.0.0)

[2026-05-10 22:17:52.619] [info]     Downloading jsonschema-4.26.0-py3-none-any.whl.metadata (7.6 kB)

[2026-05-10 22:17:52.638] [info]   
[2026-05-10 22:17:52.660] [info]   Collecting svg.path (from trimesh[easy]>=4.0.0)

[2026-05-10 22:17:52.666] [info]     Downloading svg_path-7.0-py2.py3-none-any.whl.metadata (14 kB)

[2026-05-10 22:17:52.714] [info]   Collecting pycollada (from trimesh[easy]>=4.0.0)
   Downloading pycollada-0.9.3-py3-none-any.whl.metadata (1.7 kB)

[2026-05-10 22:17:52.815] [info]   Collecting shapely (from trimesh[easy]>=4.0.0)

[2026-05-10 22:17:52.820] [info]     Downloading shapely-2.1.2-cp312-cp312-win_amd64.whl.metadata (7.1 kB)

[2026-05-10 22:17:52.913] [info]   Collecting xxhash (from trimesh[easy]>=4.0.0)

[2026-05-10 22:17:52.917] [info]     Downloading xxhash-3.7.0-cp312-cp312-win_amd64.whl.metadata (13 kB)

[2026-05-10 22:17:52.961] [info]   Collecting rtree (from trimesh[easy]>=4.0.0)

[2026-05-10 22:17:52.966] [info]     Downloading rtree-1.4.1-py3-none-win_amd64.whl.metadata (2.2 kB)

[2026-05-10 22:17:52.982] [info]   
[2026-05-10 22:17:52.984] [info]   
[2026-05-10 22:17:53.014] [info]   Collecting embreex (from trimesh[easy]>=4.0.0)

[2026-05-10 22:17:53.019] [info]     Downloading embreex-4.4.0-cp312-cp312-win_amd64.whl.metadata (3.0 kB)

[2026-05-10 22:17:53.035] [info]   
[2026-05-10 22:17:53.093] [info]   Collecting vhacdx (from trimesh[easy]>=4.0.0)

[2026-05-10 22:17:53.098] [info]     Downloading vhacdx-0.0.10-cp312-cp312-win_amd64.whl.metadata (1.1 kB)

[2026-05-10 22:17:53.146] [info]   Collecting mapbox_earcut>=1.0.2 (from trimesh[easy]>=4.0.0)

[2026-05-10 22:17:53.152] [info]     Downloading mapbox_earcut-2.0.0-cp312-cp312-win_amd64.whl.metadata (2.5 kB)

[2026-05-10 22:17:53.173] [info]   
[2026-05-10 22:17:53.176] [info]   
[2026-05-10 22:17:53.177] [info]    
[2026-05-10 22:17:53.178] [info]   
[2026-05-10 22:17:53.181] [info]   
[2026-05-10 22:17:53.182] [info]   
[2026-05-10 22:17:53.203] [info]   
[2026-05-10 22:17:53.204] [info]  Collecting jsonschema-specifications>=2023.03.6 (from jsonschema->trimesh[easy]>=4.0.0)

[2026-05-10 22:17:53.208] [info]     Downloading jsonschema_specifications-2025.9.1-py3-none-any.whl.metadata (2.9 kB)

[2026-05-10 22:17:53.258] [info]   Collecting referencing>=0.28.4 (from jsonschema->trimesh[easy]>=4.0.0)

[2026-05-10 22:17:53.263] [info]     Downloading referencing-0.37.0-py3-none-any.whl.metadata (2.8 kB)

[2026-05-10 22:17:53.522] [info]   Collecting rpds-py>=0.25.0 (from jsonschema->trimesh[easy]>=4.0.0)

[2026-05-10 22:17:53.527] [info]     Downloading rpds_py-0.30.0-cp312-cp312-win_amd64.whl.metadata (4.2 kB)

[2026-05-10 22:17:53.573] [info]   Collecting python-dateutil (from pycollada->trimesh[easy]>=4.0.0)

[2026-05-10 22:17:53.578] [info]     Downloading python_dateutil-2.9.0.post0-py2.py3-none-any.whl.metadata (8.4 kB)

[2026-05-10 22:17:53.621] [info]   
[2026-05-10 22:17:53.650] [info]   Collecting six>=1.5 (from python-dateutil->pycollada->trimesh[easy]>=4.0.0)

[2026-05-10 22:17:53.655] [info]     Downloading six-1.17.0-py2.py3-none-any.whl.metadata (1.7 kB)

[2026-05-10 22:17:53.681] [info]   Downloading trimesh-4.12.2-py3-none-any.whl (741 kB)

[2026-05-10 22:17:53.705] [info]      --------------------------------------- 741.0/741.0 kB 29.9 MB/s eta 0:00:00

[2026-05-10 22:17:53.710] [info]   Downloading manifold3d-3.4.1-cp312-cp312-win_amd64.whl (983 kB)

[2026-05-10 22:17:53.731] [info]      --------------------------------------- 983.3/983.3 kB 48.1 MB/s eta 0:00:00

[2026-05-10 22:17:53.736] [info]   Downloading mapbox_earcut-2.0.0-cp312-cp312-win_amd64.whl (56 kB)

[2026-05-10 22:17:53.757] [info]   Downloading colorlog-6.10.1-py3-none-any.whl (11 kB)

[2026-05-10 22:17:53.772] [info]   Downloading embreex-4.4.0-cp312-cp312-win_amd64.whl (13.1 MB)

[2026-05-10 22:17:53.883] [info]      ---------------------------------------- 13.1/13.1 MB 118.0 MB/s eta 0:00:00

[2026-05-10 22:17:53.888] [info]   Downloading jsonschema-4.26.0-py3-none-any.whl (90 kB)

[2026-05-10 22:17:53.908] [info]   Downloading lxml-6.1.0-cp312-cp312-win_amd64.whl (4.0 MB)

[2026-05-10 22:17:53.944] [info]      ---------------------------------------- 4.0/4.0 MB 79.5 MB/s eta 0:00:00

[2026-05-10 22:17:53.948] [info]   Downloading pycollada-0.9.3-py3-none-any.whl (129 kB)

[2026-05-10 22:17:53.967] [info]   Downloading rtree-1.4.1-py3-none-win_amd64.whl (389 kB)

[2026-05-10 22:17:53.987] [info]   Downloading shapely-2.1.2-cp312-cp312-win_amd64.whl (1.7 MB)

[2026-05-10 22:17:54.015] [info]   
[2026-05-10 22:17:54.016] [info]     ---------------------------------------- 1.7/1.7 MB 97.4 MB/s eta 0:00:00

[2026-05-10 22:17:54.019] [info]   Downloading svg_path-7.0-py2.py3-none-any.whl (18 kB)

[2026-05-10 22:17:54.039] [info]   Downloading vhacdx-0.0.10-cp312-cp312-win_amd64.whl (195 kB)

[2026-05-10 22:17:54.057] [info]   Downloading xxhash-3.7.0-cp312-cp312-win_amd64.whl (31 kB)

[2026-05-10 22:17:54.075] [info]   Downloading jsonschema_specifications-2025.9.1-py3-none-any.whl (18 kB)

[2026-05-10 22:17:54.092] [info]   Downloading referencing-0.37.0-py3-none-any.whl (26 kB)

[2026-05-10 22:17:54.110] [info]   Downloading rpds_py-0.30.0-cp312-cp312-win_amd64.whl (240 kB)

[2026-05-10 22:17:54.130] [info]   Downloading python_dateutil-2.9.0.post0-py2.py3-none-any.whl (229 kB)

[2026-05-10 22:17:54.164] [info]   Downloading six-1.17.0-py2.py3-none-any.whl (11 kB)

[2026-05-10 22:17:54.457] [info]   Installing collected packages: xxhash, vhacdx, trimesh, svg.path, six, shapely, rtree, rpds-py, mapbox_earcut, manifold3d, lxml, embreex, colorlog, referencing, python-dateutil, pycollada, jsonschema-specifications, jsonschema

[2026-05-10 22:17:57.194] [info]   Successfully installed colorlog-6.10.1 embreex-4.4.0 jsonschema-4.26.0 jsonschema-specifications-2025.9.1 lxml-6.1.0 manifold3d-3.4.1 mapbox_earcut-2.0.0 pycollada-0.9.3 python-dateutil-2.9.0.post0 referencing-0.37.0 rpds-py-0.30.0 rtree-1.4.1 shapely-2.1.2 six-1.17.0 svg.path-7.0 trimesh-4.12.2 vhacdx-0.0.10 xxhash-3.7.0

[2026-05-10 22:17:57.477] [error] [!] 
[2026-05-10 22:17:57.479] [error] 
[!] [notice] A new release of pip is available: 25.0.1 -> 26.1.1
[!] [notice] To update, run: python.exe -m pip install --upgrade pip

[2026-05-10 22:17:57.701] [info]  
## ComfyUI-Manager: EXECUTE => ['C:\\Users\\runneradmin\\Documents\\ComfyUI\\.venv\\Scripts\\python.exe', 'install.py']

## Execute management script for 'C:\Users\runneradmin\Documents\ComfyUI\custom_nodes\comfyui-geometrypack'

[2026-05-10 22:17:57.995] [info]   [comfy-env] Enabled Windows long path support

[2026-05-10 22:17:58.034] [error] [!] 
[2026-05-10 22:17:58.035] [error] [comfy-env] pixi not found, downloading...

[2026-05-10 22:17:59.331] [error] [!]
[2026-05-10 22:17:59.333] [info]   [comfy-env] _discover: scanning C:\Users\runneradmin\Documents\ComfyUI\custom_nodes

[2026-05-10 22:17:59.334] [error]  [comfy-env] pixi installed: C:\Users\runneradmin\.pixi\bin\pixi.exe

[2026-05-10 22:17:59.340] [info]   [comfy-env] _discover: comfyui-geometrypack -> geometrypack-nodes (custom_nodes\comfyui-geometrypack\nodes\comfy-env.toml)

[2026-05-10 22:17:59.341] [info]   [comfy-env] Workspace: C:\ce

[2026-05-10 22:17:59.342] [info]   [comfy-env] ComfyUI: C:\Users\runneradmin\Documents\ComfyUI
 [comfy-env] Found 1 node config(s):
   - geometrypack-nodes <- custom_nodes\comfyui-geometrypack\nodes\comfy-env.toml (python=host)

[2026-05-10 22:17:59.345] [info]   [comfy-env] Bootstrap interpreter has python 3.12 + torch 2.10.0 (cpu). Looking for cuda-only wheels matching cpu/torch2.10/cp312.

[2026-05-10 22:18:01.072] [info]   [comfy-env] GPU: No GPU detected

[2026-05-10 22:18:01.106] [info]   [comfy-env] No CUDA detected -- pinning comfyui torch to CPU index

[2026-05-10 22:18:01.109] [info]   [comfy-env] Desktop app detected: source=C:\Users\runneradmin\.comfy-test-cache\desktop\ComfyUI\resources\ComfyUI, data=C:\Users\runneradmin\Documents\ComfyUI

[2026-05-10 22:18:01.114] [info]   Generated C:\ce\pixi.toml

[2026-05-10 22:18:01.116] [info]   [comfy-env] Patched C:\Users\runneradmin\AppData\Roaming\uv\python\cpython-3.12.11-windows-x86_64-none\Lib\platform.py for conda-forge compat
 [comfy-env] Installing 1 environment(s):
   - geometrypack-nodes (python=host, 14 pypi deps, 1 cuda wheels)

[2026-05-10 22:18:01.117] [info]   [comfy-env] Running `pixi install -e geometrypack-nodes`...

[2026-05-10 22:19:53.064] [info]      WARN Skipped running the post-link scripts because `run-post-link-scripts` = `false`
   	- Scripts/.librsvg-pre-unlink.bat

[2026-05-10 22:19:53.066] [info]     To enable them, run:
   	pixi config set --local run-post-link-scripts insecure
   More info:
   	https://pixi.sh/latest/reference/pixi_configuration/#run-post-link-scripts

[2026-05-10 22:20:20.078] [info]     The geometrypack-nodes environment has been installed.

[2026-05-10 22:20:20.142] [info]   [comfy-env] Install log: C:\ce\install.log

[2026-05-10 22:20:20.143] [info]   
 Installation complete!

[2026-05-10 22:20:20.473] [info]  
[ComfyUI-Manager] Startup script completed.
#######################################################################


[2026-05-10 22:20:25.114] [info]  [ComfyUI-Manager] Skipped fixing the 'comfyui-frontend-package' dependency because the ComfyUI is outdated.

[2026-05-10 22:20:25.116] [info]  [ComfyUI-Manager] Restarting to reapply dependency installation.
Command: ['"C:\\Users\\runneradmin\\Documents\\ComfyUI\\.venv\\Scripts\\python.exe"', '"C:\\Users\\runneradmin\\.comfy-test-cache\\desktop\\ComfyUI\\resources\\ComfyUI\\main.py"', '--user-directory', 'C:\\Users\\runneradmin\\Documents\\ComfyUI\\user', '--input-directory', 'C:\\Users\\runneradmin\\Documents\\ComfyUI\\input', '--output-directory', 'C:\\Users\\runneradmin\\Documents\\ComfyUI\\output', '--front-end-root', 'C:\\Users\\runneradmin\\.comfy-test-cache\\desktop\\ComfyUI\\resources\\ComfyUI\\web_custom_versions\\desktop_app', '--base-directory', 'C:\\Users\\runneradmin\\Documents\\ComfyUI', '--database-url', 'sqlite:///C:/Users/runneradmin/Documents/ComfyUI/user/comfyui.db', '--extra-model-paths-config', 'C:\\Users\\runneradmin\\AppData\\Roaming\\ComfyUI\\extra_models_config.yaml', '--log-stdout', '--listen', '127.0.0.1', '--port', '8000', '--enable-manager', '--cpu']
--------------------------------------------------------------------------


[2026-05-10 22:20:25.970] [info]  setup plugin alembic.autogenerate.schemas

[2026-05-10 22:20:25.972] [info]  setup plugin alembic.autogenerate.tables
setup plugin alembic.autogenerate.types
setup plugin alembic.autogenerate.constraints
setup plugin alembic.autogenerate.defaults
setup plugin alembic.autogenerate.comments

[2026-05-10 22:20:26.497] [info]  Adding extra search path custom_nodes C:\Users\runneradmin\Documents\ComfyUI\custom_nodes
Adding extra search path download_model_base C:\Users\runneradmin\Documents\ComfyUI\models

[2026-05-10 22:20:26.498] [info]  Adding extra search path custom_nodes C:\Users\runneradmin\.comfy-test-cache\desktop\ComfyUI\resources\ComfyUI\custom_nodes
Setting output directory to: C:\Users\runneradmin\Documents\ComfyUI\output
Setting input directory to: C:\Users\runneradmin\Documents\ComfyUI\input
Setting user directory to: C:\Users\runneradmin\Documents\ComfyUI\user

[2026-05-10 22:20:28.267] [info]  [START] Security scan
[DONE] Security scan
** ComfyUI startup time: 2026-05-10 22:20:28.268

[2026-05-10 22:20:28.271] [info]  ** Platform: Windows
** Python version: 3.12.11 (main, Aug 18 2025, 19:17:54) [MSC v.1944 64 bit (AMD64)]
** Python executable: C:\Users\runneradmin\Documents\ComfyUI\.venv\Scripts\python.exe
** ComfyUI Path: C:\Users\runneradmin\.comfy-test-cache\desktop\ComfyUI\resources\ComfyUI
** ComfyUI Base Folder Path: C:\Users\runneradmin\.comfy-test-cache\desktop\ComfyUI\resources\ComfyUI

[2026-05-10 22:20:28.296] [info]  ** User directory: C:\Users\runneradmin\Documents\ComfyUI\user
[2026-05-10 22:20:28.297] [info]  
** ComfyUI-Manager config path: C:\Users\runneradmin\Documents\ComfyUI\user\__manager\config.ini
** Log path: C:\Users\runneradmin\Documents\ComfyUI\user\comfyui.log

[2026-05-10 22:20:29.333] [info]  [ComfyUI-Manager] Skipped fixing the 'comfyui-frontend-package' dependency because the ComfyUI is outdated.

[2026-05-10 22:20:29.334] [info]  [PRE] ComfyUI-Manager

[2026-05-10 22:20:29.721] [error] [comfy-env] comfyui-geometrypack: 1 isolation env(s):
[2026-05-10 22:20:29.723] [error] 
[comfy-env]   nodes -> C:\Users\runneradmin\Documents\ComfyUI\custom_nodes\comfyui-geometrypack\nodes
[comfy-env] prestartup complete

[2026-05-10 22:20:33.608] [info]  Found comfy_kitchen backend cuda: {'available': False, 'disabled': True, 'unavailable_reason': 'CUDA not available on this system', 'capabilities': []}
Found comfy_kitchen backend eager: {'available': True, 'disabled': False, 'unavailable_reason': None, 'capabilities': ['apply_rope', 'apply_rope1', 'dequantize_mxfp8', 'dequantize_nvfp4', 'dequantize_per_tensor_fp8', 'quantize_mxfp8', 'quantize_nvfp4', 'quantize_per_tensor_fp8', 'scaled_mm_mxfp8', 'scaled_mm_nvfp4']}

[2026-05-10 22:20:33.609] [info]  Found comfy_kitchen backend triton: {'available': False, 'disabled': True, 'unavailable_reason': "ImportError: No module named 'triton'", 'capabilities': []}

[2026-05-10 22:20:33.625] [info]  Checkpoint files will always be loaded safely.

[2026-05-10 22:20:33.644] [info]  Total VRAM 16379 MB, total RAM 16379 MB

[2026-05-10 22:20:33.645] [info]  pytorch version: 2.10.0+cpu
Set vram state to: DISABLED
Device: cpu

[2026-05-10 22:20:34.532] [info]  Using sub quadratic optimization for attention, if you have memory or speed issues try using: --use-split-cross-attention

[2026-05-10 22:20:39.083] [info]  Python version: 3.12.11 (main, Aug 18 2025, 19:17:54) [MSC v.1944 64 bit (AMD64)]
ComfyUI version: 0.20.1

[2026-05-10 22:20:39.085] [info]  comfy-aimdo version: 0.2.14

[2026-05-10 22:20:39.086] [info]  comfy-kitchen version: 0.2.8

[2026-05-10 22:20:39.088] [info]  [Prompt Server] web root: C:\Users\runneradmin\.comfy-test-cache\desktop\ComfyUI\resources\ComfyUI\web_custom_versions\desktop_app

[2026-05-10 22:20:39.089] [info]  Asset seeder disabled

[2026-05-10 22:20:39.090] [info]  [START] ComfyUI-Manager

[2026-05-10 22:20:39.254] [info]  [ComfyUI-Manager] Using GitPython backend

[2026-05-10 22:20:39.314] [info]  [ComfyUI-Manager] network_mode: public

[2026-05-10 22:20:39.321] [info]  [ComfyUI-Manager] The matrix sharing feature has been disabled because the `matrix-nio` dependency is not installed.
	To use this feature, please run the following command:
	C:\Users\runneradmin\Documents\ComfyUI\.venv\Scripts\python.exe -m pip install matrix-nio


[2026-05-10 22:20:41.198] [info]  loading...
calling register_nodes

[2026-05-10 22:20:41.230] [error] [comfy-env] Version: 0.3.82
[2026-05-10 22:20:41.231] [error] 

[2026-05-10 22:20:43.446] [error] [comfy-env] register_nodes: comfyui-geometrypack
[2026-05-10 22:20:43.447] [error] 

[2026-05-10 22:20:43.454] [error] [comfy-env] ComfyUI source dir: C:\Users\runneradmin\.comfy-test-cache\desktop\ComfyUI\resources\ComfyUI
[2026-05-10 22:20:43.455] [error] 

[2026-05-10 22:20:43.458] [error] [comfy-env] Scanning nodes metadata (isolation root)...
[2026-05-10 22:20:43.459] [error] 

[2026-05-10 22:20:57.812] [error] [comfy-env] Scanned nodes: 125 nodes (14.3s)
[2026-05-10 22:20:57.814] [error] 

[2026-05-10 22:20:57.815] [error] [comfy-env] Scanned nodes root: 125 nodes (14.4s)
[2026-05-10 22:20:57.816] [error] 

[2026-05-10 22:20:57.818] [error] [comfy-env] Imported nodes root: 125 nodes (isolation)
[2026-05-10 22:20:57.819] [error] 

[2026-05-10 22:20:57.820] [error] [comfy-env] Registered 125 total nodes

[2026-05-10 22:20:57.825] [info]  
Import times for custom nodes:

[2026-05-10 22:20:57.826] [info]     0.0 seconds: C:\Users\runneradmin\.comfy-test-cache\desktop\ComfyUI\resources\ComfyUI\custom_nodes\websocket_image_save.py
  16.6 seconds: C:\Users\runneradmin\Documents\ComfyUI\custom_nodes\comfyui-geometrypack


[2026-05-10 22:20:57.848] [info]  Context impl SQLiteImpl.

[2026-05-10 22:20:57.849] [info]  Will assume non-transactional DDL.

[2026-05-10 22:20:58.081] [info]  Starting server


[2026-05-10 22:20:58.082] [info]  To see the GUI go to: http://127.0.0.1:8000

[2026-05-10 22:21:04.952] [info]  [ComfyUI-Manager] The ComfyRegistry cache update is still in progress, so an outdated cache is being used.

[2026-05-10 22:21:05.067] [info]  FETCH DATA from: C:\Users\runneradmin\Documents\ComfyUI\.venv\Lib\site-packages\comfyui_manager\custom-node-list.json
[2026-05-10 22:21:05.095] [info]   [DONE]

[2026-05-10 22:21:10.216] [info]  [ComfyUI-Manager] The ComfyRegistry cache update is still in progress, so an outdated cache is being used.

[2026-05-10 22:21:10.318] [info]  FETCH DATA from: C:\Users\runneradmin\Documents\ComfyUI\.venv\Lib\site-packages\comfyui_manager\custom-node-list.json
[2026-05-10 22:21:10.354] [info]   [DONE]

[2026-05-10 22:21:31.326] [info]  got prompt

[2026-05-10 22:21:31.348] [info]  [comfyui-geometrypack] python: C:\ce\.pixi\envs\geometrypack-nodes\python.exe
[2026-05-10 22:21:31.350] [info]  
[comfyui-geometrypack] sys_path sent to worker: ['C:\\Users\\runneradmin\\.comfy-test-cache\\desktop\\ComfyUI\\resources\\ComfyUI', 'C:\\Users\\runneradmin\\Documents\\ComfyUI\\custom_nodes\\comfyui-geometrypack', 'C:\\ce\\.pixi\\envs\\geometrypack-nodes\\Lib\\site-packages', 'C:\\Users\\runneradmin\\Documents\\ComfyUI\\custom_nodes\\comfyui-geometrypack']

[2026-05-10 22:21:33.704] [error] [worker:comfyui-geometrypack] ERROR: Failed to import comfy_kitchen, Error: No module named 'comfy_kitchen', fp8 and fp4 support will not be available.

[2026-05-10 22:21:35.313] [error] [worker:comfyui-geometrypack] INFO: Found mesh in input folder: 3d/ArmoredWarrior_00005_.glb

[2026-05-10 22:21:35.317] [error] [worker:comfyui-geometrypack] INFO: Loading: C:\Users\runneradmin\Documents\ComfyUI\input\3d/ArmoredWarrior_00005_.glb

[2026-05-10 22:21:35.353] [error] [worker:comfyui-geometrypack] INFO: Converting Scene to single mesh (scene has 1 geometries)

[2026-05-10 22:21:35.611] [error] [worker:comfyui-geometrypack] INFO: Initial mesh: 18061 vertices, 19827 faces

[2026-05-10 22:21:35.650] [error] [worker:comfyui-geometrypack] INFO: Successfully loaded: 18061 vertices, 19827 faces

[2026-05-10 22:21:35.656] [error] [worker:comfyui-geometrypack] INFO: Loaded: 18061 vertices, 19827 faces

[2026-05-10 22:21:38.551] [error] [comfyui-geometrypack] Health check: ping (timeout=5.0s)...
[2026-05-10 22:21:38.553] [error] 
[comfyui-geometrypack] Health check: ok

[2026-05-10 22:21:38.760] [error] [worker:comfyui-geometrypack] INFO: Input: 18,061 vertices, 19,827 faces (mesh)

[2026-05-10 22:21:38.776] [error] [worker:comfyui-geometrypack] INFO: Bounding box diagonal: 1.4618

[2026-05-10 22:21:38.782] [error] [worker:comfyui-geometrypack] INFO: Alpha: 0.016080 (1.1% of bbox)

[2026-05-10 22:21:38.785] [error] [worker:comfyui-geometrypack] INFO: Offset: 0.000146 (0.01% of bbox)

[2026-05-10 22:21:38.916] [error] [worker:comfyui-geometrypack] INFO: Built CGAL input data in 0.1s

[2026-05-10 22:21:38.921] [error] [worker:comfyui-geometrypack] INFO: Running CGAL Alpha Wrap...

[2026-05-10 22:21:43.965] [error] [worker:comfyui-geometrypack] INFO: Alpha Wrap finished in 0.0s, RSS 0 MB (+0 MB)

[2026-05-10 22:21:44.259] [error] [worker:comfyui-geometrypack] INFO: Extracted result mesh in 0.3s

[2026-05-10 22:21:44.284] [error] [worker:comfyui-geometrypack] INFO: Result: 12,770 vertices, 25,536 faces
[2026-05-10 22:21:44.287] [error] 

[2026-05-10 22:21:44.289] [error] [worker:comfyui-geometrypack] INFO: Watertight: True

[2026-05-10 22:21:44.360] [error] [comfyui-geometrypack] Health check: ping (timeout=5.0s)...
[comfyui-geometrypack] Health check: ok

[2026-05-10 22:21:44.403] [error] [worker:comfyui-geometrypack] INFO: Remesh dispatch: pymeshlab_isotropic -> GeomPackRemesh_PyMeshLab

[2026-05-10 22:21:44.423] [error] [comfyui-geometrypack] Health check: ping (timeout=5.0s)...
[2026-05-10 22:21:44.425] [error] 
[comfyui-geometrypack] Health check: ok

[2026-05-10 22:21:44.601] [error] [worker:comfyui-geometrypack] INFO: Layout: side_by_side, Mode: fields

[2026-05-10 22:21:44.605] [error] [worker:comfyui-geometrypack] INFO: Mesh 1: Mesh - 18061 vertices, 19827 faces

[2026-05-10 22:21:44.610] [error] [worker:comfyui-geometrypack] INFO: Mesh 2: Mesh - 12770 vertices, 25536 faces

[2026-05-10 22:21:44.613] [error] [worker:comfyui-geometrypack] INFO: Mesh 1 fields: []

[2026-05-10 22:21:44.617] [error] [worker:comfyui-geometrypack] INFO: Mesh 2 fields: []

[2026-05-10 22:21:44.621] [error] [worker:comfyui-geometrypack] INFO: Common fields: []

[2026-05-10 22:21:44.624] [error] [worker:comfyui-geometrypack] INFO: Mesh 1 visual: kind=texture, texture=True, vertex_colors=False

[2026-05-10 22:21:44.628] [error] [worker:comfyui-geometrypack] INFO: Mesh 2 visual: kind=None, texture=False, vertex_colors=False
[2026-05-10 22:21:44.630] [error] 

[2026-05-10 22:21:44.646] [error] [worker:comfyui-geometrypack] INFO: Exported STL: C:\Users\runneradmin\Documents\ComfyUI\output\preview_dual_1_db4ddad0.stl

[2026-05-10 22:21:44.659] [error] [worker:comfyui-geometrypack] INFO: Exported STL: C:\Users\runneradmin\Documents\ComfyUI\output\preview_dual_2_db4ddad0.stl

[2026-05-10 22:21:44.694] [error] [worker:comfyui-geometrypack] INFO: Preview ready

[2026-05-10 22:21:44.716] [error] [comfyui-geometrypack] Health check: ping (timeout=5.0s)...
[2026-05-10 22:21:44.717] [error] 
[comfyui-geometrypack] Health check: ok

[2026-05-10 22:21:44.803] [error] [worker:comfyui-geometrypack] INFO: Backend: pymeshlab_isotropic

[2026-05-10 22:21:44.807] [error] [worker:comfyui-geometrypack] INFO: Input: 12770 vertices, 25536 faces

[2026-05-10 22:21:44.811] [error] [worker:comfyui-geometrypack] INFO: Parameters: target_edge_length=1.0, iterations=3, feature_angle=30.0, adaptive=false
[2026-05-10 22:21:44.812] [error] 

[2026-05-10 22:21:47.311] [error] [worker:comfyui-geometrypack] INFO: Output: 1967 vertices, 3930 faces

[2026-05-10 22:21:47.327] [error] [comfyui-geometrypack] Health check: ping (timeout=5.0s)...
[2026-05-10 22:21:47.329] [error] 
[comfyui-geometrypack] Health check: ok

[2026-05-10 22:21:47.495] [error] [worker:comfyui-geometrypack] INFO: Mode: fields, Meshes: 3

[2026-05-10 22:21:47.511] [error] [worker:comfyui-geometrypack] INFO: Mesh 1: Mesh - 18061 vertices, 19827 faces

[2026-05-10 22:21:47.518] [error] [worker:comfyui-geometrypack] INFO: Exporting mesh to VTP: C:\Users\runneradmin\Documents\ComfyUI\output\preview_multi_1_0b7e4050.vtp

[2026-05-10 22:21:47.578] [error] [worker:comfyui-geometrypack] INFO: Adding normals field (18061 vertices)

[2026-05-10 22:21:47.635] [error] [worker:comfyui-geometrypack] INFO: Export complete: 18061 vertices, 19827 faces

[2026-05-10 22:21:47.640] [error] [worker:comfyui-geometrypack] INFO: Exported VTP: C:\Users\runneradmin\Documents\ComfyUI\output\preview_multi_1_0b7e4050.vtp

[2026-05-10 22:21:47.653] [error] [worker:comfyui-geometrypack] INFO: Mesh 2: Mesh - 12770 vertices, 25536 faces

[2026-05-10 22:21:47.656] [error] [worker:comfyui-geometrypack] INFO: Exporting mesh to VTP: C:\Users\runneradmin\Documents\ComfyUI\output\preview_multi_2_0b7e4050.vtp

[2026-05-10 22:21:47.704] [error] [worker:comfyui-geometrypack] INFO: Adding normals field (12770 vertices)

[2026-05-10 22:21:47.757] [error] [worker:comfyui-geometrypack] INFO: Export complete: 12770 vertices, 25536 faces

[2026-05-10 22:21:47.761] [error] [worker:comfyui-geometrypack] INFO: Exported VTP: C:\Users\runneradmin\Documents\ComfyUI\output\preview_multi_2_0b7e4050.vtp

[2026-05-10 22:21:47.777] [error] [worker:comfyui-geometrypack] INFO: Mesh 3: Mesh - 1967 vertices, 3930 faces

[2026-05-10 22:21:47.782] [error] [worker:comfyui-geometrypack] INFO: Exporting mesh to VTP: C:\Users\runneradmin\Documents\ComfyUI\output\preview_multi_3_0b7e4050.vtp

[2026-05-10 22:21:47.793] [error] [worker:comfyui-geometrypack] INFO: Adding normals field (1967 vertices)

[2026-05-10 22:21:47.807] [error] [worker:comfyui-geometrypack] INFO: Export complete: 1967 vertices, 3930 faces

[2026-05-10 22:21:47.811] [error] [worker:comfyui-geometrypack] INFO: Exported VTP: C:\Users\runneradmin\Documents\ComfyUI\output\preview_multi_3_0b7e4050.vtp

[2026-05-10 22:21:47.816] [error] [worker:comfyui-geometrypack] INFO: Grid: 3x1, Preview ready

[2026-05-10 22:21:47.837] [info]  Prompt executed in 16.51 seconds

