[2026-05-18 19:06:15.203] [info]  setup plugin alembic.autogenerate.schemas

[2026-05-18 19:06:15.205] [info]  setup plugin alembic.autogenerate.tables
setup plugin alembic.autogenerate.types
setup plugin alembic.autogenerate.constraints
setup plugin alembic.autogenerate.defaults
setup plugin alembic.autogenerate.comments

[2026-05-18 19:06:15.663] [info]  Adding extra search path custom_nodes C:\Users\stduser\Documents\ComfyUI\custom_nodes
Adding extra search path download_model_base C:\Users\stduser\Documents\ComfyUI\models
Adding extra search path custom_nodes C:\Users\stduser\.comfy-test-cache\desktop\ComfyUI\resources\ComfyUI\custom_nodes

[2026-05-18 19:06:15.665] [info]  Setting output directory to: C:\Users\stduser\Documents\ComfyUI\output
Setting input directory to: C:\Users\stduser\Documents\ComfyUI\input
Setting user directory to: C:\Users\stduser\Documents\ComfyUI\user

[2026-05-18 19:06:17.165] [info]  [START] Security scan
[DONE] Security scan
** ComfyUI startup time: 2026-05-18 19:06:17.164
** Platform: 
[2026-05-18 19:06:17.166] [info]  Windows
** Python version: 3.12.11 (main, Aug 18 2025, 19:17:54) [MSC v.1944 64 bit (AMD64)]
** Python executable: C:\Users\stduser\Documents\ComfyUI\.venv\Scripts\python.exe
** ComfyUI Path: C:\Users\stduser\.comfy-test-cache\desktop\ComfyUI\resources\ComfyUI
** ComfyUI Base Folder Path: C:\Users\stduser\.comfy-test-cache\desktop\ComfyUI\resources\ComfyUI

[2026-05-18 19:06:17.168] [info]  ** User directory:
[2026-05-18 19:06:17.169] [info]   C:\Users\stduser\Documents\ComfyUI\user
** ComfyUI-Manager config path: C:\Users\stduser\Documents\ComfyUI\user\__manager\config.ini
** Log path: C:\Users\stduser\Documents\ComfyUI\user\comfyui.log

[2026-05-18 19:06:18.275] [info]  [ComfyUI-Manager] Skipped fixing the 'comfyui-frontend-package' dependency because the ComfyUI is outdated.

[2026-05-18 19:06:18.277] [info]  [PRE] ComfyUI-Manager

[2026-05-18 19:06:18.589] [error] [comfy-env] comfyui-geometrypack: 1 isolation env(s):
[2026-05-18 19:06:18.590] [error] 
[comfy-env]   nodes -> C:\Users\stduser\Documents\ComfyUI\custom_nodes\comfyui-geometrypack\nodes
[comfy-env] prestartup complete

[2026-05-18 19:06:21.447] [info]  Found comfy_kitchen backend cuda: {'available': False, 'disabled': True, 'unavailable_reason': 'CUDA not available on this system', 'capabilities': []}

[2026-05-18 19:06:21.449] [info]  Found comfy_kitchen backend eager: {'available': True, 'disabled': False, 'unavailable_reason': None, 'capabilities': ['apply_rope', 'apply_rope1', 'dequantize_mxfp8', 'dequantize_nvfp4', 'dequantize_per_tensor_fp8', 'quantize_mxfp8', 'quantize_nvfp4', 'quantize_per_tensor_fp8', 'scaled_mm_mxfp8', 'scaled_mm_nvfp4']}
Found comfy_kitchen backend triton: {'available': False, 'disabled': True, 'unavailable_reason': "ImportError: No module named 'triton'", 'capabilities': []}

[2026-05-18 19:06:21.456] [info]  Checkpoint files will always be loaded safely.

[2026-05-18 19:06:21.473] [info]  Total VRAM 16379 MB, total RAM 16379 MB

[2026-05-18 19:06:21.477] [info]  pytorch version: 2.10.0+cpu
Set vram state to: DISABLED
Device: cpu

[2026-05-18 19:06:21.788] [info]  Using sub quadratic optimization for attention, if you have memory or speed issues try using: --use-split-cross-attention

[2026-05-18 19:06:24.404] [info]  Python version: 3.12.11 (main, Aug 18 2025, 19:17:54) [MSC v.1944 64 bit (AMD64)]
ComfyUI version: 0.21.1

[2026-05-18 19:06:24.406] [info]  comfy-aimdo version: 0.3.0

[2026-05-18 19:06:24.408] [info]  comfy-kitchen version: 0.2.8

[2026-05-18 19:06:24.410] [info]  [Prompt Server] web root: C:\Users\stduser\.comfy-test-cache\desktop\ComfyUI\resources\ComfyUI\web_custom_versions\desktop_app

[2026-05-18 19:06:24.411] [info]  Asset seeder disabled

[2026-05-18 19:06:24.412] [info]  [START] ComfyUI-Manager

[2026-05-18 19:06:24.583] [info]  [ComfyUI-Manager] Using GitPython backend

[2026-05-18 19:06:24.646] [info]  [ComfyUI-Manager] network_mode: public

[2026-05-18 19:06:24.650] [info]  [ComfyUI-Manager] The matrix sharing feature has been disabled because the `matrix-nio` dependency is not installed.
	To use this feature, please run the following command:
	C:\Users\stduser\Documents\ComfyUI\.venv\Scripts\python.exe -m pip install matrix-nio


[2026-05-18 19:06:26.424] [info]  loading...

[2026-05-18 19:06:26.426] [info]  calling register_nodes

[2026-05-18 19:06:26.429] [error] [comfy-env] Version: 0.3.84
[2026-05-18 19:06:26.430] [error] 

[2026-05-18 19:06:26.799] [info]  [comfy-env] Removed stale temp dir: C:\Users\stduser\AppData\Local\Temp\comfyui_pvenv_mtexjjo4

[2026-05-18 19:06:27.089] [error] [comfy-env] register_nodes: comfyui-geometrypack
[2026-05-18 19:06:27.091] [error] 

[2026-05-18 19:06:27.102] [error] [comfy-env] ComfyUI source dir: C:\Users\stduser\.comfy-test-cache\desktop\ComfyUI\resources\ComfyUI
[2026-05-18 19:06:27.103] [error] 

[2026-05-18 19:06:27.107] [error] [comfy-env] Scanning nodes metadata (isolation root)...
[2026-05-18 19:06:27.109] [error] 

[2026-05-18 19:06:27.146] [error] [comfy-env] Cache hit for nodes: 125 nodes
[2026-05-18 19:06:27.147] [error] 
[comfy-env] Scanned nodes root: 125 nodes (0.0s)

[2026-05-18 19:06:27.150] [error] [comfy-env] Imported nodes root: 125 nodes (isolation)
[2026-05-18 19:06:27.152] [error] 
[comfy-env] Registered 125 total nodes

[2026-05-18 19:06:27.156] [info]  
Import times for custom nodes:

[2026-05-18 19:06:27.157] [info]     0.0 seconds: C:\Users\stduser\.comfy-test-cache\desktop\ComfyUI\resources\ComfyUI\custom_nodes\websocket_image_save.py
   0.7 seconds: C:\Users\stduser\Documents\ComfyUI\custom_nodes\comfyui-geometrypack


[2026-05-18 19:06:27.163] [info]  Context impl SQLiteImpl.

[2026-05-18 19:06:27.172] [info]  Will assume non-transactional DDL.

[2026-05-18 19:06:27.192] [error] Failed to initialize database. Please ensure you have installed the latest requirements. If the error persists, please report this as in future the database will be required: Could not acquire lock on database 'C:/Users/stduser/Documents/ComfyUI/user/comfyui.db'. Another ComfyUI process may already be using it. Use --database-url to specify a separate database file.

[2026-05-18 19:06:27.293] [info]  Starting server

To see the GUI go to: http://127.0.0.1:8001

[2026-05-18 19:06:29.153] [info]  [ComfyUI-Manager] The ComfyRegistry cache update is still in progress, so an outdated cache is being used.

[2026-05-18 19:06:29.325] [info]  FETCH DATA from: C:\Users\stduser\Documents\ComfyUI\.venv\Lib\site-packages\comfyui_manager\custom-node-list.json
[2026-05-18 19:06:29.359] [info]   [DONE]

[2026-05-18 19:06:33.241] [info]  [ComfyUI-Manager] The ComfyRegistry cache update is still in progress, so an outdated cache is being used.

[2026-05-18 19:06:33.350] [info]  FETCH DATA from: C:\Users\stduser\Documents\ComfyUI\.venv\Lib\site-packages\comfyui_manager\custom-node-list.json
[2026-05-18 19:06:33.372] [info]   [DONE]

[2026-05-18 19:06:54.310] [info]  got prompt

[2026-05-18 19:06:54.332] [info]  [comfyui-geometrypack] python: C:\ce\.pixi\envs\geometrypack-nodes\python.exe
[2026-05-18 19:06:54.334] [info]  

[2026-05-18 19:06:54.336] [info]  [comfyui-geometrypack] sys_path sent to worker: ['C:\\Users\\stduser\\.comfy-test-cache\\desktop\\ComfyUI\\resources\\ComfyUI', 'C:\\Users\\stduser\\Documents\\ComfyUI\\custom_nodes\\comfyui-geometrypack', 'C:\\ce\\.pixi\\envs\\geometrypack-nodes\\Lib\\site-packages', 'C:\\Users\\stduser\\Documents\\ComfyUI\\custom_nodes\\comfyui-geometrypack']

[2026-05-18 19:06:56.533] [error] [worker:comfyui-geometrypack] ERROR: Failed to import comfy_kitchen, Error: No module named 'comfy_kitchen', fp8 and fp4 support will not be available.

[2026-05-18 19:06:58.223] [error] [worker:comfyui-geometrypack] INFO: Found mesh in input folder: 3d/Stanford_Bunny.stl

[2026-05-18 19:06:58.231] [error] [worker:comfyui-geometrypack] INFO: Loading: C:\Users\stduser\Documents\ComfyUI\input\3d/Stanford_Bunny.stl

[2026-05-18 19:06:58.513] [error] [worker:comfyui-geometrypack] INFO: Initial mesh: 56203 vertices, 112402 faces

[2026-05-18 19:06:58.756] [error] [worker:comfyui-geometrypack] INFO: Successfully loaded: 56203 vertices, 112402 faces

[2026-05-18 19:06:58.760] [error] [worker:comfyui-geometrypack] INFO: Loaded: 56203 vertices, 112402 faces

[2026-05-18 19:06:59.116] [error] [comfyui-geometrypack] Health check: ping (timeout=5.0s)...
[2026-05-18 19:06:59.118] [error] 
[comfyui-geometrypack] Health check: ok

[2026-05-18 19:06:59.221] [error] [worker:comfyui-geometrypack] INFO: Input: 56203 vertices, 112402 faces

[2026-05-18 19:06:59.232] [error] [worker:comfyui-geometrypack] INFO: Operation: decimation

[2026-05-18 19:06:59.443] [error] [worker:comfyui-geometrypack] INFO: Output: 2502 vertices (-53701), 5000 faces (-107402)

[2026-05-18 19:06:59.500] [error] [comfyui-geometrypack] Health check: ping (timeout=5.0s)...
[2026-05-18 19:06:59.502] [error] 

[2026-05-18 19:06:59.508] [error] [comfyui-geometrypack] Health check: ok

[2026-05-18 19:06:59.615] [error] [worker:comfyui-geometrypack] INFO: Layout: side_by_side, Mode: fields

[2026-05-18 19:06:59.622] [error] [worker:comfyui-geometrypack] INFO: Mesh 1: Mesh - 56203 vertices, 112402 faces

[2026-05-18 19:06:59.632] [error] [worker:comfyui-geometrypack] INFO: Mesh 2: Mesh - 2502 vertices, 5000 faces

[2026-05-18 19:06:59.640] [error] [worker:comfyui-geometrypack] INFO: Mesh 1 fields: ['face.stl']

[2026-05-18 19:06:59.647] [error] [worker:comfyui-geometrypack] INFO: Mesh 2 fields: []

[2026-05-18 19:06:59.658] [error] [worker:comfyui-geometrypack] INFO: Common fields: []

[2026-05-18 19:06:59.671] [error] [worker:comfyui-geometrypack] INFO: Mesh 1 visual: kind=None, texture=False, vertex_colors=False

[2026-05-18 19:06:59.680] [error] [worker:comfyui-geometrypack] INFO: Mesh 2 visual: kind=None, texture=False, vertex_colors=False

[2026-05-18 19:06:59.688] [error] [worker:comfyui-geometrypack] INFO: Exporting mesh to VTP: C:\Users\stduser\Documents\ComfyUI\output\preview_dual_1_79bb4abd.vtp

[2026-05-18 19:06:59.981] [error] [worker:comfyui-geometrypack] INFO: Adding normals field (56203 vertices)

[2026-05-18 19:07:00.086] [error] [worker:comfyui-geometrypack] INFO: Adding face field: stl

[2026-05-18 19:07:00.305] [error] [worker:comfyui-geometrypack] INFO: Export complete: 56203 vertices, 112402 faces

[2026-05-18 19:07:00.315] [error] [worker:comfyui-geometrypack] INFO: Exported VTP with fields: C:\Users\stduser\Documents\ComfyUI\output\preview_dual_1_79bb4abd.vtp

[2026-05-18 19:07:00.331] [error] [worker:comfyui-geometrypack] INFO: Exported STL: C:\Users\stduser\Documents\ComfyUI\output\preview_dual_2_79bb4abd.stl

[2026-05-18 19:07:00.431] [error] [worker:comfyui-geometrypack] INFO: Preview ready

[2026-05-18 19:07:00.484] [info]  Prompt executed in 6.17 seconds

