[2026-05-18 19:08:16.780] [info]  setup plugin alembic.autogenerate.schemas
setup plugin alembic.autogenerate.tables

[2026-05-18 19:08:16.783] [info]  setup plugin alembic.autogenerate.types
setup plugin alembic.autogenerate.constraints
setup plugin alembic.autogenerate.defaults
setup plugin alembic.autogenerate.comments

[2026-05-18 19:08:17.218] [info]  Adding extra search path custom_nodes C:\Users\stduser\Documents\ComfyUI\custom_nodes
Adding extra search path download_model_base C:\Users\stduser\Documents\ComfyUI\models
Adding extra search path custom_nodes C:\Users\stduser\.comfy-test-cache\desktop\ComfyUI\resources\ComfyUI\custom_nodes

[2026-05-18 19:08:17.220] [info]  Setting output directory to: C:\Users\stduser\Documents\ComfyUI\output
Setting input directory to: C:\Users\stduser\Documents\ComfyUI\input
Setting user directory to: C:\Users\stduser\Documents\ComfyUI\user

[2026-05-18 19:08:18.791] [info]  [START] Security scan
[DONE] Security scan
** ComfyUI startup time: 2026-05-18 19:08:18.760
** Platform: Windows
** Python version: 3.12.11 (main, Aug 18 2025, 19:17:54) [MSC v.1944 64 bit (AMD64)]
** Python executable: C:\Users\stduser\Documents\ComfyUI\.venv\Scripts\python.exe
** ComfyUI Path: C:\Users\stduser\.comfy-test-cache\desktop\ComfyUI\resources\ComfyUI
** ComfyUI Base Folder Path: C:\Users\stduser\.comfy-test-cache\desktop\ComfyUI\resources\ComfyUI
** User directory: C:\Users\stduser\Documents\ComfyUI\user
** ComfyUI-Manager config path: C:\Users\stduser\Documents\ComfyUI\user\__manager\config.ini
** Log path: C:\Users\stduser\Documents\ComfyUI\user\comfyui.log

[2026-05-18 19:08:19.881] [info]  [ComfyUI-Manager] Skipped fixing the 'comfyui-frontend-package' dependency because the ComfyUI is outdated.

[2026-05-18 19:08:19.883] [info]  [PRE] ComfyUI-Manager

[2026-05-18 19:08:20.231] [error] [comfy-env] comfyui-geometrypack: 1 isolation env(s):
[comfy-env]   nodes -> C:\Users\stduser\Documents\ComfyUI\custom_nodes\comfyui-geometrypack\nodes
[comfy-env] prestartup complete

[2026-05-18 19:08:23.059] [info]  Found comfy_kitchen backend triton: {'available': False, 'disabled': True, 'unavailable_reason': "ImportError: No module named 'triton'", 'capabilities': []}
Found comfy_kitchen backend eager: {'available': True, 'disabled': False, 'unavailable_reason': None, 'capabilities': ['apply_rope', 'apply_rope1', 'dequantize_mxfp8', 'dequantize_nvfp4', 'dequantize_per_tensor_fp8', 'quantize_mxfp8', 'quantize_nvfp4', 'quantize_per_tensor_fp8', 'scaled_mm_mxfp8', 'scaled_mm_nvfp4']}

[2026-05-18 19:08:23.061] [info]  Found comfy_kitchen backend cuda: {'available': False, 'disabled': True, 'unavailable_reason': 'CUDA not available on this system', 'capabilities': []}

[2026-05-18 19:08:23.069] [info]  Checkpoint files will always be loaded safely.

[2026-05-18 19:08:23.084] [info]  Total VRAM 16379 MB, total RAM 16379 MB

[2026-05-18 19:08:23.086] [info]  pytorch version: 2.10.0+cpu
Set vram state to: DISABLED
Device: cpu

[2026-05-18 19:08:23.372] [info]  Using sub quadratic optimization for attention, if you have memory or speed issues try using: --use-split-cross-attention

[2026-05-18 19:08:25.928] [info]  Python version: 3.12.11 (main, Aug 18 2025, 19:17:54) [MSC v.1944 64 bit (AMD64)]
ComfyUI version: 0.21.1

[2026-05-18 19:08:25.930] [info]  comfy-aimdo version: 0.3.0
comfy-kitchen version: 0.2.8

[2026-05-18 19:08:25.932] [info]  [Prompt Server] web root: C:\Users\stduser\.comfy-test-cache\desktop\ComfyUI\resources\ComfyUI\web_custom_versions\desktop_app

[2026-05-18 19:08:25.934] [info]  Asset seeder disabled

[2026-05-18 19:08:25.935] [info]  [START] ComfyUI-Manager

[2026-05-18 19:08:26.105] [info]  [ComfyUI-Manager] Using GitPython backend

[2026-05-18 19:08:26.169] [info]  [ComfyUI-Manager] network_mode: public

[2026-05-18 19:08:26.174] [info]  [ComfyUI-Manager] The matrix sharing feature has been disabled because the `matrix-nio` dependency is not installed.
	To use this feature, please run the following command:
	C:\Users\stduser\Documents\ComfyUI\.venv\Scripts\python.exe -m pip install matrix-nio


[2026-05-18 19:08:27.991] [info]  loading...

[2026-05-18 19:08:27.993] [info]  calling register_nodes

[2026-05-18 19:08:27.996] [error] [comfy-env] Version: 0.3.84
[2026-05-18 19:08:27.997] [error] 

[2026-05-18 19:08:28.360] [info]  [comfy-env] Removed stale temp dir: C:\Users\stduser\AppData\Local\Temp\comfyui_pvenv_nhqjch83

[2026-05-18 19:08:28.648] [error] [comfy-env] register_nodes: comfyui-geometrypack
[2026-05-18 19:08:28.650] [error] 

[2026-05-18 19:08:28.660] [error] [comfy-env] ComfyUI source dir: C:\Users\stduser\.comfy-test-cache\desktop\ComfyUI\resources\ComfyUI
[2026-05-18 19:08:28.662] [error] 

[2026-05-18 19:08:28.664] [error] [comfy-env] Scanning nodes metadata (isolation root)...
[2026-05-18 19:08:28.665] [error] 

[2026-05-18 19:08:28.700] [error] [comfy-env] Cache hit for nodes: 125 nodes
[2026-05-18 19:08:28.702] [error] 
[comfy-env] Scanned nodes root: 125 nodes (0.0s)

[2026-05-18 19:08:28.705] [error] [comfy-env] Imported nodes root: 125 nodes (isolation)
[2026-05-18 19:08:28.707] [error] 
[comfy-env] Registered 125 total nodes
[2026-05-18 19:08:28.708] [error] 

[2026-05-18 19:08:28.729] [info]  
Import times for custom nodes:

[2026-05-18 19:08:28.730] [info]     0.0 seconds: C:\Users\stduser\.comfy-test-cache\desktop\ComfyUI\resources\ComfyUI\custom_nodes\websocket_image_save.py
   0.7 seconds: C:\Users\stduser\Documents\ComfyUI\custom_nodes\comfyui-geometrypack


[2026-05-18 19:08:28.746] [info]  Context impl SQLiteImpl.

[2026-05-18 19:08:28.750] [info]  Will assume non-transactional DDL.

[2026-05-18 19:08:28.761] [error] Failed to initialize database. Please ensure you have installed the latest requirements. If the error persists, please report this as in future the database will be required: Could not acquire lock on database 'C:/Users/stduser/Documents/ComfyUI/user/comfyui.db'. Another ComfyUI process may already be using it. Use --database-url to specify a separate database file.

[2026-05-18 19:08:28.866] [info]  Starting server


[2026-05-18 19:08:28.867] [info]  To see the GUI go to: http://127.0.0.1:8001

[2026-05-18 19:08:31.309] [info]  [ComfyUI-Manager] The ComfyRegistry cache update is still in progress, so an outdated cache is being used.

[2026-05-18 19:08:31.458] [info]  FETCH DATA from: C:\Users\stduser\Documents\ComfyUI\.venv\Lib\site-packages\comfyui_manager\custom-node-list.json
[2026-05-18 19:08:31.494] [info]   [DONE]

[2026-05-18 19:08:34.940] [info]  [ComfyUI-Manager] The ComfyRegistry cache update is still in progress, so an outdated cache is being used.

[2026-05-18 19:08:35.103] [info]  FETCH DATA from: C:\Users\stduser\Documents\ComfyUI\.venv\Lib\site-packages\comfyui_manager\custom-node-list.json
[2026-05-18 19:08:35.145] [info]   [DONE]

[2026-05-18 19:08:55.240] [info]  got prompt

[2026-05-18 19:08:55.261] [info]  [comfyui-geometrypack] python: C:\ce\.pixi\envs\geometrypack-nodes\python.exe
[2026-05-18 19:08:55.263] [info]  
[comfyui-geometrypack] sys_path sent to worker: ['C:\\Users\\stduser\\.comfy-test-cache\\desktop\\ComfyUI\\resources\\ComfyUI', 'C:\\Users\\stduser\\Documents\\ComfyUI\\custom_nodes\\comfyui-geometrypack', 'C:\\ce\\.pixi\\envs\\geometrypack-nodes\\Lib\\site-packages', 'C:\\Users\\stduser\\Documents\\ComfyUI\\custom_nodes\\comfyui-geometrypack']

[2026-05-18 19:08:57.650] [error] [worker:comfyui-geometrypack] ERROR: Failed to import comfy_kitchen, Error: No module named 'comfy_kitchen', fp8 and fp4 support will not be available.

[2026-05-18 19:08:59.326] [error] [worker:comfyui-geometrypack] INFO: Found mesh in input folder: 3d/Stanford_Bunny.stl

[2026-05-18 19:08:59.337] [error] [worker:comfyui-geometrypack] INFO: Loading: C:\Users\stduser\Documents\ComfyUI\input\3d/Stanford_Bunny.stl

[2026-05-18 19:08:59.555] [error] [worker:comfyui-geometrypack] INFO: Initial mesh: 56203 vertices, 112402 faces

[2026-05-18 19:08:59.638] [error] [worker:comfyui-geometrypack] INFO: Successfully loaded: 56203 vertices, 112402 faces

[2026-05-18 19:08:59.648] [error] [worker:comfyui-geometrypack] INFO: Loaded: 56203 vertices, 112402 faces

[2026-05-18 19:09:00.287] [error] [comfyui-geometrypack] Health check: ping (timeout=5.0s)...
[2026-05-18 19:09:00.290] [error] 
[comfyui-geometrypack] Health check: ok

[2026-05-18 19:09:00.440] [error] [worker:comfyui-geometrypack] INFO: Remesh dispatch: quadwild -> GeomPackRemesh_QuadWild

[2026-05-18 19:09:00.492] [error] [comfyui-geometrypack] Health check: ping (timeout=5.0s)...
[2026-05-18 19:09:00.493] [error] 
[comfyui-geometrypack] Health check: ok

[2026-05-18 19:09:00.585] [error] [worker:comfyui-geometrypack] INFO: Backend: quadwild

[2026-05-18 19:09:00.596] [error] [worker:comfyui-geometrypack] INFO: Input: 56203 vertices, 112402 faces

[2026-05-18 19:09:00.603] [error] [worker:comfyui-geometrypack] INFO: Parameters: sharp_angle=35.0, alpha=0.02, scale=1.0, remesh=true, smooth=true

[2026-05-18 19:09:31.446] [error] Initital dimension: 
[2026-05-18 19:09:31.448] [error] 33306 x 
[2026-05-18 19:09:31.449] [error] 33306, number of constraints: 0, number of integer variables: 20058, use reordering: yes

[2026-05-18 19:09:31.450] [error] COMISO::ConstrainedSolver::make_constraints_independent took 0.0010958000000000001 s.
Constraint integration took 0.0001471 s.

[2026-05-18 19:09:31.456] [error] Constraint elimination took 
[2026-05-18 19:09:31.458] [error] 0.0068101999999999998 s.
Reindexing took 0.00024459999999999998 s.
COMISO::ConstrainedSolver::eliminate_constraints took 0.007476 s.
Eliminated dimension: 33306 x 33306
#nonzeros: 152166
integer variables #: 20058
continuous variables #: 13248
initial full solution

[2026-05-18 19:09:31.480] [error] COMISO::EigenLDLTSolver::calc_system_eigen took 0.0227808 s.

[2026-05-18 19:09:32.249] [error] final full solution

[2026-05-18 19:09:32.256] [error] COMISO::EigenLDLTSolver::update_system_eigen took 
[2026-05-18 19:09:32.258] [error] 0.0073038 s.
 *** Statistics of MiSo Solver ***
Number of LOCAL iterations  = 3043
Number of CG    iterations  = 0
Number of FULL  iterations  = 2
Number of ROUNDING          = 20058
COMISO::MISolver::solve_multiple_rounding took 0.80072509999999997 s.
COMISO::MISolver::solve took 
[2026-05-18 19:09:32.260] [error] 0.80099830000000005 s.
COMISO::ConstrainedSolver::restore_eliminated_vars took 0.00019090000000000001 s.
COMISO::ConstrainedSolver::solve took 0.8129113 s.

[2026-05-18 19:09:35.397] [error] performed 202 adjustments for even rhs

[2026-05-18 19:09:35.447] [error] performed 184 adjustments for even rhs

[2026-05-18 19:09:39.403] [error] [worker:comfyui-geometrypack] INFO: Output: 6906 vertices, 13804 faces

[2026-05-18 19:09:39.443] [error] [comfyui-geometrypack] Health check: ping (timeout=5.0s)...
[2026-05-18 19:09:39.444] [error] 

[2026-05-18 19:09:39.449] [error] [comfyui-geometrypack] Health check: ok
[2026-05-18 19:09:39.450] [error] 

[2026-05-18 19:09:39.657] [error] [worker:comfyui-geometrypack] INFO: Layout: side_by_side, Mode: fields

[2026-05-18 19:09:39.665] [error] [worker:comfyui-geometrypack] INFO: Mesh 1: Mesh - 56203 vertices, 112402 faces

[2026-05-18 19:09:39.674] [error] [worker:comfyui-geometrypack] INFO: Mesh 2: Mesh - 6906 vertices, 13804 faces

[2026-05-18 19:09:39.691] [error] [worker:comfyui-geometrypack] INFO: Mesh 1 fields: ['face.stl']

[2026-05-18 19:09:39.712] [error] [worker:comfyui-geometrypack] INFO: Mesh 2 fields: []

[2026-05-18 19:09:39.722] [error] [worker:comfyui-geometrypack] INFO: Common fields: []

[2026-05-18 19:09:39.729] [error] [worker:comfyui-geometrypack] INFO: Mesh 1 visual: kind=None, texture=False, vertex_colors=False

[2026-05-18 19:09:39.736] [error] [worker:comfyui-geometrypack] INFO: Mesh 2 visual: kind=None, texture=False, vertex_colors=False

[2026-05-18 19:09:39.749] [error] [worker:comfyui-geometrypack] INFO: Exporting mesh to VTP: C:\Users\stduser\Documents\ComfyUI\output\preview_dual_1_a3b8199f.vtp

[2026-05-18 19:09:40.036] [error] [worker:comfyui-geometrypack] INFO: Adding normals field (56203 vertices)

[2026-05-18 19:09:40.132] [error] [worker:comfyui-geometrypack] INFO: Adding face field: stl

[2026-05-18 19:09:40.332] [error] [worker:comfyui-geometrypack] INFO: Export complete: 56203 vertices, 112402 faces

[2026-05-18 19:09:40.342] [error] [worker:comfyui-geometrypack] INFO: Exported VTP with fields: C:\Users\stduser\Documents\ComfyUI\output\preview_dual_1_a3b8199f.vtp

[2026-05-18 19:09:40.355] [error] [worker:comfyui-geometrypack] INFO: Exported STL: C:\Users\stduser\Documents\ComfyUI\output\preview_dual_2_a3b8199f.stl

[2026-05-18 19:09:40.444] [error] [worker:comfyui-geometrypack] INFO: Preview ready

[2026-05-18 19:09:40.481] [info]  Prompt executed in 45.24 seconds

