[2026-05-10 22:27:33.348] [info]  setup plugin alembic.autogenerate.schemas

[2026-05-10 22:27:33.350] [info]  setup plugin alembic.autogenerate.tables
setup plugin alembic.autogenerate.types
setup plugin alembic.autogenerate.constraints
setup plugin alembic.autogenerate.defaults
setup plugin alembic.autogenerate.comments

[2026-05-10 22:27:33.782] [info]  Adding extra search path custom_nodes C:\Users\runneradmin\Documents\ComfyUI\custom_nodes
Adding extra search path download_model_base C:\Users\runneradmin\Documents\ComfyUI\models

[2026-05-10 22:27:33.784] [info]  Adding extra search path custom_nodes C:\Users\runneradmin\.comfy-test-cache\desktop\ComfyUI\resources\ComfyUI\custom_nodes
Setting output directory to: C:\Users\runneradmin\Documents\ComfyUI\output
Setting input directory to: C:\Users\runneradmin\Documents\ComfyUI\input
Setting user directory to: C:\Users\runneradmin\Documents\ComfyUI\user

[2026-05-10 22:27:35.287] [info]  [START] Security scan
[DONE] Security scan
** ComfyUI startup time: 2026-05-10 22:27:35.272
** Platform: Windows
** Python version: 3.12.11 (main, Aug 18 2025, 19:17:54) [MSC v.1944 64 bit (AMD64)]
** Python executable: C:\Users\runneradmin\Documents\ComfyUI\.venv\Scripts\python.exe
** ComfyUI Path: C:\Users\runneradmin\.comfy-test-cache\desktop\ComfyUI\resources\ComfyUI
** ComfyUI Base Folder Path: C:\Users\runneradmin\.comfy-test-cache\desktop\ComfyUI\resources\ComfyUI
** User directory: C:\Users\runneradmin\Documents\ComfyUI\user
** ComfyUI-Manager config path: C:\Users\runneradmin\Documents\ComfyUI\user\__manager\config.ini
** Log path: C:\Users\runneradmin\Documents\ComfyUI\user\comfyui.log

[2026-05-10 22:27:36.397] [info]  [ComfyUI-Manager] Skipped fixing the 'comfyui-frontend-package' dependency because the ComfyUI is outdated.
[PRE] ComfyUI-Manager

[2026-05-10 22:27:36.686] [error] [comfy-env] comfyui-geometrypack: 1 isolation env(s):
[2026-05-10 22:27:36.688] [error] 
[comfy-env]   nodes -> C:\Users\runneradmin\Documents\ComfyUI\custom_nodes\comfyui-geometrypack\nodes
[comfy-env] prestartup complete

[2026-05-10 22:27:39.438] [info]  Found comfy_kitchen backend cuda: {'available': False, 'disabled': True, 'unavailable_reason': 'CUDA not available on this system', 'capabilities': []}

[2026-05-10 22:27:39.440] [info]  Found comfy_kitchen backend eager: {'available': True, 'disabled': False, 'unavailable_reason': None, 'capabilities': ['apply_rope', 'apply_rope1', 'dequantize_mxfp8', 'dequantize_nvfp4', 'dequantize_per_tensor_fp8', 'quantize_mxfp8', 'quantize_nvfp4', 'quantize_per_tensor_fp8', 'scaled_mm_mxfp8', 'scaled_mm_nvfp4']}
Found comfy_kitchen backend triton: {'available': False, 'disabled': True, 'unavailable_reason': "ImportError: No module named 'triton'", 'capabilities': []}

[2026-05-10 22:27:39.446] [info]  Checkpoint files will always be loaded safely.

[2026-05-10 22:27:39.460] [info]  Total VRAM 16379 MB, total RAM 16379 MB

[2026-05-10 22:27:39.462] [info]  pytorch version: 2.10.0+cpu

[2026-05-10 22:27:39.463] [info]  Set vram state to: DISABLED
Device: cpu

[2026-05-10 22:27:39.782] [info]  Using sub quadratic optimization for attention, if you have memory or speed issues try using: --use-split-cross-attention

[2026-05-10 22:27:42.337] [info]  Python version: 3.12.11 (main, Aug 18 2025, 19:17:54) [MSC v.1944 64 bit (AMD64)]

[2026-05-10 22:27:42.339] [info]  ComfyUI version: 0.20.1
comfy-aimdo version: 0.2.14

[2026-05-10 22:27:42.340] [info]  comfy-kitchen version: 0.2.8

[2026-05-10 22:27:42.342] [info]  [Prompt Server] web root: C:\Users\runneradmin\.comfy-test-cache\desktop\ComfyUI\resources\ComfyUI\web_custom_versions\desktop_app

[2026-05-10 22:27:42.345] [info]  Asset seeder disabled

[2026-05-10 22:27:42.346] [info]  [START] ComfyUI-Manager

[2026-05-10 22:27:42.476] [info]  [ComfyUI-Manager] Using GitPython backend

[2026-05-10 22:27:42.538] [info]  [ComfyUI-Manager] network_mode: public

[2026-05-10 22:27:42.543] [info]  [ComfyUI-Manager] The matrix sharing feature has been disabled because the `matrix-nio` dependency is not installed.
	To use this feature, please run the following command:
	C:\Users\runneradmin\Documents\ComfyUI\.venv\Scripts\python.exe -m pip install matrix-nio


[2026-05-10 22:27:44.211] [info]  loading...

[2026-05-10 22:27:44.213] [info]  calling register_nodes

[2026-05-10 22:27:44.216] [error] [comfy-env] Version: 0.3.82
[2026-05-10 22:27:44.217] [error] 

[2026-05-10 22:27:46.638] [info]  [comfy-env] Removed stale temp dir: C:\Users\RUNNER~1\AppData\Local\Temp\comfyui_pvenv_lpx4nrgk

[2026-05-10 22:27:46.925] [error] [comfy-env] register_nodes: comfyui-geometrypack
[2026-05-10 22:27:46.927] [error] 

[2026-05-10 22:27:46.939] [error] [comfy-env] ComfyUI source dir: C:\Users\runneradmin\.comfy-test-cache\desktop\ComfyUI\resources\ComfyUI
[2026-05-10 22:27:46.940] [error] 

[2026-05-10 22:27:46.943] [error] [comfy-env] Scanning nodes metadata (isolation root)...
[2026-05-10 22:27:46.945] [error] 

[2026-05-10 22:27:46.990] [error] [comfy-env] Cache hit for nodes: 125 nodes
[2026-05-10 22:27:46.992] [error] 
[comfy-env] Scanned nodes root: 125 nodes (0.0s)

[2026-05-10 22:27:46.996] [error] [comfy-env] Imported nodes root: 125 nodes (isolation)
[2026-05-10 22:27:46.997] [error] 
[comfy-env] Registered 125 total nodes
[2026-05-10 22:27:46.999] [error] 

[2026-05-10 22:27:47.003] [info]  
Import times for custom nodes:
   0.0 seconds: C:\Users\runneradmin\.comfy-test-cache\desktop\ComfyUI\resources\ComfyUI\custom_nodes\websocket_image_save.py

[2026-05-10 22:27:47.004] [info]     2.8 seconds: C:\Users\runneradmin\Documents\ComfyUI\custom_nodes\comfyui-geometrypack


[2026-05-10 22:27:47.009] [info]  Context impl SQLiteImpl.

[2026-05-10 22:27:47.011] [info]  Will assume non-transactional DDL.

[2026-05-10 22:27:47.017] [error] Failed to initialize database. Please ensure you have installed the latest requirements. If the error persists, please report this as in future the database will be required: Could not acquire lock on database 'C:/Users/runneradmin/Documents/ComfyUI/user/comfyui.db'. Another ComfyUI process may already be using it. Use --database-url to specify a separate database file.

[2026-05-10 22:27:47.097] [info]  Starting server


[2026-05-10 22:27:47.099] [info]  To see the GUI go to: http://127.0.0.1:8001

[2026-05-10 22:27:49.870] [info]  [ComfyUI-Manager] The ComfyRegistry cache update is still in progress, so an outdated cache is being used.

[2026-05-10 22:27:50.027] [info]  FETCH DATA from: C:\Users\runneradmin\Documents\ComfyUI\.venv\Lib\site-packages\comfyui_manager\custom-node-list.json
[2026-05-10 22:27:50.078] [info]   [DONE]
[2026-05-10 22:27:50.080] [info]  

[2026-05-10 22:27:53.074] [info]  [ComfyUI-Manager] The ComfyRegistry cache update is still in progress, so an outdated cache is being used.

[2026-05-10 22:27:53.230] [info]  FETCH DATA from: C:\Users\runneradmin\Documents\ComfyUI\.venv\Lib\site-packages\comfyui_manager\custom-node-list.json
[2026-05-10 22:27:53.281] [info]   [DONE]

[2026-05-10 22:28:13.422] [info]  got prompt

[2026-05-10 22:28:13.423] [error] Failed to validate prompt for output 4:

[2026-05-10 22:28:13.425] [info]  invalid prompt: {'type': 'prompt_outputs_failed_validation', 'message': 'Prompt outputs failed validation', 'details': '', 'extra_info': {}}

[2026-05-10 22:28:13.425] [error] * LoadImage 1:
  - Custom validation failed for node: image - Invalid image file: example.png
Output will be ignored
Failed to validate prompt for output 7:
Output will be ignored

[2026-05-10 22:29:15.162] [info]  FETCH ComfyRegistry Data [DONE]

[2026-05-10 22:29:15.495] [info]  [ComfyUI-Manager] default cache updated: https://api.comfy.org/nodes

[2026-05-10 22:29:15.551] [info]  FETCH DATA from: C:\Users\runneradmin\Documents\ComfyUI\user\__manager\cache\1514988643_custom-node-list.json
[2026-05-10 22:29:15.569] [info]   [DONE]

[2026-05-10 22:29:15.651] [info]  [ComfyUI-Manager] All startup tasks have been completed.

