[2026-05-09 16:48:53.851] [info]  setup plugin alembic.autogenerate.schemas

[2026-05-09 16:48:53.853] [info]  setup plugin alembic.autogenerate.tables
setup plugin alembic.autogenerate.types
setup plugin alembic.autogenerate.constraints
setup plugin alembic.autogenerate.defaults
setup plugin alembic.autogenerate.comments

[2026-05-09 16:48:54.290] [info]  Adding extra search path custom_nodes C:\Users\runneradmin\Documents\ComfyUI\custom_nodes
Adding extra search path download_model_base C:\Users\runneradmin\Documents\ComfyUI\models

[2026-05-09 16:48:54.292] [info]  Adding extra search path custom_nodes C:\Users\runneradmin\AppData\Local\Programs\ComfyUI\resources\ComfyUI\custom_nodes
Setting output directory to: C:\Users\runneradmin\Documents\ComfyUI\output
Setting input directory to: C:\Users\runneradmin\Documents\ComfyUI\input
Setting user directory to: C:\Users\runneradmin\Documents\ComfyUI\user

[2026-05-09 16:48:55.835] [info]  [START] Security scan
[DONE] Security scan
** ComfyUI startup time:
[2026-05-09 16:48:55.837] [info]   2026-05-09 16:48:55.836
** Platform: Windows
** Python version: 3.12.11 (main, Aug 18 2025, 19:17:54) [MSC v.1944 64 bit (AMD64)]
** Python executable: C:\Users\runneradmin\Documents\ComfyUI\.venv\Scripts\python.exe
** ComfyUI Path: C:\Users\runneradmin\AppData\Local\Programs\ComfyUI\resources\ComfyUI
** ComfyUI Base Folder Path: C:\Users\runneradmin\AppData\Local\Programs\ComfyUI\resources\ComfyUI

[2026-05-09 16:48:55.838] [info]  ** User directory: 
[2026-05-09 16:48:55.840] [info]  C:\Users\runneradmin\Documents\ComfyUI\user
** ComfyUI-Manager config path: C:\Users\runneradmin\Documents\ComfyUI\user\__manager\config.ini
** Log path: C:\Users\runneradmin\Documents\ComfyUI\user\comfyui.log

[2026-05-09 16:48:57.022] [info]  [ComfyUI-Manager] Skipped fixing the 'comfyui-frontend-package' dependency because the ComfyUI is outdated.

[2026-05-09 16:48:57.023] [info]  [PRE] ComfyUI-Manager

[2026-05-09 16:48:57.374] [error] [comfy-env] comfyui-geometrypack: 1 isolation env(s):
[2026-05-09 16:48:57.376] [error] 
[comfy-env]   nodes -> C:\Users\runneradmin\Documents\ComfyUI\custom_nodes\comfyui-geometrypack\nodes
[comfy-env] prestartup complete
[2026-05-09 16:48:57.377] [error] 

[2026-05-09 16:49:00.128] [info]  Found comfy_kitchen backend eager: {'available': True, 'disabled': False, 'unavailable_reason': None, 'capabilities': ['apply_rope', 'apply_rope1', 'dequantize_mxfp8', 'dequantize_nvfp4', 'dequantize_per_tensor_fp8', 'quantize_mxfp8', 'quantize_nvfp4', 'quantize_per_tensor_fp8', 'scaled_mm_mxfp8', 'scaled_mm_nvfp4']}

[2026-05-09 16:49:00.130] [info]  Found comfy_kitchen backend triton: {'available': False, 'disabled': True, 'unavailable_reason': "ImportError: No module named 'triton'", 'capabilities': []}
Found comfy_kitchen backend cuda: {'available': False, 'disabled': True, 'unavailable_reason': 'CUDA not available on this system', 'capabilities': []}

[2026-05-09 16:49:00.136] [info]  Checkpoint files will always be loaded safely.

[2026-05-09 16:49:00.153] [info]  Total VRAM 16379 MB, total RAM 16379 MB

[2026-05-09 16:49:00.154] [info]  pytorch version: 2.10.0+cpu
Set vram state to: DISABLED
Device: cpu

[2026-05-09 16:49:00.450] [info]  Using sub quadratic optimization for attention, if you have memory or speed issues try using: --use-split-cross-attention

[2026-05-09 16:49:03.253] [info]  Python version: 3.12.11 (main, Aug 18 2025, 19:17:54) [MSC v.1944 64 bit (AMD64)]

[2026-05-09 16:49:03.254] [info]  ComfyUI version: 0.20.1
comfy-aimdo version: 0.2.14

[2026-05-09 16:49:03.255] [info]  comfy-kitchen version: 0.2.8

[2026-05-09 16:49:03.258] [info]  [Prompt Server] web root: C:\Users\runneradmin\AppData\Local\Programs\ComfyUI\resources\ComfyUI\web_custom_versions\desktop_app

[2026-05-09 16:49:03.259] [info]  Asset seeder disabled

[2026-05-09 16:49:03.261] [info]  [START] ComfyUI-Manager

[2026-05-09 16:49:03.384] [info]  [ComfyUI-Manager] Using GitPython backend

[2026-05-09 16:49:03.483] [info]  [ComfyUI-Manager] network_mode: public
[ComfyUI-Manager] The matrix sharing feature has been disabled because the `matrix-nio` dependency is not installed.
	To use this feature, please run the following command:
	C:\Users\runneradmin\Documents\ComfyUI\.venv\Scripts\python.exe -m pip install matrix-nio


[2026-05-09 16:49:05.193] [info]  loading...

[2026-05-09 16:49:05.194] [info]  calling register_nodes

[2026-05-09 16:49:05.198] [error] [comfy-env] Version: 0.3.78
[2026-05-09 16:49:05.199] [error] 

[2026-05-09 16:49:07.573] [info]  [comfy-env] Removed stale temp dir: C:\Users\RUNNER~1\AppData\Local\Temp\comfyui_pvenv_0aq9n86w

[2026-05-09 16:49:08.980] [error] [comfy-env] register_nodes: comfyui-geometrypack
[2026-05-09 16:49:08.981] [error] 

[2026-05-09 16:49:09.002] [error] [comfy-env] ComfyUI source dir: C:\Users\runneradmin\AppData\Local\Programs\ComfyUI\resources\ComfyUI
[2026-05-09 16:49:09.012] [error] 

[2026-05-09 16:49:09.021] [error] [comfy-env] Scanning nodes metadata (isolation root)...
[2026-05-09 16:49:09.022] [error] 

[2026-05-09 16:49:09.072] [error] [comfy-env] Cache hit for nodes: 125 nodes
[2026-05-09 16:49:09.073] [error] 
[comfy-env] Scanned nodes root: 125 nodes (0.1s)

[2026-05-09 16:49:09.078] [error] [comfy-env] Imported nodes root: 125 nodes (isolation)
[2026-05-09 16:49:09.079] [error] 

[2026-05-09 16:49:09.080] [error] [comfy-env] Registered 125 total nodes

[2026-05-09 16:49:09.086] [info]  
Import times for custom nodes:

[2026-05-09 16:49:09.087] [info]     0.0 seconds: C:\Users\runneradmin\AppData\Local\Programs\ComfyUI\resources\ComfyUI\custom_nodes\websocket_image_save.py
   3.9 seconds: C:\Users\runneradmin\Documents\ComfyUI\custom_nodes\comfyui-geometrypack


[2026-05-09 16:49:09.093] [info]  Context impl SQLiteImpl.

[2026-05-09 16:49:09.094] [info]  Will assume non-transactional DDL.

[2026-05-09 16:49:09.148] [error] Failed to initialize database. Please ensure you have installed the latest requirements. If the error persists, please report this as in future the database will be required: Could not acquire lock on database 'C:/Users/runneradmin/Documents/ComfyUI/user/comfyui.db'. Another ComfyUI process may already be using it. Use --database-url to specify a separate database file.

[2026-05-09 16:49:09.213] [info]  Starting server


[2026-05-09 16:49:09.215] [info]  To see the GUI go to: http://127.0.0.1:8001

[2026-05-09 16:49:11.351] [info]  [ComfyUI-Manager] The ComfyRegistry cache update is still in progress, so an outdated cache is being used.

[2026-05-09 16:49:11.499] [info]  FETCH DATA from: C:\Users\runneradmin\Documents\ComfyUI\.venv\Lib\site-packages\comfyui_manager\custom-node-list.json
[2026-05-09 16:49:11.532] [info]   [DONE]

[2026-05-09 16:49:13.751] [error] Exception in callback _ProactorBasePipeTransport._call_connection_lost(None)
handle: <Handle _ProactorBasePipeTransport._call_connection_lost(None)>
Traceback (most recent call last):
  File "C:\Users\runneradmin\AppData\Roaming\uv\python\cpython-3.12.11-windows-x86_64-none\Lib\asyncio\events.py", line 88, in _run
    self._context.run(self._callback, *self._args)
  File "C:\Users\runneradmin\AppData\Roaming\uv\python\cpython-3.12.11-windows-x86_64-none\Lib\asyncio\proactor_events.py", line 165, in _call_connection_lost
    self._sock.shutdown(socket.SHUT_RDWR)
ConnectionResetError: [WinError 10054] An existing connection was forcibly closed by the remote host

[2026-05-09 16:49:15.019] [info]  [ComfyUI-Manager] The ComfyRegistry cache update is still in progress, so an outdated cache is being used.

[2026-05-09 16:49:15.177] [info]  FETCH DATA from: C:\Users\runneradmin\Documents\ComfyUI\.venv\Lib\site-packages\comfyui_manager\custom-node-list.json
[2026-05-09 16:49:15.220] [info]   [DONE]
[2026-05-09 16:49:15.222] [info]  

[2026-05-09 16:49:35.005] [info]  got prompt

[2026-05-09 16:49:35.027] [info]  [comfyui-geometrypack] python: C:\Users\runneradmin\Documents\ComfyUI\.ce\.pixi\envs\geometrypack-nodes\python.exe
[2026-05-09 16:49:35.028] [info]  
[comfyui-geometrypack] sys_path sent to worker: ['C:\\Users\\runneradmin\\AppData\\Local\\Programs\\ComfyUI\\resources\\ComfyUI', 'C:\\Users\\runneradmin\\Documents\\ComfyUI\\custom_nodes\\comfyui-geometrypack', 'C:\\Users\\runneradmin\\Documents\\ComfyUI\\.ce\\.pixi\\envs\\geometrypack-nodes\\Lib\\site-packages', 'C:\\Users\\runneradmin\\Documents\\ComfyUI\\custom_nodes\\comfyui-geometrypack']

[2026-05-09 16:49:40.450] [error] [worker:comfyui-geometrypack] INFO: Found mesh in input folder: 3d/Stanford_Bunny.stl

[2026-05-09 16:49:40.453] [error] [worker:comfyui-geometrypack] INFO: Loading: C:\Users\runneradmin\Documents\ComfyUI\input\3d/Stanford_Bunny.stl

[2026-05-09 16:49:40.699] [error] [worker:comfyui-geometrypack] INFO: Initial mesh: 56203 vertices, 112402 faces

[2026-05-09 16:49:40.782] [error] [worker:comfyui-geometrypack] INFO: Successfully loaded: 56203 vertices, 112402 faces

[2026-05-09 16:49:40.787] [error] [worker:comfyui-geometrypack] INFO: Loaded: 56203 vertices, 112402 faces

[2026-05-09 16:49:41.286] [error] [comfyui-geometrypack] Health check: ping (timeout=5.0s)...
[comfyui-geometrypack] Health check: ok

[2026-05-09 16:49:41.312] [error] [worker:comfyui-geometrypack] INFO: Remesh dispatch: quadwild -> GeomPackRemesh_QuadWild

[2026-05-09 16:49:41.352] [error] [comfyui-geometrypack] Health check: ping (timeout=5.0s)...
[2026-05-09 16:49:41.353] [error] 
[comfyui-geometrypack] Health check: ok

[2026-05-09 16:49:41.438] [error] [worker:comfyui-geometrypack] INFO: Backend: quadwild

[2026-05-09 16:49:41.441] [error] [worker:comfyui-geometrypack] INFO: Input: 56203 vertices, 112402 faces

[2026-05-09 16:49:41.445] [error] [worker:comfyui-geometrypack] INFO: Parameters: sharp_angle=35.0, alpha=0.02, scale=1.0, remesh=true, smooth=true

[2026-05-09 16:50:15.106] [error] Initital dimension: 
[2026-05-09 16:50:15.107] [error] 33306 x 33306, number of constraints: 0, number of integer variables: 20058, use reordering: yes
COMISO::ConstrainedS
[2026-05-09 16:50:15.109] [error] olver::make_constraints_independent took 0.00086700000000000004 s.
Constraint integration took 0.0001329 s.

[2026-05-09 16:50:15.115] [error] Constraint elimination took 
[2026-05-09 16:50:15.116] [error] 0.0068906999999999996 s.
Reindexing took 0.0005352 s.
COMISO::ConstrainedSolver::eliminate_constraints took 0.0079547999999999997 s.
Eliminated dimension: 33306 x 33306
#nonzeros: 152166
integer variables #: 20058
continuous 
[2026-05-09 16:50:15.117] [error] variables #: 13248
initial full solution

[2026-05-09 16:50:15.138] [error] COMISO::EigenLDLTSolver::calc_system_eigen took 
[2026-05-09 16:50:15.140] [error] 0.0219285 s.

[2026-05-09 16:50:15.898] [error] final full solution

[2026-05-09 16:50:15.905] [error] COMISO::EigenLDLTSolver::update_system_eigen
[2026-05-09 16:50:15.906] [error]  took 0.0064497000000000001 s.

[2026-05-09 16:50:15.907] [error]  *** Statistics of MiSo Solver ***
Number of LOCAL iterations  = 3043
Number of CG    iterations  = 0
Number of FULL  iterations  = 2
Number of ROUNDING          = 20058
COMISO::MISolver::solve_multiple_rounding took 0.79104660000000004 s.
COMISO::MISolver::solve took 0.79134499999999997 s.

[2026-05-09 16:50:15.909] [error] COMISO::ConstrainedSolver::restore_eliminated_vars took 0.00018870000000000001 s.
COMISO::ConstrainedSolver::solve took 0.80239050000000001 s.

[2026-05-09 16:50:18.392] [error] performed 202 adjustments for even rhs

[2026-05-09 16:50:18.438] [error] performed 184 adjustments for even rhs

[2026-05-09 16:50:22.308] [error] [worker:comfyui-geometrypack] INFO: Output: 6906 vertices, 13804 faces

[2026-05-09 16:50:22.330] [error] [comfyui-geometrypack] Health check: ping (timeout=5.0s)...
[2026-05-09 16:50:22.331] [error] 

[2026-05-09 16:50:22.333] [error] [comfyui-geometrypack] Health check: ok

[2026-05-09 16:50:22.411] [error] [worker:comfyui-geometrypack] INFO: Layout: side_by_side, Mode: fields

[2026-05-09 16:50:22.414] [error] [worker:comfyui-geometrypack] INFO: Mesh 1: Mesh - 56203 vertices, 112402 faces

[2026-05-09 16:50:22.418] [error] [worker:comfyui-geometrypack] INFO: Mesh 2: Mesh - 6906 vertices, 13804 faces
[2026-05-09 16:50:22.419] [error] 

[2026-05-09 16:50:22.422] [error] [worker:comfyui-geometrypack] INFO: Mesh 1 fields: ['face.stl']

[2026-05-09 16:50:22.426] [error] [worker:comfyui-geometrypack] INFO: Mesh 2 fields: []

[2026-05-09 16:50:22.430] [error] [worker:comfyui-geometrypack] INFO: Common fields: []

[2026-05-09 16:50:22.434] [error] [worker:comfyui-geometrypack] INFO: Mesh 1 visual: kind=None, texture=False, vertex_colors=False

[2026-05-09 16:50:22.438] [error] [worker:comfyui-geometrypack] INFO: Mesh 2 visual: kind=None, texture=False, vertex_colors=False

[2026-05-09 16:50:22.443] [error] [worker:comfyui-geometrypack] INFO: Exporting mesh to VTP: C:\Users\runneradmin\Documents\ComfyUI\output\preview_dual_1_811c4adc.vtp

[2026-05-09 16:50:22.674] [error] [worker:comfyui-geometrypack] INFO: Adding normals field (56203 vertices)

[2026-05-09 16:50:22.758] [error] [worker:comfyui-geometrypack] INFO: Adding face field: stl

[2026-05-09 16:50:22.945] [error] [worker:comfyui-geometrypack] INFO: Export complete: 56203 vertices, 112402 faces

[2026-05-09 16:50:22.951] [error] [worker:comfyui-geometrypack] INFO: Exported VTP with fields: C:\Users\runneradmin\Documents\ComfyUI\output\preview_dual_1_811c4adc.vtp

[2026-05-09 16:50:22.959] [error] [worker:comfyui-geometrypack] INFO: Exported STL: C:\Users\runneradmin\Documents\ComfyUI\output\preview_dual_2_811c4adc.stl

[2026-05-09 16:50:23.032] [error] [worker:comfyui-geometrypack] INFO: Preview ready

[2026-05-09 16:50:23.050] [info]  Prompt executed in 48.04 seconds

