[2026-05-09 16:45:34.396] [info]  setup plugin alembic.autogenerate.schemas
setup plugin alembic.autogenerate.tables

[2026-05-09 16:45:34.399] [info]  setup plugin alembic.autogenerate.types
setup plugin alembic.autogenerate.constraints
setup plugin alembic.autogenerate.defaults
setup plugin alembic.autogenerate.comments

[2026-05-09 16:45:34.845] [info]  Adding extra search path custom_nodes C:\Users\runneradmin\Documents\ComfyUI\custom_nodes
Adding extra search path download_model_base C:\Users\runneradmin\Documents\ComfyUI\models

[2026-05-09 16:45:34.847] [info]  Adding extra search path custom_nodes C:\Users\runneradmin\AppData\Local\Programs\ComfyUI\resources\ComfyUI\custom_nodes
Setting output directory to: C:\Users\runneradmin\Documents\ComfyUI\output
Setting input directory to: C:\Users\runneradmin\Documents\ComfyUI\input
Setting user directory to: C:\Users\runneradmin\Documents\ComfyUI\user

[2026-05-09 16:45:36.366] [info]  [START] Security scan
[DONE] Security scan
** ComfyUI startup time: 
[2026-05-09 16:45:36.367] [info]  2026-05-09 16:45:36.366
** Platform: Windows
** Python version: 3.12.11 (main, Aug 18 2025, 19:17:54) [MSC v.1944 64 bit (AMD64)]
** Python executable: C:\Users\runneradmin\Documents\ComfyUI\.venv\Scripts\python.exe
** ComfyUI Path: C:\Users\runneradmin\AppData\Local\Programs\ComfyUI\resources\ComfyUI
** ComfyUI Base Folder Path: C:\Users\runneradmin\AppData\Local\Programs\ComfyUI\resources\ComfyUI

[2026-05-09 16:45:36.369] [info]  ** User directory: C:\Users\runneradmin\Documents\ComfyUI\user
** ComfyUI-Manager config path: C:\Users\runneradmin\Documents\ComfyUI\user\__manager\config.ini
** Log path: 
[2026-05-09 16:45:36.370] [info]  C:\Users\runneradmin\Documents\ComfyUI\user\comfyui.log

[2026-05-09 16:45:37.511] [info]  [ComfyUI-Manager] Skipped fixing the 'comfyui-frontend-package' dependency because the ComfyUI is outdated.

[2026-05-09 16:45:37.512] [info]  [PRE] ComfyUI-Manager

[2026-05-09 16:45:37.868] [error] [comfy-env] comfyui-geometrypack: 1 isolation env(s):
[2026-05-09 16:45:37.870] [error] 
[comfy-env]   nodes -> C:\Users\runneradmin\Documents\ComfyUI\custom_nodes\comfyui-geometrypack\nodes
[comfy-env] prestartup complete

[2026-05-09 16:45:40.827] [info]  Found comfy_kitchen backend triton: {'available': False, 'disabled': True, 'unavailable_reason': "ImportError: No module named 'triton'", 'capabilities': []}

[2026-05-09 16:45:40.829] [info]  Found comfy_kitchen backend cuda: {'available': False, 'disabled': True, 'unavailable_reason': 'CUDA not available on this system', 'capabilities': []}
Found comfy_kitchen backend eager: {'available': True, 'disabled': False, 'unavailable_reason': None, 'capabilities': ['apply_rope', 'apply_rope1', 'dequantize_mxfp8', 'dequantize_nvfp4', 'dequantize_per_tensor_fp8', 'quantize_mxfp8', 'quantize_nvfp4', 'quantize_per_tensor_fp8', 'scaled_mm_mxfp8', 'scaled_mm_nvfp4']}

[2026-05-09 16:45:40.835] [info]  Checkpoint files will always be loaded safely.

[2026-05-09 16:45:40.849] [info]  Total VRAM 16379 MB, total RAM 16379 MB

[2026-05-09 16:45:40.851] [info]  pytorch version: 2.10.0+cpu
Set vram state to: DISABLED

[2026-05-09 16:45:40.852] [info]  Device: cpu

[2026-05-09 16:45:41.154] [info]  Using sub quadratic optimization for attention, if you have memory or speed issues try using: --use-split-cross-attention

[2026-05-09 16:45:43.910] [info]  Python version: 3.12.11 (main, Aug 18 2025, 19:17:54) [MSC v.1944 64 bit (AMD64)]

[2026-05-09 16:45:43.912] [info]  ComfyUI version: 0.20.1

[2026-05-09 16:45:43.914] [info]  comfy-aimdo version: 0.2.14

[2026-05-09 16:45:43.917] [info]  comfy-kitchen version: 0.2.8

[2026-05-09 16:45:43.922] [info]  [Prompt Server] web root: C:\Users\runneradmin\AppData\Local\Programs\ComfyUI\resources\ComfyUI\web_custom_versions\desktop_app

[2026-05-09 16:45:43.929] [info]  Asset seeder disabled

[2026-05-09 16:45:43.930] [info]  [START] ComfyUI-Manager

[2026-05-09 16:45:44.096] [info]  [ComfyUI-Manager] Using GitPython backend

[2026-05-09 16:45:44.177] [info]  [ComfyUI-Manager] network_mode: public

[2026-05-09 16:45:44.182] [info]  [ComfyUI-Manager] The matrix sharing feature has been disabled because the `matrix-nio` dependency is not installed.
	To use this feature, please run the following command:
	C:\Users\runneradmin\Documents\ComfyUI\.venv\Scripts\python.exe -m pip install matrix-nio


[2026-05-09 16:45:45.974] [info]  loading...

[2026-05-09 16:45:45.976] [info]  calling register_nodes

[2026-05-09 16:45:45.980] [error] [comfy-env] Version: 0.3.78
[2026-05-09 16:45:45.981] [error] 

[2026-05-09 16:45:49.430] [info]  [comfy-env] Removed stale temp dir: C:\Users\RUNNER~1\AppData\Local\Temp\comfyui_pvenv_hsdtwy8b

[2026-05-09 16:45:49.879] [error] [comfy-env] register_nodes: comfyui-geometrypack
[2026-05-09 16:45:49.880] [error] 

[2026-05-09 16:45:49.897] [error] [comfy-env] ComfyUI source dir: C:\Users\runneradmin\AppData\Local\Programs\ComfyUI\resources\ComfyUI
[2026-05-09 16:45:49.898] [error] 

[2026-05-09 16:45:49.902] [error] [comfy-env] Scanning nodes metadata (isolation root)...
[2026-05-09 16:45:49.903] [error] 

[2026-05-09 16:45:49.967] [error] [comfy-env] Cache hit for nodes: 125 nodes
[2026-05-09 16:45:49.969] [error] 
[comfy-env] Scanned nodes root: 125 nodes (0.1s)

[2026-05-09 16:45:49.974] [error] [comfy-env] Imported nodes root: 125 nodes (isolation)
[2026-05-09 16:45:49.976] [error] 
[comfy-env] Registered 125 total nodes

[2026-05-09 16:45:49.982] [info]  
Import times for custom nodes:

[2026-05-09 16:45:49.984] [info]     0.0 seconds: C:\Users\runneradmin\AppData\Local\Programs\ComfyUI\resources\ComfyUI\custom_nodes\websocket_image_save.py
   4.0 seconds: C:\Users\runneradmin\Documents\ComfyUI\custom_nodes\comfyui-geometrypack


[2026-05-09 16:45:49.988] [info]  Context impl SQLiteImpl.

[2026-05-09 16:45:49.990] [info]  Will assume non-transactional DDL.

[2026-05-09 16:45:50.001] [error] Failed to initialize database. Please ensure you have installed the latest requirements. If the error persists, please report this as in future the database will be required: Could not acquire lock on database 'C:/Users/runneradmin/Documents/ComfyUI/user/comfyui.db'. Another ComfyUI process may already be using it. Use --database-url to specify a separate database file.

[2026-05-09 16:45:50.112] [info]  Starting server


[2026-05-09 16:45:50.114] [info]  To see the GUI go to: http://127.0.0.1:8001

[2026-05-09 16:45:52.595] [info]  [ComfyUI-Manager] The ComfyRegistry cache update is still in progress, so an outdated cache is being used.

[2026-05-09 16:45:52.726] [info]  FETCH DATA from: C:\Users\runneradmin\Documents\ComfyUI\.venv\Lib\site-packages\comfyui_manager\custom-node-list.json
[2026-05-09 16:45:52.769] [info]   [DONE]

[2026-05-09 16:45:56.213] [info]  [ComfyUI-Manager] The ComfyRegistry cache update is still in progress, so an outdated cache is being used.

[2026-05-09 16:45:56.335] [info]  FETCH DATA from: C:\Users\runneradmin\Documents\ComfyUI\.venv\Lib\site-packages\comfyui_manager\custom-node-list.json
[2026-05-09 16:45:56.363] [info]   [DONE]

[2026-05-09 16:46:16.298] [info]  got prompt

[2026-05-09 16:46:16.314] [info]  [comfyui-geometrypack] python: C:\Users\runneradmin\Documents\ComfyUI\.ce\.pixi\envs\geometrypack-nodes\python.exe
[2026-05-09 16:46:16.318] [info]  
[comfyui-geometrypack] sys_path sent to worker: ['C:\\Users\\runneradmin\\AppData\\Local\\Programs\\ComfyUI\\resources\\ComfyUI', 'C:\\Users\\runneradmin\\Documents\\ComfyUI\\custom_nodes\\comfyui-geometrypack', 'C:\\Users\\runneradmin\\Documents\\ComfyUI\\.ce\\.pixi\\envs\\geometrypack-nodes\\Lib\\site-packages', 'C:\\Users\\runneradmin\\Documents\\ComfyUI\\custom_nodes\\comfyui-geometrypack']
[2026-05-09 16:46:16.319] [info]  

[2026-05-09 16:46:23.226] [error] [worker:comfyui-geometrypack] INFO: Found mesh in input folder: 3d/Stanford_Bunny.stl

[2026-05-09 16:46:23.230] [error] [worker:comfyui-geometrypack] INFO: Loading: C:\Users\runneradmin\Documents\ComfyUI\input\3d/Stanford_Bunny.stl

[2026-05-09 16:46:23.504] [error] [worker:comfyui-geometrypack] INFO: Initial mesh: 56203 vertices, 112402 faces

[2026-05-09 16:46:23.598] [error] [worker:comfyui-geometrypack] INFO: Successfully loaded: 56203 vertices, 112402 faces

[2026-05-09 16:46:23.602] [error] [worker:comfyui-geometrypack] INFO: Loaded: 56203 vertices, 112402 faces

[2026-05-09 16:46:24.629] [error] [comfyui-geometrypack] Health check: ping (timeout=5.0s)...
[2026-05-09 16:46:24.631] [error] 
[comfyui-geometrypack] Health check: ok

[2026-05-09 16:46:24.691] [error] [worker:comfyui-geometrypack] INFO: Preparing preview: Mesh - 56203 vertices, 112402 faces

[2026-05-09 16:46:24.710] [error] [worker:comfyui-geometrypack] INFO: Exported to: C:\Users\runneradmin\Documents\ComfyUI\output\preview_40b36e05.glb

[2026-05-09 16:46:24.755] [info]  Prompt executed in 8.45 seconds

