[2026-05-09 16:25:04.396] [info]  setup plugin alembic.autogenerate.schemas

[2026-05-09 16:25:04.399] [info]  setup plugin alembic.autogenerate.tables
setup plugin alembic.autogenerate.types
setup plugin alembic.autogenerate.constraints
setup plugin alembic.autogenerate.defaults
setup plugin alembic.autogenerate.comments

[2026-05-09 16:25:04.910] [info]  Adding extra search path custom_nodes C:\Users\runneradmin\Documents\ComfyUI\custom_nodes

[2026-05-09 16:25:04.911] [info]  Adding extra search path download_model_base C:\Users\runneradmin\Documents\ComfyUI\models
Adding extra search path custom_nodes C:\Users\runneradmin\AppData\Local\Programs\ComfyUI\resources\ComfyUI\custom_nodes
Setting output directory to: C:\Users\runneradmin\Documents\ComfyUI\output
Setting input directory to: C:\Users\runneradmin\Documents\ComfyUI\input
Setting user directory to: C:\Users\runneradmin\Documents\ComfyUI\user

[2026-05-09 16:25:06.582] [info]  [START] Security scan
[DONE] Security scan
** ComfyUI startup time: 
[2026-05-09 16:25:06.584] [info]  2026-05-09 16:25:06.581
** Platform: Windows
** Python version: 3.12.11 (main, Aug 18 2025, 19:17:54) [MSC v.1944 64 bit (AMD64)]
** Python executable: C:\Users\runneradmin\Documents\ComfyUI\.venv\Scripts\python.exe
** ComfyUI Path: C:\Users\runneradmin\AppData\Local\Programs\ComfyUI\resources\ComfyUI
** ComfyUI Base Folder Path: C:\Users\runneradmin\AppData\Local\Programs\ComfyUI\resources\ComfyUI

[2026-05-09 16:25:07.088] [info]  ** User directory: 
[2026-05-09 16:25:07.090] [info]  C:\Users\runneradmin\Documents\ComfyUI\user
** ComfyUI-Manager config path: C:\Users\runneradmin\Documents\ComfyUI\user\__manager\config.ini
** Log path: C:\Users\runneradmin\Documents\ComfyUI\user\comfyui.log

[2026-05-09 16:25:08.600] [info]  [ComfyUI-Manager] Skipped fixing the 'comfyui-frontend-package' dependency because the ComfyUI is outdated.

[2026-05-09 16:25:08.603] [info]  [PRE] ComfyUI-Manager

[2026-05-09 16:25:09.038] [error] [comfy-env] comfyui-geometrypack: 1 isolation env(s):
[2026-05-09 16:25:09.040] [error] 
[comfy-env]   nodes -> C:\Users\runneradmin\Documents\ComfyUI\custom_nodes\comfyui-geometrypack\nodes
[comfy-env] prestartup complete
[2026-05-09 16:25:09.042] [error] 

[2026-05-09 16:25:12.312] [info]  Found comfy_kitchen backend cuda: {'available': False, 'disabled': True, 'unavailable_reason': 'CUDA not available on this system', 'capabilities': []}

[2026-05-09 16:25:12.313] [info]  Found comfy_kitchen backend triton: {'available': False, 'disabled': True, 'unavailable_reason': "ImportError: No module named 'triton'", 'capabilities': []}
Found comfy_kitchen backend eager: {'available': True, 'disabled': False, 'unavailable_reason': None, 'capabilities': ['apply_rope', 'apply_rope1', 'dequantize_mxfp8', 'dequantize_nvfp4', 'dequantize_per_tensor_fp8', 'quantize_mxfp8', 'quantize_nvfp4', 'quantize_per_tensor_fp8', 'scaled_mm_mxfp8', 'scaled_mm_nvfp4']}

[2026-05-09 16:25:12.322] [info]  Checkpoint files will always be loaded safely.

[2026-05-09 16:25:12.375] [info]  Total VRAM 16379 MB, total RAM 16379 MB
pytorch version: 2.10.0+cpu
Set vram state to: DISABLED
Device: cpu

[2026-05-09 16:25:12.709] [info]  Using sub quadratic optimization for attention, if you have memory or speed issues try using: --use-split-cross-attention

[2026-05-09 16:25:15.822] [info]  Python version: 3.12.11 (main, Aug 18 2025, 19:17:54) [MSC v.1944 64 bit (AMD64)]

[2026-05-09 16:25:15.823] [info]  ComfyUI version: 0.20.1
comfy-aimdo version: 0.2.14

[2026-05-09 16:25:15.824] [info]  comfy-kitchen version: 0.2.8

[2026-05-09 16:25:15.826] [info]  [Prompt Server] web root: C:\Users\runneradmin\AppData\Local\Programs\ComfyUI\resources\ComfyUI\web_custom_versions\desktop_app

[2026-05-09 16:25:15.828] [info]  Asset seeder disabled

[2026-05-09 16:25:15.830] [info]  [START] ComfyUI-Manager

[2026-05-09 16:25:15.960] [info]  [ComfyUI-Manager] Using GitPython backend

[2026-05-09 16:25:16.033] [info]  [ComfyUI-Manager] network_mode: public

[2026-05-09 16:25:16.037] [info]  [ComfyUI-Manager] The matrix sharing feature has been disabled because the `matrix-nio` dependency is not installed.
	To use this feature, please run the following command:
	C:\Users\runneradmin\Documents\ComfyUI\.venv\Scripts\python.exe -m pip install matrix-nio


[2026-05-09 16:25:17.894] [info]  loading...
calling register_nodes

[2026-05-09 16:25:17.901] [error] [comfy-env] Version: 0.3.78
[2026-05-09 16:25:17.902] [error] 

[2026-05-09 16:25:20.694] [error] [comfy-env] register_nodes: comfyui-geometrypack
[2026-05-09 16:25:20.697] [error] 

[2026-05-09 16:25:20.711] [error] [comfy-env] ComfyUI source dir: C:\Users\runneradmin\AppData\Local\Programs\ComfyUI\resources\ComfyUI
[2026-05-09 16:25:20.712] [error] 

[2026-05-09 16:25:20.715] [error] [comfy-env] Scanning nodes metadata (isolation root)...
[2026-05-09 16:25:20.716] [error] 

[2026-05-09 16:25:20.757] [error] [comfy-env] Cache hit for nodes: 125 nodes
[2026-05-09 16:25:20.759] [error] 
[comfy-env] Scanned nodes root: 125 nodes (0.0s)
[2026-05-09 16:25:20.761] [error] 

[2026-05-09 16:25:20.764] [error] [comfy-env] Imported nodes root: 125 nodes (isolation)
[2026-05-09 16:25:20.765] [error] 

[2026-05-09 16:25:20.767] [error] [comfy-env] Registered 125 total nodes

[2026-05-09 16:25:20.771] [info]  
Import times for custom nodes:

[2026-05-09 16:25:20.772] [info]     0.0 seconds: C:\Users\runneradmin\AppData\Local\Programs\ComfyUI\resources\ComfyUI\custom_nodes\websocket_image_save.py
   2.9 seconds: C:\Users\runneradmin\Documents\ComfyUI\custom_nodes\comfyui-geometrypack


[2026-05-09 16:25:20.775] [info]  Context impl SQLiteImpl.

[2026-05-09 16:25:20.777] [info]  Will assume non-transactional DDL.

[2026-05-09 16:25:20.786] [error] Failed to initialize database. Please ensure you have installed the latest requirements. If the error persists, please report this as in future the database will be required: Could not acquire lock on database 'C:/Users/runneradmin/Documents/ComfyUI/user/comfyui.db'. Another ComfyUI process may already be using it. Use --database-url to specify a separate database file.

[2026-05-09 16:25:20.884] [info]  Starting server


[2026-05-09 16:25:20.885] [info]  To see the GUI go to: http://127.0.0.1:8001

[2026-05-09 16:25:23.395] [info]  [ComfyUI-Manager] The ComfyRegistry cache update is still in progress, so an outdated cache is being used.

[2026-05-09 16:25:23.666] [info]  FETCH DATA from: C:\Users\runneradmin\Documents\ComfyUI\.venv\Lib\site-packages\comfyui_manager\custom-node-list.json
[2026-05-09 16:25:23.729] [info]   [DONE]
[2026-05-09 16:25:23.731] [info]  

[2026-05-09 16:25:27.987] [info]  [ComfyUI-Manager] The ComfyRegistry cache update is still in progress, so an outdated cache is being used.

[2026-05-09 16:25:28.107] [info]  FETCH DATA from: C:\Users\runneradmin\Documents\ComfyUI\.venv\Lib\site-packages\comfyui_manager\custom-node-list.json
[2026-05-09 16:25:28.130] [info]   [DONE]
[2026-05-09 16:25:28.132] [info]  

[2026-05-09 16:25:50.355] [info]  got prompt

[2026-05-09 16:25:50.377] [info]  [comfyui-geometrypack] python: C:\Users\runneradmin\Documents\ComfyUI\.ce\.pixi\envs\geometrypack-nodes\python.exe
[2026-05-09 16:25:50.378] [info]  
[comfyui-geometrypack] sys_path sent to worker: ['C:\\Users\\runneradmin\\AppData\\Local\\Programs\\ComfyUI\\resources\\ComfyUI', 'C:\\Users\\runneradmin\\Documents\\ComfyUI\\custom_nodes\\comfyui-geometrypack', 'C:\\Users\\runneradmin\\Documents\\ComfyUI\\.ce\\.pixi\\envs\\geometrypack-nodes\\Lib\\site-packages', 'C:\\Users\\runneradmin\\Documents\\ComfyUI\\custom_nodes\\comfyui-geometrypack']

[2026-05-09 16:25:56.704] [error] [worker:comfyui-geometrypack] INFO: Found folder in input: 3d

[2026-05-09 16:25:56.709] [error] [worker:comfyui-geometrypack] INFO: Found 12 mesh files
[2026-05-09 16:25:56.710] [error] 

[2026-05-09 16:25:56.713] [error] [worker:comfyui-geometrypack] INFO: Loading up to 4 meshes

[2026-05-09 16:25:56.717] [error] [worker:comfyui-geometrypack] INFO: Loading: C:\Users\runneradmin\Documents\ComfyUI\input\3d\ArmoredWarrior_00005_.glb

[2026-05-09 16:25:56.743] [error] [worker:comfyui-geometrypack] INFO: Converting Scene to single mesh (scene has 1 geometries)

[2026-05-09 16:25:56.988] [error] [worker:comfyui-geometrypack] INFO: Initial mesh: 18061 vertices, 19827 faces

[2026-05-09 16:25:57.019] [error] [worker:comfyui-geometrypack] INFO: Successfully loaded: 18061 vertices, 19827 faces

[2026-05-09 16:25:57.060] [error] [worker:comfyui-geometrypack] INFO: [1/4] Loaded ArmoredWarrior_00005_.glb: 18061 vertices, 19827 faces

[2026-05-09 16:25:57.065] [error] [worker:comfyui-geometrypack] INFO: Loading: C:\Users\runneradmin\Documents\ComfyUI\input\3d\Stanford_Bunny.stl

[2026-05-09 16:25:57.356] [error] [worker:comfyui-geometrypack] INFO: Initial mesh: 56203 vertices, 112402 faces

[2026-05-09 16:25:57.465] [error] [worker:comfyui-geometrypack] INFO: Successfully loaded: 56203 vertices, 112402 faces

[2026-05-09 16:25:57.469] [error] [worker:comfyui-geometrypack] INFO: [2/4] Loaded Stanford_Bunny.stl: 56203 vertices, 112402 faces

[2026-05-09 16:25:57.473] [error] [worker:comfyui-geometrypack] INFO: Loading: C:\Users\runneradmin\Documents\ComfyUI\input\3d\camel_b.obj

[2026-05-09 16:25:57.524] [error] [worker:comfyui-geometrypack] INFO: Initial mesh: 2032 vertices, 3576 faces

[2026-05-09 16:25:57.544] [error] [worker:comfyui-geometrypack] INFO: Successfully loaded: 2032 vertices, 3576 faces

[2026-05-09 16:25:57.633] [error] [worker:comfyui-geometrypack] INFO: [3/4] Loaded camel_b.obj: 2032 vertices, 3576 faces

[2026-05-09 16:25:57.687] [error] [worker:comfyui-geometrypack] INFO: Loading: C:\Users\runneradmin\Documents\ComfyUI\input\3d\camelhead.off

[2026-05-09 16:25:57.969] [error] [worker:comfyui-geometrypack] INFO: Initial mesh: 11381 vertices, 22704 faces

[2026-05-09 16:25:58.057] [error] [worker:comfyui-geometrypack] INFO: Successfully loaded: 11381 vertices, 22704 faces
[2026-05-09 16:25:58.059] [error] 

[2026-05-09 16:25:58.111] [error] [worker:comfyui-geometrypack] INFO: [4/4] Loaded camelhead.off: 11381 vertices, 22704 faces

[2026-05-09 16:25:58.115] [error] [worker:comfyui-geometrypack] INFO: Successfully loaded 4 meshes

[2026-05-09 16:25:58.813] [error] [comfyui-geometrypack] Health check: ping (timeout=5.0s)...
[2026-05-09 16:25:58.816] [error] 
[comfyui-geometrypack] Health check: ok

[2026-05-09 16:25:59.100] [error] [worker:comfyui-geometrypack] INFO: Remesh dispatch: pymeshlab_isotropic -> GeomPackRemesh_PyMeshLab

[2026-05-09 16:25:59.354] [error] [comfyui-geometrypack] Health check: ping (timeout=5.0s)...

[2026-05-09 16:25:59.356] [error] [comfyui-geometrypack] Health check: ok

[2026-05-09 16:25:59.654] [error] [worker:comfyui-geometrypack] INFO: Remesh dispatch: pymeshlab_isotropic -> GeomPackRemesh_PyMeshLab

[2026-05-09 16:25:59.703] [error] [comfyui-geometrypack] Health check: ping (timeout=5.0s)...

[2026-05-09 16:25:59.738] [error] [comfyui-geometrypack] Health check: ok

[2026-05-09 16:25:59.971] [error] [worker:comfyui-geometrypack] INFO: Remesh dispatch: pymeshlab_isotropic -> GeomPackRemesh_PyMeshLab

[2026-05-09 16:26:00.027] [error] [comfyui-geometrypack] Health check: ping (timeout=5.0s)...

[2026-05-09 16:26:00.044] [error] [comfyui-geometrypack] Health check: ok

[2026-05-09 16:26:00.297] [error] [worker:comfyui-geometrypack] INFO: Remesh dispatch: pymeshlab_isotropic -> GeomPackRemesh_PyMeshLab

[2026-05-09 16:26:00.395] [error] [comfyui-geometrypack] Health check: ping (timeout=5.0s)...
[2026-05-09 16:26:00.396] [error] 

[2026-05-09 16:26:00.407] [error] [comfyui-geometrypack] Health check: ok

[2026-05-09 16:26:01.160] [error] [comfyui-geometrypack] Health check: ping (timeout=5.0s)...

[2026-05-09 16:26:01.171] [error] [comfyui-geometrypack] Health check: ok

[2026-05-09 16:26:01.561] [error] [worker:comfyui-geometrypack] INFO: Backend: pymeshlab_isotropic

[2026-05-09 16:26:01.613] [error] [worker:comfyui-geometrypack] INFO: Input: 18061 vertices, 19827 faces

[2026-05-09 16:26:01.633] [error] [worker:comfyui-geometrypack] INFO: Parameters: target_edge_length=1.0, iterations=3, feature_angle=30.0, adaptive=false

[2026-05-09 16:26:03.486] [error] [worker:comfyui-geometrypack] INFO: Output: 5251 vertices, 11070 faces

[2026-05-09 16:26:03.569] [error] [comfyui-geometrypack] Health check: ping (timeout=5.0s)...
[2026-05-09 16:26:03.570] [error] 

[2026-05-09 16:26:03.611] [error] [comfyui-geometrypack] Health check: ok

[2026-05-09 16:26:03.963] [error] [worker:comfyui-geometrypack] INFO: Backend: pymeshlab_isotropic

[2026-05-09 16:26:04.005] [error] [worker:comfyui-geometrypack] INFO: Input: 56203 vertices, 112402 faces

[2026-05-09 16:26:04.046] [error] [worker:comfyui-geometrypack] INFO: Parameters: target_edge_length=1.0, iterations=3, feature_angle=30.0, adaptive=false

[2026-05-09 16:26:12.683] [error] [worker:comfyui-geometrypack] INFO: Output: 32264 vertices, 64524 faces

[2026-05-09 16:26:12.862] [error] [comfyui-geometrypack] Health check: ping (timeout=5.0s)...

[2026-05-09 16:26:12.911] [error] [comfyui-geometrypack] Health check: ok

[2026-05-09 16:26:13.323] [error] [worker:comfyui-geometrypack] INFO: Backend: pymeshlab_isotropic

[2026-05-09 16:26:13.410] [error] [worker:comfyui-geometrypack] INFO: Input: 2032 vertices, 3576 faces

[2026-05-09 16:26:13.451] [error] [worker:comfyui-geometrypack] INFO: Parameters: target_edge_length=1.0, iterations=3, feature_angle=30.0, adaptive=false

[2026-05-09 16:26:14.194] [error] [worker:comfyui-geometrypack] INFO: Output: 9670 vertices, 19338 faces

[2026-05-09 16:26:14.278] [error] [comfyui-geometrypack] Health check: ping (timeout=5.0s)...
[2026-05-09 16:26:14.279] [error] 

[2026-05-09 16:26:14.366] [error] [comfyui-geometrypack] Health check: ok

[2026-05-09 16:26:14.847] [error] [worker:comfyui-geometrypack] INFO: Backend: pymeshlab_isotropic

[2026-05-09 16:26:14.850] [error] [worker:comfyui-geometrypack] INFO: Input: 11381 vertices, 22704 faces

[2026-05-09 16:26:14.866] [error] [worker:comfyui-geometrypack] INFO: Parameters: target_edge_length=1.0, iterations=3, feature_angle=30.0, adaptive=false

[2026-05-09 16:26:16.131] [error] [worker:comfyui-geometrypack] INFO: Output: 206 vertices, 394 faces

[2026-05-09 16:26:16.246] [error] [comfyui-geometrypack] Health check: ping (timeout=5.0s)...
[2026-05-09 16:26:16.247] [error] 

[2026-05-09 16:26:16.249] [error] [comfyui-geometrypack] Health check: ok
[2026-05-09 16:26:16.250] [error] 

[2026-05-09 16:26:16.686] [error] [worker:comfyui-geometrypack] INFO: Batch size: 4, showing index: 1/4

[2026-05-09 16:26:16.718] [error] [worker:comfyui-geometrypack] INFO: Preparing preview: Mesh - 5251 vertices, 11070 faces

[2026-05-09 16:26:16.722] [error] [worker:comfyui-geometrypack] INFO: Mode: fields

[2026-05-09 16:26:16.751] [error] [worker:comfyui-geometrypack] INFO: Visual data - has_visual: True, kind: None, texture: False, vertex_colors: False

[2026-05-09 16:26:16.780] [error] [worker:comfyui-geometrypack] INFO: Using fields mode - VTP/STL export

[2026-05-09 16:26:16.814] [error] [worker:comfyui-geometrypack] INFO: Exported STL to: C:\Users\runneradmin\Documents\ComfyUI\output\preview_vtk_batch_7cd3de86.stl

[2026-05-09 16:26:16.824] [error] [worker:comfyui-geometrypack] INFO: Fields mode info: watertight=False, volume=None, area=4.318366133448304, no fields

[2026-05-09 16:26:17.031] [info]  Prompt executed in 26.67 seconds

