[2026-05-18 19:10:38.072] [info]  setup plugin alembic.autogenerate.schemas
setup plugin alembic.autogenerate.tables

[2026-05-18 19:10:38.074] [info]  setup plugin alembic.autogenerate.types
setup plugin alembic.autogenerate.constraints
setup plugin alembic.autogenerate.defaults
setup plugin alembic.autogenerate.comments

[2026-05-18 19:10:38.496] [info]  Adding extra search path custom_nodes C:\Users\stduser\Documents\ComfyUI\custom_nodes
Adding extra search path download_model_base C:\Users\stduser\Documents\ComfyUI\models
Adding extra search path custom_nodes C:\Users\stduser\.comfy-test-cache\desktop\ComfyUI\resources\ComfyUI\custom_nodes

[2026-05-18 19:10:38.498] [info]  Setting output directory to: C:\Users\stduser\Documents\ComfyUI\output
Setting input directory to: C:\Users\stduser\Documents\ComfyUI\input
Setting user directory to: C:\Users\stduser\Documents\ComfyUI\user

[2026-05-18 19:10:39.964] [info]  [START] Security scan
[DONE] Security scan
** ComfyUI startup time: 2026-05-18 19:10:39.963

[2026-05-18 19:10:39.966] [info]  ** Platform: Windows
** Python version: 3.12.11 (main, Aug 18 2025, 19:17:54) [MSC v.1944 64 bit (AMD64)]
** Python executable: C:\Users\stduser\Documents\ComfyUI\.venv\Scripts\python.exe
** ComfyUI Path: C:\Users\stduser\.comfy-test-cache\desktop\ComfyUI\resources\ComfyUI
** ComfyUI Base Folder Path: C:\Users\stduser\.comfy-test-cache\desktop\ComfyUI\resources\ComfyUI

[2026-05-18 19:10:39.968] [info]  ** User directory: 
[2026-05-18 19:10:39.970] [info]  C:\Users\stduser\Documents\ComfyUI\user
** ComfyUI-Manager config path: C:\Users\stduser\Documents\ComfyUI\user\__manager\config.ini
** Log path: C:\Users\stduser\Documents\ComfyUI\user\comfyui.log

[2026-05-18 19:10:41.061] [info]  [ComfyUI-Manager] Skipped fixing the 'comfyui-frontend-package' dependency because the ComfyUI is outdated.

[2026-05-18 19:10:41.063] [info]  [PRE] ComfyUI-Manager

[2026-05-18 19:10:41.392] [error] [comfy-env] comfyui-geometrypack: 1 isolation env(s):
[comfy-env]   nodes -> C:\Users\stduser\Documents\ComfyUI\custom_nodes\comfyui-geometrypack\nodes
[comfy-env] prestartup complete

[2026-05-18 19:10:44.160] [info]  Found comfy_kitchen backend cuda: {'available': False, 'disabled': True, 'unavailable_reason': 'CUDA not available on this system', 'capabilities': []}

[2026-05-18 19:10:44.162] [info]  Found comfy_kitchen backend eager: {'available': True, 'disabled': False, 'unavailable_reason': None, 'capabilities': ['apply_rope', 'apply_rope1', 'dequantize_mxfp8', 'dequantize_nvfp4', 'dequantize_per_tensor_fp8', 'quantize_mxfp8', 'quantize_nvfp4', 'quantize_per_tensor_fp8', 'scaled_mm_mxfp8', 'scaled_mm_nvfp4']}
Found comfy_kitchen backend triton: {'available': False, 'disabled': True, 'unavailable_reason': "ImportError: No module named 'triton'", 'capabilities': []}

[2026-05-18 19:10:44.168] [info]  Checkpoint files will always be loaded safely.

[2026-05-18 19:10:44.183] [info]  Total VRAM 16379 MB, total RAM 16379 MB

[2026-05-18 19:10:44.184] [info]  pytorch version: 2.10.0+cpu
Set vram state to: DISABLED
Device: cpu

[2026-05-18 19:10:44.490] [info]  Using sub quadratic optimization for attention, if you have memory or speed issues try using: --use-split-cross-attention

[2026-05-18 19:10:47.100] [info]  Python version: 3.12.11 (main, Aug 18 2025, 19:17:54) [MSC v.1944 64 bit (AMD64)]

[2026-05-18 19:10:47.101] [info]  ComfyUI version: 0.21.1
comfy-aimdo version: 0.3.0

[2026-05-18 19:10:47.102] [info]  comfy-kitchen version: 0.2.8

[2026-05-18 19:10:47.104] [info]  [Prompt Server] web root: C:\Users\stduser\.comfy-test-cache\desktop\ComfyUI\resources\ComfyUI\web_custom_versions\desktop_app

[2026-05-18 19:10:47.106] [info]  Asset seeder disabled

[2026-05-18 19:10:47.107] [info]  [START] ComfyUI-Manager

[2026-05-18 19:10:47.275] [info]  [ComfyUI-Manager] Using GitPython backend

[2026-05-18 19:10:47.338] [info]  [ComfyUI-Manager] network_mode: public

[2026-05-18 19:10:47.342] [info]  [ComfyUI-Manager] The matrix sharing feature has been disabled because the `matrix-nio` dependency is not installed.
	To use this feature, please run the following command:
	C:\Users\stduser\Documents\ComfyUI\.venv\Scripts\python.exe -m pip install matrix-nio


[2026-05-18 19:10:49.124] [info]  loading...
calling register_nodes

[2026-05-18 19:10:49.129] [error] [comfy-env] Version: 0.3.84
[2026-05-18 19:10:49.130] [error] 

[2026-05-18 19:10:49.811] [error] [comfy-env] register_nodes: comfyui-geometrypack
[2026-05-18 19:10:49.813] [error] 

[2026-05-18 19:10:49.826] [error] [comfy-env] ComfyUI source dir: C:\Users\stduser\.comfy-test-cache\desktop\ComfyUI\resources\ComfyUI
[2026-05-18 19:10:49.827] [error] 

[2026-05-18 19:10:49.830] [error] [comfy-env] Scanning nodes metadata (isolation root)...
[2026-05-18 19:10:49.832] [error] 

[2026-05-18 19:10:49.862] [error] [comfy-env] Cache hit for nodes: 125 nodes

[2026-05-18 19:10:49.865] [error] [comfy-env] Scanned nodes root: 125 nodes (0.0s)

[2026-05-18 19:10:49.870] [error] [comfy-env] Imported nodes root: 125 nodes (isolation)
[2026-05-18 19:10:49.872] [error] 

[2026-05-18 19:10:49.873] [error] [comfy-env] Registered 125 total nodes

[2026-05-18 19:10:49.885] [info]  
Import times for custom nodes:

[2026-05-18 19:10:49.887] [info]     0.0 seconds: C:\Users\stduser\.comfy-test-cache\desktop\ComfyUI\resources\ComfyUI\custom_nodes\websocket_image_save.py
   0.8 seconds: C:\Users\stduser\Documents\ComfyUI\custom_nodes\comfyui-geometrypack


[2026-05-18 19:10:49.892] [info]  Context impl SQLiteImpl.

[2026-05-18 19:10:49.895] [info]  Will assume non-transactional DDL.

[2026-05-18 19:10:49.906] [error] Failed to initialize database. Please ensure you have installed the latest requirements. If the error persists, please report this as in future the database will be required: Could not acquire lock on database 'C:/Users/stduser/Documents/ComfyUI/user/comfyui.db'. Another ComfyUI process may already be using it. Use --database-url to specify a separate database file.

[2026-05-18 19:10:50.019] [info]  Starting server


[2026-05-18 19:10:50.021] [info]  To see the GUI go to: http://127.0.0.1:8001

[2026-05-18 19:10:52.642] [info]  [ComfyUI-Manager] The ComfyRegistry cache update is still in progress, so an outdated cache is being used.

[2026-05-18 19:10:52.801] [info]  FETCH DATA from: C:\Users\stduser\Documents\ComfyUI\.venv\Lib\site-packages\comfyui_manager\custom-node-list.json
[2026-05-18 19:10:52.845] [info]   [DONE]

[2026-05-18 19:10:56.460] [info]  [ComfyUI-Manager] The ComfyRegistry cache update is still in progress, so an outdated cache is being used.

[2026-05-18 19:10:56.614] [info]  FETCH DATA from: C:\Users\stduser\Documents\ComfyUI\.venv\Lib\site-packages\comfyui_manager\custom-node-list.json
[2026-05-18 19:10:56.646] [info]   [DONE]

[2026-05-18 19:11:16.314] [info]  got prompt

[2026-05-18 19:11:16.338] [info]  [comfyui-geometrypack] python: C:\ce\.pixi\envs\geometrypack-nodes\python.exe
[2026-05-18 19:11:16.343] [info]  
[comfyui-geometrypack] sys_path sent to worker: ['C:\\Users\\stduser\\.comfy-test-cache\\desktop\\ComfyUI\\resources\\ComfyUI', 'C:\\Users\\stduser\\Documents\\ComfyUI\\custom_nodes\\comfyui-geometrypack', 'C:\\ce\\.pixi\\envs\\geometrypack-nodes\\Lib\\site-packages', 'C:\\Users\\stduser\\Documents\\ComfyUI\\custom_nodes\\comfyui-geometrypack']

[2026-05-18 19:11:18.595] [error] [worker:comfyui-geometrypack] ERROR: Failed to import comfy_kitchen, Error: No module named 'comfy_kitchen', fp8 and fp4 support will not be available.

[2026-05-18 19:11:20.212] [error] [worker:comfyui-geometrypack] INFO: Found mesh in input folder: 3d/noisy/Fandisk0.3/Noisy.obj

[2026-05-18 19:11:20.219] [error] [worker:comfyui-geometrypack] INFO: Loading: C:\Users\stduser\Documents\ComfyUI\input\3d/noisy/Fandisk0.3/Noisy.obj

[2026-05-18 19:11:20.257] [error] [worker:comfyui-geometrypack] INFO: Initial mesh: 6475 vertices, 12946 faces

[2026-05-18 19:11:20.273] [error] [worker:comfyui-geometrypack] INFO: Successfully loaded: 6475 vertices, 12946 faces

[2026-05-18 19:11:20.281] [error] [worker:comfyui-geometrypack] INFO: Loaded: 6475 vertices, 12946 faces

[2026-05-18 19:11:20.932] [error] [comfyui-geometrypack] Health check: ping (timeout=5.0s)...
[2026-05-18 19:11:20.936] [error] 
[comfyui-geometrypack] Health check: ok

[2026-05-18 19:11:21.055] [error] [worker:comfyui-geometrypack] INFO: Sharpen dispatch: two_step -> GeomPackSharpen_TwoStep

[2026-05-18 19:11:21.093] [error] [comfyui-geometrypack] Health check: ping (timeout=5.0s)...
[2026-05-18 19:11:21.095] [error] 

[2026-05-18 19:11:21.097] [error] [comfyui-geometrypack] Health check: ok
[2026-05-18 19:11:21.099] [error] 

[2026-05-18 19:11:21.180] [error] [worker:comfyui-geometrypack] INFO: Backend: two_step

[2026-05-18 19:11:21.187] [error] [worker:comfyui-geometrypack] INFO: Input: 6475 vertices, 12946 faces

[2026-05-18 19:11:21.194] [error] [worker:comfyui-geometrypack] INFO: Parameters: smooth_steps=2, normal_threshold=60.0

[2026-05-18 19:11:21.449] [error] [worker:comfyui-geometrypack] INFO: Output: 6475 vertices, 12946 faces

[2026-05-18 19:11:21.456] [error] [worker:comfyui-geometrypack] INFO: Avg vertex displacement: 0.050268, max: 0.269867

[2026-05-18 19:11:21.496] [error] [comfyui-geometrypack] Health check: ping (timeout=5.0s)...
[2026-05-18 19:11:21.499] [error] 

[2026-05-18 19:11:21.503] [error] [comfyui-geometrypack] Health check: ok
[2026-05-18 19:11:21.504] [error] 

[2026-05-18 19:11:21.599] [error] [worker:comfyui-geometrypack] INFO: Found mesh in input folder: 3d/noisy/Fandisk0.3/Original.obj

[2026-05-18 19:11:21.609] [error] [worker:comfyui-geometrypack] INFO: Loading: C:\Users\stduser\Documents\ComfyUI\input\3d/noisy/Fandisk0.3/Original.obj

[2026-05-18 19:11:21.680] [error] [worker:comfyui-geometrypack] INFO: Initial mesh: 6475 vertices, 12946 faces

[2026-05-18 19:11:21.697] [error] [worker:comfyui-geometrypack] INFO: Successfully loaded: 6475 vertices, 12946 faces

[2026-05-18 19:11:21.704] [error] [worker:comfyui-geometrypack] INFO: Loaded: 6475 vertices, 12946 faces

[2026-05-18 19:11:21.738] [error] [comfyui-geometrypack] Health check: ping (timeout=5.0s)...
[2026-05-18 19:11:21.739] [error] 

[2026-05-18 19:11:21.743] [error] [comfyui-geometrypack] Health check: ok

[2026-05-18 19:11:21.841] [error] [worker:comfyui-geometrypack] INFO: Mode: fields, Meshes: 3

[2026-05-18 19:11:21.848] [error] [worker:comfyui-geometrypack] INFO: Mesh 1: Mesh - 6475 vertices, 12946 faces

[2026-05-18 19:11:21.887] [error] [worker:comfyui-geometrypack] INFO: Exporting mesh to VTP: C:\Users\stduser\Documents\ComfyUI\output\preview_multi_1_ce2fd6f2.vtp

[2026-05-18 19:11:21.914] [error] [worker:comfyui-geometrypack] INFO: Adding normals field (6475 vertices)

[2026-05-18 19:11:21.953] [error] [worker:comfyui-geometrypack] INFO: Export complete: 6475 vertices, 12946 faces
[2026-05-18 19:11:21.954] [error] 

[2026-05-18 19:11:21.962] [error] [worker:comfyui-geometrypack] INFO: Exported VTP: C:\Users\stduser\Documents\ComfyUI\output\preview_multi_1_ce2fd6f2.vtp

[2026-05-18 19:11:21.976] [error] [worker:comfyui-geometrypack] INFO: Mesh 2: Mesh - 6475 vertices, 12946 faces

[2026-05-18 19:11:21.983] [error] [worker:comfyui-geometrypack] INFO: Exporting mesh to VTP: C:\Users\stduser\Documents\ComfyUI\output\preview_multi_2_ce2fd6f2.vtp

[2026-05-18 19:11:22.008] [error] [worker:comfyui-geometrypack] INFO: Adding normals field (6475 vertices)

[2026-05-18 19:11:22.048] [error] [worker:comfyui-geometrypack] INFO: Export complete: 6475 vertices, 12946 faces

[2026-05-18 19:11:22.055] [error] [worker:comfyui-geometrypack] INFO: Exported VTP: C:\Users\stduser\Documents\ComfyUI\output\preview_multi_2_ce2fd6f2.vtp

[2026-05-18 19:11:22.069] [error] [worker:comfyui-geometrypack] INFO: Mesh 3: Mesh - 6475 vertices, 12946 faces

[2026-05-18 19:11:22.076] [error] [worker:comfyui-geometrypack] INFO: Exporting mesh to VTP: C:\Users\stduser\Documents\ComfyUI\output\preview_multi_3_ce2fd6f2.vtp

[2026-05-18 19:11:22.109] [error] [worker:comfyui-geometrypack] INFO: Adding normals field (6475 vertices)

[2026-05-18 19:11:22.145] [error] [worker:comfyui-geometrypack] INFO: Export complete: 6475 vertices, 12946 faces

[2026-05-18 19:11:22.153] [error] [worker:comfyui-geometrypack] INFO: Exported VTP: C:\Users\stduser\Documents\ComfyUI\output\preview_multi_3_ce2fd6f2.vtp

[2026-05-18 19:11:22.166] [error] [worker:comfyui-geometrypack] INFO: Grid: 3x1, Preview ready

[2026-05-18 19:11:22.197] [info]  Prompt executed in 5.88 seconds

