[2026-05-09 16:55:03.640] [info]  setup plugin alembic.autogenerate.schemas

[2026-05-09 16:55:03.642] [info]  setup plugin alembic.autogenerate.tables
setup plugin alembic.autogenerate.types
setup plugin alembic.autogenerate.constraints
setup plugin alembic.autogenerate.defaults
setup plugin alembic.autogenerate.comments

[2026-05-09 16:55:04.087] [info]  Adding extra search path custom_nodes C:\Users\runneradmin\Documents\ComfyUI\custom_nodes
Adding extra search path download_model_base C:\Users\runneradmin\Documents\ComfyUI\models

[2026-05-09 16:55:04.088] [info]  Adding extra search path custom_nodes C:\Users\runneradmin\AppData\Local\Programs\ComfyUI\resources\ComfyUI\custom_nodes
Setting output directory to: C:\Users\runneradmin\Documents\ComfyUI\output
Setting input directory to: C:\Users\runneradmin\Documents\ComfyUI\input
Setting user directory to: C:\Users\runneradmin\Documents\ComfyUI\user

[2026-05-09 16:55:05.584] [info]  [START] Security scan
[DONE] Security scan
** ComfyUI startup time: 
[2026-05-09 16:55:05.585] [info]  2026-05-09 16:55:05.583
** Platform: Windows
** Python version: 3.12.11 (main, Aug 18 2025, 19:17:54) [MSC v.1944 64 bit (AMD64)]
** Python executable: C:\Users\runneradmin\Documents\ComfyUI\.venv\Scripts\python.exe
** ComfyUI Path: C:\Users\runneradmin\AppData\Local\Programs\ComfyUI\resources\ComfyUI
** ComfyUI Base Folder Path: C:\Users\runneradmin\AppData\Local\Programs\ComfyUI\resources\ComfyUI

[2026-05-09 16:55:05.586] [info]  ** User directory: C:\Users\runneradmin\Documents\ComfyUI\user
** ComfyUI-Manager config path: C:\Users\runneradmin\Documents\ComfyUI\user\__manager\config.ini
[2026-05-09 16:55:05.588] [info]  
** Log path: C:\Users\runneradmin\Documents\ComfyUI\user\comfyui.log

[2026-05-09 16:55:06.701] [info]  [ComfyUI-Manager] Skipped fixing the 'comfyui-frontend-package' dependency because the ComfyUI is outdated.

[2026-05-09 16:55:06.702] [info]  [PRE] ComfyUI-Manager

[2026-05-09 16:55:07.076] [error] [comfy-env] comfyui-geometrypack: 1 isolation env(s):
[comfy-env]   nodes -> C:\Users\runneradmin\Documents\ComfyUI\custom_nodes\comfyui-geometrypack\nodes
[comfy-env] prestartup complete

[2026-05-09 16:55:09.900] [info]  Found comfy_kitchen backend triton: {'available': False, 'disabled': True, 'unavailable_reason': "ImportError: No module named 'triton'", 'capabilities': []}

[2026-05-09 16:55:09.902] [info]  Found comfy_kitchen backend cuda: {'available': False, 'disabled': True, 'unavailable_reason': 'CUDA not available on this system', 'capabilities': []}
Found comfy_kitchen backend eager: {'available': True, 'disabled': False, 'unavailable_reason': None, 'capabilities': ['apply_rope', 'apply_rope1', 'dequantize_mxfp8', 'dequantize_nvfp4', 'dequantize_per_tensor_fp8', 'quantize_mxfp8', 'quantize_nvfp4', 'quantize_per_tensor_fp8', 'scaled_mm_mxfp8', 'scaled_mm_nvfp4']}

[2026-05-09 16:55:09.909] [info]  Checkpoint files will always be loaded safely.

[2026-05-09 16:55:09.927] [info]  Total VRAM 16379 MB, total RAM 16379 MB

[2026-05-09 16:55:09.928] [info]  pytorch version: 2.10.0+cpu
Set vram state to: DISABLED
Device: cpu

[2026-05-09 16:55:10.222] [info]  Using sub quadratic optimization for attention, if you have memory or speed issues try using: --use-split-cross-attention

[2026-05-09 16:55:12.929] [info]  Python version: 3.12.11 (main, Aug 18 2025, 19:17:54) [MSC v.1944 64 bit (AMD64)]

[2026-05-09 16:55:12.931] [info]  ComfyUI version: 0.20.1
comfy-aimdo version: 0.2.14

[2026-05-09 16:55:12.932] [info]  comfy-kitchen version: 0.2.8

[2026-05-09 16:55:12.934] [info]  [Prompt Server] web root: C:\Users\runneradmin\AppData\Local\Programs\ComfyUI\resources\ComfyUI\web_custom_versions\desktop_app

[2026-05-09 16:55:12.935] [info]  Asset seeder disabled

[2026-05-09 16:55:12.937] [info]  [START] ComfyUI-Manager

[2026-05-09 16:55:13.056] [info]  [ComfyUI-Manager] Using GitPython backend

[2026-05-09 16:55:13.133] [info]  [ComfyUI-Manager] network_mode: public

[2026-05-09 16:55:13.137] [info]  [ComfyUI-Manager] The matrix sharing feature has been disabled because the `matrix-nio` dependency is not installed.
	To use this feature, please run the following command:
	C:\Users\runneradmin\Documents\ComfyUI\.venv\Scripts\python.exe -m pip install matrix-nio


[2026-05-09 16:55:14.984] [info]  loading...

[2026-05-09 16:55:14.986] [info]  calling register_nodes

[2026-05-09 16:55:14.989] [error] [comfy-env] Version: 0.3.78
[2026-05-09 16:55:14.990] [error] 

[2026-05-09 16:55:18.387] [info]  [comfy-env] Removed stale temp dir: C:\Users\RUNNER~1\AppData\Local\Temp\comfyui_pvenv_v3hcie_s

[2026-05-09 16:55:18.767] [error] [comfy-env] register_nodes: comfyui-geometrypack
[2026-05-09 16:55:18.769] [error] 

[2026-05-09 16:55:18.785] [error] [comfy-env] ComfyUI source dir: C:\Users\runneradmin\AppData\Local\Programs\ComfyUI\resources\ComfyUI
[2026-05-09 16:55:18.786] [error] 

[2026-05-09 16:55:18.790] [error] [comfy-env] Scanning nodes metadata (isolation root)...
[2026-05-09 16:55:18.791] [error] 

[2026-05-09 16:55:18.828] [error] [comfy-env] Cache hit for nodes: 125 nodes
[2026-05-09 16:55:18.830] [error] 
[comfy-env] Scanned nodes root: 125 nodes (0.0s)

[2026-05-09 16:55:18.834] [error] [comfy-env] Imported nodes root: 125 nodes (isolation)
[2026-05-09 16:55:18.835] [error] 
[comfy-env] Registered 125 total nodes
[2026-05-09 16:55:18.837] [error] 

[2026-05-09 16:55:18.841] [info]  
Import times for custom nodes:

[2026-05-09 16:55:18.842] [info]     0.0 seconds: C:\Users\runneradmin\AppData\Local\Programs\ComfyUI\resources\ComfyUI\custom_nodes\websocket_image_save.py
   3.9 seconds: C:\Users\runneradmin\Documents\ComfyUI\custom_nodes\comfyui-geometrypack


[2026-05-09 16:55:18.845] [info]  Context impl SQLiteImpl.

[2026-05-09 16:55:18.846] [info]  Will assume non-transactional DDL.

[2026-05-09 16:55:18.854] [error] Failed to initialize database. Please ensure you have installed the latest requirements. If the error persists, please report this as in future the database will be required: Could not acquire lock on database 'C:/Users/runneradmin/Documents/ComfyUI/user/comfyui.db'. Another ComfyUI process may already be using it. Use --database-url to specify a separate database file.

[2026-05-09 16:55:18.976] [info]  Starting server


[2026-05-09 16:55:18.978] [info]  To see the GUI go to: http://127.0.0.1:8001

[2026-05-09 16:55:21.240] [info]  [ComfyUI-Manager] The ComfyRegistry cache update is still in progress, so an outdated cache is being used.

[2026-05-09 16:55:21.404] [info]  FETCH DATA from: C:\Users\runneradmin\Documents\ComfyUI\.venv\Lib\site-packages\comfyui_manager\custom-node-list.json
[2026-05-09 16:55:21.435] [info]   [DONE]

[2026-05-09 16:55:24.620] [info]  [ComfyUI-Manager] The ComfyRegistry cache update is still in progress, so an outdated cache is being used.

[2026-05-09 16:55:24.775] [info]  FETCH DATA from: C:\Users\runneradmin\Documents\ComfyUI\.venv\Lib\site-packages\comfyui_manager\custom-node-list.json
[2026-05-09 16:55:24.810] [info]   [DONE]
[2026-05-09 16:55:24.812] [info]  

[2026-05-09 16:55:44.974] [info]  got prompt

[2026-05-09 16:55:44.991] [info]  [comfyui-geometrypack] python: C:\Users\runneradmin\Documents\ComfyUI\.ce\.pixi\envs\geometrypack-nodes\python.exe
[2026-05-09 16:55:44.994] [info]  
[comfyui-geometrypack] sys_path sent to worker: ['C:\\Users\\runneradmin\\AppData\\Local\\Programs\\ComfyUI\\resources\\ComfyUI', 'C:\\Users\\runneradmin\\Documents\\ComfyUI\\custom_nodes\\comfyui-geometrypack', 'C:\\Users\\runneradmin\\Documents\\ComfyUI\\.ce\\.pixi\\envs\\geometrypack-nodes\\Lib\\site-packages', 'C:\\Users\\runneradmin\\Documents\\ComfyUI\\custom_nodes\\comfyui-geometrypack']
[2026-05-09 16:55:44.995] [info]  

[2026-05-09 16:55:50.506] [error] [worker:comfyui-geometrypack] INFO: Found mesh in input folder: 3d/Stanford_Bunny.stl

[2026-05-09 16:55:50.510] [error] [worker:comfyui-geometrypack] INFO: Loading: C:\Users\runneradmin\Documents\ComfyUI\input\3d/Stanford_Bunny.stl

[2026-05-09 16:55:50.731] [error] [worker:comfyui-geometrypack] INFO: Initial mesh: 56203 vertices, 112402 faces

[2026-05-09 16:55:50.803] [error] [worker:comfyui-geometrypack] INFO: Successfully loaded: 56203 vertices, 112402 faces

[2026-05-09 16:55:50.808] [error] [worker:comfyui-geometrypack] INFO: Loaded: 56203 vertices, 112402 faces

[2026-05-09 16:55:51.213] [error] [comfyui-geometrypack] Health check: ping (timeout=5.0s)...
[2026-05-09 16:55:51.215] [error] 
[comfyui-geometrypack] Health check: ok

[2026-05-09 16:55:51.302] [error] [worker:comfyui-geometrypack] INFO: Sampling 10,000 points using uniform method

[2026-05-09 16:55:51.341] [error] [worker:comfyui-geometrypack] INFO: Generated point cloud with 10,000 points

[2026-05-09 16:55:51.359] [error] [comfyui-geometrypack] Health check: ping (timeout=5.0s)...
[2026-05-09 16:55:51.360] [error] 

[2026-05-09 16:55:51.362] [error] [comfyui-geometrypack] Health check: ok

[2026-05-09 16:55:51.409] [error] [worker:comfyui-geometrypack] INFO: Reconstruct dispatch: poisson -> GeomPackReconstruct_Poisson

[2026-05-09 16:55:51.427] [error] [comfyui-geometrypack] Health check: ping (timeout=5.0s)...

[2026-05-09 16:55:51.429] [error] [comfyui-geometrypack] Health check: ok

[2026-05-09 16:55:51.470] [error] [worker:comfyui-geometrypack] INFO: Backend: poisson
[2026-05-09 16:55:51.471] [error] 

[2026-05-09 16:55:51.476] [error] [worker:comfyui-geometrypack] INFO: Using normals from input

[2026-05-09 16:55:51.650] [error] [worker:comfyui-geometrypack] INFO: Using PyMeshLab Poisson reconstruction...

[2026-05-09 16:55:57.818] [error] [comfyui-geometrypack] Health check: ping (timeout=5.0s)...
[2026-05-09 16:55:57.820] [error] 
[comfyui-geometrypack] Health check: ok

[2026-05-09 16:55:57.890] [error] [worker:comfyui-geometrypack] INFO: Layout: side_by_side, Mode: fields

[2026-05-09 16:55:57.893] [error] [worker:comfyui-geometrypack] INFO: Mesh 1: Mesh - 56203 vertices, 112402 faces

[2026-05-09 16:55:57.897] [error] [worker:comfyui-geometrypack] INFO: Mesh 2: Mesh - 44067 vertices, 88125 faces
[2026-05-09 16:55:57.898] [error] 

[2026-05-09 16:55:57.900] [error] [worker:comfyui-geometrypack] INFO: Mesh 1 fields: ['face.stl']

[2026-05-09 16:55:57.904] [error] [worker:comfyui-geometrypack] INFO: Mesh 2 fields: []

[2026-05-09 16:55:57.908] [error] [worker:comfyui-geometrypack] INFO: Common fields: []

[2026-05-09 16:55:57.913] [error] [worker:comfyui-geometrypack] INFO: Mesh 1 visual: kind=None, texture=False, vertex_colors=False

[2026-05-09 16:55:57.921] [error] [worker:comfyui-geometrypack] INFO: Mesh 2 visual: kind=None, texture=False, vertex_colors=False

[2026-05-09 16:55:57.925] [error] [worker:comfyui-geometrypack] INFO: Exporting mesh to VTP: C:\Users\runneradmin\Documents\ComfyUI\output\preview_dual_1_0fc9c0f0.vtp

[2026-05-09 16:55:58.180] [error] [worker:comfyui-geometrypack] INFO: Adding normals field (56203 vertices)

[2026-05-09 16:55:58.262] [error] [worker:comfyui-geometrypack] INFO: Adding face field: stl

[2026-05-09 16:55:58.463] [error] [worker:comfyui-geometrypack] INFO: Export complete: 56203 vertices, 112402 faces

[2026-05-09 16:55:58.469] [error] [worker:comfyui-geometrypack] INFO: Exported VTP with fields: C:\Users\runneradmin\Documents\ComfyUI\output\preview_dual_1_0fc9c0f0.vtp

[2026-05-09 16:55:58.507] [error] [worker:comfyui-geometrypack] INFO: Exported STL: C:\Users\runneradmin\Documents\ComfyUI\output\preview_dual_2_0fc9c0f0.stl

[2026-05-09 16:55:58.650] [error] [worker:comfyui-geometrypack] INFO: Preview ready

[2026-05-09 16:55:58.669] [info]  Prompt executed in 13.69 seconds

