[2026-05-10 03:51:08.676] [info]  setup plugin alembic.autogenerate.schemas
setup plugin alembic.autogenerate.tables

[2026-05-10 03:51:08.679] [info]  setup plugin alembic.autogenerate.types
setup plugin alembic.autogenerate.constraints
setup plugin alembic.autogenerate.defaults
setup plugin alembic.autogenerate.comments

[2026-05-10 03:51:09.131] [info]  Adding extra search path custom_nodes C:\Users\runneradmin\Documents\ComfyUI\custom_nodes
Adding extra search path download_model_base C:\Users\runneradmin\Documents\ComfyUI\models

[2026-05-10 03:51:09.133] [info]  Adding extra search path custom_nodes C:\Users\runneradmin\.comfy-test-cache\desktop\ComfyUI\resources\ComfyUI\custom_nodes
Setting output directory to: C:\Users\runneradmin\Documents\ComfyUI\output
Setting input directory to: C:\Users\runneradmin\Documents\ComfyUI\input
Setting user directory to: C:\Users\runneradmin\Documents\ComfyUI\user

[2026-05-10 03:51:10.644] [info]  [START] Security scan
[DONE] Security scan
** ComfyUI startup time: 
[2026-05-10 03:51:10.646] [info]  2026-05-10 03:51:10.645
** Platform: Windows
** Python version: 3.12.11 (main, Aug 18 2025, 19:17:54) [MSC v.1944 64 bit (AMD64)]
** Python executable: C:\Users\runneradmin\Documents\ComfyUI\.venv\Scripts\python.exe
** ComfyUI Path: C:\Users\runneradmin\.comfy-test-cache\desktop\ComfyUI\resources\ComfyUI
** ComfyUI Base Folder Path: C:\Users\runneradmin\.comfy-test-cache\desktop\ComfyUI\resources\ComfyUI

[2026-05-10 03:51:10.647] [info]  ** User directory: C:\Users\runneradmin\Documents\ComfyUI\user
** ComfyUI-Manager config path: C:\Users\runneradmin\Documents\ComfyUI\user\__manager\config.ini
** Log path: 
[2026-05-10 03:51:10.648] [info]  C:\Users\runneradmin\Documents\ComfyUI\user\comfyui.log

[2026-05-10 03:51:11.798] [info]  [ComfyUI-Manager] Skipped fixing the 'comfyui-frontend-package' dependency because the ComfyUI is outdated.

[2026-05-10 03:51:11.799] [info]  [PRE] ComfyUI-Manager

[2026-05-10 03:51:12.166] [error] [comfy-env] comfyui-geometrypack: 1 isolation env(s):
[2026-05-10 03:51:12.168] [error] 
[comfy-env]   nodes -> C:\Users\runneradmin\Documents\ComfyUI\custom_nodes\comfyui-geometrypack\nodes
[comfy-env] prestartup complete

[2026-05-10 03:51:14.993] [info]  Found comfy_kitchen backend triton: {'available': False, 'disabled': True, 'unavailable_reason': "ImportError: No module named 'triton'", 'capabilities': []}

[2026-05-10 03:51:14.995] [info]  Found comfy_kitchen backend cuda: {'available': False, 'disabled': True, 'unavailable_reason': 'CUDA not available on this system', 'capabilities': []}
Found comfy_kitchen backend eager: {'available': True, 'disabled': False, 'unavailable_reason': None, 'capabilities': ['apply_rope', 'apply_rope1', 'dequantize_mxfp8', 'dequantize_nvfp4', 'dequantize_per_tensor_fp8', 'quantize_mxfp8', 'quantize_nvfp4', 'quantize_per_tensor_fp8', 'scaled_mm_mxfp8', 'scaled_mm_nvfp4']}

[2026-05-10 03:51:15.005] [info]  Checkpoint files will always be loaded safely.

[2026-05-10 03:51:15.020] [info]  Total VRAM 16379 MB, total RAM 16379 MB

[2026-05-10 03:51:15.021] [info]  pytorch version: 2.10.0+cpu
Set vram state to: DISABLED
Device: cpu

[2026-05-10 03:51:15.329] [info]  Using sub quadratic optimization for attention, if you have memory or speed issues try using: --use-split-cross-attention

[2026-05-10 03:51:18.037] [info]  Python version: 3.12.11 (main, Aug 18 2025, 19:17:54) [MSC v.1944 64 bit (AMD64)]

[2026-05-10 03:51:18.039] [info]  ComfyUI version: 0.20.1
comfy-aimdo version: 0.2.14

[2026-05-10 03:51:18.042] [info]  comfy-kitchen version: 0.2.8

[2026-05-10 03:51:18.044] [info]  [Prompt Server] web root: C:\Users\runneradmin\.comfy-test-cache\desktop\ComfyUI\resources\ComfyUI\web_custom_versions\desktop_app

[2026-05-10 03:51:18.047] [info]  Asset seeder disabled

[2026-05-10 03:51:18.048] [info]  [START] ComfyUI-Manager

[2026-05-10 03:51:18.187] [info]  [ComfyUI-Manager] Using GitPython backend

[2026-05-10 03:51:18.259] [info]  [ComfyUI-Manager] network_mode: public

[2026-05-10 03:51:18.264] [info]  [ComfyUI-Manager] The matrix sharing feature has been disabled because the `matrix-nio` dependency is not installed.
	To use this feature, please run the following command:
	C:\Users\runneradmin\Documents\ComfyUI\.venv\Scripts\python.exe -m pip install matrix-nio


[2026-05-10 03:51:19.993] [info]  loading...

[2026-05-10 03:51:19.994] [info]  calling register_nodes

[2026-05-10 03:51:19.999] [error] [comfy-env] Version: 0.3.78
[2026-05-10 03:51:20.000] [error] 

[2026-05-10 03:51:23.406] [info]  [comfy-env] Removed stale temp dir: C:\Users\RUNNER~1\AppData\Local\Temp\comfyui_pvenv_4vd6hbn8

[2026-05-10 03:51:23.786] [error] [comfy-env] register_nodes: comfyui-geometrypack
[2026-05-10 03:51:23.787] [error] 

[2026-05-10 03:51:23.809] [error] [comfy-env] ComfyUI source dir: C:\Users\runneradmin\.comfy-test-cache\desktop\ComfyUI\resources\ComfyUI
[2026-05-10 03:51:23.811] [error] 

[2026-05-10 03:51:23.815] [error] [comfy-env] Scanning nodes metadata (isolation root)...
[2026-05-10 03:51:23.817] [error] 

[2026-05-10 03:51:23.857] [error] [comfy-env] Cache hit for nodes: 125 nodes
[2026-05-10 03:51:23.859] [error] 
[comfy-env] Scanned nodes root: 125 nodes (0.0s)

[2026-05-10 03:51:23.864] [error] [comfy-env] Imported nodes root: 125 nodes (isolation)
[2026-05-10 03:51:23.865] [error] 
[comfy-env] Registered 125 total nodes
[2026-05-10 03:51:23.867] [error] 

[2026-05-10 03:51:23.872] [info]  
Import times for custom nodes:

[2026-05-10 03:51:23.873] [info]     0.0 seconds: C:\Users\runneradmin\.comfy-test-cache\desktop\ComfyUI\resources\ComfyUI\custom_nodes\websocket_image_save.py
   3.9 seconds: C:\Users\runneradmin\Documents\ComfyUI\custom_nodes\comfyui-geometrypack


[2026-05-10 03:51:23.878] [info]  Context impl SQLiteImpl.

[2026-05-10 03:51:23.880] [info]  Will assume non-transactional DDL.

[2026-05-10 03:51:23.886] [error] Failed to initialize database. Please ensure you have installed the latest requirements. If the error persists, please report this as in future the database will be required: Could not acquire lock on database 'C:/Users/runneradmin/Documents/ComfyUI/user/comfyui.db'. Another ComfyUI process may already be using it. Use --database-url to specify a separate database file.

[2026-05-10 03:51:23.987] [info]  Starting server


[2026-05-10 03:51:23.989] [info]  To see the GUI go to: http://127.0.0.1:8001

[2026-05-10 03:51:26.150] [info]  [ComfyUI-Manager] The ComfyRegistry cache update is still in progress, so an outdated cache is being used.

[2026-05-10 03:51:26.293] [info]  FETCH DATA from: C:\Users\runneradmin\Documents\ComfyUI\.venv\Lib\site-packages\comfyui_manager\custom-node-list.json
[2026-05-10 03:51:26.322] [info]   [DONE]

[2026-05-10 03:51:28.449] [info]  [ComfyUI-Manager] The ComfyRegistry cache update is still in progress, so an outdated cache is being used.

[2026-05-10 03:51:28.588] [info]  FETCH DATA from: C:\Users\runneradmin\Documents\ComfyUI\.venv\Lib\site-packages\comfyui_manager\custom-node-list.json
[2026-05-10 03:51:28.616] [info]   [DONE]

