[2026-05-18 19:03:57.072] [info]  setup plugin alembic.autogenerate.schemas
setup plugin alembic.autogenerate.tables

[2026-05-18 19:03:57.074] [info]  setup plugin alembic.autogenerate.types
setup plugin alembic.autogenerate.constraints
setup plugin alembic.autogenerate.defaults
setup plugin alembic.autogenerate.comments

[2026-05-18 19:03:57.506] [info]  Adding extra search path custom_nodes C:\Users\stduser\Documents\ComfyUI\custom_nodes
Adding extra search path download_model_base C:\Users\stduser\Documents\ComfyUI\models
Adding extra search path custom_nodes C:\Users\stduser\.comfy-test-cache\desktop\ComfyUI\resources\ComfyUI\custom_nodes

[2026-05-18 19:03:57.508] [info]  Setting output directory to: C:\Users\stduser\Documents\ComfyUI\output
Setting input directory to: C:\Users\stduser\Documents\ComfyUI\input
Setting user directory to: C:\Users\stduser\Documents\ComfyUI\user

[2026-05-18 19:03:59.026] [info]  [START] Security scan
[DONE] Security scan
** ComfyUI startup time: 2026-05-18 19:03:59.024

[2026-05-18 19:03:59.028] [info]  ** Platform: Windows
** Python version: 3.12.11 (main, Aug 18 2025, 19:17:54) [MSC v.1944 64 bit (AMD64)]
** Python executable: C:\Users\stduser\Documents\ComfyUI\.venv\Scripts\python.exe
** ComfyUI Path: C:\Users\stduser\.comfy-test-cache\desktop\ComfyUI\resources\ComfyUI
** ComfyUI Base Folder Path: C:\Users\stduser\.comfy-test-cache\desktop\ComfyUI\resources\ComfyUI

[2026-05-18 19:03:59.030] [info]  ** User directory:
[2026-05-18 19:03:59.032] [info]   C:\Users\stduser\Documents\ComfyUI\user
** ComfyUI-Manager config path: C:\Users\stduser\Documents\ComfyUI\user\__manager\config.ini
** Log path: C:\Users\stduser\Documents\ComfyUI\user\comfyui.log

[2026-05-18 19:04:00.169] [info]  [ComfyUI-Manager] Skipped fixing the 'comfyui-frontend-package' dependency because the ComfyUI is outdated.

[2026-05-18 19:04:00.171] [info]  [PRE] ComfyUI-Manager

[2026-05-18 19:04:00.491] [error] [comfy-env] comfyui-geometrypack: 1 isolation env(s):
[2026-05-18 19:04:00.492] [error] 
[comfy-env]   nodes -> C:\Users\stduser\Documents\ComfyUI\custom_nodes\comfyui-geometrypack\nodes
[comfy-env] prestartup complete
[2026-05-18 19:04:00.494] [error] 

[2026-05-18 19:04:03.309] [info]  Found comfy_kitchen backend triton: {'available': False, 'disabled': True, 'unavailable_reason': "ImportError: No module named 'triton'", 'capabilities': []}
Found comfy_kitchen backend eager: {'available': True, 'disabled': False, 'unavailable_reason': None, 'capabilities': ['apply_rope', 'apply_rope1', 'dequantize_mxfp8', 'dequantize_nvfp4', 'dequantize_per_tensor_fp8', 'quantize_mxfp8', 'quantize_nvfp4', 'quantize_per_tensor_fp8', 'scaled_mm_mxfp8', 'scaled_mm_nvfp4']}

[2026-05-18 19:04:03.311] [info]  Found comfy_kitchen backend cuda: {'available': False, 'disabled': True, 'unavailable_reason': 'CUDA not available on this system', 'capabilities': []}

[2026-05-18 19:04:03.319] [info]  Checkpoint files will always be loaded safely.

[2026-05-18 19:04:03.336] [info]  Total VRAM 16379 MB, total RAM 16379 MB
pytorch version: 2.10.0+cpu

[2026-05-18 19:04:03.338] [info]  Set vram state to: DISABLED
Device: cpu

[2026-05-18 19:04:03.650] [info]  Using sub quadratic optimization for attention, if you have memory or speed issues try using: --use-split-cross-attention

[2026-05-18 19:04:06.206] [info]  Python version: 3.12.11 (main, Aug 18 2025, 19:17:54) [MSC v.1944 64 bit (AMD64)]

[2026-05-18 19:04:06.208] [info]  ComfyUI version: 0.21.1
comfy-aimdo version: 0.3.0

[2026-05-18 19:04:06.209] [info]  comfy-kitchen version: 0.2.8

[2026-05-18 19:04:06.212] [info]  [Prompt Server] web root: C:\Users\stduser\.comfy-test-cache\desktop\ComfyUI\resources\ComfyUI\web_custom_versions\desktop_app

[2026-05-18 19:04:06.213] [info]  Asset seeder disabled

[2026-05-18 19:04:06.214] [info]  [START] ComfyUI-Manager

[2026-05-18 19:04:06.380] [info]  [ComfyUI-Manager] Using GitPython backend

[2026-05-18 19:04:06.446] [info]  [ComfyUI-Manager] network_mode: public

[2026-05-18 19:04:06.450] [info]  [ComfyUI-Manager] The matrix sharing feature has been disabled because the `matrix-nio` dependency is not installed.
	To use this feature, please run the following command:
	C:\Users\stduser\Documents\ComfyUI\.venv\Scripts\python.exe -m pip install matrix-nio


[2026-05-18 19:04:08.215] [info]  loading...
calling register_nodes

[2026-05-18 19:04:08.221] [error] [comfy-env] Version: 0.3.84
[2026-05-18 19:04:08.222] [error] 

[2026-05-18 19:04:08.594] [info]  [comfy-env] Removed stale temp dir: C:\Users\stduser\AppData\Local\Temp\comfyui_pvenv_gb17ltz3

[2026-05-18 19:04:08.937] [error] [comfy-env] register_nodes: comfyui-geometrypack
[comfy-env] ComfyUI source dir: C:\Users\stduser\.comfy-test-cache\desktop\ComfyUI\resources\ComfyUI
[comfy-env] Scanning nodes metadata (isolation root)...

[2026-05-18 19:04:08.950] [error] [comfy-env] Cache hit for nodes: 125 nodes
[2026-05-18 19:04:08.953] [error] 

[2026-05-18 19:04:08.955] [error] [comfy-env] Scanned nodes root: 125 nodes (0.0s)

[2026-05-18 19:04:08.959] [error] [comfy-env] Imported nodes root: 125 nodes (isolation)
[2026-05-18 19:04:08.961] [error] 

[2026-05-18 19:04:08.963] [error] [comfy-env] Registered 125 total nodes
[2026-05-18 19:04:08.964] [error] 

[2026-05-18 19:04:08.971] [info]  
Import times for custom nodes:

[2026-05-18 19:04:08.972] [info]     0.0 seconds: C:\Users\stduser\.comfy-test-cache\desktop\ComfyUI\resources\ComfyUI\custom_nodes\websocket_image_save.py
   0.8 seconds: C:\Users\stduser\Documents\ComfyUI\custom_nodes\comfyui-geometrypack


[2026-05-18 19:04:08.979] [info]  Context impl SQLiteImpl.

[2026-05-18 19:04:08.984] [info]  Will assume non-transactional DDL.

[2026-05-18 19:04:08.993] [error] Failed to initialize database. Please ensure you have installed the latest requirements. If the error persists, please report this as in future the database will be required: Could not acquire lock on database 'C:/Users/stduser/Documents/ComfyUI/user/comfyui.db'. Another ComfyUI process may already be using it. Use --database-url to specify a separate database file.

[2026-05-18 19:04:09.095] [info]  Starting server


[2026-05-18 19:04:09.097] [info]  To see the GUI go to: http://127.0.0.1:8001

[2026-05-18 19:04:11.577] [info]  [ComfyUI-Manager] The ComfyRegistry cache update is still in progress, so an outdated cache is being used.

[2026-05-18 19:04:11.755] [info]  FETCH DATA from: C:\Users\stduser\Documents\ComfyUI\.venv\Lib\site-packages\comfyui_manager\custom-node-list.json
[2026-05-18 19:04:11.787] [info]   [DONE]

[2026-05-18 19:04:15.286] [info]  [ComfyUI-Manager] The ComfyRegistry cache update is still in progress, so an outdated cache is being used.

[2026-05-18 19:04:15.452] [info]  FETCH DATA from: C:\Users\stduser\Documents\ComfyUI\.venv\Lib\site-packages\comfyui_manager\custom-node-list.json
[2026-05-18 19:04:15.500] [info]   [DONE]
[2026-05-18 19:04:15.502] [info]  

[2026-05-18 19:04:35.586] [info]  got prompt

[2026-05-18 19:04:35.596] [info]  [comfyui-geometrypack] python: C:\ce\.pixi\envs\geometrypack-nodes\python.exe
[comfyui-geometrypack] sys_path sent to worker: ['C:\\Users\\stduser\\.comfy-test-cache\\desktop\\ComfyUI\\resources\\ComfyUI', 'C:\\Users\\stduser\\Documents\\ComfyUI\\custom_nodes\\comfyui-geometrypack', 'C:\\ce\\.pixi\\envs\\geometrypack-nodes\\Lib\\site-packages', 'C:\\Users\\stduser\\Documents\\ComfyUI\\custom_nodes\\comfyui-geometrypack']

[2026-05-18 19:04:38.479] [error] [worker:comfyui-geometrypack] ERROR: Failed to import comfy_kitchen, Error: No module named 'comfy_kitchen', fp8 and fp4 support will not be available.

[2026-05-18 19:04:40.807] [error] [worker:comfyui-geometrypack] INFO: Found mesh in input folder: 3d/Stanford_Bunny.stl

[2026-05-18 19:04:40.815] [error] [worker:comfyui-geometrypack] INFO: Loading: C:\Users\stduser\Documents\ComfyUI\input\3d/Stanford_Bunny.stl

[2026-05-18 19:04:41.101] [error] [worker:comfyui-geometrypack] INFO: Initial mesh: 56203 vertices, 112402 faces

[2026-05-18 19:04:41.265] [error] [worker:comfyui-geometrypack] INFO: Successfully loaded: 56203 vertices, 112402 faces
[worker:comfyui-geometrypack] INFO: Loaded: 56203 vertices, 112402 faces

[2026-05-18 19:04:42.046] [error] [comfyui-geometrypack] Health check: ping (timeout=5.0s)...
[2026-05-18 19:04:42.050] [error] 

[2026-05-18 19:04:42.051] [error] [comfyui-geometrypack] Health check: ok

[2026-05-18 19:04:42.165] [error] [worker:comfyui-geometrypack] INFO: Preparing preview: Mesh - 56203 vertices, 112402 faces

[2026-05-18 19:04:42.188] [error] [worker:comfyui-geometrypack] INFO: Exported to: C:\Users\stduser\Documents\ComfyUI\output\preview_b2cda70f.glb

[2026-05-18 19:04:42.247] [info]  Prompt executed in 6.66 seconds

