[2026-05-10 22:46:54.440] [info]  setup plugin alembic.autogenerate.schemas

[2026-05-10 22:46:54.442] [info]  setup plugin alembic.autogenerate.tables
setup plugin alembic.autogenerate.types
setup plugin alembic.autogenerate.constraints
setup plugin alembic.autogenerate.defaults
setup plugin alembic.autogenerate.comments

[2026-05-10 22:46:54.867] [info]  Adding extra search path custom_nodes C:\Users\runneradmin\Documents\ComfyUI\custom_nodes
Adding extra search path download_model_base C:\Users\runneradmin\Documents\ComfyUI\models

[2026-05-10 22:46:54.868] [info]  Adding extra search path custom_nodes C:\Users\runneradmin\.comfy-test-cache\desktop\ComfyUI\resources\ComfyUI\custom_nodes
Setting output directory to: C:\Users\runneradmin\Documents\ComfyUI\output
Setting input directory to: C:\Users\runneradmin\Documents\ComfyUI\input
Setting user directory to: C:\Users\runneradmin\Documents\ComfyUI\user

[2026-05-10 22:46:56.324] [info]  [START] Security scan
[DONE] Security scan
** ComfyUI startup time: 2026-05-10 22:46:56.324
[2026-05-10 22:46:56.325] [info]  
** Platform: Windows
** Python version: 3.12.11 (main, Aug 18 2025, 19:17:54) [MSC v.1944 64 bit (AMD64)]
** Python executable: C:\Users\runneradmin\Documents\ComfyUI\.venv\Scripts\python.exe
** ComfyUI Path: C:\Users\runneradmin\.comfy-test-cache\desktop\ComfyUI\resources\ComfyUI
** ComfyUI Base Folder Path: C:\Users\runneradmin\.comfy-test-cache\desktop\ComfyUI\resources\ComfyUI

[2026-05-10 22:46:56.327] [info]  ** User directory: C:\Users\runneradmin\Documents\ComfyUI\user
** ComfyUI-Manager config path: C:\Users\runneradmin\Documents\ComfyUI\user\__manager\config.ini
** Log path: C:\Users\runneradmin\Documents\ComfyUI\user\comfyui.log

[2026-05-10 22:46:57.429] [info]  [ComfyUI-Manager] Skipped fixing the 'comfyui-frontend-package' dependency because the ComfyUI is outdated.
[PRE] ComfyUI-Manager

[2026-05-10 22:46:57.711] [error] [comfy-env] comfyui-geometrypack: 1 isolation env(s):
[2026-05-10 22:46:57.712] [error] 
[comfy-env]   nodes -> C:\Users\runneradmin\Documents\ComfyUI\custom_nodes\comfyui-geometrypack\nodes
[comfy-env] prestartup complete

[2026-05-10 22:47:00.375] [info]  Found comfy_kitchen backend cuda: {'available': False, 'disabled': True, 'unavailable_reason': 'CUDA not available on this system', 'capabilities': []}

[2026-05-10 22:47:00.376] [info]  Found comfy_kitchen backend eager: {'available': True, 'disabled': False, 'unavailable_reason': None, 'capabilities': ['apply_rope', 'apply_rope1', 'dequantize_mxfp8', 'dequantize_nvfp4', 'dequantize_per_tensor_fp8', 'quantize_mxfp8', 'quantize_nvfp4', 'quantize_per_tensor_fp8', 'scaled_mm_mxfp8', 'scaled_mm_nvfp4']}
Found comfy_kitchen backend triton: {'available': False, 'disabled': True, 'unavailable_reason': "ImportError: No module named 'triton'", 'capabilities': []}

[2026-05-10 22:47:00.382] [info]  Checkpoint files will always be loaded safely.

[2026-05-10 22:47:00.395] [info]  Total VRAM 16379 MB, total RAM 16379 MB
pytorch version: 2.10.0+cpu

[2026-05-10 22:47:00.397] [info]  Set vram state to: DISABLED
Device: cpu

[2026-05-10 22:47:00.682] [info]  Using sub quadratic optimization for attention, if you have memory or speed issues try using: --use-split-cross-attention

[2026-05-10 22:47:03.258] [info]  Python version: 3.12.11 (main, Aug 18 2025, 19:17:54) [MSC v.1944 64 bit (AMD64)]

[2026-05-10 22:47:03.259] [info]  ComfyUI version: 0.20.1
comfy-aimdo version: 0.2.14

[2026-05-10 22:47:03.261] [info]  comfy-kitchen version: 0.2.8

[2026-05-10 22:47:03.262] [info]  [Prompt Server] web root: C:\Users\runneradmin\.comfy-test-cache\desktop\ComfyUI\resources\ComfyUI\web_custom_versions\desktop_app

[2026-05-10 22:47:03.266] [info]  Asset seeder disabled

[2026-05-10 22:47:03.267] [info]  [START] ComfyUI-Manager

[2026-05-10 22:47:03.388] [info]  [ComfyUI-Manager] Using GitPython backend

[2026-05-10 22:47:03.448] [info]  [ComfyUI-Manager] network_mode: public

[2026-05-10 22:47:03.452] [info]  [ComfyUI-Manager] The matrix sharing feature has been disabled because the `matrix-nio` dependency is not installed.
	To use this feature, please run the following command:
	C:\Users\runneradmin\Documents\ComfyUI\.venv\Scripts\python.exe -m pip install matrix-nio


[2026-05-10 22:47:05.070] [info]  loading...

[2026-05-10 22:47:05.072] [info]  calling register_nodes

[2026-05-10 22:47:05.075] [error] [comfy-env] Version: 0.3.82
[2026-05-10 22:47:05.076] [error] 

[2026-05-10 22:47:07.472] [info]  [comfy-env] Removed stale temp dir: C:\Users\RUNNER~1\AppData\Local\Temp\comfyui_pvenv_9e48dvy9

[2026-05-10 22:47:07.754] [error] [comfy-env] register_nodes: comfyui-geometrypack
[2026-05-10 22:47:07.756] [error] 

[2026-05-10 22:47:07.767] [error] [comfy-env] ComfyUI source dir: C:\Users\runneradmin\.comfy-test-cache\desktop\ComfyUI\resources\ComfyUI
[2026-05-10 22:47:07.768] [error] 

[2026-05-10 22:47:07.771] [error] [comfy-env] Scanning nodes metadata (isolation root)...
[2026-05-10 22:47:07.772] [error] 

[2026-05-10 22:47:07.803] [error] [comfy-env] Cache hit for nodes: 125 nodes
[2026-05-10 22:47:07.804] [error] 

[2026-05-10 22:47:07.806] [error] [comfy-env] Scanned nodes root: 125 nodes (0.0s)
[2026-05-10 22:47:07.807] [error] 

[2026-05-10 22:47:07.811] [error] [comfy-env] Imported nodes root: 125 nodes (isolation)
[2026-05-10 22:47:07.812] [error] 

[2026-05-10 22:47:07.813] [error] [comfy-env] Registered 125 total nodes

[2026-05-10 22:47:07.820] [info]  
Import times for custom nodes:

[2026-05-10 22:47:07.821] [info]     0.0 seconds: C:\Users\runneradmin\.comfy-test-cache\desktop\ComfyUI\resources\ComfyUI\custom_nodes\websocket_image_save.py
   2.7 seconds: C:\Users\runneradmin\Documents\ComfyUI\custom_nodes\comfyui-geometrypack


[2026-05-10 22:47:07.826] [info]  Context impl SQLiteImpl.

[2026-05-10 22:47:07.827] [info]  Will assume non-transactional DDL.

[2026-05-10 22:47:07.833] [error] Failed to initialize database. Please ensure you have installed the latest requirements. If the error persists, please report this as in future the database will be required: Could not acquire lock on database 'C:/Users/runneradmin/Documents/ComfyUI/user/comfyui.db'. Another ComfyUI process may already be using it. Use --database-url to specify a separate database file.

[2026-05-10 22:47:07.908] [info]  Starting server


[2026-05-10 22:47:07.910] [info]  To see the GUI go to: http://127.0.0.1:8001

[2026-05-10 22:47:10.815] [info]  [ComfyUI-Manager] The ComfyRegistry cache update is still in progress, so an outdated cache is being used.

[2026-05-10 22:47:10.961] [info]  FETCH DATA from: C:\Users\runneradmin\Documents\ComfyUI\.venv\Lib\site-packages\comfyui_manager\custom-node-list.json
[2026-05-10 22:47:11.003] [info]   [DONE]

[2026-05-10 22:47:12.652] [info]  [ComfyUI-Manager] The ComfyRegistry cache update is still in progress, so an outdated cache is being used.

[2026-05-10 22:47:12.772] [info]  FETCH DATA from: C:\Users\runneradmin\Documents\ComfyUI\.venv\Lib\site-packages\comfyui_manager\custom-node-list.json
[2026-05-10 22:47:12.794] [info]   [DONE]

[2026-05-10 22:47:32.389] [info]  got prompt

[2026-05-10 22:47:32.407] [info]  [comfyui-geometrypack] python: C:\ce\.pixi\envs\geometrypack-nodes\python.exe
[2026-05-10 22:47:32.409] [info]  
[comfyui-geometrypack] sys_path sent to worker: ['C:\\Users\\runneradmin\\.comfy-test-cache\\desktop\\ComfyUI\\resources\\ComfyUI', 'C:\\Users\\runneradmin\\Documents\\ComfyUI\\custom_nodes\\comfyui-geometrypack', 'C:\\ce\\.pixi\\envs\\geometrypack-nodes\\Lib\\site-packages', 'C:\\Users\\runneradmin\\Documents\\ComfyUI\\custom_nodes\\comfyui-geometrypack']

[2026-05-10 22:47:34.532] [error] [worker:comfyui-geometrypack] ERROR: Failed to import comfy_kitchen, Error: No module named 'comfy_kitchen', fp8 and fp4 support will not be available.

[2026-05-10 22:47:36.092] [error] [worker:comfyui-geometrypack] INFO: Found mesh in input folder: 3d/Stanford_Bunny.stl

[2026-05-10 22:47:36.095] [error] [worker:comfyui-geometrypack] INFO: Loading: C:\Users\runneradmin\Documents\ComfyUI\input\3d/Stanford_Bunny.stl

[2026-05-10 22:47:36.312] [error] [worker:comfyui-geometrypack] INFO: Initial mesh: 56203 vertices, 112402 faces

[2026-05-10 22:47:36.402] [error] [worker:comfyui-geometrypack] INFO: Successfully loaded: 56203 vertices, 112402 faces

[2026-05-10 22:47:36.418] [error] [worker:comfyui-geometrypack] INFO: Loaded: 56203 vertices, 112402 faces

[2026-05-10 22:47:37.134] [error] [comfyui-geometrypack] Health check: ping (timeout=5.0s)...
[2026-05-10 22:47:37.136] [error] 
[comfyui-geometrypack] Health check: ok

[2026-05-10 22:47:37.189] [error] [worker:comfyui-geometrypack] INFO: Input: 56203 vertices, 112402 faces

[2026-05-10 22:47:37.193] [error] [worker:comfyui-geometrypack] INFO: Operation: decimation

[2026-05-10 22:47:37.373] [error] [worker:comfyui-geometrypack] INFO: Output: 2502 vertices (-53701), 5000 faces (-107402)

[2026-05-10 22:47:37.394] [error] [comfyui-geometrypack] Health check: ping (timeout=5.0s)...
[2026-05-10 22:47:37.395] [error] 
[comfyui-geometrypack] Health check: ok
[2026-05-10 22:47:37.396] [error] 

[2026-05-10 22:47:37.476] [error] [worker:comfyui-geometrypack] INFO: Layout: side_by_side, Mode: fields

[2026-05-10 22:47:37.480] [error] [worker:comfyui-geometrypack] INFO: Mesh 1: Mesh - 56203 vertices, 112402 faces

[2026-05-10 22:47:37.484] [error] [worker:comfyui-geometrypack] INFO: Mesh 2: Mesh - 2502 vertices, 5000 faces

[2026-05-10 22:47:37.488] [error] [worker:comfyui-geometrypack] INFO: Mesh 1 fields: ['face.stl']

[2026-05-10 22:47:37.493] [error] [worker:comfyui-geometrypack] INFO: Mesh 2 fields: []

[2026-05-10 22:47:37.496] [error] [worker:comfyui-geometrypack] INFO: Common fields: []

[2026-05-10 22:47:37.501] [error] [worker:comfyui-geometrypack] INFO: Mesh 1 visual: kind=None, texture=False, vertex_colors=False

[2026-05-10 22:47:37.505] [error] [worker:comfyui-geometrypack] INFO: Mesh 2 visual: kind=None, texture=False, vertex_colors=False

[2026-05-10 22:47:37.510] [error] [worker:comfyui-geometrypack] INFO: Exporting mesh to VTP: C:\Users\runneradmin\Documents\ComfyUI\output\preview_dual_1_3480b7cf.vtp

[2026-05-10 22:47:37.723] [error] [worker:comfyui-geometrypack] INFO: Adding normals field (56203 vertices)

[2026-05-10 22:47:37.802] [error] [worker:comfyui-geometrypack] INFO: Adding face field: stl

[2026-05-10 22:47:37.980] [error] [worker:comfyui-geometrypack] INFO: Export complete: 56203 vertices, 112402 faces

[2026-05-10 22:47:37.988] [error] [worker:comfyui-geometrypack] INFO: Exported VTP with fields: C:\Users\runneradmin\Documents\ComfyUI\output\preview_dual_1_3480b7cf.vtp

[2026-05-10 22:47:37.995] [error] [worker:comfyui-geometrypack] INFO: Exported STL: C:\Users\runneradmin\Documents\ComfyUI\output\preview_dual_2_3480b7cf.stl

[2026-05-10 22:47:38.083] [error] [worker:comfyui-geometrypack] INFO: Preview ready

[2026-05-10 22:47:38.102] [info]  Prompt executed in 5.71 seconds

