[2026-05-09 16:52:50.317] [info]  setup plugin alembic.autogenerate.schemas

[2026-05-09 16:52:50.319] [info]  setup plugin alembic.autogenerate.tables
setup plugin alembic.autogenerate.types
setup plugin alembic.autogenerate.constraints
setup plugin alembic.autogenerate.defaults
setup plugin alembic.autogenerate.comments

[2026-05-09 16:52:50.769] [info]  Adding extra search path custom_nodes C:\Users\runneradmin\Documents\ComfyUI\custom_nodes
Adding extra search path download_model_base C:\Users\runneradmin\Documents\ComfyUI\models

[2026-05-09 16:52:50.771] [info]  Adding extra search path custom_nodes C:\Users\runneradmin\AppData\Local\Programs\ComfyUI\resources\ComfyUI\custom_nodes
Setting output directory to: C:\Users\runneradmin\Documents\ComfyUI\output
Setting input directory to: C:\Users\runneradmin\Documents\ComfyUI\input
Setting user directory to: C:\Users\runneradmin\Documents\ComfyUI\user

[2026-05-09 16:52:52.343] [info]  [START] Security scan
[DONE] Security scan
** ComfyUI startup time: 
[2026-05-09 16:52:52.345] [info]  2026-05-09 16:52:52.343
** Platform: Windows
** Python version: 3.12.11 (main, Aug 18 2025, 19:17:54) [MSC v.1944 64 bit (AMD64)]
** Python executable: C:\Users\runneradmin\Documents\ComfyUI\.venv\Scripts\python.exe
** ComfyUI Path: C:\Users\runneradmin\AppData\Local\Programs\ComfyUI\resources\ComfyUI
** ComfyUI Base Folder Path: C:\Users\runneradmin\AppData\Local\Programs\ComfyUI\resources\ComfyUI

[2026-05-09 16:52:52.346] [info]  ** User directory:
[2026-05-09 16:52:52.348] [info]   C:\Users\runneradmin\Documents\ComfyUI\user
** ComfyUI-Manager config path: C:\Users\runneradmin\Documents\ComfyUI\user\__manager\config.ini
** Log path: C:\Users\runneradmin\Documents\ComfyUI\user\comfyui.log

[2026-05-09 16:52:53.487] [info]  [ComfyUI-Manager] Skipped fixing the 'comfyui-frontend-package' dependency because the ComfyUI is outdated.

[2026-05-09 16:52:53.489] [info]  [PRE] ComfyUI-Manager

[2026-05-09 16:52:53.862] [error] [comfy-env] comfyui-geometrypack: 1 isolation env(s):
[2026-05-09 16:52:53.864] [error] 
[comfy-env]   nodes -> C:\Users\runneradmin\Documents\ComfyUI\custom_nodes\comfyui-geometrypack\nodes
[comfy-env] prestartup complete

[2026-05-09 16:52:56.668] [info]  Found comfy_kitchen backend cuda: {'available': False, 'disabled': True, 'unavailable_reason': 'CUDA not available on this system', 'capabilities': []}

[2026-05-09 16:52:56.670] [info]  Found comfy_kitchen backend eager: {'available': True, 'disabled': False, 'unavailable_reason': None, 'capabilities': ['apply_rope', 'apply_rope1', 'dequantize_mxfp8', 'dequantize_nvfp4', 'dequantize_per_tensor_fp8', 'quantize_mxfp8', 'quantize_nvfp4', 'quantize_per_tensor_fp8', 'scaled_mm_mxfp8', 'scaled_mm_nvfp4']}
Found comfy_kitchen backend triton: {'available': False, 'disabled': True, 'unavailable_reason': "ImportError: No module named 'triton'", 'capabilities': []}

[2026-05-09 16:52:56.678] [info]  Checkpoint files will always be loaded safely.

[2026-05-09 16:52:56.693] [info]  Total VRAM 16379 MB, total RAM 16379 MB

[2026-05-09 16:52:56.694] [info]  pytorch version: 2.10.0+cpu

[2026-05-09 16:52:56.695] [info]  Set vram state to: DISABLED
Device: cpu

[2026-05-09 16:52:56.994] [info]  Using sub quadratic optimization for attention, if you have memory or speed issues try using: --use-split-cross-attention

[2026-05-09 16:52:59.831] [info]  Python version: 3.12.11 (main, Aug 18 2025, 19:17:54) [MSC v.1944 64 bit (AMD64)]

[2026-05-09 16:52:59.833] [info]  ComfyUI version: 0.20.1
comfy-aimdo version: 0.2.14

[2026-05-09 16:52:59.834] [info]  comfy-kitchen version: 0.2.8

[2026-05-09 16:52:59.836] [info]  [Prompt Server] web root: C:\Users\runneradmin\AppData\Local\Programs\ComfyUI\resources\ComfyUI\web_custom_versions\desktop_app

[2026-05-09 16:52:59.838] [info]  Asset seeder disabled

[2026-05-09 16:52:59.839] [info]  [START] ComfyUI-Manager

[2026-05-09 16:52:59.959] [info]  [ComfyUI-Manager] Using GitPython backend

[2026-05-09 16:53:00.041] [info]  [ComfyUI-Manager] network_mode: public

[2026-05-09 16:53:00.045] [info]  [ComfyUI-Manager] The matrix sharing feature has been disabled because the `matrix-nio` dependency is not installed.
	To use this feature, please run the following command:
	C:\Users\runneradmin\Documents\ComfyUI\.venv\Scripts\python.exe -m pip install matrix-nio


[2026-05-09 16:53:01.809] [info]  loading...

[2026-05-09 16:53:01.810] [info]  calling register_nodes

[2026-05-09 16:53:01.814] [error] [comfy-env] Version: 0.3.78
[2026-05-09 16:53:01.815] [error] 

[2026-05-09 16:53:05.263] [info]  [comfy-env] Removed stale temp dir: C:\Users\RUNNER~1\AppData\Local\Temp\comfyui_pvenv_l60hphsh

[2026-05-09 16:53:05.623] [error] [comfy-env] register_nodes: comfyui-geometrypack
[2026-05-09 16:53:05.625] [error] 

[2026-05-09 16:53:05.638] [error] [comfy-env] ComfyUI source dir: C:\Users\runneradmin\AppData\Local\Programs\ComfyUI\resources\ComfyUI
[2026-05-09 16:53:05.640] [error] 

[2026-05-09 16:53:05.643] [error] [comfy-env] Scanning nodes metadata (isolation root)...
[2026-05-09 16:53:05.647] [error] 

[2026-05-09 16:53:05.692] [error] [comfy-env] Cache hit for nodes: 125 nodes
[2026-05-09 16:53:05.693] [error] 
[comfy-env] Scanned nodes root: 125 nodes (0.0s)

[2026-05-09 16:53:05.697] [error] [comfy-env] Imported nodes root: 125 nodes (isolation)
[2026-05-09 16:53:05.698] [error] 
[comfy-env] Registered 125 total nodes
[2026-05-09 16:53:05.700] [error] 

[2026-05-09 16:53:05.704] [info]  
Import times for custom nodes:

[2026-05-09 16:53:05.706] [info]     0.0 seconds: C:\Users\runneradmin\AppData\Local\Programs\ComfyUI\resources\ComfyUI\custom_nodes\websocket_image_save.py
   3.9 seconds: C:\Users\runneradmin\Documents\ComfyUI\custom_nodes\comfyui-geometrypack


[2026-05-09 16:53:05.709] [info]  Context impl SQLiteImpl.

[2026-05-09 16:53:05.710] [info]  Will assume non-transactional DDL.

[2026-05-09 16:53:05.717] [error] Failed to initialize database. Please ensure you have installed the latest requirements. If the error persists, please report this as in future the database will be required: Could not acquire lock on database 'C:/Users/runneradmin/Documents/ComfyUI/user/comfyui.db'. Another ComfyUI process may already be using it. Use --database-url to specify a separate database file.

[2026-05-09 16:53:05.812] [info]  Starting server


[2026-05-09 16:53:05.814] [info]  To see the GUI go to: http://127.0.0.1:8001

[2026-05-09 16:53:08.270] [info]  [ComfyUI-Manager] The ComfyRegistry cache update is still in progress, so an outdated cache is being used.

[2026-05-09 16:53:08.416] [info]  FETCH DATA from: C:\Users\runneradmin\Documents\ComfyUI\.venv\Lib\site-packages\comfyui_manager\custom-node-list.json
[2026-05-09 16:53:08.441] [info]   [DONE]

[2026-05-09 16:53:11.405] [info]  [ComfyUI-Manager] The ComfyRegistry cache update is still in progress, so an outdated cache is being used.

[2026-05-09 16:53:11.558] [info]  FETCH DATA from: C:\Users\runneradmin\Documents\ComfyUI\.venv\Lib\site-packages\comfyui_manager\custom-node-list.json
[2026-05-09 16:53:11.591] [info]   [DONE]
[2026-05-09 16:53:11.593] [info]  

[2026-05-09 16:53:31.415] [info]  got prompt

[2026-05-09 16:53:31.443] [info]  [comfyui-geometrypack] python: C:\Users\runneradmin\Documents\ComfyUI\.ce\.pixi\envs\geometrypack-nodes\python.exe
[2026-05-09 16:53:31.444] [info]  
[comfyui-geometrypack] sys_path sent to worker: ['C:\\Users\\runneradmin\\AppData\\Local\\Programs\\ComfyUI\\resources\\ComfyUI', 'C:\\Users\\runneradmin\\Documents\\ComfyUI\\custom_nodes\\comfyui-geometrypack', 'C:\\Users\\runneradmin\\Documents\\ComfyUI\\.ce\\.pixi\\envs\\geometrypack-nodes\\Lib\\site-packages', 'C:\\Users\\runneradmin\\Documents\\ComfyUI\\custom_nodes\\comfyui-geometrypack']

[2026-05-09 16:53:36.620] [error] [worker:comfyui-geometrypack] INFO: Created sphere: 162 vertices, 320 faces

[2026-05-09 16:53:37.205] [error] [comfyui-geometrypack] Health check: ping (timeout=5.0s)...
[2026-05-09 16:53:37.208] [error] 
[comfyui-geometrypack] Health check: ok

[2026-05-09 16:53:37.248] [error] [worker:comfyui-geometrypack] INFO: Created cube: 8 vertices, 12 faces

[2026-05-09 16:53:37.284] [error] [comfyui-geometrypack] Health check: ping (timeout=5.0s)...

[2026-05-09 16:53:37.288] [error] [comfyui-geometrypack] Health check: ok

[2026-05-09 16:53:37.349] [error] [worker:comfyui-geometrypack] INFO: Layout: side_by_side, Mode: fields

[2026-05-09 16:53:37.353] [error] [worker:comfyui-geometrypack] INFO: Mesh 1: Mesh - 8 vertices, 12 faces
[2026-05-09 16:53:37.354] [error] 

[2026-05-09 16:53:37.356] [error] [worker:comfyui-geometrypack] INFO: Mesh 2: Mesh - 162 vertices, 320 faces

[2026-05-09 16:53:37.361] [error] [worker:comfyui-geometrypack] INFO: Mesh 1 fields: []

[2026-05-09 16:53:37.365] [error] [worker:comfyui-geometrypack] INFO: Mesh 2 fields: []

[2026-05-09 16:53:37.372] [error] [worker:comfyui-geometrypack] INFO: Common fields: []

[2026-05-09 16:53:37.377] [error] [worker:comfyui-geometrypack] INFO: Mesh 1 visual: kind=None, texture=False, vertex_colors=False

[2026-05-09 16:53:37.381] [error] [worker:comfyui-geometrypack] INFO: Mesh 2 visual: kind=None, texture=False, vertex_colors=False

[2026-05-09 16:53:37.388] [error] [worker:comfyui-geometrypack] INFO: Exported STL: C:\Users\runneradmin\Documents\ComfyUI\output\preview_dual_1_90404c76.stl

[2026-05-09 16:53:37.393] [error] [worker:comfyui-geometrypack] INFO: Exported STL: C:\Users\runneradmin\Documents\ComfyUI\output\preview_dual_2_90404c76.stl

[2026-05-09 16:53:37.399] [error] [worker:comfyui-geometrypack] INFO: Preview ready

[2026-05-09 16:53:37.420] [info]  Prompt executed in 6.00 seconds

