[2026-05-10 03:16:02.544] [info]  setup plugin alembic.autogenerate.schemas
setup plugin alembic.autogenerate.tables

[2026-05-10 03:16:02.547] [info]  setup plugin alembic.autogenerate.types
setup plugin alembic.autogenerate.constraints
setup plugin alembic.autogenerate.defaults
setup plugin alembic.autogenerate.comments

[2026-05-10 03:16:02.997] [info]  Adding extra search path custom_nodes C:\Users\runneradmin\Documents\ComfyUI\custom_nodes
Adding extra search path download_model_base C:\Users\runneradmin\Documents\ComfyUI\models

[2026-05-10 03:16:02.999] [info]  Adding extra search path custom_nodes C:\Users\runneradmin\.comfy-test-cache\desktop\ComfyUI\resources\ComfyUI\custom_nodes
Setting output directory to: C:\Users\runneradmin\Documents\ComfyUI\output
Setting input directory to: C:\Users\runneradmin\Documents\ComfyUI\input
Setting user directory to: C:\Users\runneradmin\Documents\ComfyUI\user

[2026-05-10 03:16:04.613] [info]  [START] Security scan
[DONE] Security scan
** ComfyUI startup time: 
[2026-05-10 03:16:04.615] [info]  2026-05-10 03:16:04.614
** Platform: Windows
** Python version: 3.12.11 (main, Aug 18 2025, 19:17:54) [MSC v.1944 64 bit (AMD64)]
** Python executable: C:\Users\runneradmin\Documents\ComfyUI\.venv\Scripts\python.exe
** ComfyUI Path: C:\Users\runneradmin\.comfy-test-cache\desktop\ComfyUI\resources\ComfyUI
** ComfyUI Base Folder Path: C:\Users\runneradmin\.comfy-test-cache\desktop\ComfyUI\resources\ComfyUI

[2026-05-10 03:16:04.654] [info]  ** User directory:
[2026-05-10 03:16:04.655] [info]   C:\Users\runneradmin\Documents\ComfyUI\user
** ComfyUI-Manager config path: C:\Users\runneradmin\Documents\ComfyUI\user\__manager\config.ini
** Log path: C:\Users\runneradmin\Documents\ComfyUI\user\comfyui.log

[2026-05-10 03:16:05.880] [info]  [ComfyUI-Manager] Skipped fixing the 'comfyui-frontend-package' dependency because the ComfyUI is outdated.

[2026-05-10 03:16:05.882] [info]  [PRE] ComfyUI-Manager

[2026-05-10 03:16:06.318] [error] [comfy-env] comfyui-geometrypack: 1 isolation env(s):
[2026-05-10 03:16:06.319] [error] 
[comfy-env]   nodes -> C:\Users\runneradmin\Documents\ComfyUI\custom_nodes\comfyui-geometrypack\nodes
[comfy-env] prestartup complete

[2026-05-10 03:16:09.630] [info]  Found comfy_kitchen backend cuda: {'available': False, 'disabled': True, 'unavailable_reason': 'CUDA not available on this system', 'capabilities': []}

[2026-05-10 03:16:09.632] [info]  Found comfy_kitchen backend eager: {'available': True, 'disabled': False, 'unavailable_reason': None, 'capabilities': ['apply_rope', 'apply_rope1', 'dequantize_mxfp8', 'dequantize_nvfp4', 'dequantize_per_tensor_fp8', 'quantize_mxfp8', 'quantize_nvfp4', 'quantize_per_tensor_fp8', 'scaled_mm_mxfp8', 'scaled_mm_nvfp4']}
Found comfy_kitchen backend triton: {'available': False, 'disabled': True, 'unavailable_reason': "ImportError: No module named 'triton'", 'capabilities': []}

[2026-05-10 03:16:09.639] [info]  Checkpoint files will always be loaded safely.

[2026-05-10 03:16:09.657] [info]  Total VRAM 16379 MB, total RAM 16379 MB

[2026-05-10 03:16:09.658] [info]  pytorch version: 2.10.0+cpu
Set vram state to: DISABLED
Device: cpu

[2026-05-10 03:16:09.991] [info]  Using sub quadratic optimization for attention, if you have memory or speed issues try using: --use-split-cross-attention

[2026-05-10 03:16:12.882] [info]  Python version: 3.12.11 (main, Aug 18 2025, 19:17:54) [MSC v.1944 64 bit (AMD64)]

[2026-05-10 03:16:12.884] [info]  ComfyUI version: 0.20.1
comfy-aimdo version: 0.2.14

[2026-05-10 03:16:12.886] [info]  comfy-kitchen version: 0.2.8

[2026-05-10 03:16:12.888] [info]  [Prompt Server] web root: C:\Users\runneradmin\.comfy-test-cache\desktop\ComfyUI\resources\ComfyUI\web_custom_versions\desktop_app

[2026-05-10 03:16:12.891] [info]  Asset seeder disabled
[START] ComfyUI-Manager

[2026-05-10 03:16:13.026] [info]  [ComfyUI-Manager] Using GitPython backend

[2026-05-10 03:16:13.099] [info]  [ComfyUI-Manager] network_mode: public

[2026-05-10 03:16:13.103] [info]  [ComfyUI-Manager] The matrix sharing feature has been disabled because the `matrix-nio` dependency is not installed.
	To use this feature, please run the following command:
	C:\Users\runneradmin\Documents\ComfyUI\.venv\Scripts\python.exe -m pip install matrix-nio


[2026-05-10 03:16:14.975] [info]  loading...

[2026-05-10 03:16:14.977] [info]  calling register_nodes

[2026-05-10 03:16:14.980] [error] [comfy-env] Version: 0.3.78
[2026-05-10 03:16:14.981] [error] 

[2026-05-10 03:16:18.419] [info]  [comfy-env] Removed stale temp dir: C:\Users\RUNNER~1\AppData\Local\Temp\comfyui_pvenv_nm2v9jwj

[2026-05-10 03:16:18.845] [error] [comfy-env] register_nodes: comfyui-geometrypack
[2026-05-10 03:16:18.847] [error] 

[2026-05-10 03:16:18.868] [error] [comfy-env] ComfyUI source dir: C:\Users\runneradmin\.comfy-test-cache\desktop\ComfyUI\resources\ComfyUI
[2026-05-10 03:16:18.869] [error] 

[2026-05-10 03:16:18.873] [error] [comfy-env] Scanning nodes metadata (isolation root)...
[2026-05-10 03:16:18.875] [error] 

[2026-05-10 03:16:18.955] [error] [comfy-env] Cache hit for nodes: 125 nodes
[comfy-env] Scanned nodes root: 125 nodes (0.0s)
[comfy-env] Imported nodes root: 125 nodes (isolation)
[comfy-env] Registered 125 total nodes
Failed to initialize database. Please ensure you have installed the latest requirements. If the error persists, please report this as in future the database will be required: Could not acquire lock on database 'C:/Users/runneradmin/Documents/ComfyUI/user/comfyui.db'. Another ComfyUI process may already be using it. Use --database-url to specify a separate database file.

[2026-05-10 03:16:18.956] [info]  
Import times for custom nodes:
   0.0 seconds: C:\Users\runneradmin\.comfy-test-cache\desktop\ComfyUI\resources\ComfyUI\custom_nodes\websocket_image_save.py
   4.0 seconds: C:\Users\runneradmin\Documents\ComfyUI\custom_nodes\comfyui-geometrypack

Context impl SQLiteImpl.
Will assume non-transactional DDL.

[2026-05-10 03:16:19.042] [info]  Starting server


[2026-05-10 03:16:19.043] [info]  To see the GUI go to: http://127.0.0.1:8001

[2026-05-10 03:16:22.451] [info]  [ComfyUI-Manager] The ComfyRegistry cache update is still in progress, so an outdated cache is being used.

[2026-05-10 03:16:22.685] [info]  FETCH DATA from: C:\Users\runneradmin\Documents\ComfyUI\.venv\Lib\site-packages\comfyui_manager\custom-node-list.json
[2026-05-10 03:16:22.746] [info]   [DONE]
[2026-05-10 03:16:22.748] [info]  

[2026-05-10 03:16:23.585] [error] Exception in callback _ProactorBasePipeTransport._call_connection_lost(None)
handle: <Handle _ProactorBasePipeTransport._call_connection_lost(None)>
Traceback (most recent call last):
  File "C:\Users\runneradmin\AppData\Roaming\uv\python\cpython-3.12.11-windows-x86_64-none\Lib\asyncio\events.py", line 88, in _run
    self._context.run(self._callback, *self._args)
  File "C:\Users\runneradmin\AppData\Roaming\uv\python\cpython-3.12.11-windows-x86_64-none\Lib\asyncio\proactor_events.py", line 165, in _call_connection_lost
    self._sock.shutdown(socket.SHUT_RDWR)
ConnectionResetError: [WinError 10054] An existing connection was forcibly closed by the remote host

[2026-05-10 03:16:25.171] [info]  [ComfyUI-Manager] The ComfyRegistry cache update is still in progress, so an outdated cache is being used.

[2026-05-10 03:16:25.380] [info]  FETCH DATA from: C:\Users\runneradmin\Documents\ComfyUI\.venv\Lib\site-packages\comfyui_manager\custom-node-list.json
[2026-05-10 03:16:25.421] [info]   [DONE]

[2026-05-10 03:16:45.380] [info]  got prompt

[2026-05-10 03:16:45.401] [info]  [comfyui-geometrypack] python: C:\Users\runneradmin\Documents\ComfyUI\.ce\.pixi\envs\geometrypack-nodes\python.exe

[2026-05-10 03:16:45.402] [info]  [comfyui-geometrypack] sys_path sent to worker: ['C:\\Users\\runneradmin\\.comfy-test-cache\\desktop\\ComfyUI\\resources\\ComfyUI', 'C:\\Users\\runneradmin\\Documents\\ComfyUI\\custom_nodes\\comfyui-geometrypack', 'C:\\Users\\runneradmin\\Documents\\ComfyUI\\.ce\\.pixi\\envs\\geometrypack-nodes\\Lib\\site-packages', 'C:\\Users\\runneradmin\\Documents\\ComfyUI\\custom_nodes\\comfyui-geometrypack']

[2026-05-10 03:16:51.239] [error] [worker:comfyui-geometrypack] INFO: Created sphere: 162 vertices, 320 faces

[2026-05-10 03:16:52.003] [error] [comfyui-geometrypack] Health check: ping (timeout=5.0s)...
[2026-05-10 03:16:52.005] [error] 
[comfyui-geometrypack] Health check: ok

[2026-05-10 03:16:52.243] [error] [worker:comfyui-geometrypack] INFO: Created cube: 8 vertices, 12 faces

[2026-05-10 03:16:52.290] [error] [comfyui-geometrypack] Health check: ping (timeout=5.0s)...
[2026-05-10 03:16:52.291] [error] 

[2026-05-10 03:16:52.308] [error] [comfyui-geometrypack] Health check: ok
[2026-05-10 03:16:52.309] [error] 

[2026-05-10 03:16:52.504] [error] [worker:comfyui-geometrypack] INFO: Layout: side_by_side, Mode: fields

[2026-05-10 03:16:52.513] [error] [worker:comfyui-geometrypack] INFO: Mesh 1: Mesh - 8 vertices, 12 faces

[2026-05-10 03:16:52.534] [error] [worker:comfyui-geometrypack] INFO: Mesh 2: Mesh - 162 vertices, 320 faces

[2026-05-10 03:16:52.539] [error] [worker:comfyui-geometrypack] INFO: Mesh 1 fields: []

[2026-05-10 03:16:52.565] [error] [worker:comfyui-geometrypack] INFO: Mesh 2 fields: []

[2026-05-10 03:16:52.586] [error] [worker:comfyui-geometrypack] INFO: Common fields: []

[2026-05-10 03:16:52.611] [error] [worker:comfyui-geometrypack] INFO: Mesh 1 visual: kind=None, texture=False, vertex_colors=False

[2026-05-10 03:16:52.631] [error] [worker:comfyui-geometrypack] INFO: Mesh 2 visual: kind=None, texture=False, vertex_colors=False

[2026-05-10 03:16:52.654] [error] [worker:comfyui-geometrypack] INFO: Exported STL: C:\Users\runneradmin\Documents\ComfyUI\output\preview_dual_1_24709e7d.stl

[2026-05-10 03:16:52.660] [error] [worker:comfyui-geometrypack] INFO: Exported STL: C:\Users\runneradmin\Documents\ComfyUI\output\preview_dual_2_24709e7d.stl

[2026-05-10 03:16:52.683] [error] [worker:comfyui-geometrypack] INFO: Preview ready

[2026-05-10 03:16:52.750] [error] [comfyui-geometrypack] Health check: ping (timeout=5.0s)...
[2026-05-10 03:16:52.751] [error] 

[2026-05-10 03:16:52.754] [error] [comfyui-geometrypack] Health check: ok

[2026-05-10 03:16:52.969] [error] [worker:comfyui-geometrypack] INFO: Boolean dispatch: libigl_cgal -> GeomPackBoolean_LibiglCGAL
[2026-05-10 03:16:52.971] [error] 

[2026-05-10 03:16:53.054] [error] [comfyui-geometrypack] Health check: ping (timeout=5.0s)...
[2026-05-10 03:16:53.056] [error] 

[2026-05-10 03:16:53.079] [error] [comfyui-geometrypack] Health check: ok

[2026-05-10 03:16:53.250] [error] [worker:comfyui-geometrypack] INFO: Backend: libigl_cgal

[2026-05-10 03:16:53.254] [error] [worker:comfyui-geometrypack] INFO: Mesh A: 8 vertices, 12 faces

[2026-05-10 03:16:53.260] [error] [worker:comfyui-geometrypack] INFO: Mesh B: 162 vertices, 320 faces

[2026-05-10 03:16:53.279] [error] [worker:comfyui-geometrypack] INFO: Operation: union

[2026-05-10 03:16:53.491] [error] [worker:comfyui-geometrypack] INFO: Success: 302 vertices, 600 faces

[2026-05-10 03:16:53.558] [error] [comfyui-geometrypack] Health check: ping (timeout=5.0s)...

[2026-05-10 03:16:53.572] [error] [comfyui-geometrypack] Health check: ok

[2026-05-10 03:16:53.713] [error] [worker:comfyui-geometrypack] INFO: Preparing preview: Mesh - 302 vertices, 600 faces

[2026-05-10 03:16:53.719] [error] [worker:comfyui-geometrypack] INFO: Mode: fields

[2026-05-10 03:16:53.738] [error] [worker:comfyui-geometrypack] INFO: Visual data - has_visual: True, kind: None, texture: False, vertex_colors: False

[2026-05-10 03:16:53.745] [error] [worker:comfyui-geometrypack] INFO: Using fields mode - VTP export

[2026-05-10 03:16:53.768] [error] [worker:comfyui-geometrypack] INFO: Exporting mesh to VTP: C:\Users\runneradmin\Documents\ComfyUI\output\preview_vtk_b055eafc.vtp

[2026-05-10 03:16:53.791] [error] [worker:comfyui-geometrypack] INFO: Adding normals field (302 vertices)

[2026-05-10 03:16:53.807] [error] [worker:comfyui-geometrypack] INFO: Export complete: 302 vertices, 600 faces

[2026-05-10 03:16:53.813] [error] [worker:comfyui-geometrypack] INFO: Exported VTP to: C:\Users\runneradmin\Documents\ComfyUI\output\preview_vtk_b055eafc.vtp

[2026-05-10 03:16:53.820] [error] [worker:comfyui-geometrypack] INFO: Fields mode info: watertight=True, volume=9.214489033870414, area=25.093742655540616, no fields

[2026-05-10 03:16:53.868] [info]  Prompt executed in 8.49 seconds

