[2026-05-18 19:11:38.380] [info]  setup plugin alembic.autogenerate.schemas

[2026-05-18 19:11:38.382] [info]  setup plugin alembic.autogenerate.tables
setup plugin alembic.autogenerate.types
setup plugin alembic.autogenerate.constraints
setup plugin alembic.autogenerate.defaults
setup plugin alembic.autogenerate.comments

[2026-05-18 19:11:38.833] [info]  Adding extra search path custom_nodes C:\Users\stduser\Documents\ComfyUI\custom_nodes
Adding extra search path download_model_base C:\Users\stduser\Documents\ComfyUI\models
Adding extra search path custom_nodes C:\Users\stduser\.comfy-test-cache\desktop\ComfyUI\resources\ComfyUI\custom_nodes

[2026-05-18 19:11:38.835] [info]  Setting output directory to: C:\Users\stduser\Documents\ComfyUI\output
Setting input directory to: C:\Users\stduser\Documents\ComfyUI\input
Setting user directory to: C:\Users\stduser\Documents\ComfyUI\user

[2026-05-18 19:11:40.350] [info]  [START] Security scan
[DONE] Security scan
** ComfyUI startup time: 2026-05-18 19:11:40.350
[2026-05-18 19:11:40.352] [info]  
** Platform: Windows
** Python version: 3.12.11 (main, Aug 18 2025, 19:17:54) [MSC v.1944 64 bit (AMD64)]
** Python executable: C:\Users\stduser\Documents\ComfyUI\.venv\Scripts\python.exe
** ComfyUI Path: C:\Users\stduser\.comfy-test-cache\desktop\ComfyUI\resources\ComfyUI
** ComfyUI Base Folder Path: C:\Users\stduser\.comfy-test-cache\desktop\ComfyUI\resources\ComfyUI

[2026-05-18 19:11:40.354] [info]  ** User directory: 
[2026-05-18 19:11:40.355] [info]  C:\Users\stduser\Documents\ComfyUI\user
** ComfyUI-Manager config path: C:\Users\stduser\Documents\ComfyUI\user\__manager\config.ini
** Log path: C:\Users\stduser\Documents\ComfyUI\user\comfyui.log

[2026-05-18 19:11:41.494] [info]  [ComfyUI-Manager] Skipped fixing the 'comfyui-frontend-package' dependency because the ComfyUI is outdated.

[2026-05-18 19:11:41.496] [info]  [PRE] ComfyUI-Manager

[2026-05-18 19:11:41.838] [error] [comfy-env] comfyui-geometrypack: 1 isolation env(s):
[2026-05-18 19:11:41.840] [error] 
[comfy-env]   nodes -> C:\Users\stduser\Documents\ComfyUI\custom_nodes\comfyui-geometrypack\nodes
[comfy-env] prestartup complete

[2026-05-18 19:11:44.734] [info]  Found comfy_kitchen backend triton: {'available': False, 'disabled': True, 'unavailable_reason': "ImportError: No module named 'triton'", 'capabilities': []}

[2026-05-18 19:11:44.736] [info]  Found comfy_kitchen backend cuda: {'available': False, 'disabled': True, 'unavailable_reason': 'CUDA not available on this system', 'capabilities': []}
Found comfy_kitchen backend eager: {'available': True, 'disabled': False, 'unavailable_reason': None, 'capabilities': ['apply_rope', 'apply_rope1', 'dequantize_mxfp8', 'dequantize_nvfp4', 'dequantize_per_tensor_fp8', 'quantize_mxfp8', 'quantize_nvfp4', 'quantize_per_tensor_fp8', 'scaled_mm_mxfp8', 'scaled_mm_nvfp4']}

[2026-05-18 19:11:44.743] [info]  Checkpoint files will always be loaded safely.

[2026-05-18 19:11:44.758] [info]  Total VRAM 16379 MB, total RAM 16379 MB
pytorch version: 2.10.0+cpu

[2026-05-18 19:11:44.760] [info]  Set vram state to: DISABLED

[2026-05-18 19:11:44.762] [info]  Device: cpu

[2026-05-18 19:11:45.059] [info]  Using sub quadratic optimization for attention, if you have memory or speed issues try using: --use-split-cross-attention

[2026-05-18 19:11:47.666] [info]  Python version: 3.12.11 (main, Aug 18 2025, 19:17:54) [MSC v.1944 64 bit (AMD64)]

[2026-05-18 19:11:47.668] [info]  ComfyUI version: 0.21.1
comfy-aimdo version: 0.3.0

[2026-05-18 19:11:47.670] [info]  comfy-kitchen version: 0.2.8

[2026-05-18 19:11:47.672] [info]  [Prompt Server] web root: C:\Users\stduser\.comfy-test-cache\desktop\ComfyUI\resources\ComfyUI\web_custom_versions\desktop_app

[2026-05-18 19:11:47.674] [info]  Asset seeder disabled

[2026-05-18 19:11:47.675] [info]  [START] ComfyUI-Manager

[2026-05-18 19:11:47.843] [info]  [ComfyUI-Manager] Using GitPython backend
[2026-05-18 19:11:47.845] [info]  

[2026-05-18 19:11:47.913] [info]  [ComfyUI-Manager] network_mode: public

[2026-05-18 19:11:47.917] [info]  [ComfyUI-Manager] The matrix sharing feature has been disabled because the `matrix-nio` dependency is not installed.
	To use this feature, please run the following command:
	C:\Users\stduser\Documents\ComfyUI\.venv\Scripts\python.exe -m pip install matrix-nio


[2026-05-18 19:11:49.762] [info]  loading...

[2026-05-18 19:11:49.764] [info]  calling register_nodes

[2026-05-18 19:11:49.768] [error] [comfy-env] Version: 0.3.84
[2026-05-18 19:11:49.770] [error] 

[2026-05-18 19:11:50.179] [info]  [comfy-env] Removed stale temp dir: C:\Users\stduser\AppData\Local\Temp\comfyui_pvenv_4bwz6_ws

[2026-05-18 19:11:50.510] [error] [comfy-env] register_nodes: comfyui-geometrypack
[2026-05-18 19:11:50.512] [error] 

[2026-05-18 19:11:50.528] [error] [comfy-env] ComfyUI source dir: C:\Users\stduser\.comfy-test-cache\desktop\ComfyUI\resources\ComfyUI
[2026-05-18 19:11:50.530] [error] 

[2026-05-18 19:11:50.537] [error] [comfy-env] Scanning nodes metadata (isolation root)...
[2026-05-18 19:11:50.538] [error] 

[2026-05-18 19:11:50.599] [error] [comfy-env] Cache hit for nodes: 125 nodes
[2026-05-18 19:11:50.600] [error] 
[comfy-env] Scanned nodes root: 125 nodes (0.1s)

[2026-05-18 19:11:50.603] [error] [comfy-env] Imported nodes root: 125 nodes (isolation)
[2026-05-18 19:11:50.604] [error] 

[2026-05-18 19:11:50.606] [error] [comfy-env] Registered 125 total nodes

[2026-05-18 19:11:50.610] [info]  
Import times for custom nodes:

[2026-05-18 19:11:50.611] [info]     0.0 seconds: C:\Users\stduser\.comfy-test-cache\desktop\ComfyUI\resources\ComfyUI\custom_nodes\websocket_image_save.py
   0.8 seconds: C:\Users\stduser\Documents\ComfyUI\custom_nodes\comfyui-geometrypack


[2026-05-18 19:11:50.618] [info]  Context impl SQLiteImpl.

[2026-05-18 19:11:50.666] [info]  Will assume non-transactional DDL.

[2026-05-18 19:11:50.666] [error] Failed to initialize database. Please ensure you have installed the latest requirements. If the error persists, please report this as in future the database will be required: Could not acquire lock on database 'C:/Users/stduser/Documents/ComfyUI/user/comfyui.db'. Another ComfyUI process may already be using it. Use --database-url to specify a separate database file.

[2026-05-18 19:11:50.735] [info]  Starting server


[2026-05-18 19:11:50.736] [info]  To see the GUI go to: http://127.0.0.1:8001

[2026-05-18 19:11:53.970] [info]  [ComfyUI-Manager] The ComfyRegistry cache update is still in progress, so an outdated cache is being used.

[2026-05-18 19:11:54.137] [info]  FETCH DATA from: C:\Users\stduser\Documents\ComfyUI\.venv\Lib\site-packages\comfyui_manager\custom-node-list.json
[2026-05-18 19:11:54.185] [info]   [DONE]
[2026-05-18 19:11:54.186] [info]  

[2026-05-18 19:11:57.371] [info]  [ComfyUI-Manager] The ComfyRegistry cache update is still in progress, so an outdated cache is being used.

[2026-05-18 19:11:57.479] [info]  FETCH DATA from: C:\Users\stduser\Documents\ComfyUI\.venv\Lib\site-packages\comfyui_manager\custom-node-list.json
[2026-05-18 19:11:57.503] [info]   [DONE]

[2026-05-18 19:12:18.397] [info]  got prompt

[2026-05-18 19:12:18.411] [info]  [comfyui-geometrypack] python: C:\ce\.pixi\envs\geometrypack-nodes\python.exe
[2026-05-18 19:12:18.414] [info]  

[2026-05-18 19:12:18.415] [info]  [comfyui-geometrypack] sys_path sent to worker: ['C:\\Users\\stduser\\.comfy-test-cache\\desktop\\ComfyUI\\resources\\ComfyUI', 'C:\\Users\\stduser\\Documents\\ComfyUI\\custom_nodes\\comfyui-geometrypack', 'C:\\ce\\.pixi\\envs\\geometrypack-nodes\\Lib\\site-packages', 'C:\\Users\\stduser\\Documents\\ComfyUI\\custom_nodes\\comfyui-geometrypack']

[2026-05-18 19:12:20.761] [error] [worker:comfyui-geometrypack] ERROR: Failed to import comfy_kitchen, Error: No module named 'comfy_kitchen', fp8 and fp4 support will not be available.

[2026-05-18 19:12:22.484] [error] [worker:comfyui-geometrypack] INFO: Found mesh in input folder: 3d/noisy/Fandisk0.3/Noisy.obj

[2026-05-18 19:12:22.492] [error] [worker:comfyui-geometrypack] INFO: Loading: C:\Users\stduser\Documents\ComfyUI\input\3d/noisy/Fandisk0.3/Noisy.obj

[2026-05-18 19:12:22.528] [error] [worker:comfyui-geometrypack] INFO: Initial mesh: 6475 vertices, 12946 faces

[2026-05-18 19:12:22.542] [error] [worker:comfyui-geometrypack] INFO: Successfully loaded: 6475 vertices, 12946 faces

[2026-05-18 19:12:22.551] [error] [worker:comfyui-geometrypack] INFO: Loaded: 6475 vertices, 12946 faces

[2026-05-18 19:12:22.960] [error] [comfyui-geometrypack] Health check: ping (timeout=5.0s)...
[2026-05-18 19:12:22.962] [error] 
[comfyui-geometrypack] Health check: ok

[2026-05-18 19:12:23.054] [error] [worker:comfyui-geometrypack] INFO: Sharpen dispatch: fast_effective -> GeomPackSharpen_FastEffective

[2026-05-18 19:12:23.087] [error] [comfyui-geometrypack] Health check: ping (timeout=5.0s)...
[2026-05-18 19:12:23.089] [error] 

[2026-05-18 19:12:23.091] [error] [comfyui-geometrypack] Health check: ok

[2026-05-18 19:12:23.189] [error] [worker:comfyui-geometrypack] INFO: Sharpen dispatch: non_iterative -> GeomPackSharpen_NonIterative

[2026-05-18 19:12:23.220] [error] [comfyui-geometrypack] Health check: ping (timeout=5.0s)...

[2026-05-18 19:12:23.229] [error] [comfyui-geometrypack] Health check: ok

[2026-05-18 19:12:23.307] [error] [worker:comfyui-geometrypack] INFO: Sharpen dispatch: guided_normal -> GeomPackSharpen_GuidedNormal

[2026-05-18 19:12:23.341] [error] [comfyui-geometrypack] Health check: ping (timeout=5.0s)...
[2026-05-18 19:12:23.343] [error] 

[2026-05-18 19:12:23.346] [error] [comfyui-geometrypack] Health check: ok

[2026-05-18 19:12:23.429] [error] [worker:comfyui-geometrypack] INFO: Sharpen dispatch: l0_minimize -> GeomPackSharpen_L0Minimize

[2026-05-18 19:12:23.460] [error] [comfyui-geometrypack] Health check: ping (timeout=5.0s)...
[2026-05-18 19:12:23.462] [error] 

[2026-05-18 19:12:23.465] [error] [comfyui-geometrypack] Health check: ok

[2026-05-18 19:12:23.547] [error] [worker:comfyui-geometrypack] INFO: Sharpen dispatch: libigl_unsharp -> GeomPackSharpen_LibiglUnsharp

[2026-05-18 19:12:23.578] [error] [comfyui-geometrypack] Health check: ping (timeout=5.0s)...
[2026-05-18 19:12:23.581] [error] 

[2026-05-18 19:12:23.586] [error] [comfyui-geometrypack] Health check: ok

[2026-05-18 19:12:23.678] [error] [worker:comfyui-geometrypack] INFO: Sharpen dispatch: unsharp_mask -> GeomPackSharpen_UnsharpMask

[2026-05-18 19:12:23.709] [error] [comfyui-geometrypack] Health check: ping (timeout=5.0s)...

[2026-05-18 19:12:23.714] [error] [comfyui-geometrypack] Health check: ok

[2026-05-18 19:12:23.794] [error] [worker:comfyui-geometrypack] INFO: Sharpen dispatch: two_step -> GeomPackSharpen_TwoStep

[2026-05-18 19:12:23.826] [error] [comfyui-geometrypack] Health check: ping (timeout=5.0s)...
[2026-05-18 19:12:23.828] [error] 

[2026-05-18 19:12:23.831] [error] [comfyui-geometrypack] Health check: ok

[2026-05-18 19:12:23.908] [error] [worker:comfyui-geometrypack] INFO: Backend: fast_effective

[2026-05-18 19:12:23.915] [error] [worker:comfyui-geometrypack] INFO: Input: 6475 vertices, 12946 faces

[2026-05-18 19:12:23.922] [error] [worker:comfyui-geometrypack] INFO: Parameters: threshold_T=0.200, normal_iter=10, vertex_iter=20

[2026-05-18 19:12:35.035] [error] [worker:comfyui-geometrypack] INFO: Output: 6475 vertices, 12946 faces

[2026-05-18 19:12:35.037] [error] [worker:comfyui-geometrypack] INFO: Avg vertex displacement: 0.026954, max: 0.126612

[2026-05-18 19:12:35.077] [error] [comfyui-geometrypack] Health check: ping (timeout=5.0s)...
[2026-05-18 19:12:35.080] [error] 

[2026-05-18 19:12:35.084] [error] [comfyui-geometrypack] Health check: ok

[2026-05-18 19:12:35.193] [error] [worker:comfyui-geometrypack] INFO: Backend: non_iterative

[2026-05-18 19:12:35.201] [error] [worker:comfyui-geometrypack] INFO: Input: 6475 vertices, 12946 faces

[2026-05-18 19:12:35.208] [error] [worker:comfyui-geometrypack] INFO: Parameters: sigma_f=1.000, sigma_g=1.000

[2026-05-18 19:12:44.835] [error] [worker:comfyui-geometrypack] INFO: Output: 6475 vertices, 12946 faces

[2026-05-18 19:12:44.842] [error] [worker:comfyui-geometrypack] INFO: Avg vertex displacement: 0.021192, max: 0.087476

[2026-05-18 19:12:44.875] [error] [comfyui-geometrypack] Health check: ping (timeout=5.0s)...

[2026-05-18 19:12:44.882] [error] [comfyui-geometrypack] Health check: ok

[2026-05-18 19:12:44.970] [error] [worker:comfyui-geometrypack] INFO: Backend: guided_normal

[2026-05-18 19:12:44.978] [error] [worker:comfyui-geometrypack] INFO: Input: 6475 vertices, 12946 faces

[2026-05-18 19:12:44.986] [error] [worker:comfyui-geometrypack] INFO: Parameters: normal_iter=5, vertex_iter=10, sigma_s=1.00, sigma_r=0.350

[2026-05-18 19:13:18.825] [error] [worker:comfyui-geometrypack] INFO: Output: 6475 vertices, 12946 faces

[2026-05-18 19:13:18.833] [error] [worker:comfyui-geometrypack] INFO: Avg vertex displacement: 0.025300, max: 0.123510

[2026-05-18 19:13:18.866] [error] [comfyui-geometrypack] Health check: ping (timeout=5.0s)...
[2026-05-18 19:13:18.869] [error] 

[2026-05-18 19:13:18.872] [error] [comfyui-geometrypack] Health check: ok

[2026-05-18 19:13:18.955] [error] [worker:comfyui-geometrypack] INFO: Backend: l0_minimize

[2026-05-18 19:13:18.965] [error] [worker:comfyui-geometrypack] INFO: Input: 6475 vertices, 12946 faces

[2026-05-18 19:13:18.974] [error] [worker:comfyui-geometrypack] INFO: Parameters: alpha=0.0010, beta=2.0, iterations=10

[2026-05-18 19:13:21.853] [info]  FETCH ComfyRegistry Data [DONE]

[2026-05-18 19:13:22.181] [info]  [ComfyUI-Manager] default cache updated: https://api.comfy.org/nodes

[2026-05-18 19:13:22.246] [info]  FETCH DATA from: C:\Users\stduser\Documents\ComfyUI\user\__manager\cache\1514988643_custom-node-list.json
[2026-05-18 19:13:22.300] [info]   [DONE]

[2026-05-18 19:13:22.354] [info]  [ComfyUI-Manager] All startup tasks have been completed.

[2026-05-18 19:13:23.291] [error] [worker:comfyui-geometrypack] INFO: Output: 6475 vertices, 12946 faces

[2026-05-18 19:13:23.299] [error] [worker:comfyui-geometrypack] INFO: Avg vertex displacement: 0.009479, max: 0.060807

[2026-05-18 19:13:23.335] [error] [comfyui-geometrypack] Health check: ping (timeout=5.0s)...
[2026-05-18 19:13:23.336] [error] 

[2026-05-18 19:13:23.340] [error] [comfyui-geometrypack] Health check: ok

[2026-05-18 19:13:23.445] [error] [worker:comfyui-geometrypack] INFO: Mode: fields, Meshes: 4

[2026-05-18 19:13:23.453] [error] [worker:comfyui-geometrypack] INFO: Mesh 1: Mesh - 6475 vertices, 12946 faces
[2026-05-18 19:13:23.455] [error] 

[2026-05-18 19:13:23.464] [error] [worker:comfyui-geometrypack] INFO: Exporting mesh to VTP: C:\Users\stduser\Documents\ComfyUI\output\preview_multi_1_4949db19.vtp

[2026-05-18 19:13:23.520] [error] [worker:comfyui-geometrypack] INFO: Adding normals field (6475 vertices)

[2026-05-18 19:13:23.577] [error] [worker:comfyui-geometrypack] INFO: Export complete: 6475 vertices, 12946 faces
[worker:comfyui-geometrypack] INFO: Exported VTP: C:\Users\stduser\Documents\ComfyUI\output\preview_multi_1_4949db19.vtp

[2026-05-18 19:13:23.594] [error] [worker:comfyui-geometrypack] INFO: Mesh 2: Mesh - 6475 vertices, 12946 faces

[2026-05-18 19:13:23.601] [error] [worker:comfyui-geometrypack] INFO: Exporting mesh to VTP: C:\Users\stduser\Documents\ComfyUI\output\preview_multi_2_4949db19.vtp

[2026-05-18 19:13:23.639] [error] [worker:comfyui-geometrypack] INFO: Adding normals field (6475 vertices)

[2026-05-18 19:13:23.676] [error] [worker:comfyui-geometrypack] INFO: Export complete: 6475 vertices, 12946 faces

[2026-05-18 19:13:23.683] [error] [worker:comfyui-geometrypack] INFO: Exported VTP: C:\Users\stduser\Documents\ComfyUI\output\preview_multi_2_4949db19.vtp

[2026-05-18 19:13:23.698] [error] [worker:comfyui-geometrypack] INFO: Mesh 3: Mesh - 6475 vertices, 12946 faces

[2026-05-18 19:13:23.705] [error] [worker:comfyui-geometrypack] INFO: Exporting mesh to VTP: C:\Users\stduser\Documents\ComfyUI\output\preview_multi_3_4949db19.vtp

[2026-05-18 19:13:23.736] [error] [worker:comfyui-geometrypack] INFO: Adding normals field (6475 vertices)

[2026-05-18 19:13:23.777] [error] [worker:comfyui-geometrypack] INFO: Export complete: 6475 vertices, 12946 faces

[2026-05-18 19:13:23.786] [error] [worker:comfyui-geometrypack] INFO: Exported VTP: C:\Users\stduser\Documents\ComfyUI\output\preview_multi_3_4949db19.vtp

[2026-05-18 19:13:23.800] [error] [worker:comfyui-geometrypack] INFO: Mesh 4: Mesh - 6475 vertices, 12946 faces

[2026-05-18 19:13:23.808] [error] [worker:comfyui-geometrypack] INFO: Exporting mesh to VTP: C:\Users\stduser\Documents\ComfyUI\output\preview_multi_4_4949db19.vtp

[2026-05-18 19:13:23.839] [error] [worker:comfyui-geometrypack] INFO: Adding normals field (6475 vertices)

[2026-05-18 19:13:23.881] [error] [worker:comfyui-geometrypack] INFO: Export complete: 6475 vertices, 12946 faces

[2026-05-18 19:13:23.888] [error] [worker:comfyui-geometrypack] INFO: Exported VTP: C:\Users\stduser\Documents\ComfyUI\output\preview_multi_4_4949db19.vtp

[2026-05-18 19:13:23.902] [error] [worker:comfyui-geometrypack] INFO: Grid: 2x2, Preview ready

[2026-05-18 19:13:23.948] [error] [comfyui-geometrypack] Health check: ping (timeout=5.0s)...

[2026-05-18 19:13:23.959] [error] [comfyui-geometrypack] Health check: ok
[2026-05-18 19:13:23.960] [error] 

[2026-05-18 19:13:24.185] [error] [worker:comfyui-geometrypack] INFO: Backend: libigl_unsharp

[2026-05-18 19:13:24.192] [error] [worker:comfyui-geometrypack] INFO: Input: 6475 vertices, 12946 faces

[2026-05-18 19:13:24.201] [error] [worker:comfyui-geometrypack] INFO: Parameters: weight=0.500, iterations=3

[2026-05-18 19:13:25.021] [error] [worker:comfyui-geometrypack] INFO: Output: 6475 vertices, 12946 faces

[2026-05-18 19:13:25.061] [error] [worker:comfyui-geometrypack] INFO: Avg vertex displacement: 0.541299, max: 1.039092

[2026-05-18 19:13:25.179] [error] [comfyui-geometrypack] Health check: ping (timeout=5.0s)...

[2026-05-18 19:13:25.188] [error] [comfyui-geometrypack] Health check: ok

[2026-05-18 19:13:25.379] [error] [worker:comfyui-geometrypack] INFO: Backend: unsharp_mask

[2026-05-18 19:13:25.387] [error] [worker:comfyui-geometrypack] INFO: Input: 6475 vertices, 12946 faces

[2026-05-18 19:13:25.394] [error] [worker:comfyui-geometrypack] INFO: Parameters: weight=0.300, iterations=5

[2026-05-18 19:13:25.679] [error] [worker:comfyui-geometrypack] INFO: Output: 6475 vertices, 12946 faces

[2026-05-18 19:13:25.688] [error] [worker:comfyui-geometrypack] INFO: Avg vertex displacement: 0.013687, max: 0.066009

[2026-05-18 19:13:25.728] [error] [comfyui-geometrypack] Health check: ping (timeout=5.0s)...
[2026-05-18 19:13:25.730] [error] 

[2026-05-18 19:13:25.732] [error] [comfyui-geometrypack] Health check: ok

[2026-05-18 19:13:25.821] [error] [worker:comfyui-geometrypack] INFO: Backend: two_step

[2026-05-18 19:13:25.828] [error] [worker:comfyui-geometrypack] INFO: Input: 6475 vertices, 12946 faces

[2026-05-18 19:13:25.837] [error] [worker:comfyui-geometrypack] INFO: Parameters: smooth_steps=3, normal_threshold=60.0

[2026-05-18 19:13:25.949] [error] [worker:comfyui-geometrypack] INFO: Output: 6475 vertices, 12946 faces

[2026-05-18 19:13:25.963] [error] [worker:comfyui-geometrypack] INFO: Avg vertex displacement: 0.059156, max: 0.318610

[2026-05-18 19:13:25.998] [error] [comfyui-geometrypack] Health check: ping (timeout=5.0s)...
[2026-05-18 19:13:26.000] [error] 

[2026-05-18 19:13:26.006] [error] [comfyui-geometrypack] Health check: ok

[2026-05-18 19:13:26.127] [error] [worker:comfyui-geometrypack] INFO: Mode: fields, Meshes: 4

[2026-05-18 19:13:26.135] [error] [worker:comfyui-geometrypack] INFO: Mesh 1: Mesh - 6475 vertices, 12946 faces

[2026-05-18 19:13:26.142] [error] [worker:comfyui-geometrypack] INFO: Exporting mesh to VTP: C:\Users\stduser\Documents\ComfyUI\output\preview_multi_1_8d3765e7.vtp

[2026-05-18 19:13:26.171] [error] [worker:comfyui-geometrypack] INFO: Adding normals field (6475 vertices)

[2026-05-18 19:13:26.235] [error] [worker:comfyui-geometrypack] INFO: Export complete: 6475 vertices, 12946 faces
[worker:comfyui-geometrypack] INFO: Exported VTP: C:\Users\stduser\Documents\ComfyUI\output\preview_multi_1_8d3765e7.vtp

[2026-05-18 19:13:26.246] [error] [worker:comfyui-geometrypack] INFO: Mesh 2: Mesh - 6475 vertices, 12946 faces

[2026-05-18 19:13:26.253] [error] [worker:comfyui-geometrypack] INFO: Exporting mesh to VTP: C:\Users\stduser\Documents\ComfyUI\output\preview_multi_2_8d3765e7.vtp

[2026-05-18 19:13:26.287] [error] [worker:comfyui-geometrypack] INFO: Adding normals field (6475 vertices)

[2026-05-18 19:13:26.328] [error] [worker:comfyui-geometrypack] INFO: Export complete: 6475 vertices, 12946 faces

[2026-05-18 19:13:26.346] [error] [worker:comfyui-geometrypack] INFO: Exported VTP: C:\Users\stduser\Documents\ComfyUI\output\preview_multi_2_8d3765e7.vtp
[2026-05-18 19:13:26.347] [error] 

[2026-05-18 19:13:26.369] [error] [worker:comfyui-geometrypack] INFO: Mesh 3: Mesh - 6475 vertices, 12946 faces

[2026-05-18 19:13:26.376] [error] [worker:comfyui-geometrypack] INFO: Exporting mesh to VTP: C:\Users\stduser\Documents\ComfyUI\output\preview_multi_3_8d3765e7.vtp

[2026-05-18 19:13:26.411] [error] [worker:comfyui-geometrypack] INFO: Adding normals field (6475 vertices)

[2026-05-18 19:13:26.446] [error] [worker:comfyui-geometrypack] INFO: Export complete: 6475 vertices, 12946 faces

[2026-05-18 19:13:26.454] [error] [worker:comfyui-geometrypack] INFO: Exported VTP: C:\Users\stduser\Documents\ComfyUI\output\preview_multi_3_8d3765e7.vtp

[2026-05-18 19:13:26.467] [error] [worker:comfyui-geometrypack] INFO: Mesh 4: Mesh - 6475 vertices, 12946 faces

[2026-05-18 19:13:26.473] [error] [worker:comfyui-geometrypack] INFO: Exporting mesh to VTP: C:\Users\stduser\Documents\ComfyUI\output\preview_multi_4_8d3765e7.vtp

[2026-05-18 19:13:26.505] [error] [worker:comfyui-geometrypack] INFO: Adding normals field (6475 vertices)

[2026-05-18 19:13:26.543] [error] [worker:comfyui-geometrypack] INFO: Export complete: 6475 vertices, 12946 faces

[2026-05-18 19:13:26.550] [error] [worker:comfyui-geometrypack] INFO: Exported VTP: C:\Users\stduser\Documents\ComfyUI\output\preview_multi_4_8d3765e7.vtp

[2026-05-18 19:13:26.565] [error] [worker:comfyui-geometrypack] INFO: Grid: 2x2, Preview ready

[2026-05-18 19:13:26.598] [info]  Prompt executed in 68.20 seconds

