[2026-05-10 22:39:31.186] [info]  setup plugin alembic.autogenerate.schemas
setup plugin alembic.autogenerate.tables

[2026-05-10 22:39:31.188] [info]  setup plugin alembic.autogenerate.types
setup plugin alembic.autogenerate.constraints
setup plugin alembic.autogenerate.defaults
setup plugin alembic.autogenerate.comments

[2026-05-10 22:39:31.623] [info]  Adding extra search path custom_nodes C:\Users\runneradmin\Documents\ComfyUI\custom_nodes
Adding extra search path download_model_base C:\Users\runneradmin\Documents\ComfyUI\models

[2026-05-10 22:39:31.625] [info]  Adding extra search path custom_nodes C:\Users\runneradmin\.comfy-test-cache\desktop\ComfyUI\resources\ComfyUI\custom_nodes
Setting output directory to: C:\Users\runneradmin\Documents\ComfyUI\output
Setting input directory to: C:\Users\runneradmin\Documents\ComfyUI\input
Setting user directory to: C:\Users\runneradmin\Documents\ComfyUI\user

[2026-05-10 22:39:33.076] [info]  [START] Security scan
[DONE] Security scan
** ComfyUI startup time: 2026-05-10 22:39:33.076
[2026-05-10 22:39:33.077] [info]  
** Platform: Windows
** Python version: 3.12.11 (main, Aug 18 2025, 19:17:54) [MSC v.1944 64 bit (AMD64)]
** Python executable: C:\Users\runneradmin\Documents\ComfyUI\.venv\Scripts\python.exe
** ComfyUI Path: C:\Users\runneradmin\.comfy-test-cache\desktop\ComfyUI\resources\ComfyUI
** ComfyUI Base Folder Path: C:\Users\runneradmin\.comfy-test-cache\desktop\ComfyUI\resources\ComfyUI

[2026-05-10 22:39:33.083] [info]  ** User directory:
[2026-05-10 22:39:33.084] [info]   C:\Users\runneradmin\Documents\ComfyUI\user
** ComfyUI-Manager config path: C:\Users\runneradmin\Documents\ComfyUI\user\__manager\config.ini
** Log path: C:\Users\runneradmin\Documents\ComfyUI\user\comfyui.log

[2026-05-10 22:39:34.163] [info]  [ComfyUI-Manager] Skipped fixing the 'comfyui-frontend-package' dependency because the ComfyUI is outdated.

[2026-05-10 22:39:34.165] [info]  [PRE] ComfyUI-Manager

[2026-05-10 22:39:34.485] [error] [comfy-env] comfyui-geometrypack: 1 isolation env(s):
[2026-05-10 22:39:34.488] [error] 
[comfy-env]   nodes -> C:\Users\runneradmin\Documents\ComfyUI\custom_nodes\comfyui-geometrypack\nodes
[comfy-env] prestartup complete

[2026-05-10 22:39:37.145] [info]  Found comfy_kitchen backend cuda: {'available': False, 'disabled': True, 'unavailable_reason': 'CUDA not available on this system', 'capabilities': []}

[2026-05-10 22:39:37.146] [info]  Found comfy_kitchen backend eager: {'available': True, 'disabled': False, 'unavailable_reason': None, 'capabilities': ['apply_rope', 'apply_rope1', 'dequantize_mxfp8', 'dequantize_nvfp4', 'dequantize_per_tensor_fp8', 'quantize_mxfp8', 'quantize_nvfp4', 'quantize_per_tensor_fp8', 'scaled_mm_mxfp8', 'scaled_mm_nvfp4']}
Found comfy_kitchen backend triton: {'available': False, 'disabled': True, 'unavailable_reason': "ImportError: No module named 'triton'", 'capabilities': []}

[2026-05-10 22:39:37.152] [info]  Checkpoint files will always be loaded safely.

[2026-05-10 22:39:37.166] [info]  Total VRAM 16379 MB, total RAM 16379 MB

[2026-05-10 22:39:37.167] [info]  pytorch version: 2.10.0+cpu
Set vram state to: DISABLED
Device: cpu

[2026-05-10 22:39:37.451] [info]  Using sub quadratic optimization for attention, if you have memory or speed issues try using: --use-split-cross-attention

[2026-05-10 22:39:40.032] [info]  Python version: 3.12.11 (main, Aug 18 2025, 19:17:54) [MSC v.1944 64 bit (AMD64)]

[2026-05-10 22:39:40.033] [info]  ComfyUI version: 0.20.1
comfy-aimdo version: 0.2.14

[2026-05-10 22:39:40.034] [info]  comfy-kitchen version: 0.2.8

[2026-05-10 22:39:40.037] [info]  [Prompt Server] web root: C:\Users\runneradmin\.comfy-test-cache\desktop\ComfyUI\resources\ComfyUI\web_custom_versions\desktop_app

[2026-05-10 22:39:40.040] [info]  Asset seeder disabled
[START] ComfyUI-Manager

[2026-05-10 22:39:40.161] [info]  [ComfyUI-Manager] Using GitPython backend

[2026-05-10 22:39:40.221] [info]  [ComfyUI-Manager] network_mode: public

[2026-05-10 22:39:40.226] [info]  [ComfyUI-Manager] The matrix sharing feature has been disabled because the `matrix-nio` dependency is not installed.
	To use this feature, please run the following command:
	C:\Users\runneradmin\Documents\ComfyUI\.venv\Scripts\python.exe -m pip install matrix-nio


[2026-05-10 22:39:41.841] [info]  loading...

[2026-05-10 22:39:41.842] [info]  calling register_nodes

[2026-05-10 22:39:41.845] [error] [comfy-env] Version: 0.3.82
[2026-05-10 22:39:41.847] [error] 

[2026-05-10 22:39:44.235] [info]  [comfy-env] Removed stale temp dir: C:\Users\RUNNER~1\AppData\Local\Temp\comfyui_pvenv__dasnuao

[2026-05-10 22:39:44.557] [error] [comfy-env] register_nodes: comfyui-geometrypack
[2026-05-10 22:39:44.558] [error] 

[2026-05-10 22:39:44.575] [error] [comfy-env] ComfyUI source dir: C:\Users\runneradmin\.comfy-test-cache\desktop\ComfyUI\resources\ComfyUI
[2026-05-10 22:39:44.576] [error] 

[2026-05-10 22:39:44.579] [error] [comfy-env] Scanning nodes metadata (isolation root)...
[2026-05-10 22:39:44.581] [error] 

[2026-05-10 22:39:44.625] [error] [comfy-env] Cache hit for nodes: 125 nodes
[2026-05-10 22:39:44.626] [error] 
[comfy-env] Scanned nodes root: 125 nodes (0.0s)

[2026-05-10 22:39:44.632] [error] [comfy-env] Imported nodes root: 125 nodes (isolation)
[2026-05-10 22:39:44.633] [error] 
[comfy-env] Registered 125 total nodes
[2026-05-10 22:39:44.634] [error] 

[2026-05-10 22:39:44.638] [info]  
Import times for custom nodes:

[2026-05-10 22:39:44.639] [info]     0.0 seconds: C:\Users\runneradmin\.comfy-test-cache\desktop\ComfyUI\resources\ComfyUI\custom_nodes\websocket_image_save.py
   2.8 seconds: C:\Users\runneradmin\Documents\ComfyUI\custom_nodes\comfyui-geometrypack


[2026-05-10 22:39:44.642] [info]  Context impl SQLiteImpl.

[2026-05-10 22:39:44.643] [info]  Will assume non-transactional DDL.

[2026-05-10 22:39:44.650] [error] Failed to initialize database. Please ensure you have installed the latest requirements. If the error persists, please report this as in future the database will be required: Could not acquire lock on database 'C:/Users/runneradmin/Documents/ComfyUI/user/comfyui.db'. Another ComfyUI process may already be using it. Use --database-url to specify a separate database file.

[2026-05-10 22:39:44.728] [info]  Starting server


[2026-05-10 22:39:44.729] [info]  To see the GUI go to: http://127.0.0.1:8001

[2026-05-10 22:39:46.958] [info]  [ComfyUI-Manager] The ComfyRegistry cache update is still in progress, so an outdated cache is being used.

[2026-05-10 22:39:47.373] [info]  FETCH DATA from: C:\Users\runneradmin\Documents\ComfyUI\.venv\Lib\site-packages\comfyui_manager\custom-node-list.json
[2026-05-10 22:39:47.397] [info]   [DONE]

[2026-05-10 22:39:49.882] [error] Exception in callback _ProactorBasePipeTransport._call_connection_lost(None)
handle: <Handle _ProactorBasePipeTransport._call_connection_lost(None)>
Traceback (most recent call last):
  File "C:\Users\runneradmin\AppData\Roaming\uv\python\cpython-3.12.11-windows-x86_64-none\Lib\asyncio\events.py", line 88, in _run
    self._context.run(self._callback, *self._args)
  File "C:\Users\runneradmin\AppData\Roaming\uv\python\cpython-3.12.11-windows-x86_64-none\Lib\asyncio\proactor_events.py", line 165, in _call_connection_lost
    self._sock.shutdown(socket.SHUT_RDWR)
ConnectionResetError: [WinError 10054] An existing connection was forcibly closed by the remote host

[2026-05-10 22:39:50.846] [info]  [ComfyUI-Manager] The ComfyRegistry cache update is still in progress, so an outdated cache is being used.

[2026-05-10 22:39:50.950] [info]  FETCH DATA from: C:\Users\runneradmin\Documents\ComfyUI\.venv\Lib\site-packages\comfyui_manager\custom-node-list.json
[2026-05-10 22:39:50.973] [info]   [DONE]

[2026-05-10 22:40:11.114] [info]  got prompt

[2026-05-10 22:40:11.133] [info]  [comfyui-geometrypack] python: C:\ce\.pixi\envs\geometrypack-nodes\python.exe
[2026-05-10 22:40:11.134] [info]  
[comfyui-geometrypack] sys_path sent to worker: ['C:\\Users\\runneradmin\\.comfy-test-cache\\desktop\\ComfyUI\\resources\\ComfyUI', 'C:\\Users\\runneradmin\\Documents\\ComfyUI\\custom_nodes\\comfyui-geometrypack', 'C:\\ce\\.pixi\\envs\\geometrypack-nodes\\Lib\\site-packages', 'C:\\Users\\runneradmin\\Documents\\ComfyUI\\custom_nodes\\comfyui-geometrypack']

[2026-05-10 22:40:13.286] [error] [worker:comfyui-geometrypack] ERROR: Failed to import comfy_kitchen, Error: No module named 'comfy_kitchen', fp8 and fp4 support will not be available.

[2026-05-10 22:40:14.859] [error] [worker:comfyui-geometrypack] INFO: Found mesh in input folder: 3d/camelhead.off

[2026-05-10 22:40:14.862] [error] [worker:comfyui-geometrypack] INFO: Loading: C:\Users\runneradmin\Documents\ComfyUI\input\3d/camelhead.off

[2026-05-10 22:40:14.930] [error] [worker:comfyui-geometrypack] INFO: Initial mesh: 11381 vertices, 22704 faces

[2026-05-10 22:40:14.947] [error] [worker:comfyui-geometrypack] INFO: Successfully loaded: 11381 vertices, 22704 faces

[2026-05-10 22:40:14.950] [error] [worker:comfyui-geometrypack] INFO: Loaded: 11381 vertices, 22704 faces

[2026-05-10 22:40:15.335] [error] [comfyui-geometrypack] Health check: ping (timeout=5.0s)...
[2026-05-10 22:40:15.337] [error] 
[comfyui-geometrypack] Health check: ok

[2026-05-10 22:40:15.380] [error] [worker:comfyui-geometrypack] INFO: Analyzing mesh: 11381 vertices, 22704 faces

[2026-05-10 22:40:15.402] [error] [worker:comfyui-geometrypack] INFO: Using libigl CGAL method

[2026-05-10 22:40:15.477] [error] [worker:comfyui-geometrypack] INFO: Found 6 intersecting faces (5 intersection pairs)

[2026-05-10 22:40:15.498] [error] [comfyui-geometrypack] Health check: ping (timeout=5.0s)...
[2026-05-10 22:40:15.499] [error] 
[comfyui-geometrypack] Health check: ok

[2026-05-10 22:40:15.553] [error] [worker:comfyui-geometrypack] INFO: Processing mesh: 11381 vertices, 22704 faces
[2026-05-10 22:40:15.555] [error] 

[2026-05-10 22:40:15.557] [error] [worker:comfyui-geometrypack] INFO: Params: epsilon=0.0001, max_iter=12, direction=adaptive, re_detect=True

[2026-05-10 22:40:15.560] [error] [worker:comfyui-geometrypack] INFO: Found 8 vertices to perturb

[2026-05-10 22:40:15.594] [error] [worker:comfyui-geometrypack] INFO: Iteration 1: avg displacement = 0.000004

[2026-05-10 22:40:15.608] [error] [worker:comfyui-geometrypack] INFO: Iteration 2: avg displacement = 0.000008

[2026-05-10 22:40:15.627] [error] [worker:comfyui-geometrypack] INFO: Iteration 3: avg displacement = 0.000011

[2026-05-10 22:40:15.644] [error] [worker:comfyui-geometrypack] INFO: Iteration 4: avg displacement = 0.000015

[2026-05-10 22:40:15.660] [error] [worker:comfyui-geometrypack] INFO: Iteration 5: avg displacement = 0.000019

[2026-05-10 22:40:15.674] [error] [worker:comfyui-geometrypack] INFO: Iteration 6: avg displacement = 0.000023

[2026-05-10 22:40:15.695] [error] [worker:comfyui-geometrypack] INFO: Iteration 7: avg displacement = 0.000026

[2026-05-10 22:40:15.732] [error] [worker:comfyui-geometrypack] INFO: Iteration 8: avg displacement = 0.000030
[worker:comfyui-geometrypack] INFO: Iteration 9: avg displacement = 0.000034

[2026-05-10 22:40:15.747] [error] [worker:comfyui-geometrypack] INFO: Iteration 10: avg displacement = 0.000038

[2026-05-10 22:40:15.762] [error] [worker:comfyui-geometrypack] INFO: Iteration 11: avg displacement = 0.000041

[2026-05-10 22:40:15.778] [error] [worker:comfyui-geometrypack] INFO: Iteration 12: avg displacement = 0.000045

[2026-05-10 22:40:15.781] [error] [worker:comfyui-geometrypack] INFO: Re-detecting self-intersections...

[2026-05-10 22:40:15.836] [error] [worker:comfyui-geometrypack] INFO: No self-intersections remaining!

[2026-05-10 22:40:15.841] [error] [worker:comfyui-geometrypack] INFO: Complete: perturbed 8 vertices over 12 iterations

[2026-05-10 22:40:15.859] [error] [comfyui-geometrypack] Health check: ping (timeout=5.0s)...
[2026-05-10 22:40:15.861] [error] 
[comfyui-geometrypack] Health check: ok

[2026-05-10 22:40:15.989] [error] [worker:comfyui-geometrypack] INFO: Analyzing mesh: 11381 vertices, 22704 faces

[2026-05-10 22:40:15.998] [error] [worker:comfyui-geometrypack] INFO: Using libigl CGAL method

[2026-05-10 22:40:16.082] [error] [worker:comfyui-geometrypack] INFO: No self-intersections detected

[2026-05-10 22:40:16.102] [error] [comfyui-geometrypack] Health check: ping (timeout=5.0s)...
[2026-05-10 22:40:16.103] [error] 

[2026-05-10 22:40:16.104] [error] [comfyui-geometrypack] Health check: ok

[2026-05-10 22:40:16.159] [error] [worker:comfyui-geometrypack] INFO: Layout: side_by_side, Mode: fields
[2026-05-10 22:40:16.160] [error] 

[2026-05-10 22:40:16.162] [error] [worker:comfyui-geometrypack] INFO: Mesh 1: Mesh - 11381 vertices, 22704 faces

[2026-05-10 22:40:16.165] [error] [worker:comfyui-geometrypack] INFO: Mesh 2: Mesh - 11381 vertices, 22704 faces

[2026-05-10 22:40:16.169] [error] [worker:comfyui-geometrypack] INFO: Mesh 1 fields: ['intersection_flag', 'intersection_count', 'face.self_intersecting']

[2026-05-10 22:40:16.180] [error] [worker:comfyui-geometrypack] INFO: Mesh 2 fields: ['intersection_flag', 'intersection_count', 'face.self_intersecting']

[2026-05-10 22:40:16.183] [error] [worker:comfyui-geometrypack] INFO: Common fields: ['face.self_intersecting', 'intersection_flag', 'intersection_count']

[2026-05-10 22:40:16.187] [error] [worker:comfyui-geometrypack] INFO: Mesh 1 visual: kind=None, texture=False, vertex_colors=False

[2026-05-10 22:40:16.191] [error] [worker:comfyui-geometrypack] INFO: Mesh 2 visual: kind=None, texture=False, vertex_colors=False

[2026-05-10 22:40:16.195] [error] [worker:comfyui-geometrypack] INFO: Exporting mesh to VTP: C:\Users\runneradmin\Documents\ComfyUI\output\preview_dual_1_fffa261b.vtp

[2026-05-10 22:40:16.232] [error] [worker:comfyui-geometrypack] INFO: Adding normals field (11381 vertices)

[2026-05-10 22:40:16.253] [error] [worker:comfyui-geometrypack] INFO: Adding scalar field: intersection_flag (components: 1)
[2026-05-10 22:40:16.255] [error] 

[2026-05-10 22:40:16.260] [error] [worker:comfyui-geometrypack] INFO: Adding scalar field: intersection_count (components: 1)

[2026-05-10 22:40:16.265] [error] [worker:comfyui-geometrypack] INFO: Adding face field: self_intersecting

[2026-05-10 22:40:16.303] [error] [worker:comfyui-geometrypack] INFO: Export complete: 11381 vertices, 22704 faces

[2026-05-10 22:40:16.308] [error] [worker:comfyui-geometrypack] INFO: Exported VTP with fields: C:\Users\runneradmin\Documents\ComfyUI\output\preview_dual_1_fffa261b.vtp

[2026-05-10 22:40:16.312] [error] [worker:comfyui-geometrypack] INFO: Exporting mesh to VTP: C:\Users\runneradmin\Documents\ComfyUI\output\preview_dual_2_fffa261b.vtp

[2026-05-10 22:40:16.357] [error] [worker:comfyui-geometrypack] INFO: Adding normals field (11381 vertices)

[2026-05-10 22:40:16.375] [error] [worker:comfyui-geometrypack] INFO: Adding scalar field: intersection_flag (components: 1)

[2026-05-10 22:40:16.381] [error] [worker:comfyui-geometrypack] INFO: Adding scalar field: intersection_count (components: 1)

[2026-05-10 22:40:16.387] [error] [worker:comfyui-geometrypack] INFO: Adding face field: self_intersecting

[2026-05-10 22:40:16.424] [error] [worker:comfyui-geometrypack] INFO: Export complete: 11381 vertices, 22704 faces
[2026-05-10 22:40:16.425] [error] 

[2026-05-10 22:40:16.428] [error] [worker:comfyui-geometrypack] INFO: Exported VTP with fields: C:\Users\runneradmin\Documents\ComfyUI\output\preview_dual_2_fffa261b.vtp

[2026-05-10 22:40:16.454] [error] [worker:comfyui-geometrypack] INFO: Preview ready

[2026-05-10 22:40:16.469] [info]  Prompt executed in 5.35 seconds

