[2026-05-09 16:28:49.763] [info]  setup plugin alembic.autogenerate.schemas

[2026-05-09 16:28:49.766] [info]  setup plugin alembic.autogenerate.tables
setup plugin alembic.autogenerate.types
setup plugin alembic.autogenerate.constraints
setup plugin alembic.autogenerate.defaults
setup plugin alembic.autogenerate.comments

[2026-05-09 16:28:50.246] [info]  Adding extra search path custom_nodes C:\Users\runneradmin\Documents\ComfyUI\custom_nodes
Adding extra search path download_model_base C:\Users\runneradmin\Documents\ComfyUI\models

[2026-05-09 16:28:50.247] [info]  Adding extra search path custom_nodes C:\Users\runneradmin\AppData\Local\Programs\ComfyUI\resources\ComfyUI\custom_nodes
Setting output directory to: C:\Users\runneradmin\Documents\ComfyUI\output
Setting input directory to: C:\Users\runneradmin\Documents\ComfyUI\input
Setting user directory to: C:\Users\runneradmin\Documents\ComfyUI\user

[2026-05-09 16:28:51.811] [info]  [START] Security scan
[DONE] Security scan
** ComfyUI startup time: 
[2026-05-09 16:28:51.813] [info]  2026-05-09 16:28:51.810
** Platform: Windows
** Python version: 3.12.11 (main, Aug 18 2025, 19:17:54) [MSC v.1944 64 bit (AMD64)]
** Python executable: C:\Users\runneradmin\Documents\ComfyUI\.venv\Scripts\python.exe
** ComfyUI Path: C:\Users\runneradmin\AppData\Local\Programs\ComfyUI\resources\ComfyUI
** ComfyUI Base Folder Path: C:\Users\runneradmin\AppData\Local\Programs\ComfyUI\resources\ComfyUI

[2026-05-09 16:28:51.817] [info]  ** User directory: 
[2026-05-09 16:28:51.818] [info]  C:\Users\runneradmin\Documents\ComfyUI\user
** ComfyUI-Manager config path: C:\Users\runneradmin\Documents\ComfyUI\user\__manager\config.ini
** Log path: C:\Users\runneradmin\Documents\ComfyUI\user\comfyui.log

[2026-05-09 16:28:52.993] [info]  [ComfyUI-Manager] Skipped fixing the 'comfyui-frontend-package' dependency because the ComfyUI is outdated.

[2026-05-09 16:28:52.995] [info]  [PRE] ComfyUI-Manager

[2026-05-09 16:28:53.412] [error] [comfy-env] comfyui-geometrypack: 1 isolation env(s):
[2026-05-09 16:28:53.414] [error] 
[comfy-env]   nodes -> C:\Users\runneradmin\Documents\ComfyUI\custom_nodes\comfyui-geometrypack\nodes

[2026-05-09 16:28:53.416] [error] [comfy-env] prestartup complete

[2026-05-09 16:28:56.665] [info]  Found comfy_kitchen backend eager: {'available': True, 'disabled': False, 'unavailable_reason': None, 'capabilities': ['apply_rope', 'apply_rope1', 'dequantize_mxfp8', 'dequantize_nvfp4', 'dequantize_per_tensor_fp8', 'quantize_mxfp8', 'quantize_nvfp4', 'quantize_per_tensor_fp8', 'scaled_mm_mxfp8', 'scaled_mm_nvfp4']}

[2026-05-09 16:28:56.667] [info]  Found comfy_kitchen backend cuda: {'available': False, 'disabled': True, 'unavailable_reason': 'CUDA not available on this system', 'capabilities': []}
Found comfy_kitchen backend triton: {'available': False, 'disabled': True, 'unavailable_reason': "ImportError: No module named 'triton'", 'capabilities': []}

[2026-05-09 16:28:56.674] [info]  Checkpoint files will always be loaded safely.

[2026-05-09 16:28:56.691] [info]  Total VRAM 16379 MB, total RAM 16379 MB

[2026-05-09 16:28:56.693] [info]  pytorch version: 2.10.0+cpu

[2026-05-09 16:28:56.694] [info]  Set vram state to: DISABLED
Device: cpu

[2026-05-09 16:28:57.018] [info]  Using sub quadratic optimization for attention, if you have memory or speed issues try using: --use-split-cross-attention

[2026-05-09 16:29:00.130] [info]  Python version: 3.12.11 (main, Aug 18 2025, 19:17:54) [MSC v.1944 64 bit (AMD64)]

[2026-05-09 16:29:00.131] [info]  ComfyUI version: 0.20.1

[2026-05-09 16:29:00.135] [info]  comfy-aimdo version: 0.2.14

[2026-05-09 16:29:00.137] [info]  comfy-kitchen version: 0.2.8

[2026-05-09 16:29:00.139] [info]  [Prompt Server] web root: C:\Users\runneradmin\AppData\Local\Programs\ComfyUI\resources\ComfyUI\web_custom_versions\desktop_app

[2026-05-09 16:29:00.147] [info]  Asset seeder disabled

[2026-05-09 16:29:00.148] [info]  [START] ComfyUI-Manager

[2026-05-09 16:29:00.312] [info]  [ComfyUI-Manager] Using GitPython backend

[2026-05-09 16:29:00.403] [info]  [ComfyUI-Manager] network_mode: public

[2026-05-09 16:29:00.407] [info]  [ComfyUI-Manager] The matrix sharing feature has been disabled because the `matrix-nio` dependency is not installed.
	To use this feature, please run the following command:
	C:\Users\runneradmin\Documents\ComfyUI\.venv\Scripts\python.exe -m pip install matrix-nio


[2026-05-09 16:29:02.693] [info]  loading...

[2026-05-09 16:29:02.695] [info]  calling register_nodes

[2026-05-09 16:29:02.699] [error] [comfy-env] Version: 0.3.78
[2026-05-09 16:29:02.704] [error] 

[2026-05-09 16:29:06.175] [info]  [comfy-env] Removed stale temp dir: C:\Users\RUNNER~1\AppData\Local\Temp\comfyui_pvenv_z8noibvk

[2026-05-09 16:29:06.606] [error] [comfy-env] register_nodes: comfyui-geometrypack
[2026-05-09 16:29:06.608] [error] 

[2026-05-09 16:29:06.625] [error] [comfy-env] ComfyUI source dir: C:\Users\runneradmin\AppData\Local\Programs\ComfyUI\resources\ComfyUI
[2026-05-09 16:29:06.626] [error] 

[2026-05-09 16:29:06.630] [error] [comfy-env] Scanning nodes metadata (isolation root)...
[2026-05-09 16:29:06.631] [error] 

[2026-05-09 16:29:06.671] [error] [comfy-env] Cache hit for nodes: 125 nodes
[2026-05-09 16:29:06.673] [error] 
[comfy-env] Scanned nodes root: 125 nodes (0.0s)

[2026-05-09 16:29:06.678] [error] [comfy-env] Imported nodes root: 125 nodes (isolation)
[2026-05-09 16:29:06.680] [error] 
[comfy-env] Registered 125 total nodes
[2026-05-09 16:29:06.681] [error] 

[2026-05-09 16:29:06.692] [info]  
Import times for custom nodes:

[2026-05-09 16:29:06.694] [info]     0.0 seconds: C:\Users\runneradmin\AppData\Local\Programs\ComfyUI\resources\ComfyUI\custom_nodes\websocket_image_save.py

[2026-05-09 16:29:06.695] [info]     4.0 seconds: C:\Users\runneradmin\Documents\ComfyUI\custom_nodes\comfyui-geometrypack


[2026-05-09 16:29:06.704] [info]  Context impl SQLiteImpl.
Will assume non-transactional DDL.

[2026-05-09 16:29:06.713] [error] Failed to initialize database. Please ensure you have installed the latest requirements. If the error persists, please report this as in future the database will be required: Could not acquire lock on database 'C:/Users/runneradmin/Documents/ComfyUI/user/comfyui.db'. Another ComfyUI process may already be using it. Use --database-url to specify a separate database file.

[2026-05-09 16:29:06.879] [info]  Starting server

To see the GUI go to: http://127.0.0.1:8001

[2026-05-09 16:29:08.812] [info]  [ComfyUI-Manager] The ComfyRegistry cache update is still in progress, so an outdated cache is being used.

[2026-05-09 16:29:09.034] [info]  FETCH DATA from: C:\Users\runneradmin\Documents\ComfyUI\.venv\Lib\site-packages\comfyui_manager\custom-node-list.json
[2026-05-09 16:29:09.331] [info]   [DONE]
[2026-05-09 16:29:09.332] [info]  

[2026-05-09 16:29:13.370] [info]  [ComfyUI-Manager] The ComfyRegistry cache update is still in progress, so an outdated cache is being used.

[2026-05-09 16:29:13.562] [info]  FETCH DATA from: C:\Users\runneradmin\Documents\ComfyUI\.venv\Lib\site-packages\comfyui_manager\custom-node-list.json
[2026-05-09 16:29:13.614] [info]   [DONE]

[2026-05-09 16:29:33.431] [info]  got prompt

[2026-05-09 16:29:33.433] [error] Failed to validate prompt for output 7:
* LoadImage 1:
  - Custom validation failed for node: image - Invalid image file: example.png
Output will be ignored
Failed to validate prompt for output 4:
Output will be ignored

[2026-05-09 16:29:33.434] [info]  invalid prompt: {'type': 'prompt_outputs_failed_validation', 'message': 'Prompt outputs failed validation', 'details': '', 'extra_info': {}}

[2026-05-09 16:30:39.191] [info]  FETCH ComfyRegistry Data [DONE]

[2026-05-09 16:30:39.554] [info]  [ComfyUI-Manager] default cache updated: https://api.comfy.org/nodes

[2026-05-09 16:30:39.599] [info]  FETCH DATA from: C:\Users\runneradmin\Documents\ComfyUI\user\__manager\cache\1514988643_custom-node-list.json
[2026-05-09 16:30:39.615] [info]   [DONE]

[2026-05-09 16:30:39.677] [info]  [ComfyUI-Manager] All startup tasks have been completed.

