[2026-05-10 22:22:04.027] [info]  setup plugin alembic.autogenerate.schemas
setup plugin alembic.autogenerate.tables

[2026-05-10 22:22:04.030] [info]  setup plugin alembic.autogenerate.types
setup plugin alembic.autogenerate.constraints
setup plugin alembic.autogenerate.defaults
setup plugin alembic.autogenerate.comments

[2026-05-10 22:22:04.464] [info]  Adding extra search path custom_nodes C:\Users\runneradmin\Documents\ComfyUI\custom_nodes
Adding extra search path download_model_base C:\Users\runneradmin\Documents\ComfyUI\models

[2026-05-10 22:22:04.465] [info]  Adding extra search path custom_nodes C:\Users\runneradmin\.comfy-test-cache\desktop\ComfyUI\resources\ComfyUI\custom_nodes
Setting output directory to: C:\Users\runneradmin\Documents\ComfyUI\output
Setting input directory to: C:\Users\runneradmin\Documents\ComfyUI\input
Setting user directory to: C:\Users\runneradmin\Documents\ComfyUI\user

[2026-05-10 22:22:05.939] [info]  [START] Security scan
[DONE] Security scan
** ComfyUI startup time: 2026-05-10 22:22:05.938
[2026-05-10 22:22:05.941] [info]  
** Platform: Windows
** Python version: 3.12.11 (main, Aug 18 2025, 19:17:54) [MSC v.1944 64 bit (AMD64)]
** Python executable: C:\Users\runneradmin\Documents\ComfyUI\.venv\Scripts\python.exe
** ComfyUI Path: C:\Users\runneradmin\.comfy-test-cache\desktop\ComfyUI\resources\ComfyUI
** ComfyUI Base Folder Path: C:\Users\runneradmin\.comfy-test-cache\desktop\ComfyUI\resources\ComfyUI

[2026-05-10 22:22:05.942] [info]  ** User directory: C:\Users\runneradmin\Documents\ComfyUI\user
** ComfyUI-Manager config path: C:\Users\runneradmin\Documents\ComfyUI\user\__manager\config.ini
** Log path: C:\Users\runneradmin\Documents\ComfyUI\user\comfyui.log

[2026-05-10 22:22:07.035] [info]  [ComfyUI-Manager] Skipped fixing the 'comfyui-frontend-package' dependency because the ComfyUI is outdated.

[2026-05-10 22:22:07.037] [info]  [PRE] ComfyUI-Manager

[2026-05-10 22:22:07.351] [error] [comfy-env] comfyui-geometrypack: 1 isolation env(s):
[2026-05-10 22:22:07.353] [error] 
[comfy-env]   nodes -> C:\Users\runneradmin\Documents\ComfyUI\custom_nodes\comfyui-geometrypack\nodes
[comfy-env] prestartup complete

[2026-05-10 22:22:10.069] [info]  Found comfy_kitchen backend cuda: {'available': False, 'disabled': True, 'unavailable_reason': 'CUDA not available on this system', 'capabilities': []}

[2026-05-10 22:22:10.071] [info]  Found comfy_kitchen backend eager: {'available': True, 'disabled': False, 'unavailable_reason': None, 'capabilities': ['apply_rope', 'apply_rope1', 'dequantize_mxfp8', 'dequantize_nvfp4', 'dequantize_per_tensor_fp8', 'quantize_mxfp8', 'quantize_nvfp4', 'quantize_per_tensor_fp8', 'scaled_mm_mxfp8', 'scaled_mm_nvfp4']}
Found comfy_kitchen backend triton: {'available': False, 'disabled': True, 'unavailable_reason': "ImportError: No module named 'triton'", 'capabilities': []}

[2026-05-10 22:22:10.077] [info]  Checkpoint files will always be loaded safely.

[2026-05-10 22:22:10.091] [info]  Total VRAM 16379 MB, total RAM 16379 MB

[2026-05-10 22:22:10.092] [info]  pytorch version: 2.10.0+cpu
Set vram state to: DISABLED
Device: cpu

[2026-05-10 22:22:10.380] [info]  Using sub quadratic optimization for attention, if you have memory or speed issues try using: --use-split-cross-attention

[2026-05-10 22:22:13.011] [info]  Python version: 3.12.11 (main, Aug 18 2025, 19:17:54) [MSC v.1944 64 bit (AMD64)]

[2026-05-10 22:22:13.013] [info]  ComfyUI version: 0.20.1
comfy-aimdo version: 0.2.14

[2026-05-10 22:22:13.014] [info]  comfy-kitchen version: 0.2.8

[2026-05-10 22:22:13.016] [info]  [Prompt Server] web root: C:\Users\runneradmin\.comfy-test-cache\desktop\ComfyUI\resources\ComfyUI\web_custom_versions\desktop_app

[2026-05-10 22:22:13.018] [info]  Asset seeder disabled

[2026-05-10 22:22:13.019] [info]  [START] ComfyUI-Manager

[2026-05-10 22:22:13.140] [info]  [ComfyUI-Manager] Using GitPython backend

[2026-05-10 22:22:13.213] [info]  [ComfyUI-Manager] network_mode: public

[2026-05-10 22:22:13.217] [info]  [ComfyUI-Manager] The matrix sharing feature has been disabled because the `matrix-nio` dependency is not installed.
	To use this feature, please run the following command:
	C:\Users\runneradmin\Documents\ComfyUI\.venv\Scripts\python.exe -m pip install matrix-nio


[2026-05-10 22:22:14.871] [info]  loading...

[2026-05-10 22:22:14.872] [info]  calling register_nodes

[2026-05-10 22:22:14.875] [error] [comfy-env] Version: 0.3.82
[2026-05-10 22:22:14.876] [error] 

[2026-05-10 22:22:16.544] [error] [comfy-env] register_nodes: comfyui-geometrypack
[2026-05-10 22:22:16.546] [error] 

[2026-05-10 22:22:16.557] [error] [comfy-env] ComfyUI source dir: C:\Users\runneradmin\.comfy-test-cache\desktop\ComfyUI\resources\ComfyUI
[2026-05-10 22:22:16.559] [error] 

[2026-05-10 22:22:16.562] [error] [comfy-env] Scanning nodes metadata (isolation root)...
[2026-05-10 22:22:16.563] [error] 

[2026-05-10 22:22:16.592] [error] [comfy-env] Cache hit for nodes: 125 nodes
[2026-05-10 22:22:16.593] [error] 

[2026-05-10 22:22:16.594] [error] [comfy-env] Scanned nodes root: 125 nodes (0.0s)

[2026-05-10 22:22:16.597] [error] [comfy-env] Imported nodes root: 125 nodes (isolation)
[2026-05-10 22:22:16.598] [error] 
[comfy-env] Registered 125 total nodes
[2026-05-10 22:22:16.599] [error] 

[2026-05-10 22:22:16.604] [info]  
Import times for custom nodes:

[2026-05-10 22:22:16.605] [info]     0.0 seconds: C:\Users\runneradmin\.comfy-test-cache\desktop\ComfyUI\resources\ComfyUI\custom_nodes\websocket_image_save.py
   1.7 seconds: C:\Users\runneradmin\Documents\ComfyUI\custom_nodes\comfyui-geometrypack


[2026-05-10 22:22:16.609] [info]  Context impl SQLiteImpl.

[2026-05-10 22:22:16.610] [info]  Will assume non-transactional DDL.

[2026-05-10 22:22:16.618] [error] Failed to initialize database. Please ensure you have installed the latest requirements. If the error persists, please report this as in future the database will be required: Could not acquire lock on database 'C:/Users/runneradmin/Documents/ComfyUI/user/comfyui.db'. Another ComfyUI process may already be using it. Use --database-url to specify a separate database file.

[2026-05-10 22:22:16.695] [info]  Starting server


[2026-05-10 22:22:16.696] [info]  To see the GUI go to: http://127.0.0.1:8001

[2026-05-10 22:22:18.792] [info]  [ComfyUI-Manager] The ComfyRegistry cache update is still in progress, so an outdated cache is being used.

[2026-05-10 22:22:18.905] [info]  FETCH DATA from: C:\Users\runneradmin\Documents\ComfyUI\.venv\Lib\site-packages\comfyui_manager\custom-node-list.json
[2026-05-10 22:22:18.935] [info]   [DONE]

[2026-05-10 22:22:22.745] [info]  [ComfyUI-Manager] The ComfyRegistry cache update is still in progress, so an outdated cache is being used.

[2026-05-10 22:22:22.893] [info]  FETCH DATA from: C:\Users\runneradmin\Documents\ComfyUI\.venv\Lib\site-packages\comfyui_manager\custom-node-list.json
[2026-05-10 22:22:22.921] [info]   [DONE]

[2026-05-10 22:22:43.326] [info]  got prompt

[2026-05-10 22:22:43.345] [info]  [comfyui-geometrypack] python: C:\ce\.pixi\envs\geometrypack-nodes\python.exe
[2026-05-10 22:22:43.347] [info]  
[comfyui-geometrypack] sys_path sent to worker: ['C:\\Users\\runneradmin\\.comfy-test-cache\\desktop\\ComfyUI\\resources\\ComfyUI', 'C:\\Users\\runneradmin\\Documents\\ComfyUI\\custom_nodes\\comfyui-geometrypack', 'C:\\ce\\.pixi\\envs\\geometrypack-nodes\\Lib\\site-packages', 'C:\\Users\\runneradmin\\Documents\\ComfyUI\\custom_nodes\\comfyui-geometrypack']

[2026-05-10 22:22:45.680] [error] [worker:comfyui-geometrypack] ERROR: Failed to import comfy_kitchen, Error: No module named 'comfy_kitchen', fp8 and fp4 support will not be available.

[2026-05-10 22:22:47.302] [error] [worker:comfyui-geometrypack] INFO: Found folder in input: 3d

[2026-05-10 22:22:47.305] [error] [worker:comfyui-geometrypack] INFO: Found 12 mesh files

[2026-05-10 22:22:47.309] [error] [worker:comfyui-geometrypack] INFO: Loading up to 4 meshes
[2026-05-10 22:22:47.311] [error] 

[2026-05-10 22:22:47.313] [error] [worker:comfyui-geometrypack] INFO: Loading: C:\Users\runneradmin\Documents\ComfyUI\input\3d\ArmoredWarrior_00005_.glb

[2026-05-10 22:22:47.339] [error] [worker:comfyui-geometrypack] INFO: Converting Scene to single mesh (scene has 1 geometries)

[2026-05-10 22:22:47.581] [error] [worker:comfyui-geometrypack] INFO: Initial mesh: 18061 vertices, 19827 faces

[2026-05-10 22:22:47.604] [error] [worker:comfyui-geometrypack] INFO: Successfully loaded: 18061 vertices, 19827 faces

[2026-05-10 22:22:47.608] [error] [worker:comfyui-geometrypack] INFO: [1/4] Loaded ArmoredWarrior_00005_.glb: 18061 vertices, 19827 faces

[2026-05-10 22:22:47.612] [error] [worker:comfyui-geometrypack] INFO: Loading: C:\Users\runneradmin\Documents\ComfyUI\input\3d\Stanford_Bunny.stl

[2026-05-10 22:22:47.870] [error] [worker:comfyui-geometrypack] INFO: Initial mesh: 56203 vertices, 112402 faces

[2026-05-10 22:22:47.943] [error] [worker:comfyui-geometrypack] INFO: Successfully loaded: 56203 vertices, 112402 faces

[2026-05-10 22:22:47.947] [error] [worker:comfyui-geometrypack] INFO: [2/4] Loaded Stanford_Bunny.stl: 56203 vertices, 112402 faces

[2026-05-10 22:22:47.951] [error] [worker:comfyui-geometrypack] INFO: Loading: C:\Users\runneradmin\Documents\ComfyUI\input\3d\camel_b.obj

[2026-05-10 22:22:47.979] [error] [worker:comfyui-geometrypack] INFO: Initial mesh: 2032 vertices, 3576 faces

[2026-05-10 22:22:47.986] [error] [worker:comfyui-geometrypack] INFO: Successfully loaded: 2032 vertices, 3576 faces

[2026-05-10 22:22:47.989] [error] [worker:comfyui-geometrypack] INFO: [3/4] Loaded camel_b.obj: 2032 vertices, 3576 faces

[2026-05-10 22:22:47.993] [error] [worker:comfyui-geometrypack] INFO: Loading: C:\Users\runneradmin\Documents\ComfyUI\input\3d\camelhead.off

[2026-05-10 22:22:48.059] [error] [worker:comfyui-geometrypack] INFO: Initial mesh: 11381 vertices, 22704 faces

[2026-05-10 22:22:48.077] [error] [worker:comfyui-geometrypack] INFO: Successfully loaded: 11381 vertices, 22704 faces

[2026-05-10 22:22:48.081] [error] [worker:comfyui-geometrypack] INFO: [4/4] Loaded camelhead.off: 11381 vertices, 22704 faces

[2026-05-10 22:22:48.084] [error] [worker:comfyui-geometrypack] INFO: Successfully loaded 4 meshes

[2026-05-10 22:22:48.569] [error] [comfyui-geometrypack] Health check: ping (timeout=5.0s)...
[2026-05-10 22:22:48.572] [error] 
[comfyui-geometrypack] Health check: ok

[2026-05-10 22:22:48.799] [error] [worker:comfyui-geometrypack] INFO: Remesh dispatch: pymeshlab_isotropic -> GeomPackRemesh_PyMeshLab

[2026-05-10 22:22:48.969] [error] [comfyui-geometrypack] Health check: ping (timeout=5.0s)...
[comfyui-geometrypack] Health check: ok

[2026-05-10 22:22:48.994] [error] [worker:comfyui-geometrypack] INFO: Remesh dispatch: pymeshlab_isotropic -> GeomPackRemesh_PyMeshLab

[2026-05-10 22:22:49.032] [error] [comfyui-geometrypack] Health check: ping (timeout=5.0s)...

[2026-05-10 22:22:49.033] [error] [comfyui-geometrypack] Health check: ok

[2026-05-10 22:22:49.073] [error] [worker:comfyui-geometrypack] INFO: Remesh dispatch: pymeshlab_isotropic -> GeomPackRemesh_PyMeshLab

[2026-05-10 22:22:49.091] [error] [comfyui-geometrypack] Health check: ping (timeout=5.0s)...

[2026-05-10 22:22:49.094] [error] [comfyui-geometrypack] Health check: ok

[2026-05-10 22:22:49.198] [error] [worker:comfyui-geometrypack] INFO: Remesh dispatch: pymeshlab_isotropic -> GeomPackRemesh_PyMeshLab
[2026-05-10 22:22:49.200] [error] 

[2026-05-10 22:22:49.220] [error] [comfyui-geometrypack] Health check: ping (timeout=5.0s)...
[2026-05-10 22:22:49.221] [error] 
[comfyui-geometrypack] Health check: ok

[2026-05-10 22:22:49.709] [error] [comfyui-geometrypack] Health check: ping (timeout=5.0s)...
[2026-05-10 22:22:49.711] [error] 
[comfyui-geometrypack] Health check: ok

[2026-05-10 22:22:49.883] [error] [worker:comfyui-geometrypack] INFO: Backend: pymeshlab_isotropic

[2026-05-10 22:22:49.886] [error] [worker:comfyui-geometrypack] INFO: Input: 18061 vertices, 19827 faces

[2026-05-10 22:22:49.890] [error] [worker:comfyui-geometrypack] INFO: Parameters: target_edge_length=1.0, iterations=3, feature_angle=30.0, adaptive=false

[2026-05-10 22:22:51.735] [error] [worker:comfyui-geometrypack] INFO: Output: 5251 vertices, 11070 faces

[2026-05-10 22:22:51.765] [error] [comfyui-geometrypack] Health check: ping (timeout=5.0s)...
[2026-05-10 22:22:51.767] [error] 
[comfyui-geometrypack] Health check: ok

[2026-05-10 22:22:51.824] [error] [worker:comfyui-geometrypack] INFO: Backend: pymeshlab_isotropic
[2026-05-10 22:22:51.826] [error] 

[2026-05-10 22:22:51.827] [error] [worker:comfyui-geometrypack] INFO: Input: 56203 vertices, 112402 faces

[2026-05-10 22:22:51.831] [error] [worker:comfyui-geometrypack] INFO: Parameters: target_edge_length=1.0, iterations=3, feature_angle=30.0, adaptive=false

[2026-05-10 22:22:59.742] [error] [worker:comfyui-geometrypack] INFO: Output: 32264 vertices, 64524 faces

[2026-05-10 22:22:59.769] [error] [comfyui-geometrypack] Health check: ping (timeout=5.0s)...
[2026-05-10 22:22:59.770] [error] 
[comfyui-geometrypack] Health check: ok

[2026-05-10 22:22:59.817] [error] [worker:comfyui-geometrypack] INFO: Backend: pymeshlab_isotropic

[2026-05-10 22:22:59.820] [error] [worker:comfyui-geometrypack] INFO: Input: 2032 vertices, 3576 faces

[2026-05-10 22:22:59.823] [error] [worker:comfyui-geometrypack] INFO: Parameters: target_edge_length=1.0, iterations=3, feature_angle=30.0, adaptive=false

[2026-05-10 22:23:00.564] [error] [worker:comfyui-geometrypack] INFO: Output: 9670 vertices, 19338 faces

[2026-05-10 22:23:00.584] [error] [comfyui-geometrypack] Health check: ping (timeout=5.0s)...
[2026-05-10 22:23:00.586] [error] 
[comfyui-geometrypack] Health check: ok

[2026-05-10 22:23:00.640] [error] [worker:comfyui-geometrypack] INFO: Backend: pymeshlab_isotropic

[2026-05-10 22:23:00.644] [error] [worker:comfyui-geometrypack] INFO: Input: 11381 vertices, 22704 faces

[2026-05-10 22:23:00.647] [error] [worker:comfyui-geometrypack] INFO: Parameters: target_edge_length=1.0, iterations=3, feature_angle=30.0, adaptive=false

[2026-05-10 22:23:01.843] [error] [worker:comfyui-geometrypack] INFO: Output: 206 vertices, 394 faces

[2026-05-10 22:23:01.879] [error] [comfyui-geometrypack] Health check: ping (timeout=5.0s)...
[comfyui-geometrypack] Health check: ok

[2026-05-10 22:23:01.925] [error] [worker:comfyui-geometrypack] INFO: Batch size: 4, showing index: 1/4

[2026-05-10 22:23:01.928] [error] [worker:comfyui-geometrypack] INFO: Preparing preview: Mesh - 5251 vertices, 11070 faces

[2026-05-10 22:23:01.932] [error] [worker:comfyui-geometrypack] INFO: Mode: fields

[2026-05-10 22:23:01.936] [error] [worker:comfyui-geometrypack] INFO: Visual data - has_visual: True, kind: None, texture: False, vertex_colors: False

[2026-05-10 22:23:01.940] [error] [worker:comfyui-geometrypack] INFO: Using fields mode - VTP/STL export

[2026-05-10 22:23:01.948] [error] [worker:comfyui-geometrypack] INFO: Exported STL to: C:\Users\runneradmin\Documents\ComfyUI\output\preview_vtk_batch_d6c6e772.stl

[2026-05-10 22:23:01.956] [error] [worker:comfyui-geometrypack] INFO: Fields mode info: watertight=False, volume=None, area=4.318366133448304, no fields

[2026-05-10 22:23:01.973] [info]  Prompt executed in 18.64 seconds

