[2026-05-10 03:38:26.745] [info]  setup plugin alembic.autogenerate.schemas
setup plugin alembic.autogenerate.tables
setup plugin alembic.autogenerate.types
setup plugin alembic.autogenerate.constraints
setup plugin alembic.autogenerate.defaults
setup plugin alembic.autogenerate.comments

[2026-05-10 03:38:27.189] [info]  Adding extra search path custom_nodes C:\Users\runneradmin\Documents\ComfyUI\custom_nodes
Adding extra search path download_model_base C:\Users\runneradmin\Documents\ComfyUI\models

[2026-05-10 03:38:27.191] [info]  Adding extra search path custom_nodes C:\Users\runneradmin\.comfy-test-cache\desktop\ComfyUI\resources\ComfyUI\custom_nodes
Setting output directory to: C:\Users\runneradmin\Documents\ComfyUI\output
Setting input directory to: C:\Users\runneradmin\Documents\ComfyUI\input
Setting user directory to: C:\Users\runneradmin\Documents\ComfyUI\user

[2026-05-10 03:38:28.716] [info]  [START] Security scan
[DONE] Security scan
** ComfyUI startup time: 
[2026-05-10 03:38:28.717] [info]  2026-05-10 03:38:28.715
** Platform: Windows
** Python version: 3.12.11 (main, Aug 18 2025, 19:17:54) [MSC v.1944 64 bit (AMD64)]
** Python executable: C:\Users\runneradmin\Documents\ComfyUI\.venv\Scripts\python.exe
** ComfyUI Path: C:\Users\runneradmin\.comfy-test-cache\desktop\ComfyUI\resources\ComfyUI
** ComfyUI Base Folder Path: C:\Users\runneradmin\.comfy-test-cache\desktop\ComfyUI\resources\ComfyUI

[2026-05-10 03:38:28.719] [info]  ** User directory: C:\Users\runneradmin\Documents\ComfyUI\user
** ComfyUI-Manager config path: C:\Users\runneradmin\Documents\ComfyUI\user\__manager\config.ini
** Log path: C:\Users\runneradmin\Documents\ComfyUI\user\comfyui.log

[2026-05-10 03:38:29.869] [info]  [ComfyUI-Manager] Skipped fixing the 'comfyui-frontend-package' dependency because the ComfyUI is outdated.

[2026-05-10 03:38:29.871] [info]  [PRE] ComfyUI-Manager

[2026-05-10 03:38:30.253] [error] [comfy-env] comfyui-geometrypack: 1 isolation env(s):
[2026-05-10 03:38:30.255] [error] 
[comfy-env]   nodes -> C:\Users\runneradmin\Documents\ComfyUI\custom_nodes\comfyui-geometrypack\nodes
[comfy-env] prestartup complete

[2026-05-10 03:38:33.149] [info]  Found comfy_kitchen backend cuda: {'available': False, 'disabled': True, 'unavailable_reason': 'CUDA not available on this system', 'capabilities': []}

[2026-05-10 03:38:33.150] [info]  Found comfy_kitchen backend eager: {'available': True, 'disabled': False, 'unavailable_reason': None, 'capabilities': ['apply_rope', 'apply_rope1', 'dequantize_mxfp8', 'dequantize_nvfp4', 'dequantize_per_tensor_fp8', 'quantize_mxfp8', 'quantize_nvfp4', 'quantize_per_tensor_fp8', 'scaled_mm_mxfp8', 'scaled_mm_nvfp4']}
Found comfy_kitchen backend triton: {'available': False, 'disabled': True, 'unavailable_reason': "ImportError: No module named 'triton'", 'capabilities': []}

[2026-05-10 03:38:33.157] [info]  Checkpoint files will always be loaded safely.

[2026-05-10 03:38:33.174] [info]  Total VRAM 16379 MB, total RAM 16379 MB

[2026-05-10 03:38:33.175] [info]  pytorch version: 2.10.0+cpu
Set vram state to: DISABLED
Device: cpu

[2026-05-10 03:38:33.497] [info]  Using sub quadratic optimization for attention, if you have memory or speed issues try using: --use-split-cross-attention

[2026-05-10 03:38:36.271] [info]  Python version: 3.12.11 (main, Aug 18 2025, 19:17:54) [MSC v.1944 64 bit (AMD64)]

[2026-05-10 03:38:36.272] [info]  ComfyUI version: 0.20.1
comfy-aimdo version: 0.2.14

[2026-05-10 03:38:36.273] [info]  comfy-kitchen version: 0.2.8

[2026-05-10 03:38:36.276] [info]  [Prompt Server] web root: C:\Users\runneradmin\.comfy-test-cache\desktop\ComfyUI\resources\ComfyUI\web_custom_versions\desktop_app

[2026-05-10 03:38:36.278] [info]  Asset seeder disabled

[2026-05-10 03:38:36.280] [info]  [START] ComfyUI-Manager

[2026-05-10 03:38:36.403] [info]  [ComfyUI-Manager] Using GitPython backend

[2026-05-10 03:38:36.470] [info]  [ComfyUI-Manager] network_mode: public

[2026-05-10 03:38:36.474] [info]  [ComfyUI-Manager] The matrix sharing feature has been disabled because the `matrix-nio` dependency is not installed.
	To use this feature, please run the following command:
	C:\Users\runneradmin\Documents\ComfyUI\.venv\Scripts\python.exe -m pip install matrix-nio


[2026-05-10 03:38:38.268] [info]  loading...

[2026-05-10 03:38:38.270] [info]  calling register_nodes

[2026-05-10 03:38:38.273] [error] [comfy-env] Version: 0.3.78
[2026-05-10 03:38:38.275] [error] 

[2026-05-10 03:38:41.689] [info]  [comfy-env] Removed stale temp dir: C:\Users\RUNNER~1\AppData\Local\Temp\comfyui_pvenv_grlu00of

[2026-05-10 03:38:42.062] [error] [comfy-env] register_nodes: comfyui-geometrypack
[2026-05-10 03:38:42.063] [error] 

[2026-05-10 03:38:42.078] [error] [comfy-env] ComfyUI source dir: C:\Users\runneradmin\.comfy-test-cache\desktop\ComfyUI\resources\ComfyUI
[2026-05-10 03:38:42.080] [error] 

[2026-05-10 03:38:42.082] [error] [comfy-env] Scanning nodes metadata (isolation root)...
[2026-05-10 03:38:42.084] [error] 

[2026-05-10 03:38:42.122] [error] [comfy-env] Cache hit for nodes: 125 nodes
[2026-05-10 03:38:42.123] [error] 
[comfy-env] Scanned nodes root: 125 nodes (0.0s)

[2026-05-10 03:38:42.130] [error] [comfy-env] Imported nodes root: 125 nodes (isolation)
[2026-05-10 03:38:42.131] [error] 
[comfy-env] Registered 125 total nodes

[2026-05-10 03:38:42.136] [info]  
Import times for custom nodes:

[2026-05-10 03:38:42.137] [info]     0.0 seconds: C:\Users\runneradmin\.comfy-test-cache\desktop\ComfyUI\resources\ComfyUI\custom_nodes\websocket_image_save.py
   3.9 seconds: C:\Users\runneradmin\Documents\ComfyUI\custom_nodes\comfyui-geometrypack


[2026-05-10 03:38:42.141] [info]  Context impl SQLiteImpl.

[2026-05-10 03:38:42.143] [info]  Will assume non-transactional DDL.

[2026-05-10 03:38:42.152] [error] Failed to initialize database. Please ensure you have installed the latest requirements. If the error persists, please report this as in future the database will be required: Could not acquire lock on database 'C:/Users/runneradmin/Documents/ComfyUI/user/comfyui.db'. Another ComfyUI process may already be using it. Use --database-url to specify a separate database file.

[2026-05-10 03:38:42.252] [info]  Starting server


[2026-05-10 03:38:42.254] [info]  To see the GUI go to: http://127.0.0.1:8001

[2026-05-10 03:38:45.285] [info]  [ComfyUI-Manager] The ComfyRegistry cache update is still in progress, so an outdated cache is being used.

[2026-05-10 03:38:45.453] [info]  FETCH DATA from: C:\Users\runneradmin\Documents\ComfyUI\.venv\Lib\site-packages\comfyui_manager\custom-node-list.json
[2026-05-10 03:38:45.480] [info]   [DONE]

[2026-05-10 03:38:48.865] [info]  [ComfyUI-Manager] The ComfyRegistry cache update is still in progress, so an outdated cache is being used.

[2026-05-10 03:38:49.015] [info]  FETCH DATA from: C:\Users\runneradmin\Documents\ComfyUI\.venv\Lib\site-packages\comfyui_manager\custom-node-list.json
[2026-05-10 03:38:49.048] [info]   [DONE]

[2026-05-10 03:39:08.847] [info]  got prompt

[2026-05-10 03:39:08.867] [info]  [comfyui-geometrypack] python: C:\Users\runneradmin\Documents\ComfyUI\.ce\.pixi\envs\geometrypack-nodes\python.exe
[2026-05-10 03:39:08.869] [info]  
[comfyui-geometrypack] sys_path sent to worker: ['C:\\Users\\runneradmin\\.comfy-test-cache\\desktop\\ComfyUI\\resources\\ComfyUI', 'C:\\Users\\runneradmin\\Documents\\ComfyUI\\custom_nodes\\comfyui-geometrypack', 'C:\\Users\\runneradmin\\Documents\\ComfyUI\\.ce\\.pixi\\envs\\geometrypack-nodes\\Lib\\site-packages', 'C:\\Users\\runneradmin\\Documents\\ComfyUI\\custom_nodes\\comfyui-geometrypack']

[2026-05-10 03:39:15.805] [error] [worker:comfyui-geometrypack] INFO: Found mesh in input folder: 3d/Stanford_Bunny.stl

[2026-05-10 03:39:15.811] [error] [worker:comfyui-geometrypack] INFO: Loading: C:\Users\runneradmin\Documents\ComfyUI\input\3d/Stanford_Bunny.stl

[2026-05-10 03:39:16.055] [error] [worker:comfyui-geometrypack] INFO: Initial mesh: 56203 vertices, 112402 faces
[2026-05-10 03:39:16.057] [error] 

[2026-05-10 03:39:16.152] [error] [worker:comfyui-geometrypack] INFO: Successfully loaded: 56203 vertices, 112402 faces
[2026-05-10 03:39:16.154] [error] 

[2026-05-10 03:39:16.161] [error] [worker:comfyui-geometrypack] INFO: Loaded: 56203 vertices, 112402 faces

[2026-05-10 03:39:17.046] [error] [comfyui-geometrypack] Health check: ping (timeout=5.0s)...
[2026-05-10 03:39:17.049] [error] 

[2026-05-10 03:39:17.051] [error] [comfyui-geometrypack] Health check: ok

[2026-05-10 03:39:17.143] [error] [worker:comfyui-geometrypack] INFO: Preparing preview: Mesh - 56203 vertices, 112402 faces

[2026-05-10 03:39:17.165] [error] [worker:comfyui-geometrypack] INFO: Exported to: C:\Users\runneradmin\Documents\ComfyUI\output\preview_039a54a8.glb

[2026-05-10 03:39:17.223] [info]  Prompt executed in 8.37 seconds

