[2026-05-10 03:39:33.270] [info]  setup plugin alembic.autogenerate.schemas

[2026-05-10 03:39:33.272] [info]  setup plugin alembic.autogenerate.tables
setup plugin alembic.autogenerate.types
setup plugin alembic.autogenerate.constraints
setup plugin alembic.autogenerate.defaults
setup plugin alembic.autogenerate.comments

[2026-05-10 03:39:33.726] [info]  Adding extra search path custom_nodes C:\Users\runneradmin\Documents\ComfyUI\custom_nodes
Adding extra search path download_model_base C:\Users\runneradmin\Documents\ComfyUI\models
Adding extra search path custom_nodes C:\Users\runneradmin\.comfy-test-cache\desktop\ComfyUI\resources\ComfyUI\custom_nodes
Setting output directory to: C:\Users\runneradmin\Documents\ComfyUI\output
Setting input directory to: C:\Users\runneradmin\Documents\ComfyUI\input
Setting user directory to: C:\Users\runneradmin\Documents\ComfyUI\user

[2026-05-10 03:39:35.252] [info]  [START] Security scan
[DONE] Security scan
** ComfyUI startup time: 2026-05-10 03:39:35.251
[2026-05-10 03:39:35.254] [info]  
** Platform: Windows
** Python version: 3.12.11 (main, Aug 18 2025, 19:17:54) [MSC v.1944 64 bit (AMD64)]
** Python executable: C:\Users\runneradmin\Documents\ComfyUI\.venv\Scripts\python.exe
** ComfyUI Path: C:\Users\runneradmin\.comfy-test-cache\desktop\ComfyUI\resources\ComfyUI
** ComfyUI Base Folder Path: C:\Users\runneradmin\.comfy-test-cache\desktop\ComfyUI\resources\ComfyUI

[2026-05-10 03:39:35.255] [info]  ** User directory: C:\Users\runneradmin\Documents\ComfyUI\user
** ComfyUI-Manager config path:
[2026-05-10 03:39:35.256] [info]   C:\Users\runneradmin\Documents\ComfyUI\user\__manager\config.ini
** Log path: C:\Users\runneradmin\Documents\ComfyUI\user\comfyui.log

[2026-05-10 03:39:36.387] [info]  [ComfyUI-Manager] Skipped fixing the 'comfyui-frontend-package' dependency because the ComfyUI is outdated.

[2026-05-10 03:39:36.389] [info]  [PRE] ComfyUI-Manager

[2026-05-10 03:39:36.747] [error] [comfy-env] comfyui-geometrypack: 1 isolation env(s):
[2026-05-10 03:39:36.750] [error] 
[comfy-env]   nodes -> C:\Users\runneradmin\Documents\ComfyUI\custom_nodes\comfyui-geometrypack\nodes

[2026-05-10 03:39:36.751] [error] [comfy-env] prestartup complete

[2026-05-10 03:39:39.569] [info]  Found comfy_kitchen backend triton: {'available': False, 'disabled': True, 'unavailable_reason': "ImportError: No module named 'triton'", 'capabilities': []}

[2026-05-10 03:39:39.571] [info]  Found comfy_kitchen backend cuda: {'available': False, 'disabled': True, 'unavailable_reason': 'CUDA not available on this system', 'capabilities': []}
Found comfy_kitchen backend eager: {'available': True, 'disabled': False, 'unavailable_reason': None, 'capabilities': ['apply_rope', 'apply_rope1', 'dequantize_mxfp8', 'dequantize_nvfp4', 'dequantize_per_tensor_fp8', 'quantize_mxfp8', 'quantize_nvfp4', 'quantize_per_tensor_fp8', 'scaled_mm_mxfp8', 'scaled_mm_nvfp4']}

[2026-05-10 03:39:39.577] [info]  Checkpoint files will always be loaded safely.

[2026-05-10 03:39:39.594] [info]  Total VRAM 16379 MB, total RAM 16379 MB

[2026-05-10 03:39:39.596] [info]  pytorch version: 2.10.0+cpu
Set vram state to: DISABLED
Device: cpu

[2026-05-10 03:39:39.890] [info]  Using sub quadratic optimization for attention, if you have memory or speed issues try using: --use-split-cross-attention

[2026-05-10 03:39:42.589] [info]  Python version: 3.12.11 (main, Aug 18 2025, 19:17:54) [MSC v.1944 64 bit (AMD64)]

[2026-05-10 03:39:42.592] [info]  ComfyUI version: 0.20.1
comfy-aimdo version: 0.2.14
comfy-kitchen version: 0.2.8

[2026-05-10 03:39:42.595] [info]  [Prompt Server] web root: C:\Users\runneradmin\.comfy-test-cache\desktop\ComfyUI\resources\ComfyUI\web_custom_versions\desktop_app

[2026-05-10 03:39:42.600] [info]  Asset seeder disabled

[2026-05-10 03:39:42.602] [info]  [START] ComfyUI-Manager

[2026-05-10 03:39:42.731] [info]  [ComfyUI-Manager] Using GitPython backend

[2026-05-10 03:39:42.798] [info]  [ComfyUI-Manager] network_mode: public

[2026-05-10 03:39:42.802] [info]  [ComfyUI-Manager] The matrix sharing feature has been disabled because the `matrix-nio` dependency is not installed.
	To use this feature, please run the following command:
	C:\Users\runneradmin\Documents\ComfyUI\.venv\Scripts\python.exe -m pip install matrix-nio


[2026-05-10 03:39:44.548] [info]  loading...

[2026-05-10 03:39:44.549] [info]  calling register_nodes

[2026-05-10 03:39:44.553] [error] [comfy-env] Version: 0.3.78
[2026-05-10 03:39:44.554] [error] 

[2026-05-10 03:39:47.982] [info]  [comfy-env] Removed stale temp dir: C:\Users\RUNNER~1\AppData\Local\Temp\comfyui_pvenv_g9co260b

[2026-05-10 03:39:48.356] [error] [comfy-env] register_nodes: comfyui-geometrypack
[2026-05-10 03:39:48.358] [error] 

[2026-05-10 03:39:48.373] [error] [comfy-env] ComfyUI source dir: C:\Users\runneradmin\.comfy-test-cache\desktop\ComfyUI\resources\ComfyUI
[2026-05-10 03:39:48.374] [error] 

[2026-05-10 03:39:48.379] [error] [comfy-env] Scanning nodes metadata (isolation root)...
[2026-05-10 03:39:48.382] [error] 

[2026-05-10 03:39:48.425] [error] [comfy-env] Cache hit for nodes: 125 nodes
[2026-05-10 03:39:48.426] [error] 
[comfy-env] Scanned nodes root: 125 nodes (0.0s)

[2026-05-10 03:39:48.430] [error] [comfy-env] Imported nodes root: 125 nodes (isolation)
[2026-05-10 03:39:48.432] [error] 
[comfy-env] Registered 125 total nodes

[2026-05-10 03:39:48.436] [info]  
Import times for custom nodes:

[2026-05-10 03:39:48.438] [info]     0.0 seconds: C:\Users\runneradmin\.comfy-test-cache\desktop\ComfyUI\resources\ComfyUI\custom_nodes\websocket_image_save.py
   3.9 seconds: C:\Users\runneradmin\Documents\ComfyUI\custom_nodes\comfyui-geometrypack


[2026-05-10 03:39:48.442] [info]  Context impl SQLiteImpl.

[2026-05-10 03:39:48.443] [info]  Will assume non-transactional DDL.

[2026-05-10 03:39:48.451] [error] Failed to initialize database. Please ensure you have installed the latest requirements. If the error persists, please report this as in future the database will be required: Could not acquire lock on database 'C:/Users/runneradmin/Documents/ComfyUI/user/comfyui.db'. Another ComfyUI process may already be using it. Use --database-url to specify a separate database file.

[2026-05-10 03:39:48.548] [info]  Starting server


[2026-05-10 03:39:48.549] [info]  To see the GUI go to: http://127.0.0.1:8001

[2026-05-10 03:39:50.310] [info]  [ComfyUI-Manager] The ComfyRegistry cache update is still in progress, so an outdated cache is being used.

[2026-05-10 03:39:50.462] [info]  FETCH DATA from: C:\Users\runneradmin\Documents\ComfyUI\.venv\Lib\site-packages\comfyui_manager\custom-node-list.json
[2026-05-10 03:39:50.505] [info]   [DONE]

[2026-05-10 03:39:53.665] [info]  [ComfyUI-Manager] The ComfyRegistry cache update is still in progress, so an outdated cache is being used.

[2026-05-10 03:39:53.794] [info]  FETCH DATA from: C:\Users\runneradmin\Documents\ComfyUI\.venv\Lib\site-packages\comfyui_manager\custom-node-list.json
[2026-05-10 03:39:53.816] [info]   [DONE]
[2026-05-10 03:39:53.818] [info]  

[2026-05-10 03:40:14.270] [info]  got prompt

[2026-05-10 03:40:14.287] [info]  [comfyui-geometrypack] python: C:\Users\runneradmin\Documents\ComfyUI\.ce\.pixi\envs\geometrypack-nodes\python.exe
[2026-05-10 03:40:14.288] [info]  
[comfyui-geometrypack] sys_path sent to worker: ['C:\\Users\\runneradmin\\.comfy-test-cache\\desktop\\ComfyUI\\resources\\ComfyUI', 'C:\\Users\\runneradmin\\Documents\\ComfyUI\\custom_nodes\\comfyui-geometrypack', 'C:\\Users\\runneradmin\\Documents\\ComfyUI\\.ce\\.pixi\\envs\\geometrypack-nodes\\Lib\\site-packages', 'C:\\Users\\runneradmin\\Documents\\ComfyUI\\custom_nodes\\comfyui-geometrypack']

[2026-05-10 03:40:19.773] [error] [worker:comfyui-geometrypack] INFO: Found mesh in input folder: 3d/Stanford_Bunny.stl

[2026-05-10 03:40:19.778] [error] [worker:comfyui-geometrypack] INFO: Loading: C:\Users\runneradmin\Documents\ComfyUI\input\3d/Stanford_Bunny.stl

[2026-05-10 03:40:19.979] [error] [worker:comfyui-geometrypack] INFO: Initial mesh: 56203 vertices, 112402 faces

[2026-05-10 03:40:20.056] [error] [worker:comfyui-geometrypack] INFO: Successfully loaded: 56203 vertices, 112402 faces

[2026-05-10 03:40:20.062] [error] [worker:comfyui-geometrypack] INFO: Loaded: 56203 vertices, 112402 faces

[2026-05-10 03:40:20.508] [error] [comfyui-geometrypack] Health check: ping (timeout=5.0s)...
[2026-05-10 03:40:20.510] [error] 

[2026-05-10 03:40:20.512] [error] [comfyui-geometrypack] Health check: ok

[2026-05-10 03:40:20.589] [error] [worker:comfyui-geometrypack] INFO: Sampling 10,000 points using uniform method

[2026-05-10 03:40:20.658] [error] [worker:comfyui-geometrypack] INFO: Generated point cloud with 10,000 points

[2026-05-10 03:40:20.696] [error] [comfyui-geometrypack] Health check: ping (timeout=5.0s)...
[2026-05-10 03:40:20.698] [error] 

[2026-05-10 03:40:20.701] [error] [comfyui-geometrypack] Health check: ok
[2026-05-10 03:40:20.702] [error] 

[2026-05-10 03:40:20.784] [error] [worker:comfyui-geometrypack] INFO: Reconstruct dispatch: alpha_shape -> GeomPackReconstruct_AlphaShape

[2026-05-10 03:40:20.817] [error] [comfyui-geometrypack] Health check: ping (timeout=5.0s)...
[2026-05-10 03:40:20.820] [error] 

[2026-05-10 03:40:20.821] [error] [comfyui-geometrypack] Health check: ok

[2026-05-10 03:40:20.886] [error] [worker:comfyui-geometrypack] INFO: Preparing preview: Point Cloud - 10000 vertices, 0 faces

[2026-05-10 03:40:20.891] [error] [worker:comfyui-geometrypack] INFO: Mode: fields

[2026-05-10 03:40:20.896] [error] [worker:comfyui-geometrypack] INFO: Visual data - has_visual: True, kind: None, texture: False, vertex_colors: False

[2026-05-10 03:40:20.903] [error] [worker:comfyui-geometrypack] INFO: Using fields mode - VTP export

[2026-05-10 03:40:20.908] [error] [worker:comfyui-geometrypack] INFO: Exporting point cloud to VTP: C:\Users\runneradmin\Documents\ComfyUI\output\preview_vtk_3891eb8d.vtp

[2026-05-10 03:40:20.945] [error] [worker:comfyui-geometrypack] INFO: Export complete: 10000 points

[2026-05-10 03:40:20.952] [error] [worker:comfyui-geometrypack] INFO: Exported VTP to: C:\Users\runneradmin\Documents\ComfyUI\output\preview_vtk_3891eb8d.vtp

[2026-05-10 03:40:20.960] [error] [worker:comfyui-geometrypack] INFO: Fields mode info: watertight=False, volume=None, area=None, no fields

[2026-05-10 03:40:20.980] [error] [comfyui-geometrypack] Health check: ping (timeout=5.0s)...
[2026-05-10 03:40:20.982] [error] 

[2026-05-10 03:40:20.987] [error] [comfyui-geometrypack] Health check: ok

[2026-05-10 03:40:21.099] [error] [worker:comfyui-geometrypack] INFO: Reconstruct dispatch: convex_hull -> GeomPackReconstruct_ConvexHull

[2026-05-10 03:40:21.207] [error] [comfyui-geometrypack] Health check: ping (timeout=5.0s)...
[2026-05-10 03:40:21.209] [error] 

[2026-05-10 03:40:21.225] [error] [comfyui-geometrypack] Health check: ok

[2026-05-10 03:40:21.287] [error] [worker:comfyui-geometrypack] INFO: Reconstruct dispatch: poisson -> GeomPackReconstruct_Poisson

[2026-05-10 03:40:21.348] [error] [comfyui-geometrypack] Health check: ping (timeout=5.0s)...

[2026-05-10 03:40:21.353] [error] [comfyui-geometrypack] Health check: ok

[2026-05-10 03:40:21.415] [error] [worker:comfyui-geometrypack] INFO: Reconstruct dispatch: ball_pivoting -> GeomPackReconstruct_BallPivoting

[2026-05-10 03:40:21.436] [error] [comfyui-geometrypack] Health check: ping (timeout=5.0s)...
[2026-05-10 03:40:21.438] [error] 

[2026-05-10 03:40:21.439] [error] [comfyui-geometrypack] Health check: ok

[2026-05-10 03:40:21.506] [error] [worker:comfyui-geometrypack] INFO: Backend: alpha_shape

[2026-05-10 03:40:21.510] [error] [worker:comfyui-geometrypack] INFO: Computing alpha shape...

[2026-05-10 03:40:24.053] [error] [comfyui-geometrypack] Health check: ping (timeout=5.0s)...
[2026-05-10 03:40:24.055] [error] 

[2026-05-10 03:40:24.064] [error] [comfyui-geometrypack] Health check: ok

[2026-05-10 03:40:24.162] [error] [worker:comfyui-geometrypack] INFO: Backend: convex_hull

[2026-05-10 03:40:24.168] [error] [worker:comfyui-geometrypack] INFO: Computing convex hull...

[2026-05-10 03:40:24.215] [error] [comfyui-geometrypack] Health check: ping (timeout=5.0s)...

[2026-05-10 03:40:24.218] [error] [comfyui-geometrypack] Health check: ok
[2026-05-10 03:40:24.220] [error] 

[2026-05-10 03:40:24.297] [error] [worker:comfyui-geometrypack] INFO: Backend: poisson
[2026-05-10 03:40:24.298] [error] 

[2026-05-10 03:40:24.305] [error] [worker:comfyui-geometrypack] INFO: Using normals from input

[2026-05-10 03:40:24.487] [error] [worker:comfyui-geometrypack] INFO: Using PyMeshLab Poisson reconstruction...

[2026-05-10 03:40:30.413] [error] [comfyui-geometrypack] Health check: ping (timeout=5.0s)...
[2026-05-10 03:40:30.414] [error] 

[2026-05-10 03:40:30.419] [error] [comfyui-geometrypack] Health check: ok

[2026-05-10 03:40:30.516] [error] [worker:comfyui-geometrypack] INFO: Backend: ball_pivoting

[2026-05-10 03:40:30.526] [error] [worker:comfyui-geometrypack] INFO: Using PyMeshLab Ball Pivoting...

[2026-05-10 03:40:30.680] [error] [comfyui-geometrypack] Health check: ping (timeout=5.0s)...

[2026-05-10 03:40:30.685] [error] [comfyui-geometrypack] Health check: ok

[2026-05-10 03:40:30.785] [error] [worker:comfyui-geometrypack] INFO: Mode: fields, Meshes: 4

[2026-05-10 03:40:30.791] [error] [worker:comfyui-geometrypack] INFO: Mesh 1: Mesh - 43068 vertices, 86162 faces

[2026-05-10 03:40:30.798] [error] [worker:comfyui-geometrypack] INFO: Exporting mesh to VTP: C:\Users\runneradmin\Documents\ComfyUI\output\preview_multi_1_73809e08.vtp

[2026-05-10 03:40:30.986] [error] [worker:comfyui-geometrypack] INFO: Adding normals field (43068 vertices)

[2026-05-10 03:40:31.176] [error] [worker:comfyui-geometrypack] INFO: Export complete: 43068 vertices, 86162 faces

[2026-05-10 03:40:31.184] [error] [worker:comfyui-geometrypack] INFO: Exported VTP: C:\Users\runneradmin\Documents\ComfyUI\output\preview_multi_1_73809e08.vtp

[2026-05-10 03:40:31.245] [error] [worker:comfyui-geometrypack] INFO: Mesh 2: Mesh - 10000 vertices, 16762 faces

[2026-05-10 03:40:31.255] [error] [worker:comfyui-geometrypack] INFO: Exporting mesh to VTP: C:\Users\runneradmin\Documents\ComfyUI\output\preview_multi_2_73809e08.vtp

[2026-05-10 03:40:31.293] [error] [worker:comfyui-geometrypack] INFO: Adding normals field (10000 vertices)

[2026-05-10 03:40:31.336] [error] [worker:comfyui-geometrypack] INFO: Export complete: 10000 vertices, 16762 faces

[2026-05-10 03:40:31.342] [error] [worker:comfyui-geometrypack] INFO: Exported VTP: C:\Users\runneradmin\Documents\ComfyUI\output\preview_multi_2_73809e08.vtp

[2026-05-10 03:40:31.356] [error] [worker:comfyui-geometrypack] INFO: Mesh 3: Mesh - 5724 vertices, 12098 faces

[2026-05-10 03:40:31.361] [error] [worker:comfyui-geometrypack] INFO: Exporting mesh to VTP: C:\Users\runneradmin\Documents\ComfyUI\output\preview_multi_3_73809e08.vtp

[2026-05-10 03:40:31.387] [error] [worker:comfyui-geometrypack] INFO: Adding normals field (5724 vertices)

[2026-05-10 03:40:31.424] [error] [worker:comfyui-geometrypack] INFO: Export complete: 5724 vertices, 12098 faces

[2026-05-10 03:40:31.435] [error] [worker:comfyui-geometrypack] INFO: Exported VTP: C:\Users\runneradmin\Documents\ComfyUI\output\preview_multi_3_73809e08.vtp

[2026-05-10 03:40:31.446] [error] [worker:comfyui-geometrypack] INFO: Mesh 4: Mesh - 729 vertices, 1454 faces

[2026-05-10 03:40:31.453] [error] [worker:comfyui-geometrypack] INFO: Exporting mesh to VTP: C:\Users\runneradmin\Documents\ComfyUI\output\preview_multi_4_73809e08.vtp

[2026-05-10 03:40:31.465] [error] [worker:comfyui-geometrypack] INFO: Adding normals field (729 vertices)

[2026-05-10 03:40:31.508] [error] [worker:comfyui-geometrypack] INFO: Export complete: 729 vertices, 1454 faces
[worker:comfyui-geometrypack] INFO: Exported VTP: C:\Users\runneradmin\Documents\ComfyUI\output\preview_multi_4_73809e08.vtp
[worker:comfyui-geometrypack] INFO: Grid: 2x2, Preview ready

[2026-05-10 03:40:31.528] [info]  Prompt executed in 17.25 seconds

