[2026-05-10 03:55:30.515] [info]  setup plugin alembic.autogenerate.schemas

[2026-05-10 03:55:30.517] [info]  setup plugin alembic.autogenerate.tables
setup plugin alembic.autogenerate.types
setup plugin alembic.autogenerate.constraints
setup plugin alembic.autogenerate.defaults
setup plugin alembic.autogenerate.comments

[2026-05-10 03:55:30.952] [info]  Adding extra search path custom_nodes C:\Users\runneradmin\Documents\ComfyUI\custom_nodes
Adding extra search path download_model_base C:\Users\runneradmin\Documents\ComfyUI\models

[2026-05-10 03:55:30.953] [info]  Adding extra search path custom_nodes C:\Users\runneradmin\.comfy-test-cache\desktop\ComfyUI\resources\ComfyUI\custom_nodes
Setting output directory to: C:\Users\runneradmin\Documents\ComfyUI\output
Setting input directory to: C:\Users\runneradmin\Documents\ComfyUI\input
Setting user directory to: C:\Users\runneradmin\Documents\ComfyUI\user

[2026-05-10 03:55:32.492] [info]  [START] Security scan
[DONE] Security scan
** ComfyUI startup time: 
[2026-05-10 03:55:32.493] [info]  2026-05-10 03:55:32.491
** Platform: Windows
** Python version: 3.12.11 (main, Aug 18 2025, 19:17:54) [MSC v.1944 64 bit (AMD64)]
** Python executable: C:\Users\runneradmin\Documents\ComfyUI\.venv\Scripts\python.exe
** ComfyUI Path: C:\Users\runneradmin\.comfy-test-cache\desktop\ComfyUI\resources\ComfyUI
** ComfyUI Base Folder Path: C:\Users\runneradmin\.comfy-test-cache\desktop\ComfyUI\resources\ComfyUI

[2026-05-10 03:55:32.495] [info]  ** User directory: C:\Users\runneradmin\Documents\ComfyUI\user
** ComfyUI-Manager config path: C:\Users\runneradmin\Documents\ComfyUI\user\__manager\config.ini

[2026-05-10 03:55:32.496] [info]  ** Log path: C:\Users\runneradmin\Documents\ComfyUI\user\comfyui.log

[2026-05-10 03:55:33.643] [info]  [ComfyUI-Manager] Skipped fixing the 'comfyui-frontend-package' dependency because the ComfyUI is outdated.

[2026-05-10 03:55:33.645] [info]  [PRE] ComfyUI-Manager

[2026-05-10 03:55:34.008] [error] [comfy-env] comfyui-geometrypack: 1 isolation env(s):
[2026-05-10 03:55:34.009] [error] 
[comfy-env]   nodes -> C:\Users\runneradmin\Documents\ComfyUI\custom_nodes\comfyui-geometrypack\nodes
[comfy-env] prestartup complete

[2026-05-10 03:55:36.862] [info]  Found comfy_kitchen backend triton: {'available': False, 'disabled': True, 'unavailable_reason': "ImportError: No module named 'triton'", 'capabilities': []}

[2026-05-10 03:55:36.863] [info]  Found comfy_kitchen backend cuda: {'available': False, 'disabled': True, 'unavailable_reason': 'CUDA not available on this system', 'capabilities': []}
Found comfy_kitchen backend eager: {'available': True, 'disabled': False, 'unavailable_reason': None, 'capabilities': ['apply_rope', 'apply_rope1', 'dequantize_mxfp8', 'dequantize_nvfp4', 'dequantize_per_tensor_fp8', 'quantize_mxfp8', 'quantize_nvfp4', 'quantize_per_tensor_fp8', 'scaled_mm_mxfp8', 'scaled_mm_nvfp4']}

[2026-05-10 03:55:36.870] [info]  Checkpoint files will always be loaded safely.

[2026-05-10 03:55:36.889] [info]  Total VRAM 16379 MB, total RAM 16379 MB

[2026-05-10 03:55:36.890] [info]  pytorch version: 2.10.0+cpu
Set vram state to: DISABLED
Device: cpu

[2026-05-10 03:55:37.177] [info]  Using sub quadratic optimization for attention, if you have memory or speed issues try using: --use-split-cross-attention

[2026-05-10 03:55:39.883] [info]  Python version: 3.12.11 (main, Aug 18 2025, 19:17:54) [MSC v.1944 64 bit (AMD64)]
ComfyUI version: 0.20.1

[2026-05-10 03:55:39.884] [info]  comfy-aimdo version: 0.2.14

[2026-05-10 03:55:39.886] [info]  comfy-kitchen version: 0.2.8

[2026-05-10 03:55:39.888] [info]  [Prompt Server] web root: C:\Users\runneradmin\.comfy-test-cache\desktop\ComfyUI\resources\ComfyUI\web_custom_versions\desktop_app

[2026-05-10 03:55:39.892] [info]  Asset seeder disabled
[START] ComfyUI-Manager

[2026-05-10 03:55:40.021] [info]  [ComfyUI-Manager] Using GitPython backend

[2026-05-10 03:55:40.097] [info]  [ComfyUI-Manager] network_mode: public

[2026-05-10 03:55:40.101] [info]  [ComfyUI-Manager] The matrix sharing feature has been disabled because the `matrix-nio` dependency is not installed.
	To use this feature, please run the following command:
	C:\Users\runneradmin\Documents\ComfyUI\.venv\Scripts\python.exe -m pip install matrix-nio


[2026-05-10 03:55:41.822] [info]  loading...

[2026-05-10 03:55:41.824] [info]  calling register_nodes

[2026-05-10 03:55:41.827] [error] [comfy-env] Version: 0.3.78
[2026-05-10 03:55:41.828] [error] 

[2026-05-10 03:55:44.552] [error] [comfy-env] register_nodes: comfyui-geometrypack
[2026-05-10 03:55:44.554] [error] 

[2026-05-10 03:55:44.574] [error] [comfy-env] ComfyUI source dir: C:\Users\runneradmin\.comfy-test-cache\desktop\ComfyUI\resources\ComfyUI
[2026-05-10 03:55:44.577] [error] 

[2026-05-10 03:55:44.581] [error] [comfy-env] Scanning nodes metadata (isolation root)...
[2026-05-10 03:55:44.582] [error] 

[2026-05-10 03:55:44.626] [error] [comfy-env] Cache hit for nodes: 125 nodes
[2026-05-10 03:55:44.628] [error] 
[comfy-env] Scanned nodes root: 125 nodes (0.0s)

[2026-05-10 03:55:44.631] [error] [comfy-env] Imported nodes root: 125 nodes (isolation)
[2026-05-10 03:55:44.632] [error] 
[comfy-env] Registered 125 total nodes
[2026-05-10 03:55:44.634] [error] 

[2026-05-10 03:55:44.639] [info]  
Import times for custom nodes:

[2026-05-10 03:55:44.641] [info]     0.0 seconds: C:\Users\runneradmin\.comfy-test-cache\desktop\ComfyUI\resources\ComfyUI\custom_nodes\websocket_image_save.py
   2.8 seconds: C:\Users\runneradmin\Documents\ComfyUI\custom_nodes\comfyui-geometrypack


[2026-05-10 03:55:44.645] [info]  Context impl SQLiteImpl.

[2026-05-10 03:55:44.647] [info]  Will assume non-transactional DDL.

[2026-05-10 03:55:44.654] [error] Failed to initialize database. Please ensure you have installed the latest requirements. If the error persists, please report this as in future the database will be required: Could not acquire lock on database 'C:/Users/runneradmin/Documents/ComfyUI/user/comfyui.db'. Another ComfyUI process may already be using it. Use --database-url to specify a separate database file.

[2026-05-10 03:55:44.752] [info]  Starting server


[2026-05-10 03:55:44.753] [info]  To see the GUI go to: http://127.0.0.1:8001

[2026-05-10 03:55:47.002] [info]  [ComfyUI-Manager] The ComfyRegistry cache update is still in progress, so an outdated cache is being used.

[2026-05-10 03:55:47.163] [info]  FETCH DATA from: C:\Users\runneradmin\Documents\ComfyUI\.venv\Lib\site-packages\comfyui_manager\custom-node-list.json
[2026-05-10 03:55:47.192] [info]   [DONE]

[2026-05-10 03:55:50.736] [info]  [ComfyUI-Manager] The ComfyRegistry cache update is still in progress, so an outdated cache is being used.

[2026-05-10 03:55:50.884] [info]  FETCH DATA from: C:\Users\runneradmin\Documents\ComfyUI\.venv\Lib\site-packages\comfyui_manager\custom-node-list.json
[2026-05-10 03:55:50.910] [info]   [DONE]

[2026-05-10 03:57:10.804] [info]  FETCH ComfyRegistry Data [DONE]

[2026-05-10 03:57:13.954] [info]  [ComfyUI-Manager] default cache updated: https://api.comfy.org/nodes

[2026-05-10 03:57:14.192] [info]  FETCH DATA from: C:\Users\runneradmin\Documents\ComfyUI\user\__manager\cache\1514988643_custom-node-list.json
[2026-05-10 03:57:14.274] [info]   [DONE]
[2026-05-10 03:57:14.288] [info]  

[2026-05-10 03:57:14.915] [info]  [ComfyUI-Manager] All startup tasks have been completed.

