[2026-05-09 16:53:53.331] [info]  setup plugin alembic.autogenerate.schemas

[2026-05-09 16:53:53.334] [info]  setup plugin alembic.autogenerate.tables
setup plugin alembic.autogenerate.types
setup plugin alembic.autogenerate.constraints
setup plugin alembic.autogenerate.defaults
setup plugin alembic.autogenerate.comments

[2026-05-09 16:53:53.809] [info]  Adding extra search path custom_nodes C:\Users\runneradmin\Documents\ComfyUI\custom_nodes

[2026-05-09 16:53:53.811] [info]  Adding extra search path download_model_base C:\Users\runneradmin\Documents\ComfyUI\models
Adding extra search path custom_nodes C:\Users\runneradmin\AppData\Local\Programs\ComfyUI\resources\ComfyUI\custom_nodes
Setting output directory to: C:\Users\runneradmin\Documents\ComfyUI\output
Setting input directory to: C:\Users\runneradmin\Documents\ComfyUI\input
Setting user directory to: C:\Users\runneradmin\Documents\ComfyUI\user

[2026-05-09 16:53:55.393] [info]  [START] Security scan
[DONE] Security scan
** ComfyUI startup time: 
[2026-05-09 16:53:55.394] [info]  2026-05-09 16:53:55.392
** Platform: Windows
** Python version: 3.12.11 (main, Aug 18 2025, 19:17:54) [MSC v.1944 64 bit (AMD64)]
** Python executable: C:\Users\runneradmin\Documents\ComfyUI\.venv\Scripts\python.exe
** ComfyUI Path: C:\Users\runneradmin\AppData\Local\Programs\ComfyUI\resources\ComfyUI
** ComfyUI Base Folder Path: C:\Users\runneradmin\AppData\Local\Programs\ComfyUI\resources\ComfyUI

[2026-05-09 16:53:55.396] [info]  ** User directory:
[2026-05-09 16:53:55.397] [info]   C:\Users\runneradmin\Documents\ComfyUI\user
** ComfyUI-Manager config path: C:\Users\runneradmin\Documents\ComfyUI\user\__manager\config.ini
** Log path: C:\Users\runneradmin\Documents\ComfyUI\user\comfyui.log

[2026-05-09 16:53:56.516] [info]  [ComfyUI-Manager] Skipped fixing the 'comfyui-frontend-package' dependency because the ComfyUI is outdated.

[2026-05-09 16:53:56.518] [info]  [PRE] ComfyUI-Manager

[2026-05-09 16:53:56.881] [error] [comfy-env] comfyui-geometrypack: 1 isolation env(s):
[2026-05-09 16:53:56.883] [error] 
[comfy-env]   nodes -> C:\Users\runneradmin\Documents\ComfyUI\custom_nodes\comfyui-geometrypack\nodes
[comfy-env] prestartup complete

[2026-05-09 16:53:59.706] [info]  Found comfy_kitchen backend eager: {'available': True, 'disabled': False, 'unavailable_reason': None, 'capabilities': ['apply_rope', 'apply_rope1', 'dequantize_mxfp8', 'dequantize_nvfp4', 'dequantize_per_tensor_fp8', 'quantize_mxfp8', 'quantize_nvfp4', 'quantize_per_tensor_fp8', 'scaled_mm_mxfp8', 'scaled_mm_nvfp4']}

[2026-05-09 16:53:59.708] [info]  Found comfy_kitchen backend cuda: {'available': False, 'disabled': True, 'unavailable_reason': 'CUDA not available on this system', 'capabilities': []}
Found comfy_kitchen backend triton: {'available': False, 'disabled': True, 'unavailable_reason': "ImportError: No module named 'triton'", 'capabilities': []}

[2026-05-09 16:53:59.714] [info]  Checkpoint files will always be loaded safely.

[2026-05-09 16:53:59.737] [info]  Total VRAM 16379 MB, total RAM 16379 MB

[2026-05-09 16:53:59.738] [info]  pytorch version: 2.10.0+cpu
Set vram state to: DISABLED
Device: cpu

[2026-05-09 16:54:00.084] [info]  Using sub quadratic optimization for attention, if you have memory or speed issues try using: --use-split-cross-attention

[2026-05-09 16:54:02.746] [info]  Python version: 3.12.11 (main, Aug 18 2025, 19:17:54) [MSC v.1944 64 bit (AMD64)]

[2026-05-09 16:54:02.747] [info]  ComfyUI version: 0.20.1
comfy-aimdo version: 0.2.14

[2026-05-09 16:54:02.748] [info]  comfy-kitchen version: 0.2.8

[2026-05-09 16:54:02.751] [info]  [Prompt Server] web root: C:\Users\runneradmin\AppData\Local\Programs\ComfyUI\resources\ComfyUI\web_custom_versions\desktop_app

[2026-05-09 16:54:02.753] [info]  Asset seeder disabled

[2026-05-09 16:54:02.754] [info]  [START] ComfyUI-Manager

[2026-05-09 16:54:02.877] [info]  [ComfyUI-Manager] Using GitPython backend

[2026-05-09 16:54:02.946] [info]  [ComfyUI-Manager] network_mode: public

[2026-05-09 16:54:02.950] [info]  [ComfyUI-Manager] The matrix sharing feature has been disabled because the `matrix-nio` dependency is not installed.
	To use this feature, please run the following command:
	C:\Users\runneradmin\Documents\ComfyUI\.venv\Scripts\python.exe -m pip install matrix-nio


[2026-05-09 16:54:04.698] [info]  loading...

[2026-05-09 16:54:04.699] [info]  calling register_nodes

[2026-05-09 16:54:04.703] [error] [comfy-env] Version: 0.3.78
[2026-05-09 16:54:04.705] [error] 

[2026-05-09 16:54:08.128] [info]  [comfy-env] Removed stale temp dir: C:\Users\RUNNER~1\AppData\Local\Temp\comfyui_pvenv_swfu68ku

[2026-05-09 16:54:08.476] [error] [comfy-env] register_nodes: comfyui-geometrypack
[2026-05-09 16:54:08.479] [error] 

[2026-05-09 16:54:08.496] [error] [comfy-env] ComfyUI source dir: C:\Users\runneradmin\AppData\Local\Programs\ComfyUI\resources\ComfyUI
[2026-05-09 16:54:08.498] [error] 

[2026-05-09 16:54:08.500] [error] [comfy-env] Scanning nodes metadata (isolation root)...
[2026-05-09 16:54:08.502] [error] 

[2026-05-09 16:54:08.544] [error] [comfy-env] Cache hit for nodes: 125 nodes
[2026-05-09 16:54:08.545] [error] 
[comfy-env] Scanned nodes root: 125 nodes (0.0s)

[2026-05-09 16:54:08.550] [error] [comfy-env] Imported nodes root: 125 nodes (isolation)
[2026-05-09 16:54:08.552] [error] 

[2026-05-09 16:54:08.553] [error] [comfy-env] Registered 125 total nodes
[2026-05-09 16:54:08.555] [error] 

[2026-05-09 16:54:08.561] [info]  
Import times for custom nodes:

[2026-05-09 16:54:08.562] [info]     0.0 seconds: C:\Users\runneradmin\AppData\Local\Programs\ComfyUI\resources\ComfyUI\custom_nodes\websocket_image_save.py
   3.9 seconds: C:\Users\runneradmin\Documents\ComfyUI\custom_nodes\comfyui-geometrypack


[2026-05-09 16:54:08.565] [info]  Context impl SQLiteImpl.

[2026-05-09 16:54:08.566] [info]  Will assume non-transactional DDL.

[2026-05-09 16:54:08.576] [error] Failed to initialize database. Please ensure you have installed the latest requirements. If the error persists, please report this as in future the database will be required: Could not acquire lock on database 'C:/Users/runneradmin/Documents/ComfyUI/user/comfyui.db'. Another ComfyUI process may already be using it. Use --database-url to specify a separate database file.

[2026-05-09 16:54:08.687] [info]  Starting server


[2026-05-09 16:54:08.689] [info]  To see the GUI go to: http://127.0.0.1:8001

[2026-05-09 16:54:10.285] [info]  [ComfyUI-Manager] The ComfyRegistry cache update is still in progress, so an outdated cache is being used.

[2026-05-09 16:54:10.452] [info]  FETCH DATA from: C:\Users\runneradmin\Documents\ComfyUI\.venv\Lib\site-packages\comfyui_manager\custom-node-list.json
[2026-05-09 16:54:10.489] [info]   [DONE]

[2026-05-09 16:54:12.446] [error] Exception in callback _ProactorBasePipeTransport._call_connection_lost(None)
handle: <Handle _ProactorBasePipeTransport._call_connection_lost(None)>
Traceback (most recent call last):
  File "C:\Users\runneradmin\AppData\Roaming\uv\python\cpython-3.12.11-windows-x86_64-none\Lib\asyncio\events.py", line 88, in _run
    self._context.run(self._callback, *self._args)
  File "C:\Users\runneradmin\AppData\Roaming\uv\python\cpython-3.12.11-windows-x86_64-none\Lib\asyncio\proactor_events.py", line 165, in _call_connection_lost
    self._sock.shutdown(socket.SHUT_RDWR)
ConnectionResetError: [WinError 10054] An existing connection was forcibly closed by the remote host

[2026-05-09 16:54:13.510] [info]  [ComfyUI-Manager] The ComfyRegistry cache update is still in progress, so an outdated cache is being used.

[2026-05-09 16:54:13.615] [info]  FETCH DATA from: C:\Users\runneradmin\Documents\ComfyUI\.venv\Lib\site-packages\comfyui_manager\custom-node-list.json
[2026-05-09 16:54:13.636] [info]   [DONE]

[2026-05-09 16:54:34.124] [info]  got prompt

[2026-05-09 16:54:34.146] [info]  [comfyui-geometrypack] python: C:\Users\runneradmin\Documents\ComfyUI\.ce\.pixi\envs\geometrypack-nodes\python.exe
[2026-05-09 16:54:34.147] [info]  
[comfyui-geometrypack] sys_path sent to worker: ['C:\\Users\\runneradmin\\AppData\\Local\\Programs\\ComfyUI\\resources\\ComfyUI', 'C:\\Users\\runneradmin\\Documents\\ComfyUI\\custom_nodes\\comfyui-geometrypack', 'C:\\Users\\runneradmin\\Documents\\ComfyUI\\.ce\\.pixi\\envs\\geometrypack-nodes\\Lib\\site-packages', 'C:\\Users\\runneradmin\\Documents\\ComfyUI\\custom_nodes\\comfyui-geometrypack']

[2026-05-09 16:54:39.522] [error] [worker:comfyui-geometrypack] INFO: Found mesh in input folder: 3d/cow.off

[2026-05-09 16:54:39.527] [error] [worker:comfyui-geometrypack] INFO: Loading: C:\Users\runneradmin\Documents\ComfyUI\input\3d/cow.off

[2026-05-09 16:54:39.546] [error] [worker:comfyui-geometrypack] INFO: Initial mesh: 2761 vertices, 5520 faces

[2026-05-09 16:54:39.555] [error] [worker:comfyui-geometrypack] INFO: Successfully loaded: 2761 vertices, 5520 faces

[2026-05-09 16:54:39.559] [error] [worker:comfyui-geometrypack] INFO: Loaded: 2761 vertices, 5520 faces

[2026-05-09 16:54:39.960] [error] [comfyui-geometrypack] Health check: ping (timeout=5.0s)...
[2026-05-09 16:54:39.962] [error] 
[comfyui-geometrypack] Health check: ok

[2026-05-09 16:54:40.007] [error] [worker:comfyui-geometrypack] INFO: Extract Skeleton dispatch: wavefront -> GeomPackSkeleton_Wavefront

[2026-05-09 16:54:40.025] [error] [comfyui-geometrypack] Health check: ping (timeout=5.0s)...
[2026-05-09 16:54:40.026] [error] 

[2026-05-09 16:54:40.028] [error] [comfyui-geometrypack] Health check: ok

[2026-05-09 16:54:46.165] [error] [worker:comfyui-geometrypack] INFO: Backend: wavefront

[2026-05-09 16:54:46.224] [error] Skeletonizing:   0%|          | 0/2761 [00:00<?, ?it/s]
[2026-05-09 16:54:46.242] [error] Skeletonizing: 100%|██████████| 2761/2761 [00:00<00:00, 162280.14it/s]

[2026-05-09 16:54:46.331] [error] [comfyui-geometrypack] Health check: ping (timeout=5.0s)...
[2026-05-09 16:54:46.333] [error] 

[2026-05-09 16:54:46.335] [error] [comfyui-geometrypack] Health check: ok

[2026-05-09 16:54:46.425] [error] [worker:comfyui-geometrypack] INFO: Creating solid mesh: 96 joints, 95 bones

[2026-05-09 16:54:46.428] [error] [worker:comfyui-geometrypack] INFO: Skeleton metadata: scale=0.515, normalized=False

[2026-05-09 16:54:46.432] [error] [worker:comfyui-geometrypack] INFO: Input skeleton bounding box:

[2026-05-09 16:54:46.435] [error] [worker:comfyui-geometrypack] INFO:   Min: [-0.512, -0.315, -0.154]

[2026-05-09 16:54:46.441] [error] [worker:comfyui-geometrypack] INFO:   Max: [0.519, 0.320, 0.138]

[2026-05-09 16:54:46.444] [error] [worker:comfyui-geometrypack] INFO:   Size: [1.031, 0.635, 0.292]

[2026-05-09 16:54:46.448] [error] [worker:comfyui-geometrypack] INFO:   Center: [0.003, 0.002, -0.008]

[2026-05-09 16:54:46.622] [error] [worker:comfyui-geometrypack] INFO: Created mesh: 11118 vertices, 21472 faces

[2026-05-09 16:54:46.629] [error] [worker:comfyui-geometrypack] INFO: Output mesh bounding box:

[2026-05-09 16:54:46.633] [error] [worker:comfyui-geometrypack] INFO:   Min: [-0.531, -0.334, -0.174]

[2026-05-09 16:54:46.636] [error] [worker:comfyui-geometrypack] INFO:   Max: [0.538, 0.339, 0.158]

[2026-05-09 16:54:46.640] [error] [worker:comfyui-geometrypack] INFO:   Size: [1.070, 0.674, 0.332]

[2026-05-09 16:54:46.644] [error] [worker:comfyui-geometrypack] INFO:   Center: [0.003, 0.002, -0.008]

[2026-05-09 16:54:46.663] [error] [comfyui-geometrypack] Health check: ping (timeout=5.0s)...
[2026-05-09 16:54:46.665] [error] 

[2026-05-09 16:54:46.666] [error] [comfyui-geometrypack] Health check: ok

[2026-05-09 16:54:46.719] [error] [worker:comfyui-geometrypack] INFO: Layout: overlay, Mode: fields
[2026-05-09 16:54:46.720] [error] 

[2026-05-09 16:54:46.723] [error] [worker:comfyui-geometrypack] INFO: Mesh 1: Mesh - 11118 vertices, 21472 faces

[2026-05-09 16:54:46.727] [error] [worker:comfyui-geometrypack] INFO: Mesh 2: Mesh - 2761 vertices, 5520 faces

[2026-05-09 16:54:46.733] [error] [worker:comfyui-geometrypack] INFO: Mesh 1 fields: []

[2026-05-09 16:54:46.738] [error] [worker:comfyui-geometrypack] INFO: Mesh 2 fields: []

[2026-05-09 16:54:46.742] [error] [worker:comfyui-geometrypack] INFO: Common fields: []

[2026-05-09 16:54:46.783] [error] [worker:comfyui-geometrypack] INFO: Mesh 1 visual: kind=None, texture=False, vertex_colors=False
[worker:comfyui-geometrypack] INFO: Mesh 2 visual: kind=None, texture=False, vertex_colors=False
[worker:comfyui-geometrypack] INFO: Added mesh_id field and red/blue colors for overlay
[worker:comfyui-geometrypack] INFO: Exporting mesh to VTP: C:\Users\runneradmin\Documents\ComfyUI\output\preview_dual_overlay_66fc37da.vtp

[2026-05-09 16:54:46.854] [error] [worker:comfyui-geometrypack] INFO: Adding normals field (13879 vertices)

[2026-05-09 16:54:46.888] [error] [worker:comfyui-geometrypack] INFO: Adding scalar field: mesh_id (components: 1)

[2026-05-09 16:54:46.940] [error] [worker:comfyui-geometrypack] INFO: Export complete: 13879 vertices, 26992 faces

[2026-05-09 16:54:46.947] [error] [worker:comfyui-geometrypack] INFO: Exported combined VTP: C:\Users\runneradmin\Documents\ComfyUI\output\preview_dual_overlay_66fc37da.vtp

[2026-05-09 16:54:46.952] [error] [worker:comfyui-geometrypack] INFO: Combined Mesh: 13879 vertices, 26992 faces

[2026-05-09 16:54:46.971] [error] [worker:comfyui-geometrypack] INFO: Preview ready

[2026-05-09 16:54:46.988] [info]  Prompt executed in 12.86 seconds

