[2026-05-10 03:45:30.879] [info]  setup plugin alembic.autogenerate.schemas

[2026-05-10 03:45:30.881] [info]  setup plugin alembic.autogenerate.tables
setup plugin alembic.autogenerate.types
setup plugin alembic.autogenerate.constraints
setup plugin alembic.autogenerate.defaults
setup plugin alembic.autogenerate.comments

[2026-05-10 03:45:31.318] [info]  Adding extra search path custom_nodes C:\Users\runneradmin\Documents\ComfyUI\custom_nodes
Adding extra search path download_model_base C:\Users\runneradmin\Documents\ComfyUI\models

[2026-05-10 03:45:31.319] [info]  Adding extra search path custom_nodes C:\Users\runneradmin\.comfy-test-cache\desktop\ComfyUI\resources\ComfyUI\custom_nodes
Setting output directory to: C:\Users\runneradmin\Documents\ComfyUI\output
Setting input directory to: C:\Users\runneradmin\Documents\ComfyUI\input
Setting user directory to: C:\Users\runneradmin\Documents\ComfyUI\user

[2026-05-10 03:45:32.872] [info]  [START] Security scan
[DONE] Security scan
** ComfyUI startup time: 2026-05-10 03:45:32.871
[2026-05-10 03:45:32.873] [info]  
** Platform: Windows
** Python version: 3.12.11 (main, Aug 18 2025, 19:17:54) [MSC v.1944 64 bit (AMD64)]
** Python executable: C:\Users\runneradmin\Documents\ComfyUI\.venv\Scripts\python.exe
** ComfyUI Path: C:\Users\runneradmin\.comfy-test-cache\desktop\ComfyUI\resources\ComfyUI
** ComfyUI Base Folder Path: C:\Users\runneradmin\.comfy-test-cache\desktop\ComfyUI\resources\ComfyUI

[2026-05-10 03:45:32.875] [info]  ** User directory: C:\Users\runneradmin\Documents\ComfyUI\user
** ComfyUI-Manager config path:
[2026-05-10 03:45:32.876] [info]   C:\Users\runneradmin\Documents\ComfyUI\user\__manager\config.ini
** Log path: C:\Users\runneradmin\Documents\ComfyUI\user\comfyui.log

[2026-05-10 03:45:34.061] [info]  [ComfyUI-Manager] Skipped fixing the 'comfyui-frontend-package' dependency because the ComfyUI is outdated.

[2026-05-10 03:45:34.063] [info]  [PRE] ComfyUI-Manager

[2026-05-10 03:45:34.433] [error] [comfy-env] comfyui-geometrypack: 1 isolation env(s):
[2026-05-10 03:45:34.435] [error] 
[comfy-env]   nodes -> C:\Users\runneradmin\Documents\ComfyUI\custom_nodes\comfyui-geometrypack\nodes
[comfy-env] prestartup complete

[2026-05-10 03:45:37.307] [info]  Found comfy_kitchen backend eager: {'available': True, 'disabled': False, 'unavailable_reason': None, 'capabilities': ['apply_rope', 'apply_rope1', 'dequantize_mxfp8', 'dequantize_nvfp4', 'dequantize_per_tensor_fp8', 'quantize_mxfp8', 'quantize_nvfp4', 'quantize_per_tensor_fp8', 'scaled_mm_mxfp8', 'scaled_mm_nvfp4']}

[2026-05-10 03:45:37.309] [info]  Found comfy_kitchen backend cuda: {'available': False, 'disabled': True, 'unavailable_reason': 'CUDA not available on this system', 'capabilities': []}
Found comfy_kitchen backend triton: {'available': False, 'disabled': True, 'unavailable_reason': "ImportError: No module named 'triton'", 'capabilities': []}

[2026-05-10 03:45:37.315] [info]  Checkpoint files will always be loaded safely.

[2026-05-10 03:45:37.331] [info]  Total VRAM 16379 MB, total RAM 16379 MB

[2026-05-10 03:45:37.332] [info]  pytorch version: 2.10.0+cpu
Set vram state to: DISABLED
Device: cpu

[2026-05-10 03:45:37.625] [info]  Using sub quadratic optimization for attention, if you have memory or speed issues try using: --use-split-cross-attention

[2026-05-10 03:45:40.395] [info]  Python version: 3.12.11 (main, Aug 18 2025, 19:17:54) [MSC v.1944 64 bit (AMD64)]

[2026-05-10 03:45:40.396] [info]  ComfyUI version: 0.20.1
comfy-aimdo version: 0.2.14

[2026-05-10 03:45:40.398] [info]  comfy-kitchen version: 0.2.8

[2026-05-10 03:45:40.399] [info]  [Prompt Server] web root: C:\Users\runneradmin\.comfy-test-cache\desktop\ComfyUI\resources\ComfyUI\web_custom_versions\desktop_app

[2026-05-10 03:45:40.401] [info]  Asset seeder disabled

[2026-05-10 03:45:40.402] [info]  [START] ComfyUI-Manager

[2026-05-10 03:45:40.528] [info]  [ComfyUI-Manager] Using GitPython backend

[2026-05-10 03:45:40.597] [info]  [ComfyUI-Manager] network_mode: public

[2026-05-10 03:45:40.601] [info]  [ComfyUI-Manager] The matrix sharing feature has been disabled because the `matrix-nio` dependency is not installed.
	To use this feature, please run the following command:
	C:\Users\runneradmin\Documents\ComfyUI\.venv\Scripts\python.exe -m pip install matrix-nio


[2026-05-10 03:45:42.377] [info]  loading...

[2026-05-10 03:45:42.379] [info]  calling register_nodes

[2026-05-10 03:45:42.382] [error] [comfy-env] Version: 0.3.78
[2026-05-10 03:45:42.383] [error] 

[2026-05-10 03:45:45.110] [error] [comfy-env] register_nodes: comfyui-geometrypack
[2026-05-10 03:45:45.111] [error] 

[2026-05-10 03:45:45.126] [error] [comfy-env] ComfyUI source dir: C:\Users\runneradmin\.comfy-test-cache\desktop\ComfyUI\resources\ComfyUI
[2026-05-10 03:45:45.129] [error] 

[2026-05-10 03:45:45.132] [error] [comfy-env] Scanning nodes metadata (isolation root)...
[2026-05-10 03:45:45.133] [error] 

[2026-05-10 03:45:45.170] [error] [comfy-env] Cache hit for nodes: 125 nodes
[2026-05-10 03:45:45.172] [error] 
[comfy-env] Scanned nodes root: 125 nodes (0.0s)

[2026-05-10 03:45:45.176] [error] [comfy-env] Imported nodes root: 125 nodes (isolation)
[2026-05-10 03:45:45.178] [error] 
[comfy-env] Registered 125 total nodes
[2026-05-10 03:45:45.179] [error] 

[2026-05-10 03:45:45.183] [info]  
Import times for custom nodes:

[2026-05-10 03:45:45.184] [info]     0.0 seconds: C:\Users\runneradmin\.comfy-test-cache\desktop\ComfyUI\resources\ComfyUI\custom_nodes\websocket_image_save.py
   2.8 seconds: C:\Users\runneradmin\Documents\ComfyUI\custom_nodes\comfyui-geometrypack


[2026-05-10 03:45:45.187] [info]  Context impl SQLiteImpl.

[2026-05-10 03:45:45.188] [info]  Will assume non-transactional DDL.

[2026-05-10 03:45:45.195] [error] Failed to initialize database. Please ensure you have installed the latest requirements. If the error persists, please report this as in future the database will be required: Could not acquire lock on database 'C:/Users/runneradmin/Documents/ComfyUI/user/comfyui.db'. Another ComfyUI process may already be using it. Use --database-url to specify a separate database file.

[2026-05-10 03:45:45.290] [info]  Starting server


[2026-05-10 03:45:45.292] [info]  To see the GUI go to: http://127.0.0.1:8001

[2026-05-10 03:45:48.492] [info]  [ComfyUI-Manager] The ComfyRegistry cache update is still in progress, so an outdated cache is being used.

[2026-05-10 03:45:48.650] [info]  FETCH DATA from: C:\Users\runneradmin\Documents\ComfyUI\.venv\Lib\site-packages\comfyui_manager\custom-node-list.json
[2026-05-10 03:45:48.674] [info]   [DONE]

[2026-05-10 03:45:52.001] [info]  [ComfyUI-Manager] The ComfyRegistry cache update is still in progress, so an outdated cache is being used.

[2026-05-10 03:45:52.160] [info]  FETCH DATA from: C:\Users\runneradmin\Documents\ComfyUI\.venv\Lib\site-packages\comfyui_manager\custom-node-list.json
[2026-05-10 03:45:52.186] [info]   [DONE]

[2026-05-10 03:46:12.059] [info]  got prompt

[2026-05-10 03:46:12.083] [info]  [comfyui-geometrypack] python: C:\Users\runneradmin\Documents\ComfyUI\.ce\.pixi\envs\geometrypack-nodes\python.exe
[2026-05-10 03:46:12.084] [info]  
[comfyui-geometrypack] sys_path sent to worker: ['C:\\Users\\runneradmin\\.comfy-test-cache\\desktop\\ComfyUI\\resources\\ComfyUI', 'C:\\Users\\runneradmin\\Documents\\ComfyUI\\custom_nodes\\comfyui-geometrypack', 'C:\\Users\\runneradmin\\Documents\\ComfyUI\\.ce\\.pixi\\envs\\geometrypack-nodes\\Lib\\site-packages', 'C:\\Users\\runneradmin\\Documents\\ComfyUI\\custom_nodes\\comfyui-geometrypack']

[2026-05-10 03:46:17.725] [error] [worker:comfyui-geometrypack] INFO: Found mesh in input folder: 3d/noisy/Fandisk0.3/Noisy.obj

[2026-05-10 03:46:17.736] [error] [worker:comfyui-geometrypack] INFO: Loading: C:\Users\runneradmin\Documents\ComfyUI\input\3d/noisy/Fandisk0.3/Noisy.obj

[2026-05-10 03:46:17.776] [error] [worker:comfyui-geometrypack] INFO: Initial mesh: 6475 vertices, 12946 faces

[2026-05-10 03:46:17.791] [error] [worker:comfyui-geometrypack] INFO: Successfully loaded: 6475 vertices, 12946 faces

[2026-05-10 03:46:17.801] [error] [worker:comfyui-geometrypack] INFO: Loaded: 6475 vertices, 12946 faces

[2026-05-10 03:46:18.503] [error] [comfyui-geometrypack] Health check: ping (timeout=5.0s)...
[2026-05-10 03:46:18.505] [error] 
[comfyui-geometrypack] Health check: ok

[2026-05-10 03:46:18.576] [error] [worker:comfyui-geometrypack] INFO: Sharpen dispatch: two_step -> GeomPackSharpen_TwoStep

[2026-05-10 03:46:18.604] [error] [comfyui-geometrypack] Health check: ping (timeout=5.0s)...
[2026-05-10 03:46:18.606] [error] 

[2026-05-10 03:46:18.608] [error] [comfyui-geometrypack] Health check: ok

[2026-05-10 03:46:18.662] [error] [worker:comfyui-geometrypack] INFO: Backend: two_step

[2026-05-10 03:46:18.667] [error] [worker:comfyui-geometrypack] INFO: Input: 6475 vertices, 12946 faces

[2026-05-10 03:46:18.671] [error] [worker:comfyui-geometrypack] INFO: Parameters: smooth_steps=2, normal_threshold=60.0

[2026-05-10 03:46:18.929] [error] [worker:comfyui-geometrypack] INFO: Output: 6475 vertices, 12946 faces

[2026-05-10 03:46:18.931] [error] [worker:comfyui-geometrypack] INFO: Avg vertex displacement: 0.050268, max: 0.269867

[2026-05-10 03:46:18.955] [error] [comfyui-geometrypack] Health check: ping (timeout=5.0s)...
[2026-05-10 03:46:18.956] [error] 

[2026-05-10 03:46:18.958] [error] [comfyui-geometrypack] Health check: ok

[2026-05-10 03:46:19.022] [error] [worker:comfyui-geometrypack] INFO: Found mesh in input folder: 3d/noisy/Fandisk0.3/Original.obj

[2026-05-10 03:46:19.026] [error] [worker:comfyui-geometrypack] INFO: Loading: C:\Users\runneradmin\Documents\ComfyUI\input\3d/noisy/Fandisk0.3/Original.obj

[2026-05-10 03:46:19.079] [error] [worker:comfyui-geometrypack] INFO: Initial mesh: 6475 vertices, 12946 faces

[2026-05-10 03:46:19.089] [error] [worker:comfyui-geometrypack] INFO: Successfully loaded: 6475 vertices, 12946 faces

[2026-05-10 03:46:19.095] [error] [worker:comfyui-geometrypack] INFO: Loaded: 6475 vertices, 12946 faces

[2026-05-10 03:46:19.123] [error] [comfyui-geometrypack] Health check: ping (timeout=5.0s)...
[2026-05-10 03:46:19.125] [error] 

[2026-05-10 03:46:19.129] [error] [comfyui-geometrypack] Health check: ok

[2026-05-10 03:46:19.198] [error] [worker:comfyui-geometrypack] INFO: Mode: fields, Meshes: 3
[2026-05-10 03:46:19.199] [error] 

[2026-05-10 03:46:19.203] [error] [worker:comfyui-geometrypack] INFO: Mesh 1: Mesh - 6475 vertices, 12946 faces

[2026-05-10 03:46:19.208] [error] [worker:comfyui-geometrypack] INFO: Exporting mesh to VTP: C:\Users\runneradmin\Documents\ComfyUI\output\preview_multi_1_575adff3.vtp

[2026-05-10 03:46:19.233] [error] [worker:comfyui-geometrypack] INFO: Adding normals field (6475 vertices)

[2026-05-10 03:46:19.275] [error] [worker:comfyui-geometrypack] INFO: Export complete: 6475 vertices, 12946 faces

[2026-05-10 03:46:19.280] [error] [worker:comfyui-geometrypack] INFO: Exported VTP: C:\Users\runneradmin\Documents\ComfyUI\output\preview_multi_1_575adff3.vtp

[2026-05-10 03:46:19.290] [error] [worker:comfyui-geometrypack] INFO: Mesh 2: Mesh - 6475 vertices, 12946 faces

[2026-05-10 03:46:19.296] [error] [worker:comfyui-geometrypack] INFO: Exporting mesh to VTP: C:\Users\runneradmin\Documents\ComfyUI\output\preview_multi_2_575adff3.vtp

[2026-05-10 03:46:19.323] [error] [worker:comfyui-geometrypack] INFO: Adding normals field (6475 vertices)

[2026-05-10 03:46:19.370] [error] [worker:comfyui-geometrypack] INFO: Export complete: 6475 vertices, 12946 faces

[2026-05-10 03:46:19.386] [error] [worker:comfyui-geometrypack] INFO: Exported VTP: C:\Users\runneradmin\Documents\ComfyUI\output\preview_multi_2_575adff3.vtp

[2026-05-10 03:46:19.397] [error] [worker:comfyui-geometrypack] INFO: Mesh 3: Mesh - 6475 vertices, 12946 faces

[2026-05-10 03:46:19.404] [error] [worker:comfyui-geometrypack] INFO: Exporting mesh to VTP: C:\Users\runneradmin\Documents\ComfyUI\output\preview_multi_3_575adff3.vtp

[2026-05-10 03:46:19.431] [error] [worker:comfyui-geometrypack] INFO: Adding normals field (6475 vertices)

[2026-05-10 03:46:19.468] [error] [worker:comfyui-geometrypack] INFO: Export complete: 6475 vertices, 12946 faces

[2026-05-10 03:46:19.474] [error] [worker:comfyui-geometrypack] INFO: Exported VTP: C:\Users\runneradmin\Documents\ComfyUI\output\preview_multi_3_575adff3.vtp

[2026-05-10 03:46:19.487] [error] [worker:comfyui-geometrypack] INFO: Grid: 3x1, Preview ready

[2026-05-10 03:46:19.545] [info]  Prompt executed in 7.45 seconds

