[2026-05-18 19:18:43.281] [info]  setup plugin alembic.autogenerate.schemas

[2026-05-18 19:18:43.283] [info]  setup plugin alembic.autogenerate.tables
setup plugin alembic.autogenerate.types
setup plugin alembic.autogenerate.constraints
setup plugin alembic.autogenerate.defaults
setup plugin alembic.autogenerate.comments

[2026-05-18 19:18:43.727] [info]  Adding extra search path custom_nodes C:\Users\stduser\Documents\ComfyUI\custom_nodes
Adding extra search path download_model_base C:\Users\stduser\Documents\ComfyUI\models
Adding extra search path custom_nodes C:\Users\stduser\.comfy-test-cache\desktop\ComfyUI\resources\ComfyUI\custom_nodes

[2026-05-18 19:18:43.729] [info]  Setting output directory to: C:\Users\stduser\Documents\ComfyUI\output
Setting input directory to: C:\Users\stduser\Documents\ComfyUI\input
Setting user directory to: C:\Users\stduser\Documents\ComfyUI\user

[2026-05-18 19:18:45.307] [info]  [START] Security scan
[DONE] Security scan
** ComfyUI startup time: 2026-05-18 19:18:45.305

[2026-05-18 19:18:45.308] [info]  ** Platform: Windows
** Python version: 3.12.11 (main, Aug 18 2025, 19:17:54) [MSC v.1944 64 bit (AMD64)]
** Python executable: C:\Users\stduser\Documents\ComfyUI\.venv\Scripts\python.exe
** ComfyUI Path: C:\Users\stduser\.comfy-test-cache\desktop\ComfyUI\resources\ComfyUI
** ComfyUI Base Folder Path: C:\Users\stduser\.comfy-test-cache\desktop\ComfyUI\resources\ComfyUI

[2026-05-18 19:18:45.310] [info]  ** User directory: C:\Users\stduser\Documents\ComfyUI\user
** ComfyUI-Manager config path:
[2026-05-18 19:18:45.311] [info]   C:\Users\stduser\Documents\ComfyUI\user\__manager\config.ini
** Log path: C:\Users\stduser\Documents\ComfyUI\user\comfyui.log

[2026-05-18 19:18:46.437] [info]  [ComfyUI-Manager] Skipped fixing the 'comfyui-frontend-package' dependency because the ComfyUI is outdated.

[2026-05-18 19:18:46.438] [info]  [PRE] ComfyUI-Manager

[2026-05-18 19:18:46.769] [error] [comfy-env] comfyui-geometrypack: 1 isolation env(s):
[2026-05-18 19:18:46.771] [error] 
[comfy-env]   nodes -> C:\Users\stduser\Documents\ComfyUI\custom_nodes\comfyui-geometrypack\nodes
[comfy-env] prestartup complete

[2026-05-18 19:18:49.569] [info]  Found comfy_kitchen backend eager: {'available': True, 'disabled': False, 'unavailable_reason': None, 'capabilities': ['apply_rope', 'apply_rope1', 'dequantize_mxfp8', 'dequantize_nvfp4', 'dequantize_per_tensor_fp8', 'quantize_mxfp8', 'quantize_nvfp4', 'quantize_per_tensor_fp8', 'scaled_mm_mxfp8', 'scaled_mm_nvfp4']}
Found comfy_kitchen backend cuda: {'available': False, 'disabled': True, 'unavailable_reason': 'CUDA not available on this system', 'capabilities': []}

[2026-05-18 19:18:49.571] [info]  Found comfy_kitchen backend triton: {'available': False, 'disabled': True, 'unavailable_reason': "ImportError: No module named 'triton'", 'capabilities': []}

[2026-05-18 19:18:49.578] [info]  Checkpoint files will always be loaded safely.

[2026-05-18 19:18:49.594] [info]  Total VRAM 16379 MB, total RAM 16379 MB

[2026-05-18 19:18:49.595] [info]  pytorch version: 2.10.0+cpu
Set vram state to: DISABLED
Device: cpu

[2026-05-18 19:18:49.886] [info]  Using sub quadratic optimization for attention, if you have memory or speed issues try using: --use-split-cross-attention

[2026-05-18 19:18:52.499] [info]  Python version: 3.12.11 (main, Aug 18 2025, 19:17:54) [MSC v.1944 64 bit (AMD64)]

[2026-05-18 19:18:52.502] [info]  ComfyUI version: 0.21.1
comfy-aimdo version: 0.3.0

[2026-05-18 19:18:52.503] [info]  comfy-kitchen version: 0.2.8

[2026-05-18 19:18:52.505] [info]  [Prompt Server] web root: C:\Users\stduser\.comfy-test-cache\desktop\ComfyUI\resources\ComfyUI\web_custom_versions\desktop_app

[2026-05-18 19:18:52.507] [info]  Asset seeder disabled

[2026-05-18 19:18:52.508] [info]  [START] ComfyUI-Manager

[2026-05-18 19:18:52.679] [info]  [ComfyUI-Manager] Using GitPython backend

[2026-05-18 19:18:52.744] [info]  [ComfyUI-Manager] network_mode: public

[2026-05-18 19:18:52.748] [info]  [ComfyUI-Manager] The matrix sharing feature has been disabled because the `matrix-nio` dependency is not installed.
	To use this feature, please run the following command:
	C:\Users\stduser\Documents\ComfyUI\.venv\Scripts\python.exe -m pip install matrix-nio


[2026-05-18 19:18:54.540] [info]  loading...
calling register_nodes

[2026-05-18 19:18:54.544] [error] [comfy-env] Version: 0.3.84
[2026-05-18 19:18:54.546] [error] 

[2026-05-18 19:18:55.208] [error] [comfy-env] register_nodes: comfyui-geometrypack
[2026-05-18 19:18:55.210] [error] 

[2026-05-18 19:18:55.223] [error] [comfy-env] ComfyUI source dir: C:\Users\stduser\.comfy-test-cache\desktop\ComfyUI\resources\ComfyUI
[2026-05-18 19:18:55.224] [error] 

[2026-05-18 19:18:55.227] [error] [comfy-env] Scanning nodes metadata (isolation root)...
[2026-05-18 19:18:55.229] [error] 

[2026-05-18 19:18:55.263] [error] [comfy-env] Cache hit for nodes: 125 nodes
[2026-05-18 19:18:55.265] [error] 
[comfy-env] Scanned nodes root: 125 nodes (0.0s)

[2026-05-18 19:18:55.269] [error] [comfy-env] Imported nodes root: 125 nodes (isolation)
[2026-05-18 19:18:55.270] [error] 
[comfy-env] Registered 125 total nodes
[2026-05-18 19:18:55.271] [error] 

[2026-05-18 19:18:55.274] [info]  
Import times for custom nodes:

[2026-05-18 19:18:55.275] [info]     0.0 seconds: C:\Users\stduser\.comfy-test-cache\desktop\ComfyUI\resources\ComfyUI\custom_nodes\websocket_image_save.py
   0.7 seconds: C:\Users\stduser\Documents\ComfyUI\custom_nodes\comfyui-geometrypack


[2026-05-18 19:18:55.279] [info]  Context impl SQLiteImpl.

[2026-05-18 19:18:55.280] [info]  Will assume non-transactional DDL.

[2026-05-18 19:18:55.287] [error] Failed to initialize database. Please ensure you have installed the latest requirements. If the error persists, please report this as in future the database will be required: Could not acquire lock on database 'C:/Users/stduser/Documents/ComfyUI/user/comfyui.db'. Another ComfyUI process may already be using it. Use --database-url to specify a separate database file.

[2026-05-18 19:18:55.388] [info]  Starting server


[2026-05-18 19:18:55.390] [info]  To see the GUI go to: http://127.0.0.1:8001

[2026-05-18 19:18:57.242] [info]  [ComfyUI-Manager] The ComfyRegistry cache update is still in progress, so an outdated cache is being used.

[2026-05-18 19:18:57.423] [info]  FETCH DATA from: C:\Users\stduser\Documents\ComfyUI\.venv\Lib\site-packages\comfyui_manager\custom-node-list.json
[2026-05-18 19:18:57.479] [info]   [DONE]

[2026-05-18 19:19:01.539] [info]  [ComfyUI-Manager] The ComfyRegistry cache update is still in progress, so an outdated cache is being used.

[2026-05-18 19:19:01.644] [info]  FETCH DATA from: C:\Users\stduser\Documents\ComfyUI\.venv\Lib\site-packages\comfyui_manager\custom-node-list.json
[2026-05-18 19:19:01.667] [info]   [DONE]

