[2026-05-10 22:25:20.864] [info]  setup plugin alembic.autogenerate.schemas
setup plugin alembic.autogenerate.tables

[2026-05-10 22:25:20.867] [info]  setup plugin alembic.autogenerate.types
setup plugin alembic.autogenerate.constraints
setup plugin alembic.autogenerate.defaults
setup plugin alembic.autogenerate.comments

[2026-05-10 22:25:21.301] [info]  Adding extra search path custom_nodes C:\Users\runneradmin\Documents\ComfyUI\custom_nodes
Adding extra search path download_model_base C:\Users\runneradmin\Documents\ComfyUI\models

[2026-05-10 22:25:21.303] [info]  Adding extra search path custom_nodes C:\Users\runneradmin\.comfy-test-cache\desktop\ComfyUI\resources\ComfyUI\custom_nodes
Setting output directory to: C:\Users\runneradmin\Documents\ComfyUI\output
Setting input directory to: C:\Users\runneradmin\Documents\ComfyUI\input
Setting user directory to: C:\Users\runneradmin\Documents\ComfyUI\user

[2026-05-10 22:25:22.781] [info]  [START] Security scan
[DONE] Security scan
** ComfyUI startup time: 2026-05-10 22:25:22.781
[2026-05-10 22:25:22.782] [info]  
** Platform: Windows
** Python version: 3.12.11 (main, Aug 18 2025, 19:17:54) [MSC v.1944 64 bit (AMD64)]
** Python executable: C:\Users\runneradmin\Documents\ComfyUI\.venv\Scripts\python.exe
** ComfyUI Path: C:\Users\runneradmin\.comfy-test-cache\desktop\ComfyUI\resources\ComfyUI
** ComfyUI Base Folder Path: C:\Users\runneradmin\.comfy-test-cache\desktop\ComfyUI\resources\ComfyUI

[2026-05-10 22:25:22.783] [info]  ** User directory: C:\Users\runneradmin\Documents\ComfyUI\user
** ComfyUI-Manager config path: C:\Users\runneradmin\Documents\ComfyUI\user\__manager\config.ini
** Log path: C:\Users\runneradmin\Documents\ComfyUI\user\comfyui.log

[2026-05-10 22:25:23.874] [info]  [ComfyUI-Manager] Skipped fixing the 'comfyui-frontend-package' dependency because the ComfyUI is outdated.

[2026-05-10 22:25:23.876] [info]  [PRE] ComfyUI-Manager

[2026-05-10 22:25:24.181] [error] [comfy-env] comfyui-geometrypack: 1 isolation env(s):
[2026-05-10 22:25:24.183] [error] 
[comfy-env]   nodes -> C:\Users\runneradmin\Documents\ComfyUI\custom_nodes\comfyui-geometrypack\nodes
[comfy-env] prestartup complete

[2026-05-10 22:25:26.889] [info]  Found comfy_kitchen backend cuda: {'available': False, 'disabled': True, 'unavailable_reason': 'CUDA not available on this system', 'capabilities': []}

[2026-05-10 22:25:26.891] [info]  Found comfy_kitchen backend triton: {'available': False, 'disabled': True, 'unavailable_reason': "ImportError: No module named 'triton'", 'capabilities': []}
Found comfy_kitchen backend eager: {'available': True, 'disabled': False, 'unavailable_reason': None, 'capabilities': ['apply_rope', 'apply_rope1', 'dequantize_mxfp8', 'dequantize_nvfp4', 'dequantize_per_tensor_fp8', 'quantize_mxfp8', 'quantize_nvfp4', 'quantize_per_tensor_fp8', 'scaled_mm_mxfp8', 'scaled_mm_nvfp4']}

[2026-05-10 22:25:26.897] [info]  Checkpoint files will always be loaded safely.

[2026-05-10 22:25:26.914] [info]  Total VRAM 16379 MB, total RAM 16379 MB
pytorch version: 2.10.0+cpu

[2026-05-10 22:25:26.915] [info]  Set vram state to: DISABLED
Device: cpu

[2026-05-10 22:25:27.216] [info]  Using sub quadratic optimization for attention, if you have memory or speed issues try using: --use-split-cross-attention

[2026-05-10 22:25:29.812] [info]  Python version: 3.12.11 (main, Aug 18 2025, 19:17:54) [MSC v.1944 64 bit (AMD64)]

[2026-05-10 22:25:29.813] [info]  ComfyUI version: 0.20.1
comfy-aimdo version: 0.2.14

[2026-05-10 22:25:29.815] [info]  comfy-kitchen version: 0.2.8

[2026-05-10 22:25:29.817] [info]  [Prompt Server] web root: C:\Users\runneradmin\.comfy-test-cache\desktop\ComfyUI\resources\ComfyUI\web_custom_versions\desktop_app

[2026-05-10 22:25:29.818] [info]  Asset seeder disabled

[2026-05-10 22:25:29.819] [info]  [START] ComfyUI-Manager

[2026-05-10 22:25:29.940] [info]  [ComfyUI-Manager] Using GitPython backend

[2026-05-10 22:25:30.007] [info]  [ComfyUI-Manager] network_mode: public

[2026-05-10 22:25:30.012] [info]  [ComfyUI-Manager] The matrix sharing feature has been disabled because the `matrix-nio` dependency is not installed.
	To use this feature, please run the following command:
	C:\Users\runneradmin\Documents\ComfyUI\.venv\Scripts\python.exe -m pip install matrix-nio


[2026-05-10 22:25:31.670] [info]  loading...

[2026-05-10 22:25:31.672] [info]  calling register_nodes

[2026-05-10 22:25:31.675] [error] [comfy-env] Version: 0.3.82
[2026-05-10 22:25:31.676] [error] 

[2026-05-10 22:25:34.052] [info]  [comfy-env] Removed stale temp dir: C:\Users\RUNNER~1\AppData\Local\Temp\comfyui_pvenv_i19vqavo

[2026-05-10 22:25:34.336] [error] [comfy-env] register_nodes: comfyui-geometrypack
[2026-05-10 22:25:34.340] [error] 

[2026-05-10 22:25:34.350] [error] [comfy-env] ComfyUI source dir: C:\Users\runneradmin\.comfy-test-cache\desktop\ComfyUI\resources\ComfyUI
[2026-05-10 22:25:34.351] [error] 

[2026-05-10 22:25:34.353] [error] [comfy-env] Scanning nodes metadata (isolation root)...
[2026-05-10 22:25:34.355] [error] 

[2026-05-10 22:25:34.411] [error] [comfy-env] Cache hit for nodes: 125 nodes
[2026-05-10 22:25:34.413] [error] 
[comfy-env] Scanned nodes root: 125 nodes (0.1s)

[2026-05-10 22:25:34.415] [error] [comfy-env] Imported nodes root: 125 nodes (isolation)
[2026-05-10 22:25:34.416] [error] 
[comfy-env] Registered 125 total nodes
[2026-05-10 22:25:34.417] [error] 

[2026-05-10 22:25:34.423] [info]  
Import times for custom nodes:

[2026-05-10 22:25:34.424] [info]     0.0 seconds: C:\Users\runneradmin\.comfy-test-cache\desktop\ComfyUI\resources\ComfyUI\custom_nodes\websocket_image_save.py
   2.8 seconds: C:\Users\runneradmin\Documents\ComfyUI\custom_nodes\comfyui-geometrypack


[2026-05-10 22:25:34.430] [info]  Context impl SQLiteImpl.

[2026-05-10 22:25:34.431] [info]  Will assume non-transactional DDL.

[2026-05-10 22:25:34.438] [error] Failed to initialize database. Please ensure you have installed the latest requirements. If the error persists, please report this as in future the database will be required: Could not acquire lock on database 'C:/Users/runneradmin/Documents/ComfyUI/user/comfyui.db'. Another ComfyUI process may already be using it. Use --database-url to specify a separate database file.

[2026-05-10 22:25:34.515] [info]  Starting server


[2026-05-10 22:25:34.516] [info]  To see the GUI go to: http://127.0.0.1:8001

[2026-05-10 22:25:37.350] [info]  [ComfyUI-Manager] The ComfyRegistry cache update is still in progress, so an outdated cache is being used.

[2026-05-10 22:25:37.540] [info]  FETCH DATA from: C:\Users\runneradmin\Documents\ComfyUI\.venv\Lib\site-packages\comfyui_manager\custom-node-list.json
[2026-05-10 22:25:37.581] [info]   [DONE]

[2026-05-10 22:25:40.673] [info]  [ComfyUI-Manager] The ComfyRegistry cache update is still in progress, so an outdated cache is being used.

[2026-05-10 22:25:40.823] [info]  FETCH DATA from: C:\Users\runneradmin\Documents\ComfyUI\.venv\Lib\site-packages\comfyui_manager\custom-node-list.json
[2026-05-10 22:25:40.864] [info]   [DONE]

[2026-05-10 22:26:00.651] [info]  got prompt

[2026-05-10 22:26:00.670] [info]  [comfyui-geometrypack] python: C:\ce\.pixi\envs\geometrypack-nodes\python.exe
[2026-05-10 22:26:00.672] [info]  
[comfyui-geometrypack] sys_path sent to worker: ['C:\\Users\\runneradmin\\.comfy-test-cache\\desktop\\ComfyUI\\resources\\ComfyUI', 'C:\\Users\\runneradmin\\Documents\\ComfyUI\\custom_nodes\\comfyui-geometrypack', 'C:\\ce\\.pixi\\envs\\geometrypack-nodes\\Lib\\site-packages', 'C:\\Users\\runneradmin\\Documents\\ComfyUI\\custom_nodes\\comfyui-geometrypack']

[2026-05-10 22:26:02.829] [error] [worker:comfyui-geometrypack] ERROR: Failed to import comfy_kitchen, Error: No module named 'comfy_kitchen', fp8 and fp4 support will not be available.

[2026-05-10 22:26:04.561] [error] [worker:comfyui-geometrypack] INFO: Found mesh in input folder: 3d/spot_the_cow.obj

[2026-05-10 22:26:04.564] [error] [worker:comfyui-geometrypack] INFO: Loading: C:\Users\runneradmin\Documents\ComfyUI\input\3d/spot_the_cow.obj

[2026-05-10 22:26:04.593] [error] [worker:comfyui-geometrypack] INFO: Initial mesh: 3225 vertices, 5856 faces

[2026-05-10 22:26:04.600] [error] [worker:comfyui-geometrypack] INFO: Successfully loaded: 3225 vertices, 5856 faces

[2026-05-10 22:26:04.604] [error] [worker:comfyui-geometrypack] INFO: Loaded: 3225 vertices, 5856 faces

[2026-05-10 22:26:05.350] [error] [comfyui-geometrypack] Health check: ping (timeout=5.0s)...
[2026-05-10 22:26:05.353] [error] 
[comfyui-geometrypack] Health check: ok

[2026-05-10 22:26:05.404] [error] [worker:comfyui-geometrypack] INFO: Decimate dispatch: quadric_edge_collapse -> GeomPackDecimate_QuadricEdgeCollapse

[2026-05-10 22:26:05.423] [error] [comfyui-geometrypack] Health check: ping (timeout=5.0s)...
[2026-05-10 22:26:05.425] [error] 
[comfyui-geometrypack] Health check: ok

[2026-05-10 22:26:05.466] [error] [worker:comfyui-geometrypack] INFO: Backend: quadric_edge_collapse

[2026-05-10 22:26:05.471] [error] [worker:comfyui-geometrypack] INFO: Input: 3,225 vertices, 5,856 faces

[2026-05-10 22:26:05.827] [error] [comfyui-geometrypack] Health check: ping (timeout=5.0s)...
[2026-05-10 22:26:05.828] [error] 

[2026-05-10 22:26:05.830] [error] [comfyui-geometrypack] Health check: ok

[2026-05-10 22:26:05.880] [error] [worker:comfyui-geometrypack] INFO: Layout: side_by_side, Mode: fields

[2026-05-10 22:26:05.883] [error] [worker:comfyui-geometrypack] INFO: Mesh 1: Mesh - 3225 vertices, 5856 faces
[2026-05-10 22:26:05.884] [error] 

[2026-05-10 22:26:05.886] [error] [worker:comfyui-geometrypack] INFO: Mesh 2: Mesh - 504 vertices, 1004 faces

[2026-05-10 22:26:05.890] [error] [worker:comfyui-geometrypack] INFO: Mesh 1 fields: []

[2026-05-10 22:26:05.893] [error] [worker:comfyui-geometrypack] INFO: Mesh 2 fields: []

[2026-05-10 22:26:05.897] [error] [worker:comfyui-geometrypack] INFO: Common fields: []

[2026-05-10 22:26:05.900] [error] [worker:comfyui-geometrypack] INFO: Mesh 1 visual: kind=texture, texture=True, vertex_colors=False

[2026-05-10 22:26:05.903] [error] [worker:comfyui-geometrypack] INFO: Mesh 2 visual: kind=None, texture=False, vertex_colors=False

[2026-05-10 22:26:05.910] [error] [worker:comfyui-geometrypack] INFO: Exported STL: C:\Users\runneradmin\Documents\ComfyUI\output\preview_dual_1_8fbd7b3d.stl

[2026-05-10 22:26:05.916] [error] [worker:comfyui-geometrypack] INFO: Exported STL: C:\Users\runneradmin\Documents\ComfyUI\output\preview_dual_2_8fbd7b3d.stl

[2026-05-10 22:26:05.923] [error] [worker:comfyui-geometrypack] INFO: Preview ready

[2026-05-10 22:26:05.938] [info]  Prompt executed in 5.28 seconds

