[2026-05-10 22:41:31.828] [info]  setup plugin alembic.autogenerate.schemas
setup plugin alembic.autogenerate.tables

[2026-05-10 22:41:31.831] [info]  setup plugin alembic.autogenerate.types
setup plugin alembic.autogenerate.constraints
setup plugin alembic.autogenerate.defaults
setup plugin alembic.autogenerate.comments

[2026-05-10 22:41:32.263] [info]  Adding extra search path custom_nodes C:\Users\runneradmin\Documents\ComfyUI\custom_nodes
Adding extra search path download_model_base C:\Users\runneradmin\Documents\ComfyUI\models

[2026-05-10 22:41:32.264] [info]  Adding extra search path custom_nodes C:\Users\runneradmin\.comfy-test-cache\desktop\ComfyUI\resources\ComfyUI\custom_nodes
Setting output directory to: C:\Users\runneradmin\Documents\ComfyUI\output
Setting input directory to: C:\Users\runneradmin\Documents\ComfyUI\input
Setting user directory to: C:\Users\runneradmin\Documents\ComfyUI\user

[2026-05-10 22:41:33.729] [info]  [START] Security scan
[DONE] Security scan
** ComfyUI startup time: 2026-05-10 22:41:33.730
[2026-05-10 22:41:33.731] [info]  
** Platform: Windows
** Python version: 3.12.11 (main, Aug 18 2025, 19:17:54) [MSC v.1944 64 bit (AMD64)]
** Python executable: C:\Users\runneradmin\Documents\ComfyUI\.venv\Scripts\python.exe
** ComfyUI Path: C:\Users\runneradmin\.comfy-test-cache\desktop\ComfyUI\resources\ComfyUI
** ComfyUI Base Folder Path: C:\Users\runneradmin\.comfy-test-cache\desktop\ComfyUI\resources\ComfyUI

[2026-05-10 22:41:33.732] [info]  ** User directory: C:\Users\runneradmin\Documents\ComfyUI\user
** ComfyUI-Manager config path: C:\Users\runneradmin\Documents\ComfyUI\user\__manager\config.ini
** Log path: C:\Users\runneradmin\Documents\ComfyUI\user\comfyui.log

[2026-05-10 22:41:34.809] [info]  [ComfyUI-Manager] Skipped fixing the 'comfyui-frontend-package' dependency because the ComfyUI is outdated.
[PRE] ComfyUI-Manager

[2026-05-10 22:41:35.103] [error] [comfy-env] comfyui-geometrypack: 1 isolation env(s):
[2026-05-10 22:41:35.105] [error] 
[comfy-env]   nodes -> C:\Users\runneradmin\Documents\ComfyUI\custom_nodes\comfyui-geometrypack\nodes
[comfy-env] prestartup complete

[2026-05-10 22:41:37.775] [info]  Found comfy_kitchen backend eager: {'available': True, 'disabled': False, 'unavailable_reason': None, 'capabilities': ['apply_rope', 'apply_rope1', 'dequantize_mxfp8', 'dequantize_nvfp4', 'dequantize_per_tensor_fp8', 'quantize_mxfp8', 'quantize_nvfp4', 'quantize_per_tensor_fp8', 'scaled_mm_mxfp8', 'scaled_mm_nvfp4']}

[2026-05-10 22:41:37.777] [info]  Found comfy_kitchen backend cuda: {'available': False, 'disabled': True, 'unavailable_reason': 'CUDA not available on this system', 'capabilities': []}
Found comfy_kitchen backend triton: {'available': False, 'disabled': True, 'unavailable_reason': "ImportError: No module named 'triton'", 'capabilities': []}

[2026-05-10 22:41:37.782] [info]  Checkpoint files will always be loaded safely.

[2026-05-10 22:41:37.796] [info]  Total VRAM 16379 MB, total RAM 16379 MB

[2026-05-10 22:41:37.798] [info]  pytorch version: 2.10.0+cpu
Set vram state to: DISABLED
Device: cpu

[2026-05-10 22:41:38.075] [info]  Using sub quadratic optimization for attention, if you have memory or speed issues try using: --use-split-cross-attention

[2026-05-10 22:41:40.653] [info]  Python version: 3.12.11 (main, Aug 18 2025, 19:17:54) [MSC v.1944 64 bit (AMD64)]

[2026-05-10 22:41:40.654] [info]  ComfyUI version: 0.20.1
comfy-aimdo version: 0.2.14

[2026-05-10 22:41:40.656] [info]  comfy-kitchen version: 0.2.8

[2026-05-10 22:41:40.657] [info]  [Prompt Server] web root: C:\Users\runneradmin\.comfy-test-cache\desktop\ComfyUI\resources\ComfyUI\web_custom_versions\desktop_app

[2026-05-10 22:41:40.659] [info]  Asset seeder disabled

[2026-05-10 22:41:40.660] [info]  [START] ComfyUI-Manager

[2026-05-10 22:41:40.786] [info]  [ComfyUI-Manager] Using GitPython backend
[2026-05-10 22:41:40.788] [info]  

[2026-05-10 22:41:40.847] [info]  [ComfyUI-Manager] network_mode: public

[2026-05-10 22:41:40.851] [info]  [ComfyUI-Manager] The matrix sharing feature has been disabled because the `matrix-nio` dependency is not installed.
	To use this feature, please run the following command:
	C:\Users\runneradmin\Documents\ComfyUI\.venv\Scripts\python.exe -m pip install matrix-nio


[2026-05-10 22:41:42.473] [info]  loading...

[2026-05-10 22:41:42.475] [info]  calling register_nodes

[2026-05-10 22:41:42.478] [error] [comfy-env] Version: 0.3.82
[2026-05-10 22:41:42.479] [error] 

[2026-05-10 22:41:44.870] [info]  [comfy-env] Removed stale temp dir: C:\Users\RUNNER~1\AppData\Local\Temp\comfyui_pvenv_2pghvb0b

[2026-05-10 22:41:45.172] [error] [comfy-env] register_nodes: comfyui-geometrypack
[2026-05-10 22:41:45.173] [error] 

[2026-05-10 22:41:45.204] [error] [comfy-env] ComfyUI source dir: C:\Users\runneradmin\.comfy-test-cache\desktop\ComfyUI\resources\ComfyUI
[2026-05-10 22:41:45.205] [error] 

[2026-05-10 22:41:45.208] [error] [comfy-env] Scanning nodes metadata (isolation root)...
[2026-05-10 22:41:45.209] [error] 

[2026-05-10 22:41:45.245] [error] [comfy-env] Cache hit for nodes: 125 nodes
[2026-05-10 22:41:45.247] [error] 

[2026-05-10 22:41:45.248] [error] [comfy-env] Scanned nodes root: 125 nodes (0.0s)
[2026-05-10 22:41:45.249] [error] 

[2026-05-10 22:41:45.253] [error] [comfy-env] Imported nodes root: 125 nodes (isolation)
[2026-05-10 22:41:45.254] [error] 
[comfy-env] Registered 125 total nodes
[2026-05-10 22:41:45.255] [error] 

[2026-05-10 22:41:45.265] [info]  
Import times for custom nodes:

[2026-05-10 22:41:45.266] [info]     0.0 seconds: C:\Users\runneradmin\.comfy-test-cache\desktop\ComfyUI\resources\ComfyUI\custom_nodes\websocket_image_save.py
   2.8 seconds: C:\Users\runneradmin\Documents\ComfyUI\custom_nodes\comfyui-geometrypack


[2026-05-10 22:41:45.271] [info]  Context impl SQLiteImpl.

[2026-05-10 22:41:45.272] [info]  Will assume non-transactional DDL.

[2026-05-10 22:41:45.283] [error] Failed to initialize database. Please ensure you have installed the latest requirements. If the error persists, please report this as in future the database will be required: Could not acquire lock on database 'C:/Users/runneradmin/Documents/ComfyUI/user/comfyui.db'. Another ComfyUI process may already be using it. Use --database-url to specify a separate database file.

[2026-05-10 22:41:45.360] [info]  Starting server


[2026-05-10 22:41:45.361] [info]  To see the GUI go to: http://127.0.0.1:8001

[2026-05-10 22:41:48.259] [info]  [ComfyUI-Manager] The ComfyRegistry cache update is still in progress, so an outdated cache is being used.

[2026-05-10 22:41:48.406] [info]  FETCH DATA from: C:\Users\runneradmin\Documents\ComfyUI\.venv\Lib\site-packages\comfyui_manager\custom-node-list.json
[2026-05-10 22:41:48.448] [info]   [DONE]

[2026-05-10 22:41:50.276] [info]  [ComfyUI-Manager] The ComfyRegistry cache update is still in progress, so an outdated cache is being used.

[2026-05-10 22:41:50.452] [info]  FETCH DATA from: C:\Users\runneradmin\Documents\ComfyUI\.venv\Lib\site-packages\comfyui_manager\custom-node-list.json
[2026-05-10 22:41:50.493] [info]   [DONE]
[2026-05-10 22:41:50.494] [info]  

[2026-05-10 22:42:10.305] [info]  got prompt

[2026-05-10 22:42:10.319] [info]  [comfyui-geometrypack] python: C:\ce\.pixi\envs\geometrypack-nodes\python.exe
[2026-05-10 22:42:10.321] [info]  
[comfyui-geometrypack] sys_path sent to worker: ['C:\\Users\\runneradmin\\.comfy-test-cache\\desktop\\ComfyUI\\resources\\ComfyUI', 'C:\\Users\\runneradmin\\Documents\\ComfyUI\\custom_nodes\\comfyui-geometrypack', 'C:\\ce\\.pixi\\envs\\geometrypack-nodes\\Lib\\site-packages', 'C:\\Users\\runneradmin\\Documents\\ComfyUI\\custom_nodes\\comfyui-geometrypack']

[2026-05-10 22:42:12.469] [error] [worker:comfyui-geometrypack] ERROR: Failed to import comfy_kitchen, Error: No module named 'comfy_kitchen', fp8 and fp4 support will not be available.

[2026-05-10 22:42:14.029] [error] [worker:comfyui-geometrypack] INFO: Found mesh in input folder: 3d/Stanford_Bunny.stl

[2026-05-10 22:42:14.033] [error] [worker:comfyui-geometrypack] INFO: Loading: C:\Users\runneradmin\Documents\ComfyUI\input\3d/Stanford_Bunny.stl
[2026-05-10 22:42:14.034] [error] 

[2026-05-10 22:42:14.263] [error] [worker:comfyui-geometrypack] INFO: Initial mesh: 56203 vertices, 112402 faces

[2026-05-10 22:42:14.406] [error] [worker:comfyui-geometrypack] INFO: Successfully loaded: 56203 vertices, 112402 faces

[2026-05-10 22:42:14.410] [error] [worker:comfyui-geometrypack] INFO: Loaded: 56203 vertices, 112402 faces

[2026-05-10 22:42:14.781] [error] [comfyui-geometrypack] Health check: ping (timeout=5.0s)...
[2026-05-10 22:42:14.782] [error] 
[comfyui-geometrypack] Health check: ok

[2026-05-10 22:42:14.834] [error] [worker:comfyui-geometrypack] INFO: Remesh dispatch: cgal_isotropic -> GeomPackRemesh_CGAL

[2026-05-10 22:42:14.871] [error] [comfyui-geometrypack] Health check: ping (timeout=5.0s)...

[2026-05-10 22:42:14.873] [error] [comfyui-geometrypack] Health check: ok

[2026-05-10 22:42:14.921] [error] [worker:comfyui-geometrypack] INFO: Remesh dispatch: pymeshlab_isotropic -> GeomPackRemesh_PyMeshLab

[2026-05-10 22:42:14.958] [error] [comfyui-geometrypack] Health check: ping (timeout=5.0s)...
[2026-05-10 22:42:14.959] [error] 
[comfyui-geometrypack] Health check: ok

[2026-05-10 22:42:15.009] [error] [worker:comfyui-geometrypack] INFO: Backend: cgal_isotropic

[2026-05-10 22:42:15.012] [error] [worker:comfyui-geometrypack] INFO: Input: 56,203 vertices, 112,402 faces

[2026-05-10 22:42:15.020] [error] [worker:comfyui-geometrypack] INFO: Parameters: target_edge_length=1.0, iterations=3, protect_boundaries=true

[2026-05-10 22:42:15.025] [error] [worker:comfyui-geometrypack] INFO: Running CGAL isotropic remesh (target_edge_length=1.0)...

[2026-05-10 22:42:21.947] [error] [worker:comfyui-geometrypack] INFO: Output: 41466 vertices (-14737), 82928 faces (-29474)

[2026-05-10 22:42:21.989] [error] [comfyui-geometrypack] Health check: ping (timeout=5.0s)...

[2026-05-10 22:42:21.991] [error] [comfyui-geometrypack] Health check: ok

[2026-05-10 22:42:22.108] [error] C:\ce\.pixi\envs\geometrypack-nodes\Lib\site-packages\point_cloud_utils\_ray_mesh_intersector.py:13: SyntaxWarning: invalid escape sequence '\#'
  mesh_v : \#v by 3 array of vertex positions (each row is a vertex)
C:\ce\.pixi\envs\geometrypack-nodes\Lib\site-packages\point_cloud_utils\_ray_mesh_intersector.py:27: SyntaxWarning: invalid escape sequence '\#'
  ray_o : array of shape (\#rays, 3) of ray origins (one per row) or a single array of shape (3,) to use

[2026-05-10 22:42:22.112] [error] C:\ce\.pixi\envs\geometrypack-nodes\Lib\site-packages\point_cloud_utils\_point_cloud_geometry.py:71: SyntaxWarning: invalid escape sequence '\#'
  p : \#p by 3 array of vertex positions (each row is a vertex)

[2026-05-10 22:42:22.113] [error] C:\ce\.pixi\envs\geometrypack-nodes\Lib\site-packages\point_cloud_utils\_point_cloud_geometry.py:91: SyntaxWarning: invalid escape sequence '\#'
  p : \#p by 3 array of vertex positions (each row is a vertex)

[2026-05-10 22:42:22.119] [error] [worker:comfyui-geometrypack] INFO: Metric: hausdorff, Samples: 10000

[2026-05-10 22:42:22.124] [error] [worker:comfyui-geometrypack] INFO: Mesh A: 56203 vertices, 112402 faces

[2026-05-10 22:42:22.127] [error] [worker:comfyui-geometrypack] INFO: Mesh B: 41466 vertices, 82928 faces

[2026-05-10 22:42:22.251] [error] [worker:comfyui-geometrypack] INFO: Result: 3.092654

[2026-05-10 22:42:22.267] [error] [comfyui-geometrypack] Health check: ping (timeout=5.0s)...
[2026-05-10 22:42:22.268] [error] 

[2026-05-10 22:42:22.269] [error] [comfyui-geometrypack] Health check: ok

[2026-05-10 22:42:22.322] [error] [worker:comfyui-geometrypack] INFO: Backend: pymeshlab_isotropic

[2026-05-10 22:42:22.325] [error] [worker:comfyui-geometrypack] INFO: Input: 56203 vertices, 112402 faces

[2026-05-10 22:42:22.329] [error] [worker:comfyui-geometrypack] INFO: Parameters: target_edge_length=1.0, iterations=3, feature_angle=30.0, adaptive=false

[2026-05-10 22:42:24.698] [error] [worker:comfyui-geometrypack] INFO: Output: 32282 vertices, 64560 faces

[2026-05-10 22:42:24.726] [error] [comfyui-geometrypack] Health check: ping (timeout=5.0s)...
[2026-05-10 22:42:24.728] [error] 
[comfyui-geometrypack] Health check: ok

[2026-05-10 22:42:24.797] [error] [worker:comfyui-geometrypack] INFO: Metric: hausdorff, Samples: 10000

[2026-05-10 22:42:24.800] [error] [worker:comfyui-geometrypack] INFO: Mesh A: 56203 vertices, 112402 faces

[2026-05-10 22:42:24.805] [error] [worker:comfyui-geometrypack] INFO: Mesh B: 32282 vertices, 64560 faces

[2026-05-10 22:42:24.924] [error] [worker:comfyui-geometrypack] INFO: Result: 3.155596

[2026-05-10 22:42:24.942] [info]  Prompt executed in 14.63 seconds

