[2026-05-09 16:26:33.968] [info]  setup plugin alembic.autogenerate.schemas

[2026-05-09 16:26:33.971] [info]  setup plugin alembic.autogenerate.tables
setup plugin alembic.autogenerate.types
setup plugin alembic.autogenerate.constraints
setup plugin alembic.autogenerate.defaults
setup plugin alembic.autogenerate.comments

[2026-05-09 16:26:34.582] [info]  Adding extra search path custom_nodes C:\Users\runneradmin\Documents\ComfyUI\custom_nodes
Adding extra search path download_model_base C:\Users\runneradmin\Documents\ComfyUI\models

[2026-05-09 16:26:34.583] [info]  Adding extra search path custom_nodes C:\Users\runneradmin\AppData\Local\Programs\ComfyUI\resources\ComfyUI\custom_nodes
Setting output directory to: C:\Users\runneradmin\Documents\ComfyUI\output
Setting input directory to: C:\Users\runneradmin\Documents\ComfyUI\input
Setting user directory to: C:\Users\runneradmin\Documents\ComfyUI\user

[2026-05-09 16:26:36.818] [info]  [START] Security scan
[DONE] Security scan
** ComfyUI startup time: 2026-05-09 16:26:36.817
[2026-05-09 16:26:36.820] [info]  
** Platform: Windows
** Python version: 3.12.11 (main, Aug 18 2025, 19:17:54) [MSC v.1944 64 bit (AMD64)]
** Python executable: C:\Users\runneradmin\Documents\ComfyUI\.venv\Scripts\python.exe
** ComfyUI Path: C:\Users\runneradmin\AppData\Local\Programs\ComfyUI\resources\ComfyUI
** ComfyUI Base Folder Path: C:\Users\runneradmin\AppData\Local\Programs\ComfyUI\resources\ComfyUI

[2026-05-09 16:26:36.823] [info]  ** User directory: 
[2026-05-09 16:26:36.824] [info]  C:\Users\runneradmin\Documents\ComfyUI\user
** ComfyUI-Manager config path: C:\Users\runneradmin\Documents\ComfyUI\user\__manager\config.ini
** Log path: C:\Users\runneradmin\Documents\ComfyUI\user\comfyui.log

[2026-05-09 16:26:38.271] [info]  [ComfyUI-Manager] Skipped fixing the 'comfyui-frontend-package' dependency because the ComfyUI is outdated.

[2026-05-09 16:26:38.273] [info]  [PRE] ComfyUI-Manager

[2026-05-09 16:26:38.676] [error] [comfy-env] comfyui-geometrypack: 1 isolation env(s):
[2026-05-09 16:26:38.678] [error] 
[comfy-env]   nodes -> C:\Users\runneradmin\Documents\ComfyUI\custom_nodes\comfyui-geometrypack\nodes
[comfy-env] prestartup complete

[2026-05-09 16:26:41.790] [info]  Found comfy_kitchen backend cuda: {'available': False, 'disabled': True, 'unavailable_reason': 'CUDA not available on this system', 'capabilities': []}

[2026-05-09 16:26:41.791] [info]  Found comfy_kitchen backend eager: {'available': True, 'disabled': False, 'unavailable_reason': None, 'capabilities': ['apply_rope', 'apply_rope1', 'dequantize_mxfp8', 'dequantize_nvfp4', 'dequantize_per_tensor_fp8', 'quantize_mxfp8', 'quantize_nvfp4', 'quantize_per_tensor_fp8', 'scaled_mm_mxfp8', 'scaled_mm_nvfp4']}
Found comfy_kitchen backend triton: {'available': False, 'disabled': True, 'unavailable_reason': "ImportError: No module named 'triton'", 'capabilities': []}

[2026-05-09 16:26:41.798] [info]  Checkpoint files will always be loaded safely.

[2026-05-09 16:26:41.814] [info]  Total VRAM 16379 MB, total RAM 16379 MB

[2026-05-09 16:26:41.815] [info]  pytorch version: 2.10.0+cpu
Set vram state to: DISABLED

[2026-05-09 16:26:41.817] [info]  Device: cpu

[2026-05-09 16:26:42.134] [info]  Using sub quadratic optimization for attention, if you have memory or speed issues try using: --use-split-cross-attention

[2026-05-09 16:26:44.989] [info]  Python version: 3.12.11 (main, Aug 18 2025, 19:17:54) [MSC v.1944 64 bit (AMD64)]
ComfyUI version: 0.20.1
comfy-aimdo version: 0.2.14
comfy-kitchen version: 0.2.8
[Prompt Server] web root: C:\Users\runneradmin\AppData\Local\Programs\ComfyUI\resources\ComfyUI\web_custom_versions\desktop_app
Asset seeder disabled
[START] ComfyUI-Manager

[2026-05-09 16:26:45.168] [info]  [ComfyUI-Manager] Using GitPython backend

[2026-05-09 16:26:45.246] [info]  [ComfyUI-Manager] network_mode: public

[2026-05-09 16:26:45.251] [info]  [ComfyUI-Manager] The matrix sharing feature has been disabled because the `matrix-nio` dependency is not installed.
	To use this feature, please run the following command:
	C:\Users\runneradmin\Documents\ComfyUI\.venv\Scripts\python.exe -m pip install matrix-nio


[2026-05-09 16:26:47.093] [info]  loading...

[2026-05-09 16:26:47.094] [info]  calling register_nodes

[2026-05-09 16:26:47.097] [error] [comfy-env] Version: 0.3.78
[2026-05-09 16:26:47.099] [error] 

[2026-05-09 16:26:50.566] [info]  [comfy-env] Removed stale temp dir: C:\Users\RUNNER~1\AppData\Local\Temp\comfyui_pvenv_p9bpc7r0

[2026-05-09 16:26:51.095] [error] [comfy-env] register_nodes: comfyui-geometrypack
[2026-05-09 16:26:51.097] [error] 

[2026-05-09 16:26:51.128] [error] [comfy-env] ComfyUI source dir: C:\Users\runneradmin\AppData\Local\Programs\ComfyUI\resources\ComfyUI
[2026-05-09 16:26:51.130] [error] 

[2026-05-09 16:26:51.133] [error] [comfy-env] Scanning nodes metadata (isolation root)...
[2026-05-09 16:26:51.135] [error] 

[2026-05-09 16:26:51.190] [error] [comfy-env] Cache hit for nodes: 125 nodes
[2026-05-09 16:26:51.192] [error] 
[comfy-env] Scanned nodes root: 125 nodes (0.1s)

[2026-05-09 16:26:51.199] [error] [comfy-env] Imported nodes root: 125 nodes (isolation)
[2026-05-09 16:26:51.200] [error] 

[2026-05-09 16:26:51.201] [error] [comfy-env] Registered 125 total nodes

[2026-05-09 16:26:51.211] [info]  
Import times for custom nodes:

[2026-05-09 16:26:51.213] [info]     0.0 seconds: C:\Users\runneradmin\AppData\Local\Programs\ComfyUI\resources\ComfyUI\custom_nodes\websocket_image_save.py
   4.1 seconds: C:\Users\runneradmin\Documents\ComfyUI\custom_nodes\comfyui-geometrypack


[2026-05-09 16:26:51.217] [info]  Context impl SQLiteImpl.

[2026-05-09 16:26:51.219] [info]  Will assume non-transactional DDL.

[2026-05-09 16:26:51.228] [error] Failed to initialize database. Please ensure you have installed the latest requirements. If the error persists, please report this as in future the database will be required: Could not acquire lock on database 'C:/Users/runneradmin/Documents/ComfyUI/user/comfyui.db'. Another ComfyUI process may already be using it. Use --database-url to specify a separate database file.

[2026-05-09 16:26:51.342] [info]  Starting server


[2026-05-09 16:26:51.343] [info]  To see the GUI go to: http://127.0.0.1:8001

[2026-05-09 16:26:53.815] [info]  [ComfyUI-Manager] The ComfyRegistry cache update is still in progress, so an outdated cache is being used.

[2026-05-09 16:26:53.941] [info]  FETCH DATA from: C:\Users\runneradmin\Documents\ComfyUI\.venv\Lib\site-packages\comfyui_manager\custom-node-list.json
[2026-05-09 16:26:54.201] [info]   [DONE]

[2026-05-09 16:26:57.199] [info]  [ComfyUI-Manager] The ComfyRegistry cache update is still in progress, so an outdated cache is being used.

[2026-05-09 16:26:57.431] [info]  FETCH DATA from: C:\Users\runneradmin\Documents\ComfyUI\.venv\Lib\site-packages\comfyui_manager\custom-node-list.json
[2026-05-09 16:26:57.477] [info]   [DONE]
[2026-05-09 16:26:57.478] [info]  

[2026-05-09 16:27:17.387] [info]  got prompt

[2026-05-09 16:27:17.407] [info]  [comfyui-geometrypack] python: C:\Users\runneradmin\Documents\ComfyUI\.ce\.pixi\envs\geometrypack-nodes\python.exe
[2026-05-09 16:27:17.409] [info]  
[comfyui-geometrypack] sys_path sent to worker: ['C:\\Users\\runneradmin\\AppData\\Local\\Programs\\ComfyUI\\resources\\ComfyUI', 'C:\\Users\\runneradmin\\Documents\\ComfyUI\\custom_nodes\\comfyui-geometrypack', 'C:\\Users\\runneradmin\\Documents\\ComfyUI\\.ce\\.pixi\\envs\\geometrypack-nodes\\Lib\\site-packages', 'C:\\Users\\runneradmin\\Documents\\ComfyUI\\custom_nodes\\comfyui-geometrypack']

[2026-05-09 16:27:23.433] [error] [worker:comfyui-geometrypack] INFO: Created sphere: 162 vertices, 320 faces

[2026-05-09 16:27:23.885] [error] [comfyui-geometrypack] Health check: ping (timeout=5.0s)...
[2026-05-09 16:27:23.887] [error] 
[comfyui-geometrypack] Health check: ok

[2026-05-09 16:27:23.998] [error] [worker:comfyui-geometrypack] INFO: Created cube: 8 vertices, 12 faces

[2026-05-09 16:27:24.050] [error] [comfyui-geometrypack] Health check: ping (timeout=5.0s)...
[2026-05-09 16:27:24.052] [error] 

[2026-05-09 16:27:24.063] [error] [comfyui-geometrypack] Health check: ok

[2026-05-09 16:27:24.197] [error] [worker:comfyui-geometrypack] INFO: Boolean dispatch: libigl_cgal -> GeomPackBoolean_LibiglCGAL

[2026-05-09 16:27:24.256] [error] [comfyui-geometrypack] Health check: ping (timeout=5.0s)...
[2026-05-09 16:27:24.258] [error] 

[2026-05-09 16:27:24.267] [error] [comfyui-geometrypack] Health check: ok

[2026-05-09 16:27:24.441] [error] [worker:comfyui-geometrypack] INFO: Layout: side_by_side, Mode: fields

[2026-05-09 16:27:24.456] [error] [worker:comfyui-geometrypack] INFO: Mesh 1: Mesh - 8 vertices, 12 faces

[2026-05-09 16:27:24.469] [error] [worker:comfyui-geometrypack] INFO: Mesh 2: Mesh - 162 vertices, 320 faces

[2026-05-09 16:27:24.486] [error] [worker:comfyui-geometrypack] INFO: Mesh 1 fields: []

[2026-05-09 16:27:24.495] [error] [worker:comfyui-geometrypack] INFO: Mesh 2 fields: []

[2026-05-09 16:27:24.509] [error] [worker:comfyui-geometrypack] INFO: Common fields: []

[2026-05-09 16:27:24.522] [error] [worker:comfyui-geometrypack] INFO: Mesh 1 visual: kind=None, texture=False, vertex_colors=False

[2026-05-09 16:27:24.536] [error] [worker:comfyui-geometrypack] INFO: Mesh 2 visual: kind=None, texture=False, vertex_colors=False

[2026-05-09 16:27:24.552] [error] [worker:comfyui-geometrypack] INFO: Exported STL: C:\Users\runneradmin\Documents\ComfyUI\output\preview_dual_1_a4cccc02.stl

[2026-05-09 16:27:24.565] [error] [worker:comfyui-geometrypack] INFO: Exported STL: C:\Users\runneradmin\Documents\ComfyUI\output\preview_dual_2_a4cccc02.stl

[2026-05-09 16:27:24.580] [error] [worker:comfyui-geometrypack] INFO: Preview ready

[2026-05-09 16:27:24.624] [error] [comfyui-geometrypack] Health check: ping (timeout=5.0s)...
[2026-05-09 16:27:24.626] [error] 

[2026-05-09 16:27:24.638] [error] [comfyui-geometrypack] Health check: ok

[2026-05-09 16:27:24.870] [error] [worker:comfyui-geometrypack] INFO: Backend: libigl_cgal

[2026-05-09 16:27:24.875] [error] [worker:comfyui-geometrypack] INFO: Mesh A: 8 vertices, 12 faces
[2026-05-09 16:27:24.877] [error] 

[2026-05-09 16:27:24.883] [error] [worker:comfyui-geometrypack] INFO: Mesh B: 162 vertices, 320 faces

[2026-05-09 16:27:24.897] [error] [worker:comfyui-geometrypack] INFO: Operation: union

[2026-05-09 16:27:25.297] [error] [worker:comfyui-geometrypack] INFO: Success: 302 vertices, 600 faces

[2026-05-09 16:27:25.346] [error] [comfyui-geometrypack] Health check: ping (timeout=5.0s)...
[2026-05-09 16:27:25.347] [error] 

[2026-05-09 16:27:25.350] [error] [comfyui-geometrypack] Health check: ok

[2026-05-09 16:27:25.475] [error] [worker:comfyui-geometrypack] INFO: Preparing preview: Mesh - 302 vertices, 600 faces

[2026-05-09 16:27:25.489] [error] [worker:comfyui-geometrypack] INFO: Mode: fields

[2026-05-09 16:27:25.509] [error] [worker:comfyui-geometrypack] INFO: Visual data - has_visual: True, kind: None, texture: False, vertex_colors: False

[2026-05-09 16:27:25.515] [error] [worker:comfyui-geometrypack] INFO: Using fields mode - VTP export

[2026-05-09 16:27:25.520] [error] [worker:comfyui-geometrypack] INFO: Exporting mesh to VTP: C:\Users\runneradmin\Documents\ComfyUI\output\preview_vtk_3f190970.vtp

[2026-05-09 16:27:25.528] [error] [worker:comfyui-geometrypack] INFO: Adding normals field (302 vertices)

[2026-05-09 16:27:25.544] [error] [worker:comfyui-geometrypack] INFO: Export complete: 302 vertices, 600 faces

[2026-05-09 16:27:25.553] [error] [worker:comfyui-geometrypack] INFO: Exported VTP to: C:\Users\runneradmin\Documents\ComfyUI\output\preview_vtk_3f190970.vtp

[2026-05-09 16:27:25.573] [error] [worker:comfyui-geometrypack] INFO: Fields mode info: watertight=True, volume=9.214489033870414, area=25.093742655540616, no fields

[2026-05-09 16:27:25.616] [info]  Prompt executed in 8.23 seconds

