[2026-05-18 18:44:11.901] [info]  setup plugin alembic.autogenerate.schemas
setup plugin alembic.autogenerate.tables

[2026-05-18 18:44:11.904] [info]  setup plugin alembic.autogenerate.types
setup plugin alembic.autogenerate.constraints
setup plugin alembic.autogenerate.defaults
setup plugin alembic.autogenerate.comments

[2026-05-18 18:44:12.352] [info]  Adding extra search path custom_nodes C:\Users\stduser\Documents\ComfyUI\custom_nodes
Adding extra search path download_model_base C:\Users\stduser\Documents\ComfyUI\models
Adding extra search path custom_nodes C:\Users\stduser\.comfy-test-cache\desktop\ComfyUI\resources\ComfyUI\custom_nodes

[2026-05-18 18:44:12.354] [info]  Setting output directory to: C:\Users\stduser\Documents\ComfyUI\output
Setting input directory to: C:\Users\stduser\Documents\ComfyUI\input
Setting user directory to: C:\Users\stduser\Documents\ComfyUI\user

[2026-05-18 18:44:13.883] [info]  [START] Security scan
[DONE] Security scan
** ComfyUI startup time: 2026-05-18 18:44:13.883
[2026-05-18 18:44:13.884] [info]  
** Platform: Windows
** Python version: 3.12.11 (main, Aug 18 2025, 19:17:54) [MSC v.1944 64 bit (AMD64)]
** Python executable: C:\Users\stduser\Documents\ComfyUI\.venv\Scripts\python.exe
** ComfyUI Path: C:\Users\stduser\.comfy-test-cache\desktop\ComfyUI\resources\ComfyUI
** ComfyUI Base Folder Path: C:\Users\stduser\.comfy-test-cache\desktop\ComfyUI\resources\ComfyUI

[2026-05-18 18:44:13.887] [info]  ** User directory:
[2026-05-18 18:44:13.888] [info]   C:\Users\stduser\Documents\ComfyUI\user
** ComfyUI-Manager config path: C:\Users\stduser\Documents\ComfyUI\user\__manager\config.ini
** Log path: C:\Users\stduser\Documents\ComfyUI\user\comfyui.log

[2026-05-18 18:44:15.104] [info]  [ComfyUI-Manager] Skipped fixing the 'comfyui-frontend-package' dependency because the ComfyUI is outdated.

[2026-05-18 18:44:15.105] [info]  [PRE] ComfyUI-Manager

[2026-05-18 18:44:15.439] [error] [comfy-env] comfyui-geometrypack: 1 isolation env(s):
[2026-05-18 18:44:15.441] [error] 
[comfy-env]   nodes -> C:\Users\stduser\Documents\ComfyUI\custom_nodes\comfyui-geometrypack\nodes
[comfy-env] prestartup complete

[2026-05-18 18:44:18.224] [info]  Found comfy_kitchen backend cuda: {'available': False, 'disabled': True, 'unavailable_reason': 'CUDA not available on this system', 'capabilities': []}

[2026-05-18 18:44:18.226] [info]  Found comfy_kitchen backend triton: {'available': False, 'disabled': True, 'unavailable_reason': "ImportError: No module named 'triton'", 'capabilities': []}
Found comfy_kitchen backend eager: {'available': True, 'disabled': False, 'unavailable_reason': None, 'capabilities': ['apply_rope', 'apply_rope1', 'dequantize_mxfp8', 'dequantize_nvfp4', 'dequantize_per_tensor_fp8', 'quantize_mxfp8', 'quantize_nvfp4', 'quantize_per_tensor_fp8', 'scaled_mm_mxfp8', 'scaled_mm_nvfp4']}

[2026-05-18 18:44:18.233] [info]  Checkpoint files will always be loaded safely.

[2026-05-18 18:44:18.248] [info]  Total VRAM 16379 MB, total RAM 16379 MB
pytorch version: 2.10.0+cpu

[2026-05-18 18:44:18.249] [info]  Set vram state to: DISABLED
Device: cpu

[2026-05-18 18:44:18.576] [info]  Using sub quadratic optimization for attention, if you have memory or speed issues try using: --use-split-cross-attention

[2026-05-18 18:44:21.248] [info]  Python version: 3.12.11 (main, Aug 18 2025, 19:17:54) [MSC v.1944 64 bit (AMD64)]
ComfyUI version: 0.21.1

[2026-05-18 18:44:21.250] [info]  comfy-aimdo version: 0.3.0

[2026-05-18 18:44:21.251] [info]  comfy-kitchen version: 0.2.8

[2026-05-18 18:44:21.254] [info]  [Prompt Server] web root: C:\Users\stduser\.comfy-test-cache\desktop\ComfyUI\resources\ComfyUI\web_custom_versions\desktop_app

[2026-05-18 18:44:21.257] [info]  Asset seeder disabled

[2026-05-18 18:44:21.259] [info]  [START] ComfyUI-Manager

[2026-05-18 18:44:21.436] [info]  [ComfyUI-Manager] Using GitPython backend

[2026-05-18 18:44:21.497] [info]  [ComfyUI-Manager] network_mode: public

[2026-05-18 18:44:21.500] [info]  [ComfyUI-Manager] The matrix sharing feature has been disabled because the `matrix-nio` dependency is not installed.
	To use this feature, please run the following command:
	C:\Users\stduser\Documents\ComfyUI\.venv\Scripts\python.exe -m pip install matrix-nio


[2026-05-18 18:44:23.330] [info]  loading...
calling register_nodes

[2026-05-18 18:44:23.335] [error] [comfy-env] Version: 0.3.84
[2026-05-18 18:44:23.341] [error] 

[2026-05-18 18:44:23.773] [info]  [comfy-env] Removed stale temp dir: C:\Users\stduser\AppData\Local\Temp\comfyui_pvenv_z07vtgqq

[2026-05-18 18:44:24.064] [error] [comfy-env] register_nodes: comfyui-geometrypack
[2026-05-18 18:44:24.065] [error] 

[2026-05-18 18:44:24.122] [error] [comfy-env] ComfyUI source dir: C:\Users\stduser\.comfy-test-cache\desktop\ComfyUI\resources\ComfyUI
[comfy-env] Scanning nodes metadata (isolation root)...

[2026-05-18 18:44:24.124] [error] [comfy-env] Cache hit for nodes: 125 nodes

[2026-05-18 18:44:24.126] [error] [comfy-env] Scanned nodes root: 125 nodes (0.0s)

[2026-05-18 18:44:24.129] [error] [comfy-env] Imported nodes root: 125 nodes (isolation)
[2026-05-18 18:44:24.130] [error] 

[2026-05-18 18:44:24.131] [error] [comfy-env] Registered 125 total nodes
[2026-05-18 18:44:24.133] [error] 

[2026-05-18 18:44:24.142] [info]  
Import times for custom nodes:

[2026-05-18 18:44:24.144] [info]     0.0 seconds: C:\Users\stduser\.comfy-test-cache\desktop\ComfyUI\resources\ComfyUI\custom_nodes\websocket_image_save.py
   0.8 seconds: C:\Users\stduser\Documents\ComfyUI\custom_nodes\comfyui-geometrypack


[2026-05-18 18:44:24.151] [info]  Context impl SQLiteImpl.

[2026-05-18 18:44:24.161] [info]  Will assume non-transactional DDL.

[2026-05-18 18:44:24.193] [error] Failed to initialize database. Please ensure you have installed the latest requirements. If the error persists, please report this as in future the database will be required: Could not acquire lock on database 'C:/Users/stduser/Documents/ComfyUI/user/comfyui.db'. Another ComfyUI process may already be using it. Use --database-url to specify a separate database file.

[2026-05-18 18:44:24.281] [info]  Starting server


[2026-05-18 18:44:24.282] [info]  To see the GUI go to: http://127.0.0.1:8001

[2026-05-18 18:44:26.835] [info]  [ComfyUI-Manager] The ComfyRegistry cache update is still in progress, so an outdated cache is being used.

[2026-05-18 18:44:27.032] [info]  FETCH DATA from: C:\Users\stduser\Documents\ComfyUI\.venv\Lib\site-packages\comfyui_manager\custom-node-list.json
[2026-05-18 18:44:27.056] [info]   [DONE]

[2026-05-18 18:44:29.576] [error] Exception in callback _ProactorBasePipeTransport._call_connection_lost(None)
handle: <Handle _ProactorBasePipeTransport._call_connection_lost(None)>
Traceback (most recent call last):
  File "C:\Users\stduser\AppData\Roaming\uv\python\cpython-3.12.11-windows-x86_64-none\Lib\asyncio\events.py", line 88, in _run
    self._context.run(self._callback, *self._args)
  File "C:\Users\stduser\AppData\Roaming\uv\python\cpython-3.12.11-windows-x86_64-none\Lib\asyncio\proactor_events.py", line 165, in _call_connection_lost
    self._sock.shutdown(socket.SHUT_RDWR)
ConnectionResetError: [WinError 10054] An existing connection was forcibly closed by the remote host

[2026-05-18 18:44:30.682] [info]  [ComfyUI-Manager] The ComfyRegistry cache update is still in progress, so an outdated cache is being used.

[2026-05-18 18:44:30.830] [info]  FETCH DATA from: C:\Users\stduser\Documents\ComfyUI\.venv\Lib\site-packages\comfyui_manager\custom-node-list.json
[2026-05-18 18:44:30.855] [info]   [DONE]

[2026-05-18 18:44:51.634] [info]  got prompt

[2026-05-18 18:44:51.654] [info]  [comfyui-geometrypack] python: C:\ce\.pixi\envs\geometrypack-nodes\python.exe
[2026-05-18 18:44:51.656] [info]  
[comfyui-geometrypack] sys_path sent to worker: ['C:\\Users\\stduser\\.comfy-test-cache\\desktop\\ComfyUI\\resources\\ComfyUI', 'C:\\Users\\stduser\\Documents\\ComfyUI\\custom_nodes\\comfyui-geometrypack', 'C:\\ce\\.pixi\\envs\\geometrypack-nodes\\Lib\\site-packages', 'C:\\Users\\stduser\\Documents\\ComfyUI\\custom_nodes\\comfyui-geometrypack']

[2026-05-18 18:44:54.077] [error] [worker:comfyui-geometrypack] ERROR: Failed to import comfy_kitchen, Error: No module named 'comfy_kitchen', fp8 and fp4 support will not be available.

[2026-05-18 18:44:55.755] [error] [worker:comfyui-geometrypack] INFO: Found mesh in input folder: 3d/spot_the_cow.obj

[2026-05-18 18:44:55.763] [error] [worker:comfyui-geometrypack] INFO: Loading: C:\Users\stduser\Documents\ComfyUI\input\3d/spot_the_cow.obj

[2026-05-18 18:44:55.794] [error] [worker:comfyui-geometrypack] INFO: Initial mesh: 3225 vertices, 5856 faces

[2026-05-18 18:44:55.806] [error] [worker:comfyui-geometrypack] INFO: Successfully loaded: 3225 vertices, 5856 faces

[2026-05-18 18:44:55.814] [error] [worker:comfyui-geometrypack] INFO: Loaded: 3225 vertices, 5856 faces

[2026-05-18 18:44:56.226] [error] [comfyui-geometrypack] Health check: ping (timeout=5.0s)...
[2026-05-18 18:44:56.228] [error] 

[2026-05-18 18:44:56.231] [error] [comfyui-geometrypack] Health check: ok

[2026-05-18 18:44:56.318] [error] [worker:comfyui-geometrypack] INFO: Decimate dispatch: quadric_edge_collapse -> GeomPackDecimate_QuadricEdgeCollapse

[2026-05-18 18:44:56.354] [error] [comfyui-geometrypack] Health check: ping (timeout=5.0s)...
[2026-05-18 18:44:56.356] [error] 

[2026-05-18 18:44:56.360] [error] [comfyui-geometrypack] Health check: ok

[2026-05-18 18:44:56.449] [error] [worker:comfyui-geometrypack] INFO: Backend: quadric_edge_collapse

[2026-05-18 18:44:56.456] [error] [worker:comfyui-geometrypack] INFO: Input: 3,225 vertices, 5,856 faces

[2026-05-18 18:44:56.809] [error] [comfyui-geometrypack] Health check: ping (timeout=5.0s)...
[2026-05-18 18:44:56.810] [error] 

[2026-05-18 18:44:56.815] [error] [comfyui-geometrypack] Health check: ok

[2026-05-18 18:44:56.917] [error] [worker:comfyui-geometrypack] INFO: Layout: side_by_side, Mode: fields

[2026-05-18 18:44:56.925] [error] [worker:comfyui-geometrypack] INFO: Mesh 1: Mesh - 3225 vertices, 5856 faces

[2026-05-18 18:44:56.932] [error] [worker:comfyui-geometrypack] INFO: Mesh 2: Mesh - 504 vertices, 1004 faces

[2026-05-18 18:44:56.940] [error] [worker:comfyui-geometrypack] INFO: Mesh 1 fields: []

[2026-05-18 18:44:56.947] [error] [worker:comfyui-geometrypack] INFO: Mesh 2 fields: []

[2026-05-18 18:44:56.955] [error] [worker:comfyui-geometrypack] INFO: Common fields: []

[2026-05-18 18:44:56.963] [error] [worker:comfyui-geometrypack] INFO: Mesh 1 visual: kind=texture, texture=True, vertex_colors=False

[2026-05-18 18:44:56.970] [error] [worker:comfyui-geometrypack] INFO: Mesh 2 visual: kind=None, texture=False, vertex_colors=False

[2026-05-18 18:44:57.009] [error] [worker:comfyui-geometrypack] INFO: Exported STL: C:\Users\stduser\Documents\ComfyUI\output\preview_dual_1_d16c7446.stl

[2026-05-18 18:44:57.021] [error] [worker:comfyui-geometrypack] INFO: Exported STL: C:\Users\stduser\Documents\ComfyUI\output\preview_dual_2_d16c7446.stl

[2026-05-18 18:44:57.033] [error] [worker:comfyui-geometrypack] INFO: Preview ready

[2026-05-18 18:44:57.065] [info]  Prompt executed in 5.43 seconds

