[2026-05-10 03:41:55.399] [info]  setup plugin alembic.autogenerate.schemas

[2026-05-10 03:41:55.401] [info]  setup plugin alembic.autogenerate.tables
setup plugin alembic.autogenerate.types
setup plugin alembic.autogenerate.constraints
setup plugin alembic.autogenerate.defaults
setup plugin alembic.autogenerate.comments

[2026-05-10 03:41:55.840] [info]  Adding extra search path custom_nodes C:\Users\runneradmin\Documents\ComfyUI\custom_nodes
Adding extra search path download_model_base C:\Users\runneradmin\Documents\ComfyUI\models

[2026-05-10 03:41:55.842] [info]  Adding extra search path custom_nodes C:\Users\runneradmin\.comfy-test-cache\desktop\ComfyUI\resources\ComfyUI\custom_nodes
Setting output directory to: C:\Users\runneradmin\Documents\ComfyUI\output
Setting input directory to: C:\Users\runneradmin\Documents\ComfyUI\input
Setting user directory to: C:\Users\runneradmin\Documents\ComfyUI\user

[2026-05-10 03:41:57.352] [info]  [START] Security scan
[DONE] Security scan
** ComfyUI startup time: 2026-05-10 03:41:57.352
[2026-05-10 03:41:57.353] [info]  
** Platform: Windows
** Python version: 3.12.11 (main, Aug 18 2025, 19:17:54) [MSC v.1944 64 bit (AMD64)]
** Python executable: C:\Users\runneradmin\Documents\ComfyUI\.venv\Scripts\python.exe
** ComfyUI Path: C:\Users\runneradmin\.comfy-test-cache\desktop\ComfyUI\resources\ComfyUI
** ComfyUI Base Folder Path: C:\Users\runneradmin\.comfy-test-cache\desktop\ComfyUI\resources\ComfyUI

[2026-05-10 03:41:57.355] [info]  ** User directory:
[2026-05-10 03:41:57.356] [info]   C:\Users\runneradmin\Documents\ComfyUI\user
** ComfyUI-Manager config path: C:\Users\runneradmin\Documents\ComfyUI\user\__manager\config.ini
** Log path: C:\Users\runneradmin\Documents\ComfyUI\user\comfyui.log

[2026-05-10 03:41:58.498] [info]  [ComfyUI-Manager] Skipped fixing the 'comfyui-frontend-package' dependency because the ComfyUI is outdated.

[2026-05-10 03:41:58.500] [info]  [PRE] ComfyUI-Manager

[2026-05-10 03:41:58.858] [error] [comfy-env] comfyui-geometrypack: 1 isolation env(s):
[2026-05-10 03:41:58.860] [error] 
[comfy-env]   nodes -> C:\Users\runneradmin\Documents\ComfyUI\custom_nodes\comfyui-geometrypack\nodes

[2026-05-10 03:41:58.861] [error] [comfy-env] prestartup complete

[2026-05-10 03:42:01.720] [info]  Found comfy_kitchen backend triton: {'available': False, 'disabled': True, 'unavailable_reason': "ImportError: No module named 'triton'", 'capabilities': []}

[2026-05-10 03:42:01.721] [info]  Found comfy_kitchen backend eager: {'available': True, 'disabled': False, 'unavailable_reason': None, 'capabilities': ['apply_rope', 'apply_rope1', 'dequantize_mxfp8', 'dequantize_nvfp4', 'dequantize_per_tensor_fp8', 'quantize_mxfp8', 'quantize_nvfp4', 'quantize_per_tensor_fp8', 'scaled_mm_mxfp8', 'scaled_mm_nvfp4']}
Found comfy_kitchen backend cuda: {'available': False, 'disabled': True, 'unavailable_reason': 'CUDA not available on this system', 'capabilities': []}

[2026-05-10 03:42:01.727] [info]  Checkpoint files will always be loaded safely.

[2026-05-10 03:42:01.743] [info]  Total VRAM 16379 MB, total RAM 16379 MB

[2026-05-10 03:42:01.745] [info]  pytorch version: 2.10.0+cpu
Set vram state to: DISABLED
Device: cpu

[2026-05-10 03:42:02.043] [info]  Using sub quadratic optimization for attention, if you have memory or speed issues try using: --use-split-cross-attention

[2026-05-10 03:42:04.775] [info]  Python version: 3.12.11 (main, Aug 18 2025, 19:17:54) [MSC v.1944 64 bit (AMD64)]

[2026-05-10 03:42:04.776] [info]  ComfyUI version: 0.20.1
comfy-aimdo version: 0.2.14

[2026-05-10 03:42:04.777] [info]  comfy-kitchen version: 0.2.8

[2026-05-10 03:42:04.782] [info]  [Prompt Server] web root: C:\Users\runneradmin\.comfy-test-cache\desktop\ComfyUI\resources\ComfyUI\web_custom_versions\desktop_app

[2026-05-10 03:42:04.785] [info]  Asset seeder disabled

[2026-05-10 03:42:04.786] [info]  [START] ComfyUI-Manager

[2026-05-10 03:42:04.915] [info]  [ComfyUI-Manager] Using GitPython backend
[2026-05-10 03:42:04.916] [info]  

[2026-05-10 03:42:05.016] [info]  [ComfyUI-Manager] network_mode: public
[ComfyUI-Manager] The matrix sharing feature has been disabled because the `matrix-nio` dependency is not installed.
	To use this feature, please run the following command:
	C:\Users\runneradmin\Documents\ComfyUI\.venv\Scripts\python.exe -m pip install matrix-nio


[2026-05-10 03:42:06.724] [info]  loading...

[2026-05-10 03:42:06.726] [info]  calling register_nodes

[2026-05-10 03:42:06.729] [error] [comfy-env] Version: 0.3.78
[2026-05-10 03:42:06.730] [error] 

[2026-05-10 03:42:10.144] [info]  [comfy-env] Removed stale temp dir: C:\Users\RUNNER~1\AppData\Local\Temp\comfyui_pvenv_7nh8sh42

[2026-05-10 03:42:10.532] [error] [comfy-env] register_nodes: comfyui-geometrypack
[2026-05-10 03:42:10.534] [error] 

[2026-05-10 03:42:10.549] [error] [comfy-env] ComfyUI source dir: C:\Users\runneradmin\.comfy-test-cache\desktop\ComfyUI\resources\ComfyUI
[2026-05-10 03:42:10.550] [error] 

[2026-05-10 03:42:10.554] [error] [comfy-env] Scanning nodes metadata (isolation root)...
[2026-05-10 03:42:10.555] [error] 

[2026-05-10 03:42:10.620] [error] [comfy-env] Cache hit for nodes: 125 nodes
[comfy-env] Scanned nodes root: 125 nodes (0.0s)
[comfy-env] Imported nodes root: 125 nodes (isolation)
[comfy-env] Registered 125 total nodes

[2026-05-10 03:42:10.621] [info]  
Import times for custom nodes:
   0.0 seconds: C:\Users\runneradmin\.comfy-test-cache\desktop\ComfyUI\resources\ComfyUI\custom_nodes\websocket_image_save.py
   3.9 seconds: C:\Users\runneradmin\Documents\ComfyUI\custom_nodes\comfyui-geometrypack

Context impl SQLiteImpl.
Will assume non-transactional DDL.

[2026-05-10 03:42:10.626] [error] Failed to initialize database. Please ensure you have installed the latest requirements. If the error persists, please report this as in future the database will be required: Could not acquire lock on database 'C:/Users/runneradmin/Documents/ComfyUI/user/comfyui.db'. Another ComfyUI process may already be using it. Use --database-url to specify a separate database file.

[2026-05-10 03:42:10.724] [info]  Starting server


[2026-05-10 03:42:10.725] [info]  To see the GUI go to: http://127.0.0.1:8001

[2026-05-10 03:42:12.831] [info]  [ComfyUI-Manager] The ComfyRegistry cache update is still in progress, so an outdated cache is being used.

[2026-05-10 03:42:12.985] [info]  FETCH DATA from: C:\Users\runneradmin\Documents\ComfyUI\.venv\Lib\site-packages\comfyui_manager\custom-node-list.json
[2026-05-10 03:42:13.016] [info]   [DONE]

[2026-05-10 03:42:15.008] [info]  [ComfyUI-Manager] The ComfyRegistry cache update is still in progress, so an outdated cache is being used.

[2026-05-10 03:42:15.169] [info]  FETCH DATA from: C:\Users\runneradmin\Documents\ComfyUI\.venv\Lib\site-packages\comfyui_manager\custom-node-list.json
[2026-05-10 03:42:15.217] [info]   [DONE]

[2026-05-10 03:42:35.378] [info]  got prompt

[2026-05-10 03:42:35.400] [info]  [comfyui-geometrypack] python: C:\Users\runneradmin\Documents\ComfyUI\.ce\.pixi\envs\geometrypack-nodes\python.exe
[2026-05-10 03:42:35.401] [info]  
[comfyui-geometrypack] sys_path sent to worker: ['C:\\Users\\runneradmin\\.comfy-test-cache\\desktop\\ComfyUI\\resources\\ComfyUI', 'C:\\Users\\runneradmin\\Documents\\ComfyUI\\custom_nodes\\comfyui-geometrypack', 'C:\\Users\\runneradmin\\Documents\\ComfyUI\\.ce\\.pixi\\envs\\geometrypack-nodes\\Lib\\site-packages', 'C:\\Users\\runneradmin\\Documents\\ComfyUI\\custom_nodes\\comfyui-geometrypack']

[2026-05-10 03:42:40.742] [error] [worker:comfyui-geometrypack] INFO: Found mesh in input folder: 3d/camelhead.off

[2026-05-10 03:42:40.747] [error] [worker:comfyui-geometrypack] INFO: Loading: C:\Users\runneradmin\Documents\ComfyUI\input\3d/camelhead.off

[2026-05-10 03:42:40.979] [error] [worker:comfyui-geometrypack] INFO: Initial mesh: 11381 vertices, 22704 faces

[2026-05-10 03:42:41.000] [error] [worker:comfyui-geometrypack] INFO: Successfully loaded: 11381 vertices, 22704 faces

[2026-05-10 03:42:41.010] [error] [worker:comfyui-geometrypack] INFO: Loaded: 11381 vertices, 22704 faces

[2026-05-10 03:42:41.925] [error] [comfyui-geometrypack] Health check: ping (timeout=5.0s)...
[2026-05-10 03:42:41.928] [error] 
[comfyui-geometrypack] Health check: ok

[2026-05-10 03:42:41.999] [error] [worker:comfyui-geometrypack] INFO: Processing mesh: 11381 vertices, 22704 faces

[2026-05-10 03:42:42.004] [error] [worker:comfyui-geometrypack] INFO: Options: detect_only=False, remove_unreferenced=True, extract_outer_hull=False, stitch_all=True

[2026-05-10 03:42:42.018] [error] [worker:comfyui-geometrypack] INFO: Using libigl CGAL method

[2026-05-10 03:42:42.229] [error] [worker:comfyui-geometrypack] INFO: Remeshing complete: 11385 vertices, 22720 faces

[2026-05-10 03:42:42.240] [error] [worker:comfyui-geometrypack] INFO: Removing unreferenced vertices...

[2026-05-10 03:42:42.247] [error] [worker:comfyui-geometrypack] INFO: After cleanup: 11385 vertices, 22720 faces

[2026-05-10 03:42:42.274] [error] [comfyui-geometrypack] Health check: ping (timeout=5.0s)...
[2026-05-10 03:42:42.275] [error] 

[2026-05-10 03:42:42.277] [error] [comfyui-geometrypack] Health check: ok
[2026-05-10 03:42:42.281] [error] 

[2026-05-10 03:42:42.350] [error] [worker:comfyui-geometrypack] INFO: Analyzing mesh: 11385 vertices, 22720 faces

[2026-05-10 03:42:42.357] [error] [worker:comfyui-geometrypack] INFO: Using libigl CGAL method

[2026-05-10 03:42:42.424] [error] [worker:comfyui-geometrypack] INFO: No self-intersections detected

[2026-05-10 03:42:42.453] [error] [comfyui-geometrypack] Health check: ping (timeout=5.0s)...
[2026-05-10 03:42:42.454] [error] 

[2026-05-10 03:42:42.456] [error] [comfyui-geometrypack] Health check: ok

[2026-05-10 03:42:42.532] [error] [worker:comfyui-geometrypack] INFO: Analyzing mesh: 11381 vertices, 22704 faces

[2026-05-10 03:42:42.538] [error] [worker:comfyui-geometrypack] INFO: Using libigl CGAL method

[2026-05-10 03:42:42.618] [error] [worker:comfyui-geometrypack] INFO: Found 6 intersecting faces (5 intersection pairs)

[2026-05-10 03:42:42.635] [error] [comfyui-geometrypack] Health check: ping (timeout=5.0s)...
[2026-05-10 03:42:42.636] [error] 

[2026-05-10 03:42:42.637] [error] [comfyui-geometrypack] Health check: ok

[2026-05-10 03:42:42.709] [error] [worker:comfyui-geometrypack] INFO: Layout: side_by_side, Mode: fields

[2026-05-10 03:42:42.714] [error] [worker:comfyui-geometrypack] INFO: Mesh 1: Mesh - 11381 vertices, 22704 faces

[2026-05-10 03:42:42.720] [error] [worker:comfyui-geometrypack] INFO: Mesh 2: Mesh - 11385 vertices, 22720 faces

[2026-05-10 03:42:42.726] [error] [worker:comfyui-geometrypack] INFO: Mesh 1 fields: ['intersection_flag', 'intersection_count', 'face.self_intersecting']

[2026-05-10 03:42:42.732] [error] [worker:comfyui-geometrypack] INFO: Mesh 2 fields: ['intersection_flag', 'intersection_count', 'face.self_intersecting']

[2026-05-10 03:42:42.736] [error] [worker:comfyui-geometrypack] INFO: Common fields: ['intersection_flag', 'intersection_count', 'face.self_intersecting']

[2026-05-10 03:42:42.742] [error] [worker:comfyui-geometrypack] INFO: Mesh 1 visual: kind=None, texture=False, vertex_colors=False

[2026-05-10 03:42:42.747] [error] [worker:comfyui-geometrypack] INFO: Mesh 2 visual: kind=None, texture=False, vertex_colors=False

[2026-05-10 03:42:42.754] [error] [worker:comfyui-geometrypack] INFO: Exporting mesh to VTP: C:\Users\runneradmin\Documents\ComfyUI\output\preview_dual_1_c1c5c346.vtp

[2026-05-10 03:42:42.793] [error] [worker:comfyui-geometrypack] INFO: Adding normals field (11381 vertices)

[2026-05-10 03:42:42.815] [error] [worker:comfyui-geometrypack] INFO: Adding scalar field: intersection_flag (components: 1)

[2026-05-10 03:42:42.823] [error] [worker:comfyui-geometrypack] INFO: Adding scalar field: intersection_count (components: 1)

[2026-05-10 03:42:42.833] [error] [worker:comfyui-geometrypack] INFO: Adding face field: self_intersecting

[2026-05-10 03:42:42.876] [error] [worker:comfyui-geometrypack] INFO: Export complete: 11381 vertices, 22704 faces

[2026-05-10 03:42:42.882] [error] [worker:comfyui-geometrypack] INFO: Exported VTP with fields: C:\Users\runneradmin\Documents\ComfyUI\output\preview_dual_1_c1c5c346.vtp

[2026-05-10 03:42:42.886] [error] [worker:comfyui-geometrypack] INFO: Exporting mesh to VTP: C:\Users\runneradmin\Documents\ComfyUI\output\preview_dual_2_c1c5c346.vtp

[2026-05-10 03:42:42.923] [error] [worker:comfyui-geometrypack] INFO: Adding normals field (11385 vertices)

[2026-05-10 03:42:42.944] [error] [worker:comfyui-geometrypack] INFO: Adding scalar field: intersection_flag (components: 1)

[2026-05-10 03:42:42.955] [error] [worker:comfyui-geometrypack] INFO: Adding scalar field: intersection_count (components: 1)
[2026-05-10 03:42:42.957] [error] 

[2026-05-10 03:42:42.962] [error] [worker:comfyui-geometrypack] INFO: Adding face field: self_intersecting

[2026-05-10 03:42:43.004] [error] [worker:comfyui-geometrypack] INFO: Export complete: 11385 vertices, 22720 faces

[2026-05-10 03:42:43.008] [error] [worker:comfyui-geometrypack] INFO: Exported VTP with fields: C:\Users\runneradmin\Documents\ComfyUI\output\preview_dual_2_c1c5c346.vtp

[2026-05-10 03:42:43.041] [error] [worker:comfyui-geometrypack] INFO: Preview ready

[2026-05-10 03:42:43.070] [info]  Prompt executed in 7.69 seconds

