[2026-05-18 18:43:05.730] [info]  setup plugin alembic.autogenerate.schemas
setup plugin alembic.autogenerate.tables

[2026-05-18 18:43:05.733] [info]  setup plugin alembic.autogenerate.types
setup plugin alembic.autogenerate.constraints
setup plugin alembic.autogenerate.defaults
setup plugin alembic.autogenerate.comments

[2026-05-18 18:43:06.206] [info]  Adding extra search path custom_nodes C:\Users\stduser\Documents\ComfyUI\custom_nodes
Adding extra search path download_model_base C:\Users\stduser\Documents\ComfyUI\models
Adding extra search path custom_nodes C:\Users\stduser\.comfy-test-cache\desktop\ComfyUI\resources\ComfyUI\custom_nodes
Setting output directory to: C:\Users\stduser\Documents\ComfyUI\output

[2026-05-18 18:43:06.264] [info]  Setting input directory to: C:\Users\stduser\Documents\ComfyUI\input
Setting user directory to: C:\Users\stduser\Documents\ComfyUI\user

[2026-05-18 18:43:07.815] [info]  [START] Security scan
[DONE] Security scan
** ComfyUI startup time: 2026-05-18 18:43:07.815

[2026-05-18 18:43:07.817] [info]  ** Platform: Windows
** Python version: 3.12.11 (main, Aug 18 2025, 19:17:54) [MSC v.1944 64 bit (AMD64)]
** Python executable: C:\Users\stduser\Documents\ComfyUI\.venv\Scripts\python.exe
** ComfyUI Path: C:\Users\stduser\.comfy-test-cache\desktop\ComfyUI\resources\ComfyUI
** ComfyUI Base Folder Path: C:\Users\stduser\.comfy-test-cache\desktop\ComfyUI\resources\ComfyUI

[2026-05-18 18:43:07.893] [info]  ** User directory: C:\Users\stduser\Documents\ComfyUI\user

[2026-05-18 18:43:07.894] [info]  ** ComfyUI-Manager config path: C:\Users\stduser\Documents\ComfyUI\user\__manager\config.ini
** Log path: C:\Users\stduser\Documents\ComfyUI\user\comfyui.log

[2026-05-18 18:43:09.228] [info]  [ComfyUI-Manager] Skipped fixing the 'comfyui-frontend-package' dependency because the ComfyUI is outdated.

[2026-05-18 18:43:09.229] [info]  [PRE] ComfyUI-Manager

[2026-05-18 18:43:09.565] [error] [comfy-env] comfyui-geometrypack: 1 isolation env(s):
[2026-05-18 18:43:09.566] [error] 
[comfy-env]   nodes -> C:\Users\stduser\Documents\ComfyUI\custom_nodes\comfyui-geometrypack\nodes
[comfy-env] prestartup complete

[2026-05-18 18:43:12.654] [info]  Found comfy_kitchen backend triton: {'available': False, 'disabled': True, 'unavailable_reason': "ImportError: No module named 'triton'", 'capabilities': []}
Found comfy_kitchen backend cuda: {'available': False, 'disabled': True, 'unavailable_reason': 'CUDA not available on this system', 'capabilities': []}

[2026-05-18 18:43:12.656] [info]  Found comfy_kitchen backend eager: {'available': True, 'disabled': False, 'unavailable_reason': None, 'capabilities': ['apply_rope', 'apply_rope1', 'dequantize_mxfp8', 'dequantize_nvfp4', 'dequantize_per_tensor_fp8', 'quantize_mxfp8', 'quantize_nvfp4', 'quantize_per_tensor_fp8', 'scaled_mm_mxfp8', 'scaled_mm_nvfp4']}

[2026-05-18 18:43:12.663] [info]  Checkpoint files will always be loaded safely.

[2026-05-18 18:43:12.679] [info]  Total VRAM 16379 MB, total RAM 16379 MB

[2026-05-18 18:43:12.680] [info]  pytorch version: 2.10.0+cpu
Set vram state to: DISABLED
Device: cpu

[2026-05-18 18:43:12.984] [info]  Using sub quadratic optimization for attention, if you have memory or speed issues try using: --use-split-cross-attention

[2026-05-18 18:43:15.801] [info]  Python version: 3.12.11 (main, Aug 18 2025, 19:17:54) [MSC v.1944 64 bit (AMD64)]
ComfyUI version: 0.21.1

[2026-05-18 18:43:15.804] [info]  comfy-aimdo version: 0.3.0

[2026-05-18 18:43:15.806] [info]  comfy-kitchen version: 0.2.8

[2026-05-18 18:43:15.809] [info]  [Prompt Server] web root: C:\Users\stduser\.comfy-test-cache\desktop\ComfyUI\resources\ComfyUI\web_custom_versions\desktop_app

[2026-05-18 18:43:15.810] [info]  Asset seeder disabled

[2026-05-18 18:43:15.812] [info]  [START] ComfyUI-Manager

[2026-05-18 18:43:16.019] [info]  [ComfyUI-Manager] Using GitPython backend

[2026-05-18 18:43:16.061] [info]  [ComfyUI-Manager] network_mode: public

[2026-05-18 18:43:16.065] [info]  [ComfyUI-Manager] The matrix sharing feature has been disabled because the `matrix-nio` dependency is not installed.
	To use this feature, please run the following command:
	C:\Users\stduser\Documents\ComfyUI\.venv\Scripts\python.exe -m pip install matrix-nio


[2026-05-18 18:43:17.923] [info]  loading...
calling register_nodes

[2026-05-18 18:43:17.927] [error] [comfy-env] Version: 0.3.84
[2026-05-18 18:43:17.929] [error] 

[2026-05-18 18:43:18.413] [info]  [comfy-env] Removed stale temp dir: C:\Users\stduser\AppData\Local\Temp\comfyui_pvenv_uhe3v453

[2026-05-18 18:43:18.722] [error] [comfy-env] register_nodes: comfyui-geometrypack
[2026-05-18 18:43:18.723] [error] 

[2026-05-18 18:43:18.737] [error] [comfy-env] ComfyUI source dir: C:\Users\stduser\.comfy-test-cache\desktop\ComfyUI\resources\ComfyUI
[2026-05-18 18:43:18.739] [error] 

[2026-05-18 18:43:18.742] [error] [comfy-env] Scanning nodes metadata (isolation root)...
[2026-05-18 18:43:18.743] [error] 

[2026-05-18 18:43:18.789] [error] [comfy-env] Cache hit for nodes: 125 nodes
[2026-05-18 18:43:18.791] [error] 
[comfy-env] Scanned nodes root: 125 nodes (0.0s)

[2026-05-18 18:43:18.794] [error] [comfy-env] Imported nodes root: 125 nodes (isolation)
[2026-05-18 18:43:18.796] [error] 
[comfy-env] Registered 125 total nodes
[2026-05-18 18:43:18.798] [error] 

[2026-05-18 18:43:18.800] [info]  
Import times for custom nodes:

[2026-05-18 18:43:18.801] [info]     0.0 seconds: C:\Users\stduser\.comfy-test-cache\desktop\ComfyUI\resources\ComfyUI\custom_nodes\websocket_image_save.py
   0.9 seconds: C:\Users\stduser\Documents\ComfyUI\custom_nodes\comfyui-geometrypack


[2026-05-18 18:43:18.807] [info]  Context impl SQLiteImpl.

[2026-05-18 18:43:18.809] [info]  Will assume non-transactional DDL.

[2026-05-18 18:43:18.816] [error] Failed to initialize database. Please ensure you have installed the latest requirements. If the error persists, please report this as in future the database will be required: Could not acquire lock on database 'C:/Users/stduser/Documents/ComfyUI/user/comfyui.db'. Another ComfyUI process may already be using it. Use --database-url to specify a separate database file.

[2026-05-18 18:43:18.899] [info]  Starting server


[2026-05-18 18:43:18.901] [info]  To see the GUI go to: http://127.0.0.1:8001

[2026-05-18 18:43:20.964] [info]  [ComfyUI-Manager] The ComfyRegistry cache update is still in progress, so an outdated cache is being used.

[2026-05-18 18:43:21.103] [info]  FETCH DATA from: C:\Users\stduser\Documents\ComfyUI\.venv\Lib\site-packages\comfyui_manager\custom-node-list.json
[2026-05-18 18:43:21.171] [info]   [DONE]

[2026-05-18 18:43:24.121] [info]  [ComfyUI-Manager] The ComfyRegistry cache update is still in progress, so an outdated cache is being used.

[2026-05-18 18:43:24.293] [info]  FETCH DATA from: C:\Users\stduser\Documents\ComfyUI\.venv\Lib\site-packages\comfyui_manager\custom-node-list.json
[2026-05-18 18:43:24.337] [info]   [DONE]

[2026-05-18 18:43:45.996] [info]  got prompt

[2026-05-18 18:43:46.020] [info]  [comfyui-geometrypack] python: C:\ce\.pixi\envs\geometrypack-nodes\python.exe
[2026-05-18 18:43:46.022] [info]  
[comfyui-geometrypack] sys_path sent to worker: ['C:\\Users\\stduser\\.comfy-test-cache\\desktop\\ComfyUI\\resources\\ComfyUI', 'C:\\Users\\stduser\\Documents\\ComfyUI\\custom_nodes\\comfyui-geometrypack', 'C:\\ce\\.pixi\\envs\\geometrypack-nodes\\Lib\\site-packages', 'C:\\Users\\stduser\\Documents\\ComfyUI\\custom_nodes\\comfyui-geometrypack']

[2026-05-18 18:43:48.655] [error] [worker:comfyui-geometrypack] ERROR: Failed to import comfy_kitchen, Error: No module named 'comfy_kitchen', fp8 and fp4 support will not be available.

[2026-05-18 18:43:50.533] [error] [worker:comfyui-geometrypack] INFO: Created cube: 8 vertices, 12 faces

[2026-05-18 18:43:50.980] [error] [comfyui-geometrypack] Health check: ping (timeout=5.0s)...
[2026-05-18 18:43:50.982] [error] 
[comfyui-geometrypack] Health check: ok

[2026-05-18 18:43:51.240] [error] [worker:comfyui-geometrypack] INFO: Created sphere: 2562 vertices, 5120 faces

[2026-05-18 18:43:51.321] [error] [comfyui-geometrypack] Health check: ping (timeout=5.0s)...
[2026-05-18 18:43:51.323] [error] 

[2026-05-18 18:43:51.343] [error] [comfyui-geometrypack] Health check: ok

[2026-05-18 18:43:51.591] [error] [worker:comfyui-geometrypack] INFO: Boolean dispatch: libigl_cgal -> GeomPackBoolean_LibiglCGAL

[2026-05-18 18:43:51.710] [error] [comfyui-geometrypack] Health check: ping (timeout=5.0s)...

[2026-05-18 18:43:51.713] [error] [comfyui-geometrypack] Health check: ok

[2026-05-18 18:43:51.972] [error] [worker:comfyui-geometrypack] INFO: Boolean dispatch: blender_exact -> GeomPackBoolean_BlenderExact

[2026-05-18 18:43:52.087] [error] [comfyui-geometrypack] Health check: ping (timeout=5.0s)...

[2026-05-18 18:43:52.108] [error] [comfyui-geometrypack] Health check: ok

[2026-05-18 18:43:52.364] [error] [worker:comfyui-geometrypack] INFO: Backend: libigl_cgal

[2026-05-18 18:43:52.386] [error] [worker:comfyui-geometrypack] INFO: Mesh A: 2562 vertices, 5120 faces

[2026-05-18 18:43:52.408] [error] [worker:comfyui-geometrypack] INFO: Mesh B: 8 vertices, 12 faces

[2026-05-18 18:43:52.430] [error] [worker:comfyui-geometrypack] INFO: Operation: difference

[2026-05-18 18:43:53.403] [error] [worker:comfyui-geometrypack] INFO: Success: 2202 vertices, 4380 faces

[2026-05-18 18:43:53.514] [error] [comfyui-geometrypack] Health check: ping (timeout=5.0s)...

[2026-05-18 18:43:53.517] [error] [comfyui-geometrypack] Health check: ok

[2026-05-18 18:43:53.763] [error] [worker:comfyui-geometrypack] INFO: Backend: blender_exact

[2026-05-18 18:43:53.784] [error] [worker:comfyui-geometrypack] INFO: Mesh A: 2562 vertices, 5120 faces

[2026-05-18 18:43:53.806] [error] [worker:comfyui-geometrypack] INFO: Mesh B: 8 vertices, 12 faces

[2026-05-18 18:43:53.828] [error] [worker:comfyui-geometrypack] INFO: Operation: difference

[2026-05-18 18:43:54.267] [error] [worker:comfyui-geometrypack] INFO: Success: 2202 vertices, 4380 faces

[2026-05-18 18:43:54.350] [error] [comfyui-geometrypack] Health check: ping (timeout=5.0s)...
[2026-05-18 18:43:54.385] [error] 

[2026-05-18 18:43:54.437] [error] [comfyui-geometrypack] Health check: ok

[2026-05-18 18:43:54.668] [error] [worker:comfyui-geometrypack] INFO: Mode: fields, Meshes: 2

[2026-05-18 18:43:54.691] [error] [worker:comfyui-geometrypack] INFO: Mesh 1: Mesh - 2202 vertices, 4380 faces

[2026-05-18 18:43:54.699] [error] [worker:comfyui-geometrypack] INFO: Exporting mesh to VTP: C:\Users\stduser\Documents\ComfyUI\output\preview_multi_1_9585d319.vtp

[2026-05-18 18:43:54.787] [error] [worker:comfyui-geometrypack] INFO: Adding normals field (2202 vertices)

[2026-05-18 18:43:54.790] [error] [worker:comfyui-geometrypack] INFO: Export complete: 2202 vertices, 4380 faces

[2026-05-18 18:43:54.816] [error] [worker:comfyui-geometrypack] INFO: Exported VTP: C:\Users\stduser\Documents\ComfyUI\output\preview_multi_1_9585d319.vtp

[2026-05-18 18:43:54.842] [error] [worker:comfyui-geometrypack] INFO: Mesh 2: Mesh - 2202 vertices, 4380 faces

[2026-05-18 18:43:54.852] [error] [worker:comfyui-geometrypack] INFO: Exporting mesh to VTP: C:\Users\stduser\Documents\ComfyUI\output\preview_multi_2_9585d319.vtp

[2026-05-18 18:43:54.886] [error] [worker:comfyui-geometrypack] INFO: Adding normals field (2202 vertices)

[2026-05-18 18:43:54.925] [error] [worker:comfyui-geometrypack] INFO: Export complete: 2202 vertices, 4380 faces

[2026-05-18 18:43:54.932] [error] [worker:comfyui-geometrypack] INFO: Exported VTP: C:\Users\stduser\Documents\ComfyUI\output\preview_multi_2_9585d319.vtp

[2026-05-18 18:43:54.957] [error] [worker:comfyui-geometrypack] INFO: Grid: 2x1, Preview ready
[2026-05-18 18:43:54.958] [error] 

[2026-05-18 18:43:55.038] [info]  Prompt executed in 9.04 seconds

