[2026-05-18 19:07:16.353] [info]  setup plugin alembic.autogenerate.schemas
setup plugin alembic.autogenerate.tables

[2026-05-18 19:07:16.355] [info]  setup plugin alembic.autogenerate.types
setup plugin alembic.autogenerate.constraints
setup plugin alembic.autogenerate.defaults
setup plugin alembic.autogenerate.comments

[2026-05-18 19:07:16.792] [info]  Adding extra search path custom_nodes C:\Users\stduser\Documents\ComfyUI\custom_nodes
Adding extra search path download_model_base C:\Users\stduser\Documents\ComfyUI\models
Adding extra search path custom_nodes C:\Users\stduser\.comfy-test-cache\desktop\ComfyUI\resources\ComfyUI\custom_nodes

[2026-05-18 19:07:16.794] [info]  Setting output directory to: C:\Users\stduser\Documents\ComfyUI\output
Setting input directory to: C:\Users\stduser\Documents\ComfyUI\input
Setting user directory to: C:\Users\stduser\Documents\ComfyUI\user

[2026-05-18 19:07:18.283] [info]  [START] Security scan
[DONE] Security scan
** ComfyUI startup time: 2026-05-18 19:07:18.282
[2026-05-18 19:07:18.285] [info]  
** Platform: Windows
** Python version: 3.12.11 (main, Aug 18 2025, 19:17:54) [MSC v.1944 64 bit (AMD64)]
** Python executable: C:\Users\stduser\Documents\ComfyUI\.venv\Scripts\python.exe
** ComfyUI Path: C:\Users\stduser\.comfy-test-cache\desktop\ComfyUI\resources\ComfyUI
** ComfyUI Base Folder Path: C:\Users\stduser\.comfy-test-cache\desktop\ComfyUI\resources\ComfyUI

[2026-05-18 19:07:18.287] [info]  ** User directory: 
[2026-05-18 19:07:18.288] [info]  C:\Users\stduser\Documents\ComfyUI\user
** ComfyUI-Manager config path: C:\Users\stduser\Documents\ComfyUI\user\__manager\config.ini
** Log path: C:\Users\stduser\Documents\ComfyUI\user\comfyui.log

[2026-05-18 19:07:19.406] [info]  [ComfyUI-Manager] Skipped fixing the 'comfyui-frontend-package' dependency because the ComfyUI is outdated.

[2026-05-18 19:07:19.408] [info]  [PRE] ComfyUI-Manager

[2026-05-18 19:07:19.716] [error] [comfy-env] comfyui-geometrypack: 1 isolation env(s):
[2026-05-18 19:07:19.718] [error] 
[comfy-env]   nodes -> C:\Users\stduser\Documents\ComfyUI\custom_nodes\comfyui-geometrypack\nodes
[comfy-env] prestartup complete
[2026-05-18 19:07:19.720] [error] 

[2026-05-18 19:07:22.583] [info]  Found comfy_kitchen backend cuda: {'available': False, 'disabled': True, 'unavailable_reason': 'CUDA not available on this system', 'capabilities': []}

[2026-05-18 19:07:22.584] [info]  Found comfy_kitchen backend triton: {'available': False, 'disabled': True, 'unavailable_reason': "ImportError: No module named 'triton'", 'capabilities': []}
Found comfy_kitchen backend eager: {'available': True, 'disabled': False, 'unavailable_reason': None, 'capabilities': ['apply_rope', 'apply_rope1', 'dequantize_mxfp8', 'dequantize_nvfp4', 'dequantize_per_tensor_fp8', 'quantize_mxfp8', 'quantize_nvfp4', 'quantize_per_tensor_fp8', 'scaled_mm_mxfp8', 'scaled_mm_nvfp4']}

[2026-05-18 19:07:22.591] [info]  Checkpoint files will always be loaded safely.

[2026-05-18 19:07:22.607] [info]  Total VRAM 16379 MB, total RAM 16379 MB

[2026-05-18 19:07:22.608] [info]  pytorch version: 2.10.0+cpu
Set vram state to: DISABLED
Device: cpu

[2026-05-18 19:07:22.901] [info]  Using sub quadratic optimization for attention, if you have memory or speed issues try using: --use-split-cross-attention

[2026-05-18 19:07:25.494] [info]  Python version: 3.12.11 (main, Aug 18 2025, 19:17:54) [MSC v.1944 64 bit (AMD64)]

[2026-05-18 19:07:25.496] [info]  ComfyUI version: 0.21.1
comfy-aimdo version: 0.3.0
comfy-kitchen version: 0.2.8

[2026-05-18 19:07:25.498] [info]  [Prompt Server] web root: C:\Users\stduser\.comfy-test-cache\desktop\ComfyUI\resources\ComfyUI\web_custom_versions\desktop_app

[2026-05-18 19:07:25.500] [info]  Asset seeder disabled

[2026-05-18 19:07:25.501] [info]  [START] ComfyUI-Manager

[2026-05-18 19:07:25.669] [info]  [ComfyUI-Manager] Using GitPython backend

[2026-05-18 19:07:25.735] [info]  [ComfyUI-Manager] network_mode: public

[2026-05-18 19:07:25.740] [info]  [ComfyUI-Manager] The matrix sharing feature has been disabled because the `matrix-nio` dependency is not installed.
	To use this feature, please run the following command:
	C:\Users\stduser\Documents\ComfyUI\.venv\Scripts\python.exe -m pip install matrix-nio


[2026-05-18 19:07:27.492] [info]  loading...

[2026-05-18 19:07:27.494] [info]  calling register_nodes

[2026-05-18 19:07:27.497] [error] [comfy-env] Version: 0.3.84
[2026-05-18 19:07:27.498] [error] 

[2026-05-18 19:07:27.907] [info]  [comfy-env] Removed stale temp dir: C:\Users\stduser\AppData\Local\Temp\comfyui_pvenv_gyaookm_

[2026-05-18 19:07:28.191] [error] [comfy-env] register_nodes: comfyui-geometrypack
[2026-05-18 19:07:28.193] [error] 

[2026-05-18 19:07:28.202] [error] [comfy-env] ComfyUI source dir: C:\Users\stduser\.comfy-test-cache\desktop\ComfyUI\resources\ComfyUI
[2026-05-18 19:07:28.204] [error] 

[2026-05-18 19:07:28.206] [error] [comfy-env] Scanning nodes metadata (isolation root)...
[2026-05-18 19:07:28.208] [error] 

[2026-05-18 19:07:28.251] [error] [comfy-env] Cache hit for nodes: 125 nodes
[2026-05-18 19:07:28.253] [error] 
[comfy-env] Scanned nodes root: 125 nodes (0.0s)

[2026-05-18 19:07:28.256] [error] [comfy-env] Imported nodes root: 125 nodes (isolation)
[2026-05-18 19:07:28.257] [error] 
[comfy-env] Registered 125 total nodes

[2026-05-18 19:07:28.262] [info]  
Import times for custom nodes:

[2026-05-18 19:07:28.263] [info]     0.0 seconds: C:\Users\stduser\.comfy-test-cache\desktop\ComfyUI\resources\ComfyUI\custom_nodes\websocket_image_save.py
   0.8 seconds: C:\Users\stduser\Documents\ComfyUI\custom_nodes\comfyui-geometrypack


[2026-05-18 19:07:28.266] [info]  Context impl SQLiteImpl.

[2026-05-18 19:07:28.269] [info]  Will assume non-transactional DDL.

[2026-05-18 19:07:28.285] [error] Failed to initialize database. Please ensure you have installed the latest requirements. If the error persists, please report this as in future the database will be required: Could not acquire lock on database 'C:/Users/stduser/Documents/ComfyUI/user/comfyui.db'. Another ComfyUI process may already be using it. Use --database-url to specify a separate database file.

[2026-05-18 19:07:28.376] [info]  Starting server


[2026-05-18 19:07:28.378] [info]  To see the GUI go to: http://127.0.0.1:8001

[2026-05-18 19:07:30.974] [info]  [ComfyUI-Manager] The ComfyRegistry cache update is still in progress, so an outdated cache is being used.

[2026-05-18 19:07:31.129] [info]  FETCH DATA from: C:\Users\stduser\Documents\ComfyUI\.venv\Lib\site-packages\comfyui_manager\custom-node-list.json
[2026-05-18 19:07:31.170] [info]   [DONE]

[2026-05-18 19:07:34.537] [info]  [ComfyUI-Manager] The ComfyRegistry cache update is still in progress, so an outdated cache is being used.

[2026-05-18 19:07:34.702] [info]  FETCH DATA from: C:\Users\stduser\Documents\ComfyUI\.venv\Lib\site-packages\comfyui_manager\custom-node-list.json
[2026-05-18 19:07:34.741] [info]   [DONE]
[2026-05-18 19:07:34.743] [info]  

[2026-05-18 19:07:54.775] [info]  got prompt

[2026-05-18 19:07:54.796] [info]  [comfyui-geometrypack] python: C:\ce\.pixi\envs\geometrypack-nodes\python.exe
[2026-05-18 19:07:54.797] [info]  
[comfyui-geometrypack] sys_path sent to worker: ['C:\\Users\\stduser\\.comfy-test-cache\\desktop\\ComfyUI\\resources\\ComfyUI', 'C:\\Users\\stduser\\Documents\\ComfyUI\\custom_nodes\\comfyui-geometrypack', 'C:\\ce\\.pixi\\envs\\geometrypack-nodes\\Lib\\site-packages', 'C:\\Users\\stduser\\Documents\\ComfyUI\\custom_nodes\\comfyui-geometrypack']

[2026-05-18 19:07:57.154] [error] [worker:comfyui-geometrypack] ERROR: Failed to import comfy_kitchen, Error: No module named 'comfy_kitchen', fp8 and fp4 support will not be available.

[2026-05-18 19:07:58.749] [error] [worker:comfyui-geometrypack] INFO: Found mesh in input folder: 3d/camelhead.off

[2026-05-18 19:07:58.757] [error] [worker:comfyui-geometrypack] INFO: Loading: C:\Users\stduser\Documents\ComfyUI\input\3d/camelhead.off

[2026-05-18 19:07:58.824] [error] [worker:comfyui-geometrypack] INFO: Initial mesh: 11381 vertices, 22704 faces

[2026-05-18 19:07:58.844] [error] [worker:comfyui-geometrypack] INFO: Successfully loaded: 11381 vertices, 22704 faces

[2026-05-18 19:07:58.853] [error] [worker:comfyui-geometrypack] INFO: Loaded: 11381 vertices, 22704 faces

[2026-05-18 19:07:59.465] [error] [comfyui-geometrypack] Health check: ping (timeout=5.0s)...
[2026-05-18 19:07:59.467] [error] 
[comfyui-geometrypack] Health check: ok

[2026-05-18 19:07:59.570] [error] [worker:comfyui-geometrypack] INFO: Analyzing mesh: 11381 vertices, 22704 faces
[2026-05-18 19:07:59.572] [error] 

[2026-05-18 19:07:59.598] [error] [worker:comfyui-geometrypack] INFO: Using libigl CGAL method

[2026-05-18 19:07:59.657] [error] [worker:comfyui-geometrypack] INFO: Found 6 intersecting faces (5 intersection pairs)

[2026-05-18 19:07:59.692] [error] [comfyui-geometrypack] Health check: ping (timeout=5.0s)...
[2026-05-18 19:07:59.693] [error] 

[2026-05-18 19:07:59.699] [error] [comfyui-geometrypack] Health check: ok

[2026-05-18 19:07:59.788] [error] [worker:comfyui-geometrypack] INFO: Processing mesh: 11381 vertices, 22704 faces

[2026-05-18 19:07:59.795] [error] [worker:comfyui-geometrypack] INFO: Options: detect_only=False, remove_unreferenced=True, extract_outer_hull=False, stitch_all=True
[2026-05-18 19:07:59.796] [error] 

[2026-05-18 19:07:59.803] [error] [worker:comfyui-geometrypack] INFO: Using libigl CGAL method

[2026-05-18 19:08:00.080] [error] [worker:comfyui-geometrypack] INFO: Remeshing complete: 11385 vertices, 22720 faces

[2026-05-18 19:08:00.087] [error] [worker:comfyui-geometrypack] INFO: Removing unreferenced vertices...

[2026-05-18 19:08:00.098] [error] [worker:comfyui-geometrypack] INFO: After cleanup: 11385 vertices, 22720 faces
[2026-05-18 19:08:00.100] [error] 

[2026-05-18 19:08:00.141] [error] [comfyui-geometrypack] Health check: ping (timeout=5.0s)...
[2026-05-18 19:08:00.142] [error] 

[2026-05-18 19:08:00.151] [error] [comfyui-geometrypack] Health check: ok

[2026-05-18 19:08:00.249] [error] [worker:comfyui-geometrypack] INFO: Analyzing mesh: 11385 vertices, 22720 faces

[2026-05-18 19:08:00.258] [error] [worker:comfyui-geometrypack] INFO: Using libigl CGAL method

[2026-05-18 19:08:00.317] [error] [worker:comfyui-geometrypack] INFO: No self-intersections detected

[2026-05-18 19:08:00.353] [error] [comfyui-geometrypack] Health check: ping (timeout=5.0s)...
[2026-05-18 19:08:00.355] [error] 

[2026-05-18 19:08:00.358] [error] [comfyui-geometrypack] Health check: ok
[2026-05-18 19:08:00.363] [error] 

[2026-05-18 19:08:00.458] [error] [worker:comfyui-geometrypack] INFO: Layout: side_by_side, Mode: fields

[2026-05-18 19:08:00.465] [error] [worker:comfyui-geometrypack] INFO: Mesh 1: Mesh - 11381 vertices, 22704 faces

[2026-05-18 19:08:00.472] [error] [worker:comfyui-geometrypack] INFO: Mesh 2: Mesh - 11385 vertices, 22720 faces
[2026-05-18 19:08:00.474] [error] 

[2026-05-18 19:08:00.482] [error] [worker:comfyui-geometrypack] INFO: Mesh 1 fields: ['intersection_flag', 'intersection_count', 'face.self_intersecting']

[2026-05-18 19:08:00.489] [error] [worker:comfyui-geometrypack] INFO: Mesh 2 fields: ['intersection_flag', 'intersection_count', 'face.self_intersecting']

[2026-05-18 19:08:00.500] [error] [worker:comfyui-geometrypack] INFO: Common fields: ['intersection_flag', 'face.self_intersecting', 'intersection_count']

[2026-05-18 19:08:00.507] [error] [worker:comfyui-geometrypack] INFO: Mesh 1 visual: kind=None, texture=False, vertex_colors=False

[2026-05-18 19:08:00.514] [error] [worker:comfyui-geometrypack] INFO: Mesh 2 visual: kind=None, texture=False, vertex_colors=False

[2026-05-18 19:08:00.522] [error] [worker:comfyui-geometrypack] INFO: Exporting mesh to VTP: C:\Users\stduser\Documents\ComfyUI\output\preview_dual_1_385d1edc.vtp

[2026-05-18 19:08:00.598] [error] [worker:comfyui-geometrypack] INFO: Adding normals field (11381 vertices)

[2026-05-18 19:08:00.623] [error] [worker:comfyui-geometrypack] INFO: Adding scalar field: intersection_flag (components: 1)

[2026-05-18 19:08:00.635] [error] [worker:comfyui-geometrypack] INFO: Adding scalar field: intersection_count (components: 1)

[2026-05-18 19:08:00.648] [error] [worker:comfyui-geometrypack] INFO: Adding face field: self_intersecting

[2026-05-18 19:08:00.694] [error] [worker:comfyui-geometrypack] INFO: Export complete: 11381 vertices, 22704 faces
[2026-05-18 19:08:00.696] [error] 

[2026-05-18 19:08:00.701] [error] [worker:comfyui-geometrypack] INFO: Exported VTP with fields: C:\Users\stduser\Documents\ComfyUI\output\preview_dual_1_385d1edc.vtp

[2026-05-18 19:08:00.710] [error] [worker:comfyui-geometrypack] INFO: Exporting mesh to VTP: C:\Users\stduser\Documents\ComfyUI\output\preview_dual_2_385d1edc.vtp

[2026-05-18 19:08:00.760] [error] [worker:comfyui-geometrypack] INFO: Adding normals field (11385 vertices)

[2026-05-18 19:08:00.784] [error] [worker:comfyui-geometrypack] INFO: Adding scalar field: intersection_flag (components: 1)

[2026-05-18 19:08:00.794] [error] [worker:comfyui-geometrypack] INFO: Adding scalar field: intersection_count (components: 1)

[2026-05-18 19:08:00.807] [error] [worker:comfyui-geometrypack] INFO: Adding face field: self_intersecting

[2026-05-18 19:08:00.858] [error] [worker:comfyui-geometrypack] INFO: Export complete: 11385 vertices, 22720 faces

[2026-05-18 19:08:00.870] [error] [worker:comfyui-geometrypack] INFO: Exported VTP with fields: C:\Users\stduser\Documents\ComfyUI\output\preview_dual_2_385d1edc.vtp
[2026-05-18 19:08:00.871] [error] 

[2026-05-18 19:08:00.904] [error] [worker:comfyui-geometrypack] INFO: Preview ready

[2026-05-18 19:08:00.941] [info]  Prompt executed in 6.16 seconds

