[2026-05-10 22:24:18.236] [info]  setup plugin alembic.autogenerate.schemas
setup plugin alembic.autogenerate.tables

[2026-05-10 22:24:18.239] [info]  setup plugin alembic.autogenerate.types
setup plugin alembic.autogenerate.constraints
setup plugin alembic.autogenerate.defaults
setup plugin alembic.autogenerate.comments

[2026-05-10 22:24:18.663] [info]  Adding extra search path custom_nodes C:\Users\runneradmin\Documents\ComfyUI\custom_nodes
Adding extra search path download_model_base C:\Users\runneradmin\Documents\ComfyUI\models
Adding extra search path custom_nodes C:\Users\runneradmin\.comfy-test-cache\desktop\ComfyUI\resources\ComfyUI\custom_nodes

[2026-05-10 22:24:18.665] [info]  Setting output directory to: C:\Users\runneradmin\Documents\ComfyUI\output
Setting input directory to: C:\Users\runneradmin\Documents\ComfyUI\input
Setting user directory to: C:\Users\runneradmin\Documents\ComfyUI\user

[2026-05-10 22:24:20.133] [info]  [START] Security scan
[DONE] Security scan
** ComfyUI startup time: 2026-05-10 22:24:20.133
[2026-05-10 22:24:20.135] [info]  
** Platform: Windows
** Python version: 3.12.11 (main, Aug 18 2025, 19:17:54) [MSC v.1944 64 bit (AMD64)]
** Python executable: C:\Users\runneradmin\Documents\ComfyUI\.venv\Scripts\python.exe
** ComfyUI Path: C:\Users\runneradmin\.comfy-test-cache\desktop\ComfyUI\resources\ComfyUI
** ComfyUI Base Folder Path: C:\Users\runneradmin\.comfy-test-cache\desktop\ComfyUI\resources\ComfyUI

[2026-05-10 22:24:20.136] [info]  ** User directory: C:\Users\runneradmin\Documents\ComfyUI\user
** ComfyUI-Manager config path: C:\Users\runneradmin\Documents\ComfyUI\user\__manager\config.ini
** Log path: C:\Users\runneradmin\Documents\ComfyUI\user\comfyui.log

[2026-05-10 22:24:21.285] [info]  [ComfyUI-Manager] Skipped fixing the 'comfyui-frontend-package' dependency because the ComfyUI is outdated.

[2026-05-10 22:24:21.287] [info]  [PRE] ComfyUI-Manager

[2026-05-10 22:24:21.596] [error] [comfy-env] comfyui-geometrypack: 1 isolation env(s):
[2026-05-10 22:24:21.598] [error] 
[comfy-env]   nodes -> C:\Users\runneradmin\Documents\ComfyUI\custom_nodes\comfyui-geometrypack\nodes
[comfy-env] prestartup complete

[2026-05-10 22:24:24.315] [info]  Found comfy_kitchen backend cuda: {'available': False, 'disabled': True, 'unavailable_reason': 'CUDA not available on this system', 'capabilities': []}

[2026-05-10 22:24:24.317] [info]  Found comfy_kitchen backend triton: {'available': False, 'disabled': True, 'unavailable_reason': "ImportError: No module named 'triton'", 'capabilities': []}
Found comfy_kitchen backend eager: {'available': True, 'disabled': False, 'unavailable_reason': None, 'capabilities': ['apply_rope', 'apply_rope1', 'dequantize_mxfp8', 'dequantize_nvfp4', 'dequantize_per_tensor_fp8', 'quantize_mxfp8', 'quantize_nvfp4', 'quantize_per_tensor_fp8', 'scaled_mm_mxfp8', 'scaled_mm_nvfp4']}

[2026-05-10 22:24:24.323] [info]  Checkpoint files will always be loaded safely.

[2026-05-10 22:24:24.337] [info]  Total VRAM 16379 MB, total RAM 16379 MB

[2026-05-10 22:24:24.338] [info]  pytorch version: 2.10.0+cpu
Set vram state to: DISABLED
Device: cpu

[2026-05-10 22:24:24.631] [info]  Using sub quadratic optimization for attention, if you have memory or speed issues try using: --use-split-cross-attention

[2026-05-10 22:24:27.224] [info]  Python version: 3.12.11 (main, Aug 18 2025, 19:17:54) [MSC v.1944 64 bit (AMD64)]

[2026-05-10 22:24:27.226] [info]  ComfyUI version: 0.20.1
comfy-aimdo version: 0.2.14

[2026-05-10 22:24:27.227] [info]  comfy-kitchen version: 0.2.8

[2026-05-10 22:24:27.229] [info]  [Prompt Server] web root: C:\Users\runneradmin\.comfy-test-cache\desktop\ComfyUI\resources\ComfyUI\web_custom_versions\desktop_app

[2026-05-10 22:24:27.231] [info]  Asset seeder disabled

[2026-05-10 22:24:27.232] [info]  [START] ComfyUI-Manager

[2026-05-10 22:24:27.368] [info]  [ComfyUI-Manager] Using GitPython backend

[2026-05-10 22:24:27.432] [info]  [ComfyUI-Manager] network_mode: public

[2026-05-10 22:24:27.437] [info]  [ComfyUI-Manager] The matrix sharing feature has been disabled because the `matrix-nio` dependency is not installed.
	To use this feature, please run the following command:
	C:\Users\runneradmin\Documents\ComfyUI\.venv\Scripts\python.exe -m pip install matrix-nio


[2026-05-10 22:24:29.085] [info]  loading...

[2026-05-10 22:24:29.087] [info]  calling register_nodes

[2026-05-10 22:24:29.090] [error] [comfy-env] Version: 0.3.82
[2026-05-10 22:24:29.092] [error] 

[2026-05-10 22:24:31.472] [info]  [comfy-env] Removed stale temp dir: C:\Users\RUNNER~1\AppData\Local\Temp\comfyui_pvenv_ryvc_9s2

[2026-05-10 22:24:31.748] [error] [comfy-env] register_nodes: comfyui-geometrypack
[2026-05-10 22:24:31.749] [error] 

[2026-05-10 22:24:31.760] [error] [comfy-env] ComfyUI source dir: C:\Users\runneradmin\.comfy-test-cache\desktop\ComfyUI\resources\ComfyUI
[2026-05-10 22:24:31.761] [error] 

[2026-05-10 22:24:31.763] [error] [comfy-env] Scanning nodes metadata (isolation root)...
[2026-05-10 22:24:31.764] [error] 

[2026-05-10 22:24:31.796] [error] [comfy-env] Cache hit for nodes: 125 nodes
[2026-05-10 22:24:31.798] [error] 

[2026-05-10 22:24:31.800] [error] [comfy-env] Scanned nodes root: 125 nodes (0.0s)
[2026-05-10 22:24:31.801] [error] 

[2026-05-10 22:24:31.805] [error] [comfy-env] Imported nodes root: 125 nodes (isolation)
[2026-05-10 22:24:31.806] [error] 
[comfy-env] Registered 125 total nodes
[2026-05-10 22:24:31.807] [error] 

[2026-05-10 22:24:31.813] [info]  
Import times for custom nodes:

[2026-05-10 22:24:31.815] [info]     0.0 seconds: C:\Users\runneradmin\.comfy-test-cache\desktop\ComfyUI\resources\ComfyUI\custom_nodes\websocket_image_save.py
   2.7 seconds: C:\Users\runneradmin\Documents\ComfyUI\custom_nodes\comfyui-geometrypack


[2026-05-10 22:24:31.820] [info]  Context impl SQLiteImpl.

[2026-05-10 22:24:31.821] [info]  Will assume non-transactional DDL.

[2026-05-10 22:24:31.827] [error] Failed to initialize database. Please ensure you have installed the latest requirements. If the error persists, please report this as in future the database will be required: Could not acquire lock on database 'C:/Users/runneradmin/Documents/ComfyUI/user/comfyui.db'. Another ComfyUI process may already be using it. Use --database-url to specify a separate database file.

[2026-05-10 22:24:31.906] [info]  Starting server


[2026-05-10 22:24:31.907] [info]  To see the GUI go to: http://127.0.0.1:8001

[2026-05-10 22:24:34.733] [info]  [ComfyUI-Manager] The ComfyRegistry cache update is still in progress, so an outdated cache is being used.

[2026-05-10 22:24:34.887] [info]  FETCH DATA from: C:\Users\runneradmin\Documents\ComfyUI\.venv\Lib\site-packages\comfyui_manager\custom-node-list.json
[2026-05-10 22:24:34.931] [info]   [DONE]

[2026-05-10 22:24:38.007] [info]  [ComfyUI-Manager] The ComfyRegistry cache update is still in progress, so an outdated cache is being used.

[2026-05-10 22:24:38.164] [info]  FETCH DATA from: C:\Users\runneradmin\Documents\ComfyUI\.venv\Lib\site-packages\comfyui_manager\custom-node-list.json
[2026-05-10 22:24:38.212] [info]   [DONE]

[2026-05-10 22:24:58.576] [info]  got prompt

[2026-05-10 22:24:58.595] [info]  [comfyui-geometrypack] python: C:\ce\.pixi\envs\geometrypack-nodes\python.exe
[2026-05-10 22:24:58.596] [info]  
[comfyui-geometrypack] sys_path sent to worker: ['C:\\Users\\runneradmin\\.comfy-test-cache\\desktop\\ComfyUI\\resources\\ComfyUI', 'C:\\Users\\runneradmin\\Documents\\ComfyUI\\custom_nodes\\comfyui-geometrypack', 'C:\\ce\\.pixi\\envs\\geometrypack-nodes\\Lib\\site-packages', 'C:\\Users\\runneradmin\\Documents\\ComfyUI\\custom_nodes\\comfyui-geometrypack']

[2026-05-10 22:25:00.756] [error] [worker:comfyui-geometrypack] ERROR: Failed to import comfy_kitchen, Error: No module named 'comfy_kitchen', fp8 and fp4 support will not be available.

[2026-05-10 22:25:02.362] [error] [worker:comfyui-geometrypack] INFO: Created cube: 8 vertices, 12 faces

[2026-05-10 22:25:03.196] [error] [comfyui-geometrypack] Health check: ping (timeout=5.0s)...

[2026-05-10 22:25:03.198] [error] [comfyui-geometrypack] Health check: ok

[2026-05-10 22:25:03.236] [error] [worker:comfyui-geometrypack] INFO: Created sphere: 2562 vertices, 5120 faces

[2026-05-10 22:25:03.256] [error] [comfyui-geometrypack] Health check: ping (timeout=5.0s)...
[2026-05-10 22:25:03.258] [error] 

[2026-05-10 22:25:03.260] [error] [comfyui-geometrypack] Health check: ok

[2026-05-10 22:25:03.305] [error] [worker:comfyui-geometrypack] INFO: Boolean dispatch: libigl_cgal -> GeomPackBoolean_LibiglCGAL

[2026-05-10 22:25:03.323] [error] [comfyui-geometrypack] Health check: ping (timeout=5.0s)...

[2026-05-10 22:25:03.325] [error] [comfyui-geometrypack] Health check: ok

[2026-05-10 22:25:03.376] [error] [worker:comfyui-geometrypack] INFO: Boolean dispatch: blender_exact -> GeomPackBoolean_BlenderExact

[2026-05-10 22:25:03.396] [error] [comfyui-geometrypack] Health check: ping (timeout=5.0s)...

[2026-05-10 22:25:03.398] [error] [comfyui-geometrypack] Health check: ok
[2026-05-10 22:25:03.399] [error] 

[2026-05-10 22:25:03.448] [error] [worker:comfyui-geometrypack] INFO: Backend: libigl_cgal

[2026-05-10 22:25:03.463] [error] [worker:comfyui-geometrypack] INFO: Mesh A: 2562 vertices, 5120 faces

[2026-05-10 22:25:03.479] [error] [worker:comfyui-geometrypack] INFO: Mesh B: 8 vertices, 12 faces

[2026-05-10 22:25:03.496] [error] [worker:comfyui-geometrypack] INFO: Operation: difference

[2026-05-10 22:25:04.406] [error] [worker:comfyui-geometrypack] INFO: Success: 2202 vertices, 4380 faces

[2026-05-10 22:25:04.422] [error] [comfyui-geometrypack] Health check: ping (timeout=5.0s)...

[2026-05-10 22:25:04.425] [error] [comfyui-geometrypack] Health check: ok

[2026-05-10 22:25:04.473] [error] [worker:comfyui-geometrypack] INFO: Backend: blender_exact

[2026-05-10 22:25:04.477] [error] [worker:comfyui-geometrypack] INFO: Mesh A: 2562 vertices, 5120 faces

[2026-05-10 22:25:04.480] [error] [worker:comfyui-geometrypack] INFO: Mesh B: 8 vertices, 12 faces

[2026-05-10 22:25:04.484] [error] [worker:comfyui-geometrypack] INFO: Operation: difference

[2026-05-10 22:25:04.877] [error] [worker:comfyui-geometrypack] INFO: Success: 2202 vertices, 4380 faces

[2026-05-10 22:25:04.917] [error] [comfyui-geometrypack] Health check: ping (timeout=5.0s)...
[comfyui-geometrypack] Health check: ok

[2026-05-10 22:25:04.953] [error] [worker:comfyui-geometrypack] INFO: Mode: fields, Meshes: 2

[2026-05-10 22:25:04.957] [error] [worker:comfyui-geometrypack] INFO: Mesh 1: Mesh - 2202 vertices, 4380 faces

[2026-05-10 22:25:04.961] [error] [worker:comfyui-geometrypack] INFO: Exporting mesh to VTP: C:\Users\runneradmin\Documents\ComfyUI\output\preview_multi_1_dba83f84.vtp

[2026-05-10 22:25:04.973] [error] [worker:comfyui-geometrypack] INFO: Adding normals field (2202 vertices)

[2026-05-10 22:25:04.988] [error] [worker:comfyui-geometrypack] INFO: Export complete: 2202 vertices, 4380 faces

[2026-05-10 22:25:04.992] [error] [worker:comfyui-geometrypack] INFO: Exported VTP: C:\Users\runneradmin\Documents\ComfyUI\output\preview_multi_1_dba83f84.vtp

[2026-05-10 22:25:04.998] [error] [worker:comfyui-geometrypack] INFO: Mesh 2: Mesh - 2202 vertices, 4380 faces

[2026-05-10 22:25:05.002] [error] [worker:comfyui-geometrypack] INFO: Exporting mesh to VTP: C:\Users\runneradmin\Documents\ComfyUI\output\preview_multi_2_dba83f84.vtp

[2026-05-10 22:25:05.013] [error] [worker:comfyui-geometrypack] INFO: Adding normals field (2202 vertices)

[2026-05-10 22:25:05.043] [error] [worker:comfyui-geometrypack] INFO: Export complete: 2202 vertices, 4380 faces

[2026-05-10 22:25:05.047] [error] [worker:comfyui-geometrypack] INFO: Exported VTP: C:\Users\runneradmin\Documents\ComfyUI\output\preview_multi_2_dba83f84.vtp

[2026-05-10 22:25:05.054] [error] [worker:comfyui-geometrypack] INFO: Grid: 2x1, Preview ready

[2026-05-10 22:25:05.070] [info]  Prompt executed in 6.49 seconds

