[2026-05-10 03:53:19.488] [info]  setup plugin alembic.autogenerate.schemas
setup plugin alembic.autogenerate.tables

[2026-05-10 03:53:19.490] [info]  setup plugin alembic.autogenerate.types
setup plugin alembic.autogenerate.constraints
setup plugin alembic.autogenerate.defaults
setup plugin alembic.autogenerate.comments

[2026-05-10 03:53:19.940] [info]  Adding extra search path custom_nodes C:\Users\runneradmin\Documents\ComfyUI\custom_nodes
Adding extra search path download_model_base C:\Users\runneradmin\Documents\ComfyUI\models

[2026-05-10 03:53:19.942] [info]  Adding extra search path custom_nodes C:\Users\runneradmin\.comfy-test-cache\desktop\ComfyUI\resources\ComfyUI\custom_nodes
Setting output directory to: C:\Users\runneradmin\Documents\ComfyUI\output
Setting input directory to: C:\Users\runneradmin\Documents\ComfyUI\input
Setting user directory to: C:\Users\runneradmin\Documents\ComfyUI\user

[2026-05-10 03:53:21.439] [info]  [START] Security scan
[DONE] Security scan
** ComfyUI startup time: 
[2026-05-10 03:53:21.441] [info]  2026-05-10 03:53:21.439
** Platform: Windows
** Python version: 3.12.11 (main, Aug 18 2025, 19:17:54) [MSC v.1944 64 bit (AMD64)]
** Python executable: C:\Users\runneradmin\Documents\ComfyUI\.venv\Scripts\python.exe
** ComfyUI Path: C:\Users\runneradmin\.comfy-test-cache\desktop\ComfyUI\resources\ComfyUI
** ComfyUI Base Folder Path: C:\Users\runneradmin\.comfy-test-cache\desktop\ComfyUI\resources\ComfyUI

[2026-05-10 03:53:21.442] [info]  ** User directory:
[2026-05-10 03:53:21.443] [info]   C:\Users\runneradmin\Documents\ComfyUI\user
** ComfyUI-Manager config path: C:\Users\runneradmin\Documents\ComfyUI\user\__manager\config.ini
** Log path: C:\Users\runneradmin\Documents\ComfyUI\user\comfyui.log

[2026-05-10 03:53:22.588] [info]  [ComfyUI-Manager] Skipped fixing the 'comfyui-frontend-package' dependency because the ComfyUI is outdated.

[2026-05-10 03:53:22.590] [info]  [PRE] ComfyUI-Manager

[2026-05-10 03:53:22.939] [error] [comfy-env] comfyui-geometrypack: 1 isolation env(s):
[2026-05-10 03:53:22.941] [error] 
[comfy-env]   nodes -> C:\Users\runneradmin\Documents\ComfyUI\custom_nodes\comfyui-geometrypack\nodes
[comfy-env] prestartup complete
[2026-05-10 03:53:22.942] [error] 

[2026-05-10 03:53:25.725] [info]  Found comfy_kitchen backend eager: {'available': True, 'disabled': False, 'unavailable_reason': None, 'capabilities': ['apply_rope', 'apply_rope1', 'dequantize_mxfp8', 'dequantize_nvfp4', 'dequantize_per_tensor_fp8', 'quantize_mxfp8', 'quantize_nvfp4', 'quantize_per_tensor_fp8', 'scaled_mm_mxfp8', 'scaled_mm_nvfp4']}

[2026-05-10 03:53:25.727] [info]  Found comfy_kitchen backend cuda: {'available': False, 'disabled': True, 'unavailable_reason': 'CUDA not available on this system', 'capabilities': []}
Found comfy_kitchen backend triton: {'available': False, 'disabled': True, 'unavailable_reason': "ImportError: No module named 'triton'", 'capabilities': []}

[2026-05-10 03:53:25.733] [info]  Checkpoint files will always be loaded safely.

[2026-05-10 03:53:25.749] [info]  Total VRAM 16379 MB, total RAM 16379 MB

[2026-05-10 03:53:25.751] [info]  pytorch version: 2.10.0+cpu
Set vram state to: DISABLED
Device: cpu

[2026-05-10 03:53:26.039] [info]  Using sub quadratic optimization for attention, if you have memory or speed issues try using: --use-split-cross-attention

[2026-05-10 03:53:28.764] [info]  Python version: 3.12.11 (main, Aug 18 2025, 19:17:54) [MSC v.1944 64 bit (AMD64)]

[2026-05-10 03:53:28.765] [info]  ComfyUI version: 0.20.1
comfy-aimdo version: 0.2.14

[2026-05-10 03:53:28.768] [info]  comfy-kitchen version: 0.2.8

[2026-05-10 03:53:28.770] [info]  [Prompt Server] web root: C:\Users\runneradmin\.comfy-test-cache\desktop\ComfyUI\resources\ComfyUI\web_custom_versions\desktop_app

[2026-05-10 03:53:28.773] [info]  Asset seeder disabled

[2026-05-10 03:53:28.774] [info]  [START] ComfyUI-Manager

[2026-05-10 03:53:28.902] [info]  [ComfyUI-Manager] Using GitPython backend

[2026-05-10 03:53:28.970] [info]  [ComfyUI-Manager] network_mode: public

[2026-05-10 03:53:28.973] [info]  [ComfyUI-Manager] The matrix sharing feature has been disabled because the `matrix-nio` dependency is not installed.
	To use this feature, please run the following command:
	C:\Users\runneradmin\Documents\ComfyUI\.venv\Scripts\python.exe -m pip install matrix-nio


[2026-05-10 03:53:30.694] [info]  loading...

[2026-05-10 03:53:30.696] [info]  calling register_nodes

[2026-05-10 03:53:30.699] [error] [comfy-env] Version: 0.3.78
[2026-05-10 03:53:30.700] [error] 

[2026-05-10 03:53:33.474] [error] [comfy-env] register_nodes: comfyui-geometrypack
[2026-05-10 03:53:33.475] [error] 

[2026-05-10 03:53:33.492] [error] [comfy-env] ComfyUI source dir: C:\Users\runneradmin\.comfy-test-cache\desktop\ComfyUI\resources\ComfyUI
[2026-05-10 03:53:33.493] [error] 

[2026-05-10 03:53:33.496] [error] [comfy-env] Scanning nodes metadata (isolation root)...
[2026-05-10 03:53:33.497] [error] 

[2026-05-10 03:53:33.538] [error] [comfy-env] Cache hit for nodes: 125 nodes
[2026-05-10 03:53:33.539] [error] 
[comfy-env] Scanned nodes root: 125 nodes (0.0s)

[2026-05-10 03:53:33.543] [error] [comfy-env] Imported nodes root: 125 nodes (isolation)
[2026-05-10 03:53:33.544] [error] 

[2026-05-10 03:53:33.545] [error] [comfy-env] Registered 125 total nodes

[2026-05-10 03:53:33.552] [info]  
Import times for custom nodes:

[2026-05-10 03:53:33.553] [info]     0.0 seconds: C:\Users\runneradmin\.comfy-test-cache\desktop\ComfyUI\resources\ComfyUI\custom_nodes\websocket_image_save.py
   2.9 seconds: C:\Users\runneradmin\Documents\ComfyUI\custom_nodes\comfyui-geometrypack


[2026-05-10 03:53:33.557] [info]  Context impl SQLiteImpl.

[2026-05-10 03:53:33.558] [info]  Will assume non-transactional DDL.

[2026-05-10 03:53:33.566] [error] Failed to initialize database. Please ensure you have installed the latest requirements. If the error persists, please report this as in future the database will be required: Could not acquire lock on database 'C:/Users/runneradmin/Documents/ComfyUI/user/comfyui.db'. Another ComfyUI process may already be using it. Use --database-url to specify a separate database file.

[2026-05-10 03:53:33.659] [info]  Starting server


[2026-05-10 03:53:33.661] [info]  To see the GUI go to: http://127.0.0.1:8001

[2026-05-10 03:53:36.040] [info]  [ComfyUI-Manager] The ComfyRegistry cache update is still in progress, so an outdated cache is being used.

[2026-05-10 03:53:36.195] [info]  FETCH DATA from: C:\Users\runneradmin\Documents\ComfyUI\.venv\Lib\site-packages\comfyui_manager\custom-node-list.json
[2026-05-10 03:53:36.219] [info]   [DONE]

[2026-05-10 03:53:38.495] [error] Exception in callback _ProactorBasePipeTransport._call_connection_lost(None)
handle: <Handle _ProactorBasePipeTransport._call_connection_lost(None)>
Traceback (most recent call last):
  File "C:\Users\runneradmin\AppData\Roaming\uv\python\cpython-3.12.11-windows-x86_64-none\Lib\asyncio\events.py", line 88, in _run
    self._context.run(self._callback, *self._args)
  File "C:\Users\runneradmin\AppData\Roaming\uv\python\cpython-3.12.11-windows-x86_64-none\Lib\asyncio\proactor_events.py", line 165, in _call_connection_lost
    self._sock.shutdown(socket.SHUT_RDWR)
ConnectionResetError: [WinError 10054] An existing connection was forcibly closed by the remote host

[2026-05-10 03:53:39.790] [info]  [ComfyUI-Manager] The ComfyRegistry cache update is still in progress, so an outdated cache is being used.

[2026-05-10 03:53:39.949] [info]  FETCH DATA from: C:\Users\runneradmin\Documents\ComfyUI\.venv\Lib\site-packages\comfyui_manager\custom-node-list.json
[2026-05-10 03:53:39.982] [info]   [DONE]

