[2026-05-10 03:14:31.353] [info]  setup plugin alembic.autogenerate.schemas

[2026-05-10 03:14:31.356] [info]  setup plugin alembic.autogenerate.tables
setup plugin alembic.autogenerate.types
setup plugin alembic.autogenerate.constraints
setup plugin alembic.autogenerate.defaults
setup plugin alembic.autogenerate.comments

[2026-05-10 03:14:31.831] [info]  Adding extra search path custom_nodes C:\Users\runneradmin\Documents\ComfyUI\custom_nodes
Adding extra search path download_model_base C:\Users\runneradmin\Documents\ComfyUI\models
Adding extra search path custom_nodes C:\Users\runneradmin\.comfy-test-cache\desktop\ComfyUI\resources\ComfyUI\custom_nodes

[2026-05-10 03:14:31.833] [info]  Setting output directory to: C:\Users\runneradmin\Documents\ComfyUI\output
Setting input directory to: C:\Users\runneradmin\Documents\ComfyUI\input
Setting user directory to: C:\Users\runneradmin\Documents\ComfyUI\user

[2026-05-10 03:14:33.357] [info]  [START] Security scan
[DONE] Security scan
** ComfyUI startup time: 2026-05-10 03:14:33.355
[2026-05-10 03:14:33.358] [info]  
** Platform: Windows
** Python version: 3.12.11 (main, Aug 18 2025, 19:17:54) [MSC v.1944 64 bit (AMD64)]
** Python executable: C:\Users\runneradmin\Documents\ComfyUI\.venv\Scripts\python.exe
** ComfyUI Path: C:\Users\runneradmin\.comfy-test-cache\desktop\ComfyUI\resources\ComfyUI
** ComfyUI Base Folder Path: C:\Users\runneradmin\.comfy-test-cache\desktop\ComfyUI\resources\ComfyUI

[2026-05-10 03:14:33.361] [info]  ** User directory: 
[2026-05-10 03:14:33.362] [info]  C:\Users\runneradmin\Documents\ComfyUI\user
** ComfyUI-Manager config path: C:\Users\runneradmin\Documents\ComfyUI\user\__manager\config.ini
** Log path: C:\Users\runneradmin\Documents\ComfyUI\user\comfyui.log

[2026-05-10 03:14:34.525] [info]  [ComfyUI-Manager] Skipped fixing the 'comfyui-frontend-package' dependency because the ComfyUI is outdated.

[2026-05-10 03:14:34.526] [info]  [PRE] ComfyUI-Manager

[2026-05-10 03:14:34.899] [error] [comfy-env] comfyui-geometrypack: 1 isolation env(s):
[2026-05-10 03:14:34.901] [error] 
[comfy-env]   nodes -> C:\Users\runneradmin\Documents\ComfyUI\custom_nodes\comfyui-geometrypack\nodes
[comfy-env] prestartup complete
[2026-05-10 03:14:34.902] [error] 

[2026-05-10 03:14:37.759] [info]  Found comfy_kitchen backend cuda: {'available': False, 'disabled': True, 'unavailable_reason': 'CUDA not available on this system', 'capabilities': []}

[2026-05-10 03:14:37.761] [info]  Found comfy_kitchen backend eager: {'available': True, 'disabled': False, 'unavailable_reason': None, 'capabilities': ['apply_rope', 'apply_rope1', 'dequantize_mxfp8', 'dequantize_nvfp4', 'dequantize_per_tensor_fp8', 'quantize_mxfp8', 'quantize_nvfp4', 'quantize_per_tensor_fp8', 'scaled_mm_mxfp8', 'scaled_mm_nvfp4']}
Found comfy_kitchen backend triton: {'available': False, 'disabled': True, 'unavailable_reason': "ImportError: No module named 'triton'", 'capabilities': []}

[2026-05-10 03:14:37.767] [info]  Checkpoint files will always be loaded safely.

[2026-05-10 03:14:37.783] [info]  Total VRAM 16379 MB, total RAM 16379 MB
pytorch version: 2.10.0+cpu

[2026-05-10 03:14:37.785] [info]  Set vram state to: DISABLED
Device: cpu

[2026-05-10 03:14:38.096] [info]  Using sub quadratic optimization for attention, if you have memory or speed issues try using: --use-split-cross-attention

[2026-05-10 03:14:40.846] [info]  Python version: 3.12.11 (main, Aug 18 2025, 19:17:54) [MSC v.1944 64 bit (AMD64)]

[2026-05-10 03:14:40.848] [info]  ComfyUI version: 0.20.1
comfy-aimdo version: 0.2.14

[2026-05-10 03:14:40.851] [info]  comfy-kitchen version: 0.2.8

[2026-05-10 03:14:40.853] [info]  [Prompt Server] web root: C:\Users\runneradmin\.comfy-test-cache\desktop\ComfyUI\resources\ComfyUI\web_custom_versions\desktop_app

[2026-05-10 03:14:40.855] [info]  Asset seeder disabled

[2026-05-10 03:14:40.856] [info]  [START] ComfyUI-Manager

[2026-05-10 03:14:40.981] [info]  [ComfyUI-Manager] Using GitPython backend

[2026-05-10 03:14:41.052] [info]  [ComfyUI-Manager] network_mode: public

[2026-05-10 03:14:41.056] [info]  [ComfyUI-Manager] The matrix sharing feature has been disabled because the `matrix-nio` dependency is not installed.
	To use this feature, please run the following command:
	C:\Users\runneradmin\Documents\ComfyUI\.venv\Scripts\python.exe -m pip install matrix-nio


[2026-05-10 03:14:42.788] [info]  loading...

[2026-05-10 03:14:42.790] [info]  calling register_nodes

[2026-05-10 03:14:42.793] [error] [comfy-env] Version: 0.3.78
[2026-05-10 03:14:42.794] [error] 

[2026-05-10 03:14:45.649] [error] [comfy-env] register_nodes: comfyui-geometrypack
[2026-05-10 03:14:45.651] [error] 

[2026-05-10 03:14:45.670] [error] [comfy-env] ComfyUI source dir: C:\Users\runneradmin\.comfy-test-cache\desktop\ComfyUI\resources\ComfyUI
[2026-05-10 03:14:45.671] [error] 

[2026-05-10 03:14:45.674] [error] [comfy-env] Scanning nodes metadata (isolation root)...
[2026-05-10 03:14:45.676] [error] 

[2026-05-10 03:14:45.720] [error] [comfy-env] Cache hit for nodes: 125 nodes
[2026-05-10 03:14:45.722] [error] 
[comfy-env] Scanned nodes root: 125 nodes (0.0s)
[2026-05-10 03:14:45.723] [error] 

[2026-05-10 03:14:45.728] [error] [comfy-env] Imported nodes root: 125 nodes (isolation)
[2026-05-10 03:14:45.730] [error] 
[comfy-env] Registered 125 total nodes
[2026-05-10 03:14:45.731] [error] 

[2026-05-10 03:14:45.734] [info]  
Import times for custom nodes:

[2026-05-10 03:14:45.736] [info]     0.0 seconds: C:\Users\runneradmin\.comfy-test-cache\desktop\ComfyUI\resources\ComfyUI\custom_nodes\websocket_image_save.py
   2.9 seconds: C:\Users\runneradmin\Documents\ComfyUI\custom_nodes\comfyui-geometrypack


[2026-05-10 03:14:45.740] [info]  Context impl SQLiteImpl.

[2026-05-10 03:14:45.742] [info]  Will assume non-transactional DDL.

[2026-05-10 03:14:45.748] [error] Failed to initialize database. Please ensure you have installed the latest requirements. If the error persists, please report this as in future the database will be required: Could not acquire lock on database 'C:/Users/runneradmin/Documents/ComfyUI/user/comfyui.db'. Another ComfyUI process may already be using it. Use --database-url to specify a separate database file.

[2026-05-10 03:14:45.845] [info]  Starting server


[2026-05-10 03:14:45.847] [info]  To see the GUI go to: http://127.0.0.1:8001

[2026-05-10 03:14:48.875] [info]  [ComfyUI-Manager] The ComfyRegistry cache update is still in progress, so an outdated cache is being used.

[2026-05-10 03:14:49.031] [info]  FETCH DATA from: C:\Users\runneradmin\Documents\ComfyUI\.venv\Lib\site-packages\comfyui_manager\custom-node-list.json
[2026-05-10 03:14:49.318] [info]   [DONE]

[2026-05-10 03:14:52.355] [error] Exception in callback _ProactorBasePipeTransport._call_connection_lost(None)
handle: <Handle _ProactorBasePipeTransport._call_connection_lost(None)>
Traceback (most recent call last):
  File "C:\Users\runneradmin\AppData\Roaming\uv\python\cpython-3.12.11-windows-x86_64-none\Lib\asyncio\events.py", line 88, in _run
    self._context.run(self._callback, *self._args)
  File "C:\Users\runneradmin\AppData\Roaming\uv\python\cpython-3.12.11-windows-x86_64-none\Lib\asyncio\proactor_events.py", line 165, in _call_connection_lost
    self._sock.shutdown(socket.SHUT_RDWR)
ConnectionResetError: [WinError 10054] An existing connection was forcibly closed by the remote host

[2026-05-10 03:15:04.476] [info]  [ComfyUI-Manager] The ComfyRegistry cache update is still in progress, so an outdated cache is being used.

[2026-05-10 03:15:04.638] [info]  FETCH DATA from: C:\Users\runneradmin\Documents\ComfyUI\.venv\Lib\site-packages\comfyui_manager\custom-node-list.json
[2026-05-10 03:15:04.660] [info]   [DONE]
[2026-05-10 03:15:04.661] [info]  

[2026-05-10 03:15:26.114] [info]  got prompt

[2026-05-10 03:15:26.136] [info]  [comfyui-geometrypack] python: C:\Users\runneradmin\Documents\ComfyUI\.ce\.pixi\envs\geometrypack-nodes\python.exe
[2026-05-10 03:15:26.138] [info]  
[comfyui-geometrypack] sys_path sent to worker: ['C:\\Users\\runneradmin\\.comfy-test-cache\\desktop\\ComfyUI\\resources\\ComfyUI', 'C:\\Users\\runneradmin\\Documents\\ComfyUI\\custom_nodes\\comfyui-geometrypack', 'C:\\Users\\runneradmin\\Documents\\ComfyUI\\.ce\\.pixi\\envs\\geometrypack-nodes\\Lib\\site-packages', 'C:\\Users\\runneradmin\\Documents\\ComfyUI\\custom_nodes\\comfyui-geometrypack']

[2026-05-10 03:15:31.677] [error] [worker:comfyui-geometrypack] INFO: Found folder in input: 3d
[worker:comfyui-geometrypack] INFO: Found 12 mesh files

[2026-05-10 03:15:31.680] [error] [worker:comfyui-geometrypack] INFO: Loading up to 4 meshes

[2026-05-10 03:15:31.685] [error] [worker:comfyui-geometrypack] INFO: Loading: C:\Users\runneradmin\Documents\ComfyUI\input\3d\ArmoredWarrior_00005_.glb

[2026-05-10 03:15:31.710] [error] [worker:comfyui-geometrypack] INFO: Converting Scene to single mesh (scene has 1 geometries)

[2026-05-10 03:15:31.917] [error] [worker:comfyui-geometrypack] INFO: Initial mesh: 18061 vertices, 19827 faces

[2026-05-10 03:15:31.937] [error] [worker:comfyui-geometrypack] INFO: Successfully loaded: 18061 vertices, 19827 faces

[2026-05-10 03:15:31.945] [error] [worker:comfyui-geometrypack] INFO: [1/4] Loaded ArmoredWarrior_00005_.glb: 18061 vertices, 19827 faces

[2026-05-10 03:15:31.949] [error] [worker:comfyui-geometrypack] INFO: Loading: C:\Users\runneradmin\Documents\ComfyUI\input\3d\Stanford_Bunny.stl

[2026-05-10 03:15:32.157] [error] [worker:comfyui-geometrypack] INFO: Initial mesh: 56203 vertices, 112402 faces

[2026-05-10 03:15:32.271] [error] [worker:comfyui-geometrypack] INFO: Successfully loaded: 56203 vertices, 112402 faces
[worker:comfyui-geometrypack] INFO: [2/4] Loaded Stanford_Bunny.stl: 56203 vertices, 112402 faces
[worker:comfyui-geometrypack] INFO: Loading: C:\Users\runneradmin\Documents\ComfyUI\input\3d\camel_b.obj

[2026-05-10 03:15:32.297] [error] [worker:comfyui-geometrypack] INFO: Initial mesh: 2032 vertices, 3576 faces

[2026-05-10 03:15:32.304] [error] [worker:comfyui-geometrypack] INFO: Successfully loaded: 2032 vertices, 3576 faces

[2026-05-10 03:15:32.309] [error] [worker:comfyui-geometrypack] INFO: [3/4] Loaded camel_b.obj: 2032 vertices, 3576 faces

[2026-05-10 03:15:32.314] [error] [worker:comfyui-geometrypack] INFO: Loading: C:\Users\runneradmin\Documents\ComfyUI\input\3d\camelhead.off

[2026-05-10 03:15:32.520] [error] [worker:comfyui-geometrypack] INFO: Initial mesh: 11381 vertices, 22704 faces

[2026-05-10 03:15:32.550] [error] [worker:comfyui-geometrypack] INFO: Successfully loaded: 11381 vertices, 22704 faces

[2026-05-10 03:15:32.556] [error] [worker:comfyui-geometrypack] INFO: [4/4] Loaded camelhead.off: 11381 vertices, 22704 faces

[2026-05-10 03:15:32.560] [error] [worker:comfyui-geometrypack] INFO: Successfully loaded 4 meshes

[2026-05-10 03:15:33.084] [error] [comfyui-geometrypack] Health check: ping (timeout=5.0s)...
[2026-05-10 03:15:33.086] [error] 
[comfyui-geometrypack] Health check: ok

[2026-05-10 03:15:33.648] [error] [comfyui-geometrypack] Health check: ping (timeout=5.0s)...
[2026-05-10 03:15:33.650] [error] 
[comfyui-geometrypack] Health check: ok

[2026-05-10 03:15:33.849] [error] [worker:comfyui-geometrypack] INFO: Remesh dispatch: pymeshlab_isotropic -> GeomPackRemesh_PyMeshLab

[2026-05-10 03:15:33.958] [error] [comfyui-geometrypack] Health check: ping (timeout=5.0s)...

[2026-05-10 03:15:33.960] [error] [comfyui-geometrypack] Health check: ok

[2026-05-10 03:15:34.044] [error] [worker:comfyui-geometrypack] INFO: Remesh dispatch: pymeshlab_isotropic -> GeomPackRemesh_PyMeshLab

[2026-05-10 03:15:34.058] [error] [comfyui-geometrypack] Health check: ping (timeout=5.0s)...

[2026-05-10 03:15:34.061] [error] [comfyui-geometrypack] Health check: ok

[2026-05-10 03:15:34.112] [error] [worker:comfyui-geometrypack] INFO: Remesh dispatch: pymeshlab_isotropic -> GeomPackRemesh_PyMeshLab

[2026-05-10 03:15:34.135] [error] [comfyui-geometrypack] Health check: ping (timeout=5.0s)...

[2026-05-10 03:15:34.137] [error] [comfyui-geometrypack] Health check: ok

[2026-05-10 03:15:34.190] [error] [worker:comfyui-geometrypack] INFO: Remesh dispatch: pymeshlab_isotropic -> GeomPackRemesh_PyMeshLab

[2026-05-10 03:15:34.221] [error] [comfyui-geometrypack] Health check: ping (timeout=5.0s)...

[2026-05-10 03:15:34.223] [error] [comfyui-geometrypack] Health check: ok

[2026-05-10 03:15:34.376] [error] [worker:comfyui-geometrypack] INFO: Backend: pymeshlab_isotropic

[2026-05-10 03:15:34.381] [error] [worker:comfyui-geometrypack] INFO: Input: 18061 vertices, 19827 faces

[2026-05-10 03:15:34.387] [error] [worker:comfyui-geometrypack] INFO: Parameters: target_edge_length=1.0, iterations=3, feature_angle=30.0, adaptive=false

[2026-05-10 03:15:36.081] [error] [worker:comfyui-geometrypack] INFO: Output: 5251 vertices, 11070 faces

[2026-05-10 03:15:36.118] [error] [comfyui-geometrypack] Health check: ping (timeout=5.0s)...
[2026-05-10 03:15:36.120] [error] 

[2026-05-10 03:15:36.121] [error] [comfyui-geometrypack] Health check: ok

[2026-05-10 03:15:36.190] [error] [worker:comfyui-geometrypack] INFO: Backend: pymeshlab_isotropic

[2026-05-10 03:15:36.195] [error] [worker:comfyui-geometrypack] INFO: Input: 56203 vertices, 112402 faces

[2026-05-10 03:15:36.202] [error] [worker:comfyui-geometrypack] INFO: Parameters: target_edge_length=1.0, iterations=3, feature_angle=30.0, adaptive=false

[2026-05-10 03:15:43.451] [error] [worker:comfyui-geometrypack] INFO: Output: 32264 vertices, 64524 faces

[2026-05-10 03:15:43.486] [error] [comfyui-geometrypack] Health check: ping (timeout=5.0s)...
[2026-05-10 03:15:43.487] [error] 

[2026-05-10 03:15:43.492] [error] [comfyui-geometrypack] Health check: ok

[2026-05-10 03:15:43.555] [error] [worker:comfyui-geometrypack] INFO: Backend: pymeshlab_isotropic

[2026-05-10 03:15:43.562] [error] [worker:comfyui-geometrypack] INFO: Input: 2032 vertices, 3576 faces

[2026-05-10 03:15:43.567] [error] [worker:comfyui-geometrypack] INFO: Parameters: target_edge_length=1.0, iterations=3, feature_angle=30.0, adaptive=false

[2026-05-10 03:15:44.242] [error] [worker:comfyui-geometrypack] INFO: Output: 9670 vertices, 19338 faces

[2026-05-10 03:15:44.265] [error] [comfyui-geometrypack] Health check: ping (timeout=5.0s)...
[2026-05-10 03:15:44.266] [error] 

[2026-05-10 03:15:44.271] [error] [comfyui-geometrypack] Health check: ok

[2026-05-10 03:15:44.334] [error] [worker:comfyui-geometrypack] INFO: Backend: pymeshlab_isotropic
[2026-05-10 03:15:44.336] [error] 

[2026-05-10 03:15:44.340] [error] [worker:comfyui-geometrypack] INFO: Input: 11381 vertices, 22704 faces

[2026-05-10 03:15:44.346] [error] [worker:comfyui-geometrypack] INFO: Parameters: target_edge_length=1.0, iterations=3, feature_angle=30.0, adaptive=false

[2026-05-10 03:15:45.496] [error] [worker:comfyui-geometrypack] INFO: Output: 206 vertices, 394 faces

[2026-05-10 03:15:45.522] [error] [comfyui-geometrypack] Health check: ping (timeout=5.0s)...
[2026-05-10 03:15:45.523] [error] 

[2026-05-10 03:15:45.533] [error] [comfyui-geometrypack] Health check: ok

[2026-05-10 03:15:45.616] [error] [worker:comfyui-geometrypack] INFO: Batch size: 4, showing index: 1/4

[2026-05-10 03:15:45.620] [error] [worker:comfyui-geometrypack] INFO: Preparing preview: Mesh - 5251 vertices, 11070 faces

[2026-05-10 03:15:45.624] [error] [worker:comfyui-geometrypack] INFO: Mode: fields

[2026-05-10 03:15:45.628] [error] [worker:comfyui-geometrypack] INFO: Visual data - has_visual: True, kind: None, texture: False, vertex_colors: False

[2026-05-10 03:15:45.638] [error] [worker:comfyui-geometrypack] INFO: Using fields mode - VTP/STL export
[2026-05-10 03:15:45.640] [error] 

[2026-05-10 03:15:45.650] [error] [worker:comfyui-geometrypack] INFO: Exported STL to: C:\Users\runneradmin\Documents\ComfyUI\output\preview_vtk_batch_b5caf6cb.stl

[2026-05-10 03:15:45.667] [error] [worker:comfyui-geometrypack] INFO: Fields mode info: watertight=False, volume=None, area=4.318366133448304, no fields

[2026-05-10 03:15:45.692] [info]  Prompt executed in 19.57 seconds

