[2026-05-09 16:40:58.526] [info]  setup plugin alembic.autogenerate.schemas
setup plugin alembic.autogenerate.tables

[2026-05-09 16:40:58.529] [info]  setup plugin alembic.autogenerate.types
setup plugin alembic.autogenerate.constraints
setup plugin alembic.autogenerate.defaults
setup plugin alembic.autogenerate.comments

[2026-05-09 16:40:59.014] [info]  Adding extra search path custom_nodes C:\Users\runneradmin\Documents\ComfyUI\custom_nodes
Adding extra search path download_model_base C:\Users\runneradmin\Documents\ComfyUI\models

[2026-05-09 16:40:59.016] [info]  Adding extra search path custom_nodes C:\Users\runneradmin\AppData\Local\Programs\ComfyUI\resources\ComfyUI\custom_nodes
Setting output directory to: C:\Users\runneradmin\Documents\ComfyUI\output
Setting input directory to: C:\Users\runneradmin\Documents\ComfyUI\input
Setting user directory to: C:\Users\runneradmin\Documents\ComfyUI\user

[2026-05-09 16:41:00.604] [info]  [START] Security scan
[DONE] Security scan
** ComfyUI startup time: 2026-05-09 16:41:00.605
[2026-05-09 16:41:00.606] [info]  
** Platform: Windows
** Python version: 3.12.11 (main, Aug 18 2025, 19:17:54) [MSC v.1944 64 bit (AMD64)]
** Python executable: C:\Users\runneradmin\Documents\ComfyUI\.venv\Scripts\python.exe
** ComfyUI Path: C:\Users\runneradmin\AppData\Local\Programs\ComfyUI\resources\ComfyUI
** ComfyUI Base Folder Path: C:\Users\runneradmin\AppData\Local\Programs\ComfyUI\resources\ComfyUI

[2026-05-09 16:41:00.608] [info]  ** User directory: C:\Users\runneradmin\Documents\ComfyUI\user
** ComfyUI-Manager config path: C:\Users\runneradmin\Documents\ComfyUI\user\__manager\config.ini
** Log path: C:\Users\runneradmin\Documents\ComfyUI\user\comfyui.log

[2026-05-09 16:41:01.813] [info]  [ComfyUI-Manager] Skipped fixing the 'comfyui-frontend-package' dependency because the ComfyUI is outdated.

[2026-05-09 16:41:01.814] [info]  [PRE] ComfyUI-Manager

[2026-05-09 16:41:02.208] [error] [comfy-env] comfyui-geometrypack: 1 isolation env(s):
[2026-05-09 16:41:02.209] [error] 
[comfy-env]   nodes -> C:\Users\runneradmin\Documents\ComfyUI\custom_nodes\comfyui-geometrypack\nodes
[comfy-env] prestartup complete

[2026-05-09 16:41:05.329] [info]  Found comfy_kitchen backend triton: {'available': False, 'disabled': True, 'unavailable_reason': "ImportError: No module named 'triton'", 'capabilities': []}

[2026-05-09 16:41:05.331] [info]  Found comfy_kitchen backend cuda: {'available': False, 'disabled': True, 'unavailable_reason': 'CUDA not available on this system', 'capabilities': []}
Found comfy_kitchen backend eager: {'available': True, 'disabled': False, 'unavailable_reason': None, 'capabilities': ['apply_rope', 'apply_rope1', 'dequantize_mxfp8', 'dequantize_nvfp4', 'dequantize_per_tensor_fp8', 'quantize_mxfp8', 'quantize_nvfp4', 'quantize_per_tensor_fp8', 'scaled_mm_mxfp8', 'scaled_mm_nvfp4']}

[2026-05-09 16:41:05.337] [info]  Checkpoint files will always be loaded safely.

[2026-05-09 16:41:05.357] [info]  Total VRAM 16379 MB, total RAM 16379 MB

[2026-05-09 16:41:05.359] [info]  pytorch version: 2.10.0+cpu
Set vram state to: DISABLED
Device: cpu

[2026-05-09 16:41:05.689] [info]  Using sub quadratic optimization for attention, if you have memory or speed issues try using: --use-split-cross-attention

[2026-05-09 16:41:08.652] [info]  Python version: 3.12.11 (main, Aug 18 2025, 19:17:54) [MSC v.1944 64 bit (AMD64)]

[2026-05-09 16:41:08.654] [info]  ComfyUI version: 0.20.1
comfy-aimdo version: 0.2.14

[2026-05-09 16:41:08.656] [info]  comfy-kitchen version: 0.2.8

[2026-05-09 16:41:08.658] [info]  [Prompt Server] web root: C:\Users\runneradmin\AppData\Local\Programs\ComfyUI\resources\ComfyUI\web_custom_versions\desktop_app

[2026-05-09 16:41:08.660] [info]  Asset seeder disabled

[2026-05-09 16:41:08.661] [info]  [START] ComfyUI-Manager

[2026-05-09 16:41:08.796] [info]  [ComfyUI-Manager] Using GitPython backend

[2026-05-09 16:41:08.869] [info]  [ComfyUI-Manager] network_mode: public

[2026-05-09 16:41:08.874] [info]  [ComfyUI-Manager] The matrix sharing feature has been disabled because the `matrix-nio` dependency is not installed.
	To use this feature, please run the following command:
	C:\Users\runneradmin\Documents\ComfyUI\.venv\Scripts\python.exe -m pip install matrix-nio


[2026-05-09 16:41:10.702] [info]  loading...

[2026-05-09 16:41:10.704] [info]  calling register_nodes

[2026-05-09 16:41:10.707] [error] [comfy-env] Version: 0.3.78
[2026-05-09 16:41:10.708] [error] 

[2026-05-09 16:41:14.183] [info]  [comfy-env] Removed stale temp dir: C:\Users\RUNNER~1\AppData\Local\Temp\comfyui_pvenv_npg6muct

[2026-05-09 16:41:14.523] [error] [comfy-env] register_nodes: comfyui-geometrypack
[2026-05-09 16:41:14.525] [error] 

[2026-05-09 16:41:14.541] [error] [comfy-env] ComfyUI source dir: C:\Users\runneradmin\AppData\Local\Programs\ComfyUI\resources\ComfyUI
[2026-05-09 16:41:14.542] [error] 

[2026-05-09 16:41:14.546] [error] [comfy-env] Scanning nodes metadata (isolation root)...
[2026-05-09 16:41:14.550] [error] 

[2026-05-09 16:41:14.596] [error] [comfy-env] Cache hit for nodes: 125 nodes
[2026-05-09 16:41:14.598] [error] 
[comfy-env] Scanned nodes root: 125 nodes (0.0s)

[2026-05-09 16:41:14.603] [error] [comfy-env] Imported nodes root: 125 nodes (isolation)
[2026-05-09 16:41:14.604] [error] 
[comfy-env] Registered 125 total nodes

[2026-05-09 16:41:14.609] [info]  
Import times for custom nodes:

[2026-05-09 16:41:14.611] [info]     0.0 seconds: C:\Users\runneradmin\AppData\Local\Programs\ComfyUI\resources\ComfyUI\custom_nodes\websocket_image_save.py
   3.9 seconds: C:\Users\runneradmin\Documents\ComfyUI\custom_nodes\comfyui-geometrypack


[2026-05-09 16:41:14.616] [info]  Context impl SQLiteImpl.

[2026-05-09 16:41:14.618] [info]  Will assume non-transactional DDL.

[2026-05-09 16:41:14.626] [error] Failed to initialize database. Please ensure you have installed the latest requirements. If the error persists, please report this as in future the database will be required: Could not acquire lock on database 'C:/Users/runneradmin/Documents/ComfyUI/user/comfyui.db'. Another ComfyUI process may already be using it. Use --database-url to specify a separate database file.

[2026-05-09 16:41:14.733] [info]  Starting server


[2026-05-09 16:41:14.734] [info]  To see the GUI go to: http://127.0.0.1:8001

[2026-05-09 16:41:17.124] [info]  [ComfyUI-Manager] The ComfyRegistry cache update is still in progress, so an outdated cache is being used.

[2026-05-09 16:41:17.284] [info]  FETCH DATA from: C:\Users\runneradmin\Documents\ComfyUI\.venv\Lib\site-packages\comfyui_manager\custom-node-list.json
[2026-05-09 16:41:17.316] [info]   [DONE]

[2026-05-09 16:41:19.786] [info]  [ComfyUI-Manager] The ComfyRegistry cache update is still in progress, so an outdated cache is being used.

[2026-05-09 16:41:20.001] [info]  FETCH DATA from: C:\Users\runneradmin\Documents\ComfyUI\.venv\Lib\site-packages\comfyui_manager\custom-node-list.json
[2026-05-09 16:41:20.050] [info]   [DONE]

[2026-05-09 16:41:39.916] [info]  got prompt

[2026-05-09 16:41:39.938] [info]  [comfyui-geometrypack] python: C:\Users\runneradmin\Documents\ComfyUI\.ce\.pixi\envs\geometrypack-nodes\python.exe
[2026-05-09 16:41:39.940] [info]  
[comfyui-geometrypack] sys_path sent to worker: ['C:\\Users\\runneradmin\\AppData\\Local\\Programs\\ComfyUI\\resources\\ComfyUI', 'C:\\Users\\runneradmin\\Documents\\ComfyUI\\custom_nodes\\comfyui-geometrypack', 'C:\\Users\\runneradmin\\Documents\\ComfyUI\\.ce\\.pixi\\envs\\geometrypack-nodes\\Lib\\site-packages', 'C:\\Users\\runneradmin\\Documents\\ComfyUI\\custom_nodes\\comfyui-geometrypack']

[2026-05-09 16:41:45.429] [error] [worker:comfyui-geometrypack] INFO: Created cube: 8 vertices, 12 faces

[2026-05-09 16:41:45.830] [error] [comfyui-geometrypack] Health check: ping (timeout=5.0s)...
[2026-05-09 16:41:45.832] [error] 
[comfyui-geometrypack] Health check: ok

[2026-05-09 16:41:45.877] [error] [worker:comfyui-geometrypack] INFO: Analyzing mesh: 8 vertices, 12 faces
[2026-05-09 16:41:45.879] [error] 

[2026-05-09 16:41:45.886] [error] [worker:comfyui-geometrypack] INFO: Analysis complete

[2026-05-09 16:41:46.269] [error] [comfyui-geometrypack] Health check: ping (timeout=5.0s)...

[2026-05-09 16:41:46.270] [error] [comfyui-geometrypack] Health check: ok

[2026-05-09 16:41:46.362] [info]  Prompt executed in 6.44 seconds

