[2026-05-10 03:32:51.237] [info]  setup plugin alembic.autogenerate.schemas

[2026-05-10 03:32:51.239] [info]  setup plugin alembic.autogenerate.tables
setup plugin alembic.autogenerate.types
setup plugin alembic.autogenerate.constraints
setup plugin alembic.autogenerate.defaults
setup plugin alembic.autogenerate.comments

[2026-05-10 03:32:51.672] [info]  Adding extra search path custom_nodes C:\Users\runneradmin\Documents\ComfyUI\custom_nodes
Adding extra search path download_model_base C:\Users\runneradmin\Documents\ComfyUI\models

[2026-05-10 03:32:51.674] [info]  Adding extra search path custom_nodes C:\Users\runneradmin\.comfy-test-cache\desktop\ComfyUI\resources\ComfyUI\custom_nodes
Setting output directory to: C:\Users\runneradmin\Documents\ComfyUI\output
Setting input directory to: C:\Users\runneradmin\Documents\ComfyUI\input
Setting user directory to: C:\Users\runneradmin\Documents\ComfyUI\user

[2026-05-10 03:32:53.180] [info]  [START] Security scan
[DONE] Security scan
** ComfyUI startup time: 
[2026-05-10 03:32:53.181] [info]  2026-05-10 03:32:53.180
** Platform: Windows
** Python version: 3.12.11 (main, Aug 18 2025, 19:17:54) [MSC v.1944 64 bit (AMD64)]
** Python executable: C:\Users\runneradmin\Documents\ComfyUI\.venv\Scripts\python.exe
** ComfyUI Path: C:\Users\runneradmin\.comfy-test-cache\desktop\ComfyUI\resources\ComfyUI
** ComfyUI Base Folder Path: C:\Users\runneradmin\.comfy-test-cache\desktop\ComfyUI\resources\ComfyUI

[2026-05-10 03:32:53.182] [info]  ** User directory: C:\Users\runneradmin\Documents\ComfyUI\user
** ComfyUI-Manager config path: C:\Users\runneradmin\Documents\ComfyUI\user\__manager\config.ini
** Log path: C:\Users\runneradmin\Documents\ComfyUI\user\comfyui.log

[2026-05-10 03:32:54.318] [info]  [ComfyUI-Manager] Skipped fixing the 'comfyui-frontend-package' dependency because the ComfyUI is outdated.

[2026-05-10 03:32:54.320] [info]  [PRE] ComfyUI-Manager

[2026-05-10 03:32:54.683] [error] [comfy-env] comfyui-geometrypack: 1 isolation env(s):
[2026-05-10 03:32:54.685] [error] 
[comfy-env]   nodes -> C:\Users\runneradmin\Documents\ComfyUI\custom_nodes\comfyui-geometrypack\nodes
[comfy-env] prestartup complete

[2026-05-10 03:32:57.508] [info]  Found comfy_kitchen backend cuda: {'available': False, 'disabled': True, 'unavailable_reason': 'CUDA not available on this system', 'capabilities': []}

[2026-05-10 03:32:57.510] [info]  Found comfy_kitchen backend eager: {'available': True, 'disabled': False, 'unavailable_reason': None, 'capabilities': ['apply_rope', 'apply_rope1', 'dequantize_mxfp8', 'dequantize_nvfp4', 'dequantize_per_tensor_fp8', 'quantize_mxfp8', 'quantize_nvfp4', 'quantize_per_tensor_fp8', 'scaled_mm_mxfp8', 'scaled_mm_nvfp4']}
Found comfy_kitchen backend triton: {'available': False, 'disabled': True, 'unavailable_reason': "ImportError: No module named 'triton'", 'capabilities': []}

[2026-05-10 03:32:57.517] [info]  Checkpoint files will always be loaded safely.

[2026-05-10 03:32:57.535] [info]  Total VRAM 16379 MB, total RAM 16379 MB

[2026-05-10 03:32:57.536] [info]  pytorch version: 2.10.0+cpu
Set vram state to: DISABLED
Device: cpu

[2026-05-10 03:32:57.833] [info]  Using sub quadratic optimization for attention, if you have memory or speed issues try using: --use-split-cross-attention

[2026-05-10 03:33:00.549] [info]  Python version: 3.12.11 (main, Aug 18 2025, 19:17:54) [MSC v.1944 64 bit (AMD64)]

[2026-05-10 03:33:00.550] [info]  ComfyUI version: 0.20.1
comfy-aimdo version: 0.2.14

[2026-05-10 03:33:00.552] [info]  comfy-kitchen version: 0.2.8

[2026-05-10 03:33:00.554] [info]  [Prompt Server] web root: C:\Users\runneradmin\.comfy-test-cache\desktop\ComfyUI\resources\ComfyUI\web_custom_versions\desktop_app

[2026-05-10 03:33:00.555] [info]  Asset seeder disabled

[2026-05-10 03:33:00.558] [info]  [START] ComfyUI-Manager

[2026-05-10 03:33:00.699] [info]  [ComfyUI-Manager] Using GitPython backend
[2026-05-10 03:33:00.700] [info]  

[2026-05-10 03:33:00.770] [info]  [ComfyUI-Manager] network_mode: public

[2026-05-10 03:33:00.774] [info]  [ComfyUI-Manager] The matrix sharing feature has been disabled because the `matrix-nio` dependency is not installed.
	To use this feature, please run the following command:
	C:\Users\runneradmin\Documents\ComfyUI\.venv\Scripts\python.exe -m pip install matrix-nio


[2026-05-10 03:33:02.519] [info]  loading...

[2026-05-10 03:33:02.521] [info]  calling register_nodes

[2026-05-10 03:33:02.524] [error] [comfy-env] Version: 0.3.78
[2026-05-10 03:33:02.525] [error] 

[2026-05-10 03:33:05.939] [info]  [comfy-env] Removed stale temp dir: C:\Users\RUNNER~1\AppData\Local\Temp\comfyui_pvenv_nozrglha

[2026-05-10 03:33:06.313] [error] [comfy-env] register_nodes: comfyui-geometrypack
[2026-05-10 03:33:06.314] [error] 

[2026-05-10 03:33:06.329] [error] [comfy-env] ComfyUI source dir: C:\Users\runneradmin\.comfy-test-cache\desktop\ComfyUI\resources\ComfyUI
[2026-05-10 03:33:06.331] [error] 

[2026-05-10 03:33:06.334] [error] [comfy-env] Scanning nodes metadata (isolation root)...
[2026-05-10 03:33:06.336] [error] 

[2026-05-10 03:33:06.376] [error] [comfy-env] Cache hit for nodes: 125 nodes
[2026-05-10 03:33:06.377] [error] 
[comfy-env] Scanned nodes root: 125 nodes (0.0s)

[2026-05-10 03:33:06.382] [error] [comfy-env] Imported nodes root: 125 nodes (isolation)
[2026-05-10 03:33:06.384] [error] 

[2026-05-10 03:33:06.385] [error] [comfy-env] Registered 125 total nodes

[2026-05-10 03:33:06.389] [info]  
Import times for custom nodes:

[2026-05-10 03:33:06.391] [info]     0.0 seconds: C:\Users\runneradmin\.comfy-test-cache\desktop\ComfyUI\resources\ComfyUI\custom_nodes\websocket_image_save.py
   3.9 seconds: C:\Users\runneradmin\Documents\ComfyUI\custom_nodes\comfyui-geometrypack


[2026-05-10 03:33:06.394] [info]  Context impl SQLiteImpl.

[2026-05-10 03:33:06.396] [info]  Will assume non-transactional DDL.

[2026-05-10 03:33:06.403] [error] Failed to initialize database. Please ensure you have installed the latest requirements. If the error persists, please report this as in future the database will be required: Could not acquire lock on database 'C:/Users/runneradmin/Documents/ComfyUI/user/comfyui.db'. Another ComfyUI process may already be using it. Use --database-url to specify a separate database file.

[2026-05-10 03:33:06.496] [info]  Starting server


[2026-05-10 03:33:06.497] [info]  To see the GUI go to: http://127.0.0.1:8001

[2026-05-10 03:33:08.182] [info]  [ComfyUI-Manager] The ComfyRegistry cache update is still in progress, so an outdated cache is being used.

[2026-05-10 03:33:08.311] [info]  FETCH DATA from: C:\Users\runneradmin\Documents\ComfyUI\.venv\Lib\site-packages\comfyui_manager\custom-node-list.json
[2026-05-10 03:33:08.334] [info]   [DONE]

[2026-05-10 03:33:11.268] [error] Exception in callback _ProactorBasePipeTransport._call_connection_lost(None)
handle: <Handle _ProactorBasePipeTransport._call_connection_lost(None)>
Traceback (most recent call last):
  File "C:\Users\runneradmin\AppData\Roaming\uv\python\cpython-3.12.11-windows-x86_64-none\Lib\asyncio\events.py", line 88, in _run
    self._context.run(self._callback, *self._args)
  File "C:\Users\runneradmin\AppData\Roaming\uv\python\cpython-3.12.11-windows-x86_64-none\Lib\asyncio\proactor_events.py", line 165, in _call_connection_lost
    self._sock.shutdown(socket.SHUT_RDWR)
ConnectionResetError: [WinError 10054] An existing connection was forcibly closed by the remote host

[2026-05-10 03:33:12.328] [info]  [ComfyUI-Manager] The ComfyRegistry cache update is still in progress, so an outdated cache is being used.

[2026-05-10 03:33:12.444] [info]  FETCH DATA from: C:\Users\runneradmin\Documents\ComfyUI\.venv\Lib\site-packages\comfyui_manager\custom-node-list.json
[2026-05-10 03:33:12.466] [info]   [DONE]

[2026-05-10 03:33:32.362] [info]  got prompt

[2026-05-10 03:33:32.382] [info]  [comfyui-geometrypack] python: C:\Users\runneradmin\Documents\ComfyUI\.ce\.pixi\envs\geometrypack-nodes\python.exe
[2026-05-10 03:33:32.384] [info]  
[comfyui-geometrypack] sys_path sent to worker: ['C:\\Users\\runneradmin\\.comfy-test-cache\\desktop\\ComfyUI\\resources\\ComfyUI', 'C:\\Users\\runneradmin\\Documents\\ComfyUI\\custom_nodes\\comfyui-geometrypack', 'C:\\Users\\runneradmin\\Documents\\ComfyUI\\.ce\\.pixi\\envs\\geometrypack-nodes\\Lib\\site-packages', 'C:\\Users\\runneradmin\\Documents\\ComfyUI\\custom_nodes\\comfyui-geometrypack']

[2026-05-10 03:33:37.982] [error] [worker:comfyui-geometrypack] INFO: Found mesh in input folder: 3d/camelhead.off

[2026-05-10 03:33:37.991] [error] [worker:comfyui-geometrypack] INFO: Loading: C:\Users\runneradmin\Documents\ComfyUI\input\3d/camelhead.off

[2026-05-10 03:33:38.201] [error] [worker:comfyui-geometrypack] INFO: Initial mesh: 11381 vertices, 22704 faces

[2026-05-10 03:33:38.216] [error] [worker:comfyui-geometrypack] INFO: Successfully loaded: 11381 vertices, 22704 faces

[2026-05-10 03:33:38.222] [error] [worker:comfyui-geometrypack] INFO: Loaded: 11381 vertices, 22704 faces

[2026-05-10 03:33:38.922] [error] [comfyui-geometrypack] Health check: ping (timeout=5.0s)...
[2026-05-10 03:33:38.925] [error] 
[comfyui-geometrypack] Health check: ok

[2026-05-10 03:33:38.988] [error] [worker:comfyui-geometrypack] INFO: Analyzing mesh: 11381 vertices, 22704 faces

[2026-05-10 03:33:39.009] [error] [worker:comfyui-geometrypack] INFO: Using libigl CGAL method

[2026-05-10 03:33:39.066] [error] [worker:comfyui-geometrypack] INFO: Found 6 intersecting faces (5 intersection pairs)

[2026-05-10 03:33:39.100] [error] [comfyui-geometrypack] Health check: ping (timeout=5.0s)...

[2026-05-10 03:33:39.104] [error] [comfyui-geometrypack] Health check: ok

[2026-05-10 03:33:39.175] [error] [worker:comfyui-geometrypack] INFO: Processing mesh: 11381 vertices, 22704 faces

[2026-05-10 03:33:39.179] [error] [worker:comfyui-geometrypack] INFO: Params: epsilon=0.0001, max_iter=12, direction=adaptive, re_detect=True

[2026-05-10 03:33:39.185] [error] [worker:comfyui-geometrypack] INFO: Found 8 vertices to perturb

[2026-05-10 03:33:39.219] [error] [worker:comfyui-geometrypack] INFO: Iteration 1: avg displacement = 0.000004

[2026-05-10 03:33:39.237] [error] [worker:comfyui-geometrypack] INFO: Iteration 2: avg displacement = 0.000008

[2026-05-10 03:33:39.278] [error] [worker:comfyui-geometrypack] INFO: Iteration 3: avg displacement = 0.000011
[worker:comfyui-geometrypack] INFO: Iteration 4: avg displacement = 0.000015

[2026-05-10 03:33:39.296] [error] [worker:comfyui-geometrypack] INFO: Iteration 5: avg displacement = 0.000019

[2026-05-10 03:33:39.315] [error] [worker:comfyui-geometrypack] INFO: Iteration 6: avg displacement = 0.000023

[2026-05-10 03:33:39.335] [error] [worker:comfyui-geometrypack] INFO: Iteration 7: avg displacement = 0.000026

[2026-05-10 03:33:39.353] [error] [worker:comfyui-geometrypack] INFO: Iteration 8: avg displacement = 0.000030

[2026-05-10 03:33:39.369] [error] [worker:comfyui-geometrypack] INFO: Iteration 9: avg displacement = 0.000034

[2026-05-10 03:33:39.384] [error] [worker:comfyui-geometrypack] INFO: Iteration 10: avg displacement = 0.000038

[2026-05-10 03:33:39.400] [error] [worker:comfyui-geometrypack] INFO: Iteration 11: avg displacement = 0.000041

[2026-05-10 03:33:39.416] [error] [worker:comfyui-geometrypack] INFO: Iteration 12: avg displacement = 0.000045

[2026-05-10 03:33:39.420] [error] [worker:comfyui-geometrypack] INFO: Re-detecting self-intersections...

[2026-05-10 03:33:39.477] [error] [worker:comfyui-geometrypack] INFO: No self-intersections remaining!

[2026-05-10 03:33:39.484] [error] [worker:comfyui-geometrypack] INFO: Complete: perturbed 8 vertices over 12 iterations

[2026-05-10 03:33:39.507] [error] [comfyui-geometrypack] Health check: ping (timeout=5.0s)...
[2026-05-10 03:33:39.509] [error] 

[2026-05-10 03:33:39.511] [error] [comfyui-geometrypack] Health check: ok

[2026-05-10 03:33:39.574] [error] [worker:comfyui-geometrypack] INFO: Analyzing mesh: 11381 vertices, 22704 faces

[2026-05-10 03:33:39.581] [error] [worker:comfyui-geometrypack] INFO: Using libigl CGAL method

[2026-05-10 03:33:39.637] [error] [worker:comfyui-geometrypack] INFO: No self-intersections detected

[2026-05-10 03:33:39.663] [error] [comfyui-geometrypack] Health check: ping (timeout=5.0s)...
[2026-05-10 03:33:39.665] [error] 

[2026-05-10 03:33:39.666] [error] [comfyui-geometrypack] Health check: ok

[2026-05-10 03:33:39.739] [error] [worker:comfyui-geometrypack] INFO: Layout: side_by_side, Mode: fields

[2026-05-10 03:33:39.743] [error] [worker:comfyui-geometrypack] INFO: Mesh 1: Mesh - 11381 vertices, 22704 faces

[2026-05-10 03:33:39.747] [error] [worker:comfyui-geometrypack] INFO: Mesh 2: Mesh - 11381 vertices, 22704 faces

[2026-05-10 03:33:39.752] [error] [worker:comfyui-geometrypack] INFO: Mesh 1 fields: ['intersection_flag', 'intersection_count', 'face.self_intersecting']

[2026-05-10 03:33:39.760] [error] [worker:comfyui-geometrypack] INFO: Mesh 2 fields: ['intersection_flag', 'intersection_count', 'face.self_intersecting']

[2026-05-10 03:33:39.764] [error] [worker:comfyui-geometrypack] INFO: Common fields: ['intersection_flag', 'face.self_intersecting', 'intersection_count']

[2026-05-10 03:33:39.769] [error] [worker:comfyui-geometrypack] INFO: Mesh 1 visual: kind=None, texture=False, vertex_colors=False

[2026-05-10 03:33:39.779] [error] [worker:comfyui-geometrypack] INFO: Mesh 2 visual: kind=None, texture=False, vertex_colors=False

[2026-05-10 03:33:39.788] [error] [worker:comfyui-geometrypack] INFO: Exporting mesh to VTP: C:\Users\runneradmin\Documents\ComfyUI\output\preview_dual_1_e4490337.vtp

[2026-05-10 03:33:39.832] [error] [worker:comfyui-geometrypack] INFO: Adding normals field (11381 vertices)

[2026-05-10 03:33:39.854] [error] [worker:comfyui-geometrypack] INFO: Adding scalar field: intersection_flag (components: 1)

[2026-05-10 03:33:39.865] [error] [worker:comfyui-geometrypack] INFO: Adding scalar field: intersection_count (components: 1)

[2026-05-10 03:33:39.873] [error] [worker:comfyui-geometrypack] INFO: Adding face field: self_intersecting

[2026-05-10 03:33:39.926] [error] [worker:comfyui-geometrypack] INFO: Export complete: 11381 vertices, 22704 faces

[2026-05-10 03:33:39.935] [error] [worker:comfyui-geometrypack] INFO: Exported VTP with fields: C:\Users\runneradmin\Documents\ComfyUI\output\preview_dual_1_e4490337.vtp

[2026-05-10 03:33:39.939] [error] [worker:comfyui-geometrypack] INFO: Exporting mesh to VTP: C:\Users\runneradmin\Documents\ComfyUI\output\preview_dual_2_e4490337.vtp

[2026-05-10 03:33:39.979] [error] [worker:comfyui-geometrypack] INFO: Adding normals field (11381 vertices)
[2026-05-10 03:33:39.981] [error] 

[2026-05-10 03:33:40.000] [error] [worker:comfyui-geometrypack] INFO: Adding scalar field: intersection_flag (components: 1)

[2026-05-10 03:33:40.006] [error] [worker:comfyui-geometrypack] INFO: Adding scalar field: intersection_count (components: 1)

[2026-05-10 03:33:40.014] [error] [worker:comfyui-geometrypack] INFO: Adding face field: self_intersecting

[2026-05-10 03:33:40.057] [error] [worker:comfyui-geometrypack] INFO: Export complete: 11381 vertices, 22704 faces

[2026-05-10 03:33:40.062] [error] [worker:comfyui-geometrypack] INFO: Exported VTP with fields: C:\Users\runneradmin\Documents\ComfyUI\output\preview_dual_2_e4490337.vtp
[2026-05-10 03:33:40.063] [error] 

[2026-05-10 03:33:40.089] [error] [worker:comfyui-geometrypack] INFO: Preview ready

[2026-05-10 03:33:40.112] [info]  Prompt executed in 7.75 seconds

