[2026-05-10 03:52:35.808] [info]  setup plugin alembic.autogenerate.schemas
setup plugin alembic.autogenerate.tables

[2026-05-10 03:52:35.811] [info]  setup plugin alembic.autogenerate.types
setup plugin alembic.autogenerate.constraints
setup plugin alembic.autogenerate.defaults
setup plugin alembic.autogenerate.comments

[2026-05-10 03:52:36.260] [info]  Adding extra search path custom_nodes C:\Users\runneradmin\Documents\ComfyUI\custom_nodes
Adding extra search path download_model_base C:\Users\runneradmin\Documents\ComfyUI\models
Adding extra search path custom_nodes C:\Users\runneradmin\.comfy-test-cache\desktop\ComfyUI\resources\ComfyUI\custom_nodes

[2026-05-10 03:52:36.263] [info]  Setting output directory to: C:\Users\runneradmin\Documents\ComfyUI\output
Setting input directory to: C:\Users\runneradmin\Documents\ComfyUI\input
Setting user directory to: C:\Users\runneradmin\Documents\ComfyUI\user

[2026-05-10 03:52:37.750] [info]  [START] Security scan
[DONE] Security scan
** ComfyUI startup time: 
[2026-05-10 03:52:37.752] [info]  2026-05-10 03:52:37.750
** Platform: Windows
** Python version: 3.12.11 (main, Aug 18 2025, 19:17:54) [MSC v.1944 64 bit (AMD64)]
** Python executable: C:\Users\runneradmin\Documents\ComfyUI\.venv\Scripts\python.exe
** ComfyUI Path: C:\Users\runneradmin\.comfy-test-cache\desktop\ComfyUI\resources\ComfyUI
** ComfyUI Base Folder Path: C:\Users\runneradmin\.comfy-test-cache\desktop\ComfyUI\resources\ComfyUI

[2026-05-10 03:52:37.753] [info]  ** User directory: C:\Users\runneradmin\Documents\ComfyUI\user
** ComfyUI-Manager config path: C:\Users\runneradmin\Documents\ComfyUI\user\__manager\config.ini
** Log path: 
[2026-05-10 03:52:37.754] [info]  C:\Users\runneradmin\Documents\ComfyUI\user\comfyui.log

[2026-05-10 03:52:38.892] [info]  [ComfyUI-Manager] Skipped fixing the 'comfyui-frontend-package' dependency because the ComfyUI is outdated.

[2026-05-10 03:52:38.894] [info]  [PRE] ComfyUI-Manager

[2026-05-10 03:52:39.254] [error] [comfy-env] comfyui-geometrypack: 1 isolation env(s):
[2026-05-10 03:52:39.256] [error] 
[comfy-env]   nodes -> C:\Users\runneradmin\Documents\ComfyUI\custom_nodes\comfyui-geometrypack\nodes
[comfy-env] prestartup complete

[2026-05-10 03:52:42.037] [info]  Found comfy_kitchen backend triton: {'available': False, 'disabled': True, 'unavailable_reason': "ImportError: No module named 'triton'", 'capabilities': []}

[2026-05-10 03:52:42.038] [info]  Found comfy_kitchen backend eager: {'available': True, 'disabled': False, 'unavailable_reason': None, 'capabilities': ['apply_rope', 'apply_rope1', 'dequantize_mxfp8', 'dequantize_nvfp4', 'dequantize_per_tensor_fp8', 'quantize_mxfp8', 'quantize_nvfp4', 'quantize_per_tensor_fp8', 'scaled_mm_mxfp8', 'scaled_mm_nvfp4']}
Found comfy_kitchen backend cuda: {'available': False, 'disabled': True, 'unavailable_reason': 'CUDA not available on this system', 'capabilities': []}

[2026-05-10 03:52:42.045] [info]  Checkpoint files will always be loaded safely.

[2026-05-10 03:52:42.063] [info]  Total VRAM 16379 MB, total RAM 16379 MB

[2026-05-10 03:52:42.064] [info]  pytorch version: 2.10.0+cpu
Set vram state to: DISABLED
Device: cpu

[2026-05-10 03:52:42.350] [info]  Using sub quadratic optimization for attention, if you have memory or speed issues try using: --use-split-cross-attention

[2026-05-10 03:52:45.032] [info]  Python version: 3.12.11 (main, Aug 18 2025, 19:17:54) [MSC v.1944 64 bit (AMD64)]

[2026-05-10 03:52:45.034] [info]  ComfyUI version: 0.20.1
comfy-aimdo version: 0.2.14

[2026-05-10 03:52:45.035] [info]  comfy-kitchen version: 0.2.8

[2026-05-10 03:52:45.037] [info]  [Prompt Server] web root: C:\Users\runneradmin\.comfy-test-cache\desktop\ComfyUI\resources\ComfyUI\web_custom_versions\desktop_app

[2026-05-10 03:52:45.039] [info]  Asset seeder disabled

[2026-05-10 03:52:45.040] [info]  [START] ComfyUI-Manager

[2026-05-10 03:52:45.196] [info]  [ComfyUI-Manager] Using GitPython backend

[2026-05-10 03:52:45.243] [info]  [ComfyUI-Manager] network_mode: public

[2026-05-10 03:52:45.248] [info]  [ComfyUI-Manager] The matrix sharing feature has been disabled because the `matrix-nio` dependency is not installed.
	To use this feature, please run the following command:
	C:\Users\runneradmin\Documents\ComfyUI\.venv\Scripts\python.exe -m pip install matrix-nio


[2026-05-10 03:52:46.979] [info]  loading...

[2026-05-10 03:52:46.980] [info]  calling register_nodes

[2026-05-10 03:52:46.984] [error] [comfy-env] Version: 0.3.78
[2026-05-10 03:52:46.987] [error] 

[2026-05-10 03:52:49.713] [error] [comfy-env] register_nodes: comfyui-geometrypack
[2026-05-10 03:52:49.714] [error] 

[2026-05-10 03:52:49.730] [error] [comfy-env] ComfyUI source dir: C:\Users\runneradmin\.comfy-test-cache\desktop\ComfyUI\resources\ComfyUI
[2026-05-10 03:52:49.732] [error] 

[2026-05-10 03:52:49.734] [error] [comfy-env] Scanning nodes metadata (isolation root)...
[2026-05-10 03:52:49.736] [error] 

[2026-05-10 03:52:49.776] [error] [comfy-env] Cache hit for nodes: 125 nodes
[2026-05-10 03:52:49.777] [error] 
[comfy-env] Scanned nodes root: 125 nodes (0.0s)

[2026-05-10 03:52:49.783] [error] [comfy-env] Imported nodes root: 125 nodes (isolation)
[2026-05-10 03:52:49.784] [error] 
[comfy-env] Registered 125 total nodes
[2026-05-10 03:52:49.785] [error] 

[2026-05-10 03:52:49.789] [info]  
Import times for custom nodes:

[2026-05-10 03:52:49.790] [info]     0.0 seconds: C:\Users\runneradmin\.comfy-test-cache\desktop\ComfyUI\resources\ComfyUI\custom_nodes\websocket_image_save.py
   2.8 seconds: C:\Users\runneradmin\Documents\ComfyUI\custom_nodes\comfyui-geometrypack


[2026-05-10 03:52:49.793] [info]  Context impl SQLiteImpl.

[2026-05-10 03:52:49.796] [info]  Will assume non-transactional DDL.

[2026-05-10 03:52:49.805] [error] Failed to initialize database. Please ensure you have installed the latest requirements. If the error persists, please report this as in future the database will be required: Could not acquire lock on database 'C:/Users/runneradmin/Documents/ComfyUI/user/comfyui.db'. Another ComfyUI process may already be using it. Use --database-url to specify a separate database file.

[2026-05-10 03:52:49.901] [info]  Starting server


[2026-05-10 03:52:49.903] [info]  To see the GUI go to: http://127.0.0.1:8001

[2026-05-10 03:52:52.343] [info]  [ComfyUI-Manager] The ComfyRegistry cache update is still in progress, so an outdated cache is being used.

[2026-05-10 03:52:52.493] [info]  FETCH DATA from: C:\Users\runneradmin\Documents\ComfyUI\.venv\Lib\site-packages\comfyui_manager\custom-node-list.json
[2026-05-10 03:52:52.530] [info]   [DONE]

[2026-05-10 03:52:56.016] [info]  [ComfyUI-Manager] The ComfyRegistry cache update is still in progress, so an outdated cache is being used.

[2026-05-10 03:52:56.162] [info]  FETCH DATA from: C:\Users\runneradmin\Documents\ComfyUI\.venv\Lib\site-packages\comfyui_manager\custom-node-list.json
[2026-05-10 03:52:56.192] [info]   [DONE]

