[2026-05-10 22:40:32.486] [info]  setup plugin alembic.autogenerate.schemas
setup plugin alembic.autogenerate.tables

[2026-05-10 22:40:32.488] [info]  setup plugin alembic.autogenerate.types
setup plugin alembic.autogenerate.constraints
setup plugin alembic.autogenerate.defaults
setup plugin alembic.autogenerate.comments

[2026-05-10 22:40:32.920] [info]  Adding extra search path custom_nodes C:\Users\runneradmin\Documents\ComfyUI\custom_nodes
Adding extra search path download_model_base C:\Users\runneradmin\Documents\ComfyUI\models

[2026-05-10 22:40:32.922] [info]  Adding extra search path custom_nodes C:\Users\runneradmin\.comfy-test-cache\desktop\ComfyUI\resources\ComfyUI\custom_nodes
Setting output directory to: C:\Users\runneradmin\Documents\ComfyUI\output
Setting input directory to: C:\Users\runneradmin\Documents\ComfyUI\input
Setting user directory to: C:\Users\runneradmin\Documents\ComfyUI\user

[2026-05-10 22:40:34.372] [info]  [START] Security scan
[DONE] Security scan
** ComfyUI startup time: 2026-05-10 22:40:34.372
[2026-05-10 22:40:34.374] [info]  
** Platform: Windows
** Python version: 3.12.11 (main, Aug 18 2025, 19:17:54) [MSC v.1944 64 bit (AMD64)]
** Python executable: C:\Users\runneradmin\Documents\ComfyUI\.venv\Scripts\python.exe
** ComfyUI Path: C:\Users\runneradmin\.comfy-test-cache\desktop\ComfyUI\resources\ComfyUI
** ComfyUI Base Folder Path: C:\Users\runneradmin\.comfy-test-cache\desktop\ComfyUI\resources\ComfyUI

[2026-05-10 22:40:34.375] [info]  ** User directory: C:\Users\runneradmin\Documents\ComfyUI\user
** ComfyUI-Manager config path: C:\Users\runneradmin\Documents\ComfyUI\user\__manager\config.ini
** Log path: C:\Users\runneradmin\Documents\ComfyUI\user\comfyui.log

[2026-05-10 22:40:35.450] [info]  [ComfyUI-Manager] Skipped fixing the 'comfyui-frontend-package' dependency because the ComfyUI is outdated.

[2026-05-10 22:40:35.451] [info]  [PRE] ComfyUI-Manager

[2026-05-10 22:40:35.757] [error] [comfy-env] comfyui-geometrypack: 1 isolation env(s):
[2026-05-10 22:40:35.759] [error] 
[comfy-env]   nodes -> C:\Users\runneradmin\Documents\ComfyUI\custom_nodes\comfyui-geometrypack\nodes
[comfy-env] prestartup complete

[2026-05-10 22:40:38.424] [info]  Found comfy_kitchen backend triton: {'available': False, 'disabled': True, 'unavailable_reason': "ImportError: No module named 'triton'", 'capabilities': []}

[2026-05-10 22:40:38.426] [info]  Found comfy_kitchen backend eager: {'available': True, 'disabled': False, 'unavailable_reason': None, 'capabilities': ['apply_rope', 'apply_rope1', 'dequantize_mxfp8', 'dequantize_nvfp4', 'dequantize_per_tensor_fp8', 'quantize_mxfp8', 'quantize_nvfp4', 'quantize_per_tensor_fp8', 'scaled_mm_mxfp8', 'scaled_mm_nvfp4']}
Found comfy_kitchen backend cuda: {'available': False, 'disabled': True, 'unavailable_reason': 'CUDA not available on this system', 'capabilities': []}

[2026-05-10 22:40:38.434] [info]  Checkpoint files will always be loaded safely.

[2026-05-10 22:40:38.449] [info]  Total VRAM 16379 MB, total RAM 16379 MB

[2026-05-10 22:40:38.450] [info]  pytorch version: 2.10.0+cpu
Set vram state to: DISABLED
Device: cpu

[2026-05-10 22:40:38.736] [info]  Using sub quadratic optimization for attention, if you have memory or speed issues try using: --use-split-cross-attention

[2026-05-10 22:40:41.298] [info]  Python version: 3.12.11 (main, Aug 18 2025, 19:17:54) [MSC v.1944 64 bit (AMD64)]

[2026-05-10 22:40:41.299] [info]  ComfyUI version: 0.20.1
comfy-aimdo version: 0.2.14

[2026-05-10 22:40:41.303] [info]  comfy-kitchen version: 0.2.8

[2026-05-10 22:40:41.305] [info]  [Prompt Server] web root: C:\Users\runneradmin\.comfy-test-cache\desktop\ComfyUI\resources\ComfyUI\web_custom_versions\desktop_app

[2026-05-10 22:40:41.308] [info]  Asset seeder disabled

[2026-05-10 22:40:41.309] [info]  [START] ComfyUI-Manager

[2026-05-10 22:40:41.433] [info]  [ComfyUI-Manager] Using GitPython backend

[2026-05-10 22:40:41.494] [info]  [ComfyUI-Manager] network_mode: public

[2026-05-10 22:40:41.498] [info]  [ComfyUI-Manager] The matrix sharing feature has been disabled because the `matrix-nio` dependency is not installed.
	To use this feature, please run the following command:
	C:\Users\runneradmin\Documents\ComfyUI\.venv\Scripts\python.exe -m pip install matrix-nio


[2026-05-10 22:40:43.141] [info]  loading...

[2026-05-10 22:40:43.143] [info]  calling register_nodes

[2026-05-10 22:40:43.147] [error] [comfy-env] Version: 0.3.82
[2026-05-10 22:40:43.148] [error] 

[2026-05-10 22:40:45.536] [info]  [comfy-env] Removed stale temp dir: C:\Users\RUNNER~1\AppData\Local\Temp\comfyui_pvenv_fzvj9eok

[2026-05-10 22:40:45.820] [error] [comfy-env] register_nodes: comfyui-geometrypack
[2026-05-10 22:40:45.821] [error] 

[2026-05-10 22:40:45.831] [error] [comfy-env] ComfyUI source dir: C:\Users\runneradmin\.comfy-test-cache\desktop\ComfyUI\resources\ComfyUI
[2026-05-10 22:40:45.833] [error] 

[2026-05-10 22:40:45.835] [error] [comfy-env] Scanning nodes metadata (isolation root)...
[2026-05-10 22:40:45.836] [error] 

[2026-05-10 22:40:45.886] [error] [comfy-env] Cache hit for nodes: 125 nodes
[2026-05-10 22:40:45.887] [error] 
[comfy-env] Scanned nodes root: 125 nodes (0.1s)

[2026-05-10 22:40:45.891] [error] [comfy-env] Imported nodes root: 125 nodes (isolation)
[2026-05-10 22:40:45.892] [error] 
[comfy-env] Registered 125 total nodes
[2026-05-10 22:40:45.893] [error] 

[2026-05-10 22:40:45.898] [info]  
Import times for custom nodes:

[2026-05-10 22:40:45.899] [info]     0.0 seconds: C:\Users\runneradmin\.comfy-test-cache\desktop\ComfyUI\resources\ComfyUI\custom_nodes\websocket_image_save.py
   2.8 seconds: C:\Users\runneradmin\Documents\ComfyUI\custom_nodes\comfyui-geometrypack


[2026-05-10 22:40:45.903] [info]  Context impl SQLiteImpl.

[2026-05-10 22:40:45.905] [info]  Will assume non-transactional DDL.

[2026-05-10 22:40:45.913] [error] Failed to initialize database. Please ensure you have installed the latest requirements. If the error persists, please report this as in future the database will be required: Could not acquire lock on database 'C:/Users/runneradmin/Documents/ComfyUI/user/comfyui.db'. Another ComfyUI process may already be using it. Use --database-url to specify a separate database file.

[2026-05-10 22:40:45.993] [info]  Starting server


[2026-05-10 22:40:45.995] [info]  To see the GUI go to: http://127.0.0.1:8001

[2026-05-10 22:40:48.501] [info]  [ComfyUI-Manager] The ComfyRegistry cache update is still in progress, so an outdated cache is being used.

[2026-05-10 22:40:48.639] [info]  FETCH DATA from: C:\Users\runneradmin\Documents\ComfyUI\.venv\Lib\site-packages\comfyui_manager\custom-node-list.json
[2026-05-10 22:40:48.676] [info]   [DONE]
[2026-05-10 22:40:48.678] [info]  

[2026-05-10 22:40:51.403] [info]  [ComfyUI-Manager] The ComfyRegistry cache update is still in progress, so an outdated cache is being used.

[2026-05-10 22:40:51.514] [info]  FETCH DATA from: C:\Users\runneradmin\Documents\ComfyUI\.venv\Lib\site-packages\comfyui_manager\custom-node-list.json
[2026-05-10 22:40:51.538] [info]   [DONE]

[2026-05-10 22:41:11.566] [info]  got prompt

[2026-05-10 22:41:11.586] [info]  [comfyui-geometrypack] python: C:\ce\.pixi\envs\geometrypack-nodes\python.exe
[2026-05-10 22:41:11.587] [info]  
[comfyui-geometrypack] sys_path sent to worker: ['C:\\Users\\runneradmin\\.comfy-test-cache\\desktop\\ComfyUI\\resources\\ComfyUI', 'C:\\Users\\runneradmin\\Documents\\ComfyUI\\custom_nodes\\comfyui-geometrypack', 'C:\\ce\\.pixi\\envs\\geometrypack-nodes\\Lib\\site-packages', 'C:\\Users\\runneradmin\\Documents\\ComfyUI\\custom_nodes\\comfyui-geometrypack']

[2026-05-10 22:41:13.762] [error] [worker:comfyui-geometrypack] ERROR: Failed to import comfy_kitchen, Error: No module named 'comfy_kitchen', fp8 and fp4 support will not be available.

[2026-05-10 22:41:15.323] [error] [worker:comfyui-geometrypack] INFO: Created cube: 8 vertices, 12 faces

[2026-05-10 22:41:15.676] [error] [comfyui-geometrypack] Health check: ping (timeout=5.0s)...

[2026-05-10 22:41:15.679] [error] [comfyui-geometrypack] Health check: ok

[2026-05-10 22:41:15.745] [error] [comfyui-geometrypack] Health check: ping (timeout=5.0s)...
[2026-05-10 22:41:15.747] [error] 
[comfyui-geometrypack] Health check: ok

[2026-05-10 22:41:15.794] [error] [worker:comfyui-geometrypack] INFO: Analyzing mesh: 8 vertices, 12 faces

[2026-05-10 22:41:15.808] [error] [worker:comfyui-geometrypack] INFO: Analysis complete
[2026-05-10 22:41:15.809] [error] 

[2026-05-10 22:41:15.826] [info]  Prompt executed in 4.26 seconds

