[2026-05-09 16:57:21.501] [info]  Using uv at C:\Users\runneradmin\AppData\Local\Programs\ComfyUI\resources\uv\win\uv.exe
[2026-05-09 16:57:21.501] [info]  Install state: installed
[2026-05-09 16:57:21.502] [info]  Validating installation. Recorded state: [installed]
[2026-05-09 16:57:21.507] [info]  Running uv command directly: pip install --dry-run -r C:\Users\runneradmin\AppData\Local\Programs\ComfyUI\resources\ComfyUI\requirements.txt
[2026-05-09 16:57:21.507] [info]  Running uv child process: uv pip install --dry-run -r C:\Users\runneradmin\AppData\Local\Programs\ComfyUI\resources\ComfyUI\requirements.txt
[2026-05-09 16:57:21.508] [info]  Running command: C:\Users\runneradmin\AppData\Local\Programs\ComfyUI\resources\uv\win\uv.exe pip install --dry-run -r C:\Users\runneradmin\AppData\Local\Programs\ComfyUI\resources\ComfyUI\requirements.txt in C:\Users\runneradmin\Documents\ComfyUI
[2026-05-09 16:57:21.970] [info]  Running uv command directly: pip install --dry-run -r C:\Users\runneradmin\AppData\Local\Programs\ComfyUI\resources\ComfyUI\manager_requirements.txt
[2026-05-09 16:57:21.971] [info]  Running uv child process: uv pip install --dry-run -r C:\Users\runneradmin\AppData\Local\Programs\ComfyUI\resources\ComfyUI\manager_requirements.txt
[2026-05-09 16:57:21.971] [info]  Running command: C:\Users\runneradmin\AppData\Local\Programs\ComfyUI\resources\uv\win\uv.exe pip install --dry-run -r C:\Users\runneradmin\AppData\Local\Programs\ComfyUI\resources\ComfyUI\manager_requirements.txt in C:\Users\runneradmin\Documents\ComfyUI
[2026-05-09 16:57:22.531] [info]  Validation result: isValid:true, state:installed {"inProgress":false,"installState":"installed","basePath":"OK","venvDirectory":"OK","pythonInterpreter":"OK","uv":"OK","pythonPackages":"OK","git":"OK","vcRedist":"OK"}
[2026-05-09 16:57:24.428] [info]  Server start
[2026-05-09 16:57:24.457] [info]  Running command: C:\Users\runneradmin\Documents\ComfyUI\.venv\Scripts\python.exe C:\Users\runneradmin\AppData\Local\Programs\ComfyUI\resources\ComfyUI\main.py --user-directory C:\Users\runneradmin\Documents\ComfyUI\user --input-directory C:\Users\runneradmin\Documents\ComfyUI\input --output-directory C:\Users\runneradmin\Documents\ComfyUI\output --front-end-root C:\Users\runneradmin\AppData\Local\Programs\ComfyUI\resources\ComfyUI\web_custom_versions\desktop_app --base-directory C:\Users\runneradmin\Documents\ComfyUI --database-url sqlite:///C:/Users/runneradmin/Documents/ComfyUI/user/comfyui.db --extra-model-paths-config C:\Users\runneradmin\AppData\Roaming\ComfyUI\extra_models_config.yaml --log-stdout --listen 127.0.0.1 --port 8001 --enable-manager --cpu in C:\Users\runneradmin\Documents\ComfyUI
[2026-05-09 16:57:24.558] [info]  Received renderer-ready message!
[2026-05-09 16:57:24.559] [info]  Sending queued message {"channel":"validation-update","data":{"inProgress":false,"installState":"installed","basePath":"OK","venvDirectory":"OK","pythonInterpreter":"OK","uv":"OK","pythonPackages":"OK","git":"OK","vcRedist":"OK"}}
[2026-05-09 16:57:24.560] [info]  Sending queued message {"channel":"validation-update","data":{"inProgress":false,"installState":"installed","basePath":"OK","venvDirectory":"OK","pythonInterpreter":"OK","uv":"OK","pythonPackages":"OK","git":"OK","vcRedist":"OK"}}
[2026-05-09 16:57:24.560] [info]  Sending queued message {"channel":"validation-update","data":{"inProgress":false,"installState":"installed","basePath":"OK","venvDirectory":"OK","pythonInterpreter":"OK","uv":"OK","pythonPackages":"OK","git":"OK","vcRedist":"OK"}}
[2026-05-09 16:57:24.561] [info]  Sending queued message {"channel":"validation-update","data":{"inProgress":false,"installState":"installed","basePath":"OK","venvDirectory":"OK","pythonInterpreter":"OK","uv":"OK","pythonPackages":"OK","git":"OK","vcRedist":"OK"}}
[2026-05-09 16:57:24.561] [info]  Sending queued message {"channel":"validation-update","data":{"inProgress":false,"installState":"installed","basePath":"OK","venvDirectory":"OK","pythonInterpreter":"OK","uv":"OK","pythonPackages":"OK","git":"OK","vcRedist":"OK"}}
[2026-05-09 16:57:24.562] [info]  Sending queued message {"channel":"validation-update","data":{"inProgress":false,"installState":"installed","basePath":"OK","venvDirectory":"OK","pythonInterpreter":"OK","uv":"OK","pythonPackages":"OK","git":"OK","vcRedist":"OK"}}
[2026-05-09 16:57:24.563] [info]  Sending queued message {"channel":"validation-update","data":{"inProgress":false,"installState":"installed","basePath":"OK","venvDirectory":"OK","pythonInterpreter":"OK","uv":"OK","pythonPackages":"OK","git":"OK","vcRedist":"OK"}}
[2026-05-09 16:57:24.564] [info]  Sending queued message {"channel":"validation-update","data":{"inProgress":false,"installState":"installed","basePath":"OK","venvDirectory":"OK","pythonInterpreter":"OK","uv":"OK","pythonPackages":"OK","git":"OK","vcRedist":"OK"}}
[2026-05-09 16:57:24.564] [info]  Sending queued message {"channel":"validation-update","data":{"inProgress":false,"installState":"installed","basePath":"OK","venvDirectory":"OK","pythonInterpreter":"OK","uv":"OK","pythonPackages":"OK","git":"OK","vcRedist":"OK"}}
[2026-05-09 16:57:24.565] [info]  Sending queued message {"channel":"validation-update","data":{"inProgress":false,"installState":"installed","basePath":"OK","venvDirectory":"OK","pythonInterpreter":"OK","uv":"OK","pythonPackages":"OK","git":"OK","vcRedist":"OK"}}
[2026-05-09 16:57:24.565] [info]  Sending queued message {"channel":"loading-progress","data":{"status":"starting-server"}}
[2026-05-09 16:57:41.493] [info]  Python server is ready
[2026-05-09 16:57:54.429] [error] @todesktop/runtime: alwaysResolve: Promise timed out after 30000ms
[2026-05-09 16:57:54.626] [info]  @todesktop/runtime: Checking for update
[2026-05-09 16:57:54.627] [info]  @todesktop/runtime: AutoUpdater: checking-for-update
[2026-05-09 16:57:55.219] [info]  @todesktop/runtime: Update for version 0.8.36 is not available (latest version: 0.8.36, downgrade is allowed).
[2026-05-09 16:57:55.220] [info]  @todesktop/runtime: AutoUpdater: update-not-available {"version":"0.8.36","files":[{"url":"ComfyUI Setup 0.8.36 - Build 260427msvfsz37n-x64.exe","sha512":"RVR9kwG+VrRVIsHCPJB7N8l3FRBSMKfIbFU/9fSfPEGV1uHB7wnRu9ydbvK6ZzjqJwkFauXsyks/FN4MwDsXjA==","size":139212624}],"path":"ComfyUI Setup 0.8.36 - Build 260427msvfsz37n-x64.exe","sha512":"RVR9kwG+VrRVIsHCPJB7N8l3FRBSMKfIbFU/9fSfPEGV1uHB7wnRu9ydbvK6ZzjqJwkFauXsyks/FN4MwDsXjA==","releaseDate":"2026-04-27T21:14:15.783Z"}
[2026-05-09 16:58:23.251] [info]  Starting app v0.8.36
