[2026-05-18 19:11:34.645] [info]  Using uv at C:\Users\stduser\.comfy-test-cache\desktop\ComfyUI\resources\uv\win\uv.exe
[2026-05-18 19:11:34.646] [info]  Install state: installed
[2026-05-18 19:11:34.647] [info]  Validating installation. Recorded state: [installed]
[2026-05-18 19:11:34.650] [info]  Running uv command directly: pip install --dry-run -r C:\Users\stduser\.comfy-test-cache\desktop\ComfyUI\resources\ComfyUI\requirements.txt
[2026-05-18 19:11:34.650] [info]  Running uv child process: uv pip install --dry-run -r C:\Users\stduser\.comfy-test-cache\desktop\ComfyUI\resources\ComfyUI\requirements.txt
[2026-05-18 19:11:34.651] [info]  Running command: C:\Users\stduser\.comfy-test-cache\desktop\ComfyUI\resources\uv\win\uv.exe pip install --dry-run -r C:\Users\stduser\.comfy-test-cache\desktop\ComfyUI\resources\ComfyUI\requirements.txt in C:\Users\stduser\Documents\ComfyUI
[2026-05-18 19:11:34.956] [info]  Running uv command directly: pip install --dry-run -r C:\Users\stduser\.comfy-test-cache\desktop\ComfyUI\resources\ComfyUI\manager_requirements.txt
[2026-05-18 19:11:34.957] [info]  Running uv child process: uv pip install --dry-run -r C:\Users\stduser\.comfy-test-cache\desktop\ComfyUI\resources\ComfyUI\manager_requirements.txt
[2026-05-18 19:11:34.957] [info]  Running command: C:\Users\stduser\.comfy-test-cache\desktop\ComfyUI\resources\uv\win\uv.exe pip install --dry-run -r C:\Users\stduser\.comfy-test-cache\desktop\ComfyUI\resources\ComfyUI\manager_requirements.txt in C:\Users\stduser\Documents\ComfyUI
[2026-05-18 19:11:35.735] [info]  Validation result: isValid:true, state:installed {"inProgress":false,"installState":"installed","basePath":"OK","venvDirectory":"OK","pythonInterpreter":"OK","uv":"OK","pythonPackages":"OK","git":"OK","vcRedist":"OK"}
[2026-05-18 19:11:37.642] [info]  Server start
[2026-05-18 19:11:37.680] [info]  Running command: C:\Users\stduser\Documents\ComfyUI\.venv\Scripts\python.exe C:\Users\stduser\.comfy-test-cache\desktop\ComfyUI\resources\ComfyUI\main.py --user-directory C:\Users\stduser\Documents\ComfyUI\user --input-directory C:\Users\stduser\Documents\ComfyUI\input --output-directory C:\Users\stduser\Documents\ComfyUI\output --front-end-root C:\Users\stduser\.comfy-test-cache\desktop\ComfyUI\resources\ComfyUI\web_custom_versions\desktop_app --base-directory C:\Users\stduser\Documents\ComfyUI --database-url sqlite:///C:/Users/stduser/Documents/ComfyUI/user/comfyui.db --extra-model-paths-config C:\Users\stduser\AppData\Roaming\ComfyUI\extra_models_config.yaml --log-stdout --listen 127.0.0.1 --port 8001 --enable-manager --cpu in C:\Users\stduser\Documents\ComfyUI
[2026-05-18 19:11:37.761] [info]  Received renderer-ready message!
[2026-05-18 19:11:37.762] [info]  Sending queued message {"channel":"validation-update","data":{"inProgress":false,"installState":"installed","basePath":"OK","venvDirectory":"OK","pythonInterpreter":"OK","uv":"OK","pythonPackages":"OK","git":"OK","vcRedist":"OK"}}
[2026-05-18 19:11:37.762] [info]  Sending queued message {"channel":"validation-update","data":{"inProgress":false,"installState":"installed","basePath":"OK","venvDirectory":"OK","pythonInterpreter":"OK","uv":"OK","pythonPackages":"OK","git":"OK","vcRedist":"OK"}}
[2026-05-18 19:11:37.763] [info]  Sending queued message {"channel":"validation-update","data":{"inProgress":false,"installState":"installed","basePath":"OK","venvDirectory":"OK","pythonInterpreter":"OK","uv":"OK","pythonPackages":"OK","git":"OK","vcRedist":"OK"}}
[2026-05-18 19:11:37.764] [info]  Sending queued message {"channel":"validation-update","data":{"inProgress":false,"installState":"installed","basePath":"OK","venvDirectory":"OK","pythonInterpreter":"OK","uv":"OK","pythonPackages":"OK","git":"OK","vcRedist":"OK"}}
[2026-05-18 19:11:37.764] [info]  Sending queued message {"channel":"validation-update","data":{"inProgress":false,"installState":"installed","basePath":"OK","venvDirectory":"OK","pythonInterpreter":"OK","uv":"OK","pythonPackages":"OK","git":"OK","vcRedist":"OK"}}
[2026-05-18 19:11:37.765] [info]  Sending queued message {"channel":"validation-update","data":{"inProgress":false,"installState":"installed","basePath":"OK","venvDirectory":"OK","pythonInterpreter":"OK","uv":"OK","pythonPackages":"OK","git":"OK","vcRedist":"OK"}}
[2026-05-18 19:11:37.766] [info]  Sending queued message {"channel":"validation-update","data":{"inProgress":false,"installState":"installed","basePath":"OK","venvDirectory":"OK","pythonInterpreter":"OK","uv":"OK","pythonPackages":"OK","git":"OK","vcRedist":"OK"}}
[2026-05-18 19:11:37.767] [info]  Sending queued message {"channel":"validation-update","data":{"inProgress":false,"installState":"installed","basePath":"OK","venvDirectory":"OK","pythonInterpreter":"OK","uv":"OK","pythonPackages":"OK","git":"OK","vcRedist":"OK"}}
[2026-05-18 19:11:37.767] [info]  Sending queued message {"channel":"validation-update","data":{"inProgress":false,"installState":"installed","basePath":"OK","venvDirectory":"OK","pythonInterpreter":"OK","uv":"OK","pythonPackages":"OK","git":"OK","vcRedist":"OK"}}
[2026-05-18 19:11:37.767] [info]  Sending queued message {"channel":"validation-update","data":{"inProgress":false,"installState":"installed","basePath":"OK","venvDirectory":"OK","pythonInterpreter":"OK","uv":"OK","pythonPackages":"OK","git":"OK","vcRedist":"OK"}}
[2026-05-18 19:11:37.768] [info]  Sending queued message {"channel":"loading-progress","data":{"status":"starting-server"}}
[2026-05-18 19:11:51.727] [info]  Python server is ready
[2026-05-18 19:12:07.640] [error] @todesktop/runtime: alwaysResolve: Promise timed out after 30000ms
[2026-05-18 19:12:07.730] [info]  @todesktop/runtime: Checking for update
[2026-05-18 19:12:07.731] [info]  @todesktop/runtime: AutoUpdater: checking-for-update
[2026-05-18 19:12:08.146] [info]  @todesktop/runtime: Update for version 0.9.1 is not available (latest version: 0.9.1, downgrade is allowed).
[2026-05-18 19:12:08.147] [info]  @todesktop/runtime: AutoUpdater: update-not-available {"version":"0.9.1","files":[{"url":"ComfyUI Setup 0.9.1 - Build 260514248i6bhdm-x64.exe","sha512":"gVe0kSd+kRtUTGBZuLPjSdepKKPoW2seuHskltNq6ksKo525zf/Nl61P25mGb8elnX2N/DsXEpw8qcofY8rZEw==","size":139597872}],"path":"ComfyUI Setup 0.9.1 - Build 260514248i6bhdm-x64.exe","sha512":"gVe0kSd+kRtUTGBZuLPjSdepKKPoW2seuHskltNq6ksKo525zf/Nl61P25mGb8elnX2N/DsXEpw8qcofY8rZEw==","releaseDate":"2026-05-14T00:40:07.713Z"}
[2026-05-18 19:13:38.146] [info]  Starting app v0.9.1
