[2026-05-09 16:59:43.908] [SRV] [2026-05-09 16:59:43.908] [info]  setup plugin alembic.autogenerate.schemas
[2026-05-09 16:59:43.908] [SRV] 
[2026-05-09 16:59:43.910] [SRV] [2026-05-09 16:59:43.910] [info]  setup plugin alembic.autogenerate.tables
[2026-05-09 16:59:43.910] [SRV] setup plugin alembic.autogenerate.types
[2026-05-09 16:59:43.910] [SRV] setup plugin alembic.autogenerate.constraints
[2026-05-09 16:59:43.910] [SRV] setup plugin alembic.autogenerate.defaults
[2026-05-09 16:59:43.910] [SRV] setup plugin alembic.autogenerate.comments
[2026-05-09 16:59:43.910] [SRV] 
[2026-05-09 16:59:44.353] [SRV] [2026-05-09 16:59:44.353] [info]  Adding extra search path custom_nodes C:\Users\runneradmin\Documents\ComfyUI\custom_nodes
[2026-05-09 16:59:44.353] [SRV] Adding extra search path download_model_base C:\Users\runneradmin\Documents\ComfyUI\models
[2026-05-09 16:59:44.353] [SRV] 
[2026-05-09 16:59:44.354] [SRV] [2026-05-09 16:59:44.354] [info]  Adding extra search path custom_nodes C:\Users\runneradmin\AppData\Local\Programs\ComfyUI\resources\ComfyUI\custom_nodes
[2026-05-09 16:59:44.354] [SRV] Setting output directory to: C:\Users\runneradmin\Documents\ComfyUI\output
[2026-05-09 16:59:44.354] [SRV] Setting input directory to: C:\Users\runneradmin\Documents\ComfyUI\input
[2026-05-09 16:59:44.354] [SRV] Setting user directory to: C:\Users\runneradmin\Documents\ComfyUI\user
[2026-05-09 16:59:44.354] [SRV] 
[2026-05-09 16:59:45.931] [SRV] [2026-05-09 16:59:45.931] [info]  [START] Security scan
[2026-05-09 16:59:45.931] [SRV] [DONE] Security scan
[2026-05-09 16:59:45.931] [SRV] ** ComfyUI startup time: 
[2026-05-09 16:59:45.932] [SRV] [2026-05-09 16:59:45.932] [info]  2026-05-09 16:59:45.930
[2026-05-09 16:59:45.932] [SRV] ** Platform: Windows
[2026-05-09 16:59:45.932] [SRV] ** Python version: 3.12.11 (main, Aug 18 2025, 19:17:54) [MSC v.1944 64 bit (AMD64)]
[2026-05-09 16:59:45.932] [SRV] ** Python executable: C:\Users\runneradmin\Documents\ComfyUI\.venv\Scripts\python.exe
[2026-05-09 16:59:45.932] [SRV] ** ComfyUI Path: C:\Users\runneradmin\AppData\Local\Programs\ComfyUI\resources\ComfyUI
[2026-05-09 16:59:45.932] [SRV] ** ComfyUI Base Folder Path: C:\Users\runneradmin\AppData\Local\Programs\ComfyUI\resources\ComfyUI
[2026-05-09 16:59:45.932] [SRV] 
[2026-05-09 16:59:45.933] [SRV] [2026-05-09 16:59:45.933] [info]  ** User directory: C:\Users\runneradmin\Documents\ComfyUI\user
[2026-05-09 16:59:45.933] [SRV] ** ComfyUI-Manager config path: C:\Users\runneradmin\Documents\ComfyUI\user\__manager\config.ini
[2026-05-09 16:59:45.933] [SRV] 
[2026-05-09 16:59:45.934] [SRV] [2026-05-09 16:59:45.934] [info]  ** Log path: C:\Users\runneradmin\Documents\ComfyUI\user\comfyui.log
[2026-05-09 16:59:45.934] [SRV] 
[2026-05-09 16:59:47.051] [SRV] [2026-05-09 16:59:47.051] [info]  [ComfyUI-Manager] Skipped fixing the 'comfyui-frontend-package' dependency because the ComfyUI is outdated.
[2026-05-09 16:59:47.051] [SRV] 
[2026-05-09 16:59:47.053] [SRV] [2026-05-09 16:59:47.053] [info]  [PRE] ComfyUI-Manager
[2026-05-09 16:59:47.053] [SRV] 
[2026-05-09 16:59:47.401] [SRV] [2026-05-09 16:59:47.401] [error] [comfy-env] comfyui-geometrypack: 1 isolation env(s):
[2026-05-09 16:59:47.402] [SRV] [2026-05-09 16:59:47.402] [error] 
[2026-05-09 16:59:47.402] [SRV] [comfy-env]   nodes -> C:\Users\runneradmin\Documents\ComfyUI\custom_nodes\comfyui-geometrypack\nodes
[2026-05-09 16:59:47.402] [SRV] [comfy-env] prestartup complete
[2026-05-09 16:59:47.403] [SRV] [2026-05-09 16:59:47.403] [error] 
[2026-05-09 16:59:47.403] [SRV] 
[2026-05-09 16:59:50.164] [SRV] [2026-05-09 16:59:50.164] [info]  Found comfy_kitchen backend eager: {'available': True, 'disabled': False, 'unavailable_reason': None, 'capabilities': ['apply_rope', 'apply_rope1', 'dequantize_mxfp8', 'dequantize_nvfp4', 'dequantize_per_tensor_fp8', 'quantize_mxfp8', 'quantize_nvfp4', 'quantize_per_tensor_fp8', 'scaled_mm_mxfp8', 'scaled_mm_nvfp4']}
[2026-05-09 16:59:50.164] [SRV] 
[2026-05-09 16:59:50.166] [SRV] [2026-05-09 16:59:50.166] [info]  Found comfy_kitchen backend cuda: {'available': False, 'disabled': True, 'unavailable_reason': 'CUDA not available on this system', 'capabilities': []}
[2026-05-09 16:59:50.166] [SRV] Found comfy_kitchen backend triton: {'available': False, 'disabled': True, 'unavailable_reason': "ImportError: No module named 'triton'", 'capabilities': []}
[2026-05-09 16:59:50.166] [SRV] 
[2026-05-09 16:59:50.171] [SRV] [2026-05-09 16:59:50.171] [info]  Checkpoint files will always be loaded safely.
[2026-05-09 16:59:50.171] [SRV] 
[2026-05-09 16:59:50.186] [SRV] [2026-05-09 16:59:50.186] [info]  Total VRAM 16379 MB, total RAM 16379 MB
[2026-05-09 16:59:50.186] [SRV] 
[2026-05-09 16:59:50.187] [SRV] [2026-05-09 16:59:50.187] [info]  pytorch version: 2.10.0+cpu
[2026-05-09 16:59:50.187] [SRV] Set vram state to: DISABLED
[2026-05-09 16:59:50.187] [SRV] Device: cpu
[2026-05-09 16:59:50.187] [SRV] 
[2026-05-09 16:59:50.519] [SRV] [2026-05-09 16:59:50.519] [info]  Using sub quadratic optimization for attention, if you have memory or speed issues try using: --use-split-cross-attention
[2026-05-09 16:59:50.519] [SRV] 
[2026-05-09 16:59:53.273] [SRV] [2026-05-09 16:59:53.273] [info]  Python version: 3.12.11 (main, Aug 18 2025, 19:17:54) [MSC v.1944 64 bit (AMD64)]
[2026-05-09 16:59:53.273] [SRV] 
[2026-05-09 16:59:53.274] [SRV] [2026-05-09 16:59:53.274] [info]  ComfyUI version: 0.20.1
[2026-05-09 16:59:53.274] [SRV] comfy-aimdo version: 0.2.14
[2026-05-09 16:59:53.274] [SRV] 
[2026-05-09 16:59:53.276] [SRV] [2026-05-09 16:59:53.276] [info]  comfy-kitchen version: 0.2.8
[2026-05-09 16:59:53.276] [SRV] 
[2026-05-09 16:59:53.278] [SRV] [2026-05-09 16:59:53.278] [info]  [Prompt Server] web root: C:\Users\runneradmin\AppData\Local\Programs\ComfyUI\resources\ComfyUI\web_custom_versions\desktop_app
[2026-05-09 16:59:53.278] [SRV] 
[2026-05-09 16:59:53.280] [SRV] [2026-05-09 16:59:53.280] [info]  Asset seeder disabled
[2026-05-09 16:59:53.280] [SRV] 
[2026-05-09 16:59:53.281] [SRV] [2026-05-09 16:59:53.281] [info]  [START] ComfyUI-Manager
[2026-05-09 16:59:53.281] [SRV] 
[2026-05-09 16:59:53.420] [SRV] [2026-05-09 16:59:53.420] [info]  [ComfyUI-Manager] Using GitPython backend
[2026-05-09 16:59:53.420] [SRV] 
[2026-05-09 16:59:53.489] [SRV] [2026-05-09 16:59:53.489] [info]  [ComfyUI-Manager] network_mode: public
[2026-05-09 16:59:53.489] [SRV] 
[2026-05-09 16:59:53.492] [SRV] [2026-05-09 16:59:53.492] [info]  [ComfyUI-Manager] The matrix sharing feature has been disabled because the `matrix-nio` dependency is not installed.
[2026-05-09 16:59:53.492] [SRV] 	To use this feature, please run the following command:
[2026-05-09 16:59:53.492] [SRV] 	C:\Users\runneradmin\Documents\ComfyUI\.venv\Scripts\python.exe -m pip install matrix-nio
[2026-05-09 16:59:53.492] [SRV] 
[2026-05-09 16:59:53.492] [SRV] 
[2026-05-09 16:59:55.187] [SRV] [2026-05-09 16:59:55.187] [info]  loading...
[2026-05-09 16:59:55.187] [SRV] 
[2026-05-09 16:59:55.189] [SRV] [2026-05-09 16:59:55.189] [info]  calling register_nodes
[2026-05-09 16:59:55.189] [SRV] 
[2026-05-09 16:59:55.194] [SRV] [2026-05-09 16:59:55.194] [error] [comfy-env] Version: 0.3.78
[2026-05-09 16:59:55.195] [SRV] [2026-05-09 16:59:55.195] [error] 
[2026-05-09 16:59:55.195] [SRV] 
[2026-05-09 16:59:58.709] [SRV] [2026-05-09 16:59:58.709] [info]  [comfy-env] Removed stale temp dir: C:\Users\RUNNER~1\AppData\Local\Temp\comfyui_pvenv_fa5k2_w_
[2026-05-09 16:59:58.709] [SRV] 
[2026-05-09 16:59:59.090] [SRV] [2026-05-09 16:59:59.090] [error] [comfy-env] register_nodes: comfyui-geometrypack
[2026-05-09 16:59:59.091] [SRV] [2026-05-09 16:59:59.091] [error] 
[2026-05-09 16:59:59.091] [SRV] 
[2026-05-09 16:59:59.111] [SRV] [2026-05-09 16:59:59.111] [error] [comfy-env] ComfyUI source dir: C:\Users\runneradmin\AppData\Local\Programs\ComfyUI\resources\ComfyUI
[2026-05-09 16:59:59.112] [SRV] [2026-05-09 16:59:59.112] [error] 
[2026-05-09 16:59:59.112] [SRV] 
[2026-05-09 16:59:59.117] [SRV] [2026-05-09 16:59:59.117] [error] [comfy-env] Scanning nodes metadata (isolation root)...
[2026-05-09 16:59:59.118] [SRV] [2026-05-09 16:59:59.118] [error] 
[2026-05-09 16:59:59.118] [SRV] 
[2026-05-09 16:59:59.159] [SRV] [2026-05-09 16:59:59.159] [error] [comfy-env] Cache hit for nodes: 125 nodes
[2026-05-09 16:59:59.160] [SRV] [2026-05-09 16:59:59.160] [error] 
[2026-05-09 16:59:59.160] [SRV] [comfy-env] Scanned nodes root: 125 nodes (0.0s)
[2026-05-09 16:59:59.162] [SRV] [2026-05-09 16:59:59.162] [error] 
[2026-05-09 16:59:59.162] [SRV] 
[2026-05-09 16:59:59.165] [SRV] [2026-05-09 16:59:59.165] [error] [comfy-env] Imported nodes root: 125 nodes (isolation)
[2026-05-09 16:59:59.167] [SRV] [2026-05-09 16:59:59.167] [error] 
[2026-05-09 16:59:59.167] [SRV] [comfy-env] Registered 125 total nodes
[2026-05-09 16:59:59.168] [SRV] [2026-05-09 16:59:59.168] [error] 
[2026-05-09 16:59:59.168] [SRV] 
[2026-05-09 16:59:59.171] [SRV] [2026-05-09 16:59:59.171] [info]  
[2026-05-09 16:59:59.171] [SRV] Import times for custom nodes:
[2026-05-09 16:59:59.171] [SRV] 
[2026-05-09 16:59:59.173] [SRV] [2026-05-09 16:59:59.173] [info]     0.0 seconds: C:\Users\runneradmin\AppData\Local\Programs\ComfyUI\resources\ComfyUI\custom_nodes\websocket_image_save.py
[2026-05-09 16:59:59.173] [SRV]    4.0 seconds: C:\Users\runneradmin\Documents\ComfyUI\custom_nodes\comfyui-geometrypack
[2026-05-09 16:59:59.173] [SRV] 
[2026-05-09 16:59:59.173] [SRV] 
[2026-05-09 16:59:59.177] [SRV] [2026-05-09 16:59:59.177] [info]  Context impl SQLiteImpl.
[2026-05-09 16:59:59.177] [SRV] 
[2026-05-09 16:59:59.179] [SRV] [2026-05-09 16:59:59.179] [info]  Will assume non-transactional DDL.
[2026-05-09 16:59:59.179] [SRV] 
[2026-05-09 16:59:59.185] [SRV] [2026-05-09 16:59:59.185] [error] Failed to initialize database. Please ensure you have installed the latest requirements. If the error persists, please report this as in future the database will be required: Could not acquire lock on database 'C:/Users/runneradmin/Documents/ComfyUI/user/comfyui.db'. Another ComfyUI process may already be using it. Use --database-url to specify a separate database file.
[2026-05-09 16:59:59.185] [SRV] 
[2026-05-09 16:59:59.279] [SRV] [2026-05-09 16:59:59.279] [info]  Starting server
[2026-05-09 16:59:59.279] [SRV] 
[2026-05-09 16:59:59.279] [SRV] 
[2026-05-09 16:59:59.280] [SRV] [2026-05-09 16:59:59.280] [info]  To see the GUI go to: http://127.0.0.1:8001
[2026-05-09 16:59:59.280] [SRV] 
[2026-05-09 17:00:02.440] [SRV] [2026-05-09 17:00:02.440] [info]  [ComfyUI-Manager] The ComfyRegistry cache update is still in progress, so an outdated cache is being used.
[2026-05-09 17:00:02.440] [SRV] 
[2026-05-09 17:00:02.620] [SRV] [2026-05-09 17:00:02.620] [info]  FETCH DATA from: C:\Users\runneradmin\Documents\ComfyUI\.venv\Lib\site-packages\comfyui_manager\custom-node-list.json
[2026-05-09 17:00:02.660] [SRV] [2026-05-09 17:00:02.660] [info]   [DONE]
[2026-05-09 17:00:02.660] [SRV] 
[2026-05-09 17:00:05.888] [SRV] [2026-05-09 17:00:05.888] [info]  [ComfyUI-Manager] The ComfyRegistry cache update is still in progress, so an outdated cache is being used.
[2026-05-09 17:00:05.888] [SRV] 
[2026-05-09 17:00:06.046] [SRV] [2026-05-09 17:00:06.046] [info]  FETCH DATA from: C:\Users\runneradmin\Documents\ComfyUI\.venv\Lib\site-packages\comfyui_manager\custom-node-list.json
[2026-05-09 17:00:06.074] [SRV] [2026-05-09 17:00:06.074] [info]   [DONE]
[2026-05-09 17:00:06.075] [SRV] [2026-05-09 17:00:06.075] [info]  
[2026-05-09 17:00:06.075] [SRV] 
[2026-05-09 17:00:26.202] [SRV] [2026-05-09 17:00:26.202] [info]  got prompt
[2026-05-09 17:00:26.202] [SRV] 
[2026-05-09 17:00:26.223] [SRV] [2026-05-09 17:00:26.223] [info]  [comfyui-geometrypack] python: C:\Users\runneradmin\Documents\ComfyUI\.ce\.pixi\envs\geometrypack-nodes\python.exe
[2026-05-09 17:00:26.225] [SRV] [2026-05-09 17:00:26.225] [info]  
[2026-05-09 17:00:26.225] [SRV] [comfyui-geometrypack] sys_path sent to worker: ['C:\\Users\\runneradmin\\AppData\\Local\\Programs\\ComfyUI\\resources\\ComfyUI', 'C:\\Users\\runneradmin\\Documents\\ComfyUI\\custom_nodes\\comfyui-geometrypack', 'C:\\Users\\runneradmin\\Documents\\ComfyUI\\.ce\\.pixi\\envs\\geometrypack-nodes\\Lib\\site-packages', 'C:\\Users\\runneradmin\\Documents\\ComfyUI\\custom_nodes\\comfyui-geometrypack']
[2026-05-09 17:00:26.225] [SRV] 
[2026-05-09 17:00:31.691] [SRV] [2026-05-09 17:00:31.691] [error] [worker:comfyui-geometrypack] INFO: Found mesh in input folder: 3d/mount_textured.glb
[2026-05-09 17:00:31.692] [SRV] [2026-05-09 17:00:31.692] [error] 
[2026-05-09 17:00:31.692] [SRV] 
[2026-05-09 17:00:31.698] [SRV] [2026-05-09 17:00:31.698] [error] [worker:comfyui-geometrypack] INFO: Loading: C:\Users\runneradmin\Documents\ComfyUI\input\3d/mount_textured.glb
[2026-05-09 17:00:31.698] [SRV] 
[2026-05-09 17:00:31.714] [SRV] [2026-05-09 17:00:31.714] [error] [worker:comfyui-geometrypack] INFO: Converting Scene to single mesh (scene has 2 geometries)
[2026-05-09 17:00:31.714] [SRV] 
[2026-05-09 17:00:31.790] [SRV] [2026-05-09 17:00:31.790] [error] [worker:comfyui-geometrypack] INFO: Initial mesh: 3604 vertices, 6964 faces
[2026-05-09 17:00:31.790] [SRV] 
[2026-05-09 17:00:31.799] [SRV] [2026-05-09 17:00:31.799] [error] [worker:comfyui-geometrypack] INFO: Successfully loaded: 3604 vertices, 6964 faces
[2026-05-09 17:00:31.800] [SRV] [2026-05-09 17:00:31.800] [error] 
[2026-05-09 17:00:31.800] [SRV] 
[2026-05-09 17:00:31.803] [SRV] [2026-05-09 17:00:31.803] [error] [worker:comfyui-geometrypack] INFO: Loaded: 3604 vertices, 6964 faces
[2026-05-09 17:00:31.803] [SRV] 
[2026-05-09 17:00:32.572] [SRV] [2026-05-09 17:00:32.572] [error] [comfyui-geometrypack] Health check: ping (timeout=5.0s)...
[2026-05-09 17:00:32.575] [SRV] [2026-05-09 17:00:32.575] [error] 
[2026-05-09 17:00:32.575] [SRV] [comfyui-geometrypack] Health check: ok
[2026-05-09 17:00:32.575] [SRV] 
[2026-05-09 17:00:32.696] [SRV] [2026-05-09 17:00:32.696] [error] [worker:comfyui-geometrypack] INFO: Preparing preview: Mesh - 3604 vertices, 6964 faces
[2026-05-09 17:00:32.696] [SRV] [worker:comfyui-geometrypack] INFO: Mode: texture
[2026-05-09 17:00:32.696] [SRV] [worker:comfyui-geometrypack] INFO: Visual data - has_visual: True, kind: texture, texture: True, vertex_colors: False
[2026-05-09 17:00:32.696] [SRV] [worker:comfyui-geometrypack] INFO: Using texture mode - GLB export
[2026-05-09 17:00:32.696] [SRV] [worker:comfyui-geometrypack] INFO: Set alphaMode to OPAQUE for texture mode
[2026-05-09 17:00:32.696] [SRV] 
[2026-05-09 17:00:32.910] [SRV] [2026-05-09 17:00:32.910] [error] [worker:comfyui-geometrypack] INFO: Exported GLB to: C:\Users\runneradmin\Documents\ComfyUI\output\preview_vtk_91e0bc42.glb
[2026-05-09 17:00:32.910] [SRV] 
[2026-05-09 17:00:32.918] [SRV] [2026-05-09 17:00:32.918] [error] [worker:comfyui-geometrypack] INFO: Texture mode info: watertight=False, volume=None, area=720.728733148043, texture=True, vertex_colors=False
[2026-05-09 17:00:32.918] [SRV] 
[2026-05-09 17:00:32.936] [SRV] [2026-05-09 17:00:32.936] [info]  Prompt executed in 6.73 seconds
[2026-05-09 17:00:32.936] [SRV] 