Capturing execution frames: alpha_wrap.json
  Frame 1 saved (frame_000.jpg, t=0.0s)
  Validating workflow...
  Queuing workflow for execution...
  Frame 2 saved (frame_001.jpg, t=2.7s)
  [capture-periodic] freeze=9ms shot=295ms unfreeze=26ms saved=True
  Frame 3 saved (frame_002.jpg, t=5.1s)
  [capture-periodic] freeze=5ms shot=242ms unfreeze=23ms saved=True
  [capture-loop] iter=50 t=7.2s state={'complete': False, 'error': None, 'executedCount': 0, 'wsState': 1} eval_ms=10 ram=3.7/7.0GB (58%) swap=0.0/0.0GB (0%) cpu=56% browser_rss=0.74GB
  Frame 4 saved (frame_003.jpg, t=10.1s)
  [capture-periodic] freeze=9ms shot=256ms unfreeze=25ms saved=True
  Frame 5 saved (frame_004.jpg, t=12.4s)
  [capture-periodic] freeze=9ms shot=261ms unfreeze=27ms saved=True
  Node executed (1 total), capturing...
  Frame 6 saved (frame_005.jpg, t=14.0s)
  [capture-node] freeze=13ms shot=374ms unfreeze=36ms saved=True
  Node executed (2 total), capturing...
  Frame 7 saved (frame_006.jpg, t=14.7s)
  [capture-node] freeze=9ms shot=209ms unfreeze=35ms saved=True
  [capture-loop] iter=100 t=15.4s state={'complete': False, 'error': None, 'executedCount': 2, 'wsState': 1} eval_ms=6 ram=3.7/7.0GB (59%) swap=0.0/0.0GB (0%) cpu=66% browser_rss=0.72GB
  Node executed (3 total), capturing...
  Frame 8 saved (frame_007.jpg, t=17.2s)
  [capture-node] freeze=9ms shot=237ms unfreeze=13ms saved=True
  Node executed (4 total), capturing...
  Frame 9 saved (frame_008.jpg, t=17.8s)
  [capture-node] freeze=11ms shot=213ms unfreeze=0ms saved=True
  Execution complete (t=17.8s)
  Captured 9 unique frames over 18.04s
  [debug] iframes: 2
  [debug]   iframe[0]: src=http://127.0.0.1:8188/extensions/ComfyUI-GeometryPack/viewer_dual.html?v=1778015, canvas=300x300, rafFrozen=True
  [debug]   iframe[1]: src=http://127.0.0.1:8188/extensions/ComfyUI-GeometryPack/viewer_multi.html?v=177801, canvas=300x300, rafFrozen=True
  [timing] trigger_3d_previews: 0.0s
  Saved high-quality screenshot: alpha_wrap_executed.png
  [timing] final_screenshot: 1.0s
    Captured 10 video frames