Capturing execution frames: batch_remesh.json
  Frame 1 saved (frame_000.jpg, t=0.0s)
  Validating workflow...
  Queuing workflow for execution...
  Node executed (1 total), capturing...
  Frame 2 saved (frame_001.jpg, t=1.6s)
  [capture-node] freeze=3ms shot=194ms unfreeze=17ms saved=True
  Node executed (2 total), capturing...
  Frame 3 saved (frame_002.jpg, t=2.1s)
  [capture-node] freeze=3ms shot=179ms unfreeze=17ms saved=True
  Node executed (3 total), capturing...
  Frame 4 saved (frame_003.jpg, t=3.1s)
  [capture-node] freeze=3ms shot=184ms unfreeze=6ms saved=True
  Node executed (6 total), capturing...
  Frame 5 saved (frame_004.jpg, t=3.6s)
  [capture-node] freeze=3ms shot=150ms unfreeze=0ms saved=True
  Execution complete (t=3.6s)
  Captured 5 unique frames over 3.73s
  [debug] iframes: 1
  [debug]   iframe[0]: src=http://127.0.0.1:8188/extensions/ComfyUI-GeometryPack/viewer_vtk.html?v=17783470, canvas=622x373, rafFrozen=True
  [timing] trigger_3d_previews: 0.0s
  Saved high-quality screenshot: batch_remesh_executed.png
  [timing] final_screenshot: 0.3s
    Captured 6 video frames