Capturing execution frames: boolean_ops_all.json
  Frame 1 saved (frame_000.jpg, t=0.0s)
  Validating workflow...
  Queuing workflow for execution...
  Node executed (1 total), capturing...
  Frame 2 saved (frame_001.jpg, t=1.1s)
  [capture-node] freeze=5ms shot=269ms unfreeze=19ms saved=True
  Node executed (2 total), capturing...
  Frame 3 saved (frame_002.jpg, t=1.9s)
  [capture-node] freeze=4ms shot=248ms unfreeze=18ms saved=True
  Node executed (3 total), capturing...
  Frame 4 saved (frame_003.jpg, t=2.5s)
  [capture-node] freeze=4ms shot=233ms unfreeze=0ms saved=True
  Execution complete (t=2.5s)
  Captured 4 unique frames over 2.77s
  [debug] iframes: 1
  [debug]   iframe[0]: src=http://127.0.0.1:8188/extensions/ComfyUI-GeometryPack/viewer_multi.html?v=177801, canvas=300x300, rafFrozen=True
  [timing] trigger_3d_previews: 0.0s
  Saved high-quality screenshot: boolean_ops_all_executed.png
  [timing] final_screenshot: 1.2s
    Captured 5 video frames