[Console-error] Failed to load resource: the server responded with a status of 404 (Not Found)
[Console-error] Failed to load resource: the server responded with a status of 404 (Not Found)
[Console-warning] [ComfyUI] The legacy queue/history menu is deprecated. Core functionality in this menu may break at any time. Issues and feature requests related to the legacy menu will not be addressed. To switch to the new menu: Settings → search "Use new menu" → change from "Disabled" to "Top".
[Console-warning] [ComfyUI] The legacy queue/history menu is deprecated. Core functionality in this menu may break at any time. Issues and feature requests related to the legacy menu will not be addressed. To switch to the new menu: Settings → search "Use new menu" → change from "Disabled" to "Top".
[Console-error] Failed to load resource: the server responded with a status of 404 (Not Found)
[Console-error] ComfyApp graph accessed before initialization
[Console-error] Failed to load resource: the server responded with a status of 404 (Not Found)
[Console-error] Failed to load resource: the server responded with a status of 404 (Not Found)
[Console-error] Failed to load resource: the server responded with a status of 404 (Not Found)
[Console-warning] WARNING: Multiple instances of Three.js being imported.
[Console-log] [VTK Bundle] GLTFImporter included in bundle
[Console-log] [GeomPack Multi JS] Loading mesh_preview_multi.js extension
[Console-log] [CompareSMPLBVH] Loading Compare SMPL BVH extension
[Console-log] [CompareSMPLBVH] Loading Compare SMPL BVH extension...
[Console-log] [CompareSMPLBVH] Extension registered: comfy3d.comparesmplbvh
[Console-log] [FBX Preview] Auto-registering for all known FBX preview node types...
[Console-log] [UniRig] Loading FBX mesh preview extension...
[Console-log] [UniRig] Detected extension folder: ComfyUI-GeometryPack
[Console-log] [UniRig] FBX mesh preview extension registered
[Console-log] [SAM3DBody] Loading FBX mesh preview extension...
[Console-log] [SAM3DBody] Detected extension folder: ComfyUI-GeometryPack
[Console-log] [SAM3DBody] FBX mesh preview extension registered
[Console-log] [MotionCapture] Loading FBX mesh preview extension...
[Console-log] [MotionCapture] Detected extension folder: ComfyUI-GeometryPack
[Console-log] [MotionCapture] FBX mesh preview extension registered
[Console-log] [MotionCapture] Loading FBX mesh preview extension...
[Console-log] [MotionCapture] Detected extension folder: ComfyUI-GeometryPack
[Console-log] [MotionCapture] FBX mesh preview extension registered
[Console-log] [GeomPack] Loading mesh preview extension...
[Console-log] [GeomPack] Mesh preview extension registered
[Console-log] [BVHViewer] Loading BVH Viewer extension
[Console-log] [BVHViewer] Loading BVH viewer extension...
[Console-log] [BVHViewer] Extension registered: comfy3d.bvhviewer
[Console-log] [FBXAnimationViewer] Loading FBX Animation Viewer extension
[Console-log] [FBXAnimationViewer] Loading FBX Animation Viewer extension...
[Console-log] [FBXAnimationViewer] Extension registered: comfy3d.fbxanimationviewer
[Console-log] [GeomPack] Loading VTK.js textured mesh preview extension...
[Console-log] [GeomPack] VTK.js textured mesh preview extension registered
[Console-log] [GeomPack] Loading UV mesh preview extension...
[Console-log] [GeomPack] UV mesh preview extension registered
[Console-log] [UniRig Compare] Loading compare skeleton widget...
[Console-log] [UniRig Compare] Detected extension folder: ComfyUI-GeometryPack
[Console-log] [UniRig Compare] Compare skeleton widget registered
[Console-log] [GeomPack Gaussian] Loading extension...
[Console-log] [UniRig Debug] Loading FBX mesh preview extension...
[Console-log] [UniRig Debug] Detected extension folder: ComfyUI-GeometryPack
[Console-log] [UniRig Debug] FBX mesh preview extension registered
[Console-warning] [MaskEditor] ComfyApp.open_maskeditor is deprecated. Plugins should migrate to using the command system or direct node context menu integration.
[Console-log] [GeomPack] Registering Preview Mesh node
[Console-log] [GeomPack] Registering Preview Mesh UV node
[Console-log] [GeomPack Gaussian] Registering Preview Gaussian node
[Console-log] [VTK Bundle] GLTFImporter included in bundle
[Console-log] [GeomPack VTK Dual Viewer] Initializing...
[Console-log] [GeomPack VTK Dual Viewer] Ready
[Console-log] [GeomPack Multi JS] Creating PreviewMeshMulti node widget
[Console-log] [VTK Bundle] GLTFImporter included in bundle
[Console-log] [GeomPack VTK Multi Viewer] Initializing...
[Console-log] [GeomPack VTK Multi Viewer] Ready
[Console-log] [GeomPack Multi] Iframe loaded
[Console-log] [comfy-test] graphToPrompt: 5 nodes, missing class_type: [], sample: {"inputs":{"shape":"sphere","size":1,"subdivisions":4},"class_type":"GeomPackCreatePrimitive","_meta":{"title":"Create Primitive"}}
[Console-log] [GeomPack Multi] onExecuted: 2 meshes, grid 2x1
[Console-log] [GeomPack Multi] Sending message to iframe: {type: LOAD_MULTI_MESH, numMeshes: 2, meshFiles: Array(2), timestamp: 1778015936286, showEdges: true}
[Console-log] [GeomPack VTK Multi Viewer] Received LOAD_MULTI_MESH message: {type: LOAD_MULTI_MESH, numMeshes: 2, meshFiles: Array(2), timestamp: 1778015936286, showEdges: true}
[Console-error] no webgl context
[Console-error] [GeomPack VTK Multi Viewer] Error loading meshes: TypeError: Cannot create proxy with a non-object as target or handler
    at Gg.e.get3DContext (http://127.0.0.1:8188/extensions/ComfyUI-GeometryPack/js/vtk-gltf.js:2:547571)
    at e.<computed> [as get3DContext] (http://127.0.0.1:8188/extensions/ComfyUI-GeometryPack/js/vtk-gltf.js:2:563844)
    at Gg.e.initialize (http://127.0.0.1:8188/extensions/ComfyUI-GeometryPack/js/vtk-gltf.js:2:545953)
    at Gg.e.buildPass (http://127.0.0.1:8188/extensions/ComfyUI-GeometryPack/js/vtk-gltf.js:2:545699)
    at e.apply (http://127.0.0.1:8188/extensions/ComfyUI-GeometryPack/js/vtk-gltf.js:2:43533)
    at e.traverse (http://127.0.0.1:8188/extensions/ComfyUI-GeometryPack/js/vtk-gltf.js:2:43396)
    at e.traverse (http://127.0.0.1:8188/extensions/ComfyUI-GeometryPack/js/vtk-gltf.js:2:522904)
    at Gg.e.traverseAllPasses (http://127.0.0.1:8188/extensions/ComfyUI-GeometryPack/js/vtk-gltf.js:2:560178)
    at f (http://127.0.0.1:8188/extensions/ComfyUI-GeometryPack/js/vtk-gltf.js:2:489831)
    at e.render (http://127.0.0.1:8188/extensions/ComfyUI-GeometryPack/js/vtk-gltf.js:2:497982)