Capturing execution frames: decimate_all.json
  Frame 1 saved (frame_000.jpg, t=0.0s)
  Validating workflow...
  Queuing workflow for execution...
  Node executed (1 total), capturing...
  Frame 2 saved (frame_001.jpg, t=2.5s)
  [capture-node] freeze=6ms shot=192ms unfreeze=24ms saved=True
  Node executed (2 total), capturing...
  Frame 3 saved (frame_002.jpg, t=4.0s)
  [capture-node] freeze=3ms shot=182ms unfreeze=20ms saved=True
  Node executed (3 total), capturing...
  Frame 4 saved (frame_003.jpg, t=4.6s)
  [capture-node] freeze=428ms shot=272ms unfreeze=15ms saved=True
  Node executed (4 total), capturing...
  Frame 5 saved (frame_004.jpg, t=6.0s)
  [capture-node] freeze=4ms shot=277ms unfreeze=9ms saved=True
  Node executed (6 total), capturing...
  Frame 6 saved (frame_005.jpg, t=6.7s)
  [capture-node] freeze=8ms shot=390ms unfreeze=264ms saved=True
  Execution complete (t=7.5s)
  Captured 6 unique frames over 7.46s
  [debug] iframes: 2
  [debug]   iframe[0]: src=http://127.0.0.1:8188/extensions/ComfyUI-GeometryPack/viewer_multi.html?v=177834, canvas=244x393, rafFrozen=False
  [debug]   iframe[1]: src=http://127.0.0.1:8188/extensions/ComfyUI-GeometryPack/viewer_multi.html?v=177834, canvas=244x393, rafFrozen=False
  [timing] trigger_3d_previews: 0.0s
  Saved high-quality screenshot: decimate_all_executed.png
  [timing] final_screenshot: 0.5s
    Captured 7 video frames