Capturing execution frames: depth_map_to_mesh.json
  Frame 1 saved (frame_000.jpg, t=0.0s)
  Validating workflow...
  Queuing workflow for execution...
  Frame 2 saved (frame_001.jpg, t=2.4s)
  [capture-periodic] freeze=4ms shot=161ms unfreeze=3ms saved=True
  Node executed (1 total), capturing...
  Frame 3 saved (frame_002.jpg, t=3.9s)
  [capture-node] freeze=4ms shot=211ms unfreeze=16ms saved=True
  Frame 4 saved (frame_003.jpg, t=6.2s)
  [capture-periodic] freeze=3ms shot=237ms unfreeze=19ms saved=True
  [capture-loop] iter=50 t=6.6s state={'complete': False, 'error': None, 'executedCount': 1, 'wsState': 1} eval_ms=4 ram=3.6/7.0GB (63%) swap=0.0/0.0GB (0%) cpu=59% browser_rss=0.65GB
  Node executed (2 total), capturing...
  Frame 5 saved (frame_004.jpg, t=7.0s)
  [capture-node] freeze=9ms shot=216ms unfreeze=0ms saved=True
  Execution complete (t=7.0s)
  Captured 5 unique frames over 7.26s
  [debug] iframes: 1
  [debug]   iframe[0]: src=http://127.0.0.1:8188/extensions/ComfyUI-GeometryPack/viewer_vtk.html?v=17783470, canvas=486x384, rafFrozen=True
  [timing] trigger_3d_previews: 0.0s
  Saved high-quality screenshot: depth_map_to_mesh_executed.png
  [timing] final_screenshot: 0.6s
    Captured 6 video frames