Capturing execution frames: fix_normals_all.json
  Frame 1 saved (frame_000.jpg, t=0.0s)
  Validating workflow...
  Queuing workflow for execution...
  Frame 2 saved (frame_001.jpg, t=2.5s)
  [capture-periodic] freeze=6ms shot=272ms unfreeze=32ms saved=True
  Frame 3 saved (frame_002.jpg, t=4.9s)
  [capture-periodic] freeze=5ms shot=194ms unfreeze=21ms saved=True
  [capture-loop] iter=50 t=7.0s state={'complete': False, 'error': None, 'executedCount': 0, 'wsState': 1} eval_ms=6 ram=3.4/7.0GB (58%) swap=0.0/0.0GB (0%) cpu=85% browser_rss=0.76GB
  Frame 4 saved (frame_003.jpg, t=7.2s)
  [capture-periodic] freeze=5ms shot=164ms unfreeze=38ms saved=True
  Node executed (1 total), capturing...
  Frame 5 saved (frame_004.jpg, t=7.8s)
  [capture-node] freeze=10ms shot=230ms unfreeze=4ms saved=True
  Node executed (7 total), capturing...
  Frame 6 saved (frame_005.jpg, t=8.3s)
  [capture-node] freeze=6ms shot=348ms unfreeze=0ms saved=True
  Execution complete (t=8.3s)
  Captured 6 unique frames over 8.7s
  [debug] iframes: 2
  [debug]   iframe[0]: src=http://127.0.0.1:8188/extensions/ComfyUI-GeometryPack/viewer_multi.html?v=177801, canvas=300x300, rafFrozen=True
  [debug]   iframe[1]: src=http://127.0.0.1:8188/extensions/ComfyUI-GeometryPack/viewer_multi.html?v=177801, canvas=300x300, rafFrozen=True
  [timing] trigger_3d_previews: 0.0s
  Saved high-quality screenshot: fix_normals_all_executed.png
  [timing] final_screenshot: 1.1s
    Captured 7 video frames