Capturing execution frames: fix_self_intersection.json
  Frame 1 saved (frame_000.jpg, t=0.0s)
  Validating workflow...
  Queuing workflow for execution...
  Frame 2 saved (frame_001.jpg, t=2.4s)
  [capture-periodic] freeze=3ms shot=182ms unfreeze=18ms saved=True
  Frame 3 saved (frame_002.jpg, t=4.7s)
  [capture-periodic] freeze=4ms shot=186ms unfreeze=15ms saved=True
  Node executed (1 total), capturing...
  Frame 4 saved (frame_003.jpg, t=6.1s)
  [capture-node] freeze=3ms shot=185ms unfreeze=35ms saved=True
  Node executed (4 total), capturing...
  Frame 5 saved (frame_004.jpg, t=6.6s)
  [capture-node] freeze=16ms shot=229ms unfreeze=0ms saved=True
  Execution complete (t=6.6s)
  Captured 5 unique frames over 7.03s
  [debug] iframes: 1
  [debug]   iframe[0]: src=http://127.0.0.1:8188/extensions/ComfyUI-GeometryPack/viewer_dual.html?v=1778347, canvas=370x485, rafFrozen=True
  [timing] trigger_3d_previews: 0.0s
  Saved high-quality screenshot: fix_self_intersection_executed.png
  [timing] final_screenshot: 0.4s
    Captured 6 video frames