Capturing execution frames: mesh_mesh_distance.json
  Frame 1 saved (frame_000.jpg, t=0.0s)
  Validating workflow...
  Queuing workflow for execution...
  Frame 2 saved (frame_001.jpg, t=2.4s)
  [capture-periodic] freeze=3ms shot=192ms unfreeze=17ms saved=True
  Node executed (1 total), capturing...
  Frame 3 saved (frame_002.jpg, t=3.2s)
  [capture-node] freeze=11ms shot=253ms unfreeze=19ms saved=True
  Node executed (2 total), capturing...
  [capture-node] freeze=3ms shot=184ms unfreeze=18ms saved=False
  Frame 4 saved (frame_003.jpg, t=6.1s)
  [capture-periodic] freeze=3ms shot=232ms unfreeze=4ms saved=True
  Node executed (3 total), capturing...
  Frame 5 saved (frame_004.jpg, t=6.8s)
  [capture-node] freeze=5ms shot=164ms unfreeze=3ms saved=True
  Node executed (4 total), capturing...
  Frame 6 saved (frame_005.jpg, t=7.2s)
  [capture-node] freeze=4ms shot=181ms unfreeze=0ms saved=True
  Execution complete (t=7.2s)
  Captured 6 unique frames over 7.42s
  [debug] iframes: 0
  [timing] trigger_3d_previews: 0.0s
  Saved high-quality screenshot: mesh_mesh_distance_executed.png
  [timing] final_screenshot: 0.3s
    Captured 7 video frames