Capturing execution frames: normals.json
  Frame 1 saved (frame_000.jpg, t=0.0s)
  Validating workflow...
  [ComfyUI] === /validate endpoint called ===
  [ComfyUI] === /validate endpoint called ===
  [ComfyUI] Received JSON with keys: ['prompt']
  [ComfyUI] Received JSON with keys: ['prompt']
  [ComfyUI] Prompt has 4 nodes
  [ComfyUI] Prompt has 4 nodes
  [ComfyUI]   Node 1: GeomPackLoadMesh
  [ComfyUI]   Node 1: GeomPackLoadMesh
  [ComfyUI]     Inputs: {"file_path": "3d/Stanford_Bunny.stl"}
  [ComfyUI]     Inputs: {"file_path": "3d/Stanford_Bunny.stl"}
  [ComfyUI]   Node 2: GeomPackCheckNormals
  [ComfyUI]   Node 2: GeomPackCheckNormals
  [ComfyUI]     Inputs: {"report_panel": "false", "trimesh": ["1", 0]}
  [ComfyUI]     Inputs: {"report_panel": "false", "trimesh": ["1", 0]}
  [ComfyUI]   Node 3: GeomPackComputeNormals
  [ComfyUI]   Node 3: GeomPackComputeNormals
  [ComfyUI]     Inputs: {"smooth_vertex_normals": "true", "trimesh": ["1", 0]}
  [ComfyUI]     Inputs: {"smooth_vertex_normals": "true", "trimesh": ["1", 0]}
  [ComfyUI]   Node 7: GeomPackPreviewMeshVTK
  [ComfyUI]   Node 7: GeomPackPreviewMeshVTK
  [ComfyUI]     Inputs: {"mode": "fields", "preview_vtk": "{\"show_edges\":false,\"camera_state\":\"\",\"selected_field\":\"\",\"selected_channel\":\"magnitude\",\"selected_colormap\":\"erdc_rainbow_bright\"}", "trimesh": ["
  [ComfyUI]     Inputs: {"mode": "fields", "preview_vtk": "{\"show_edges\":false,\"camera_state\":\"\",\"selected_field\":\"\",\"selected_channel\":\"magnitude\",\"selected_colormap\":\"erdc_rainbow_bright\"}", "trimesh": ["
  [ComfyUI] Generated prompt_id: fe67faf6-6ad3-4a9f-a94b-87bdb66f6fa1
  [ComfyUI] Generated prompt_id: fe67faf6-6ad3-4a9f-a94b-87bdb66f6fa1
  [ComfyUI] Calling execution.validate_prompt()...
  [ComfyUI] Calling execution.validate_prompt()...
  [ComfyUI] Validation result: valid=True
  [ComfyUI] Validation result: valid=True
  [ComfyUI] === Validation PASSED ===
  [ComfyUI] === Validation PASSED ===
  Queuing workflow for execution...
  [ComfyUI] got prompt
  [ComfyUI] got prompt
  [ComfyUI] [comfy-env] Running GeomPackLoadMesh: file_path: '3d/Stanford_Bunny.stl'
  [ComfyUI] [comfy-env] Running GeomPackLoadMesh: file_path: '3d/Stanford_Bunny.stl'
  [ComfyUI] [SubprocessWorker] call_method: nodes.io.load_mesh.LoadMesh.EXECUTE_NORMALIZED
  [ComfyUI] [SubprocessWorker] call_method: nodes.io.load_mesh.LoadMesh.EXECUTE_NORMALIZED
  [ComfyUI] [SubprocessWorker] acquired lock, ensuring started...
  [ComfyUI] [SubprocessWorker] acquired lock, ensuring started...
  [ComfyUI] [ComfyUI-GeometryPack] Health check: ping (timeout=5.0s)...
  [ComfyUI] [ComfyUI-GeometryPack] Health check: ping (timeout=5.0s)...
  [ComfyUI] [ComfyUI-GeometryPack] Health check: failed
  [ComfyUI] [ComfyUI-GeometryPack] Health check: failed
  [ComfyUI] [ComfyUI-GeometryPack] Socket unhealthy, restarting worker...
  [ComfyUI] [ComfyUI-GeometryPack] Socket unhealthy, restarting worker...
  [ComfyUI] [ComfyUI-GeometryPack] python: /Users/runner/.ce/.pixi/envs/geometrypack-nodes/bin/python
  [ComfyUI] [ComfyUI-GeometryPack] python: /Users/runner/.ce/.pixi/envs/geometrypack-nodes/bin/python
  [ComfyUI] [ComfyUI-GeometryPack] sys_path sent to worker: ['/Users/runner/work/comfy-gpu-ci/comfy-gpu-ci/test_workspaces/GeometryPack-0931/ComfyUI', '/Users/runner/work/comfy-gpu-ci/comfy-gpu-ci/test_workspaces/GeometryPack-0931/ComfyUI/custom_nodes/ComfyUI-GeometryPack', '/Users/runner/.ce/.pixi/envs/geometrypack-nodes/lib/python3.1/site-packages', '/Users/runner/work/comfy-gpu-ci/comfy-gpu-ci/test_workspaces/GeometryPack-0931/ComfyUI/custom_nodes/ComfyUI-GeometryPack']
  [ComfyUI] [ComfyUI-GeometryPack] sys_path sent to worker: ['/Users/runner/work/comfy-gpu-ci/comfy-gpu-ci/test_workspaces/GeometryPack-0931/ComfyUI', '/Users/runner/work/comfy-gpu-ci/comfy-gpu-ci/test_workspaces/GeometryPack-0931/ComfyUI/custom_nodes/ComfyUI-GeometryPack', '/Users/runner/.ce/.pixi/envs/geometrypack-nodes/lib/python3.1/site-packages', '/Users/runner/work/comfy-gpu-ci/comfy-gpu-ci/test_workspaces/GeometryPack-0931/ComfyUI/custom_nodes/ComfyUI-GeometryPack']
  [ComfyUI] [SubprocessWorker] is_pixi=True, python=/Users/runner/.ce/.pixi/envs/geometrypack-nodes/bin/python
  [ComfyUI] [SubprocessWorker] is_pixi=True, python=/Users/runner/.ce/.pixi/envs/geometrypack-nodes/bin/python
  [ComfyUI] [SubprocessWorker] launching cmd=['/Users/runner/.pixi/bin/pixi', 'run', '--as-is', '--manifest-path', '/Users/runner/.ce/pixi.toml', '-e', 'geometrypack-nodes', 'python', '/var/folders/tb/y368xp_x10s3ty1b_mtl5mxr0000gn/T/comfyui_pvenv_tmmi6wvb/persistent_worker.py', 'unix:///var/folders/tb/y368xp_x10s3ty1b_mtl5mxr0000gn/T/comfy_worker_08b8a6bf3b48.sock']...
  [ComfyUI] [SubprocessWorker] launching cmd=['/Users/runner/.pixi/bin/pixi', 'run', '--as-is', '--manifest-path', '/Users/runner/.ce/pixi.toml', '-e', 'geometrypack-nodes', 'python', '/var/folders/tb/y368xp_x10s3ty1b_mtl5mxr0000gn/T/comfyui_pvenv_tmmi6wvb/persistent_worker.py', 'unix:///var/folders/tb/y368xp_x10s3ty1b_mtl5mxr0000gn/T/comfy_worker_08b8a6bf3b48.sock']...
  [ComfyUI] [SubprocessWorker] socket_addr=unix:///var/folders/tb/y368xp_x10s3ty1b_mtl5mxr0000gn/T/comfy_worker_08b8a6bf3b48.sock exists=True
  [ComfyUI] [SubprocessWorker] socket_addr=unix:///var/folders/tb/y368xp_x10s3ty1b_mtl5mxr0000gn/T/comfy_worker_08b8a6bf3b48.sock exists=True
  [ComfyUI] /Users/runner/.ce/.pixi/envs/geometrypack-nodes/lib/python3.12/multiprocessing/resource_tracker.py:279: UserWarning: resource_tracker: There appear to be 63 leaked shared_memory objects to clean up at shutdown
  [ComfyUI] /Users/runner/.ce/.pixi/envs/geometrypack-nodes/lib/python3.12/multiprocessing/resource_tracker.py:279: UserWarning: resource_tracker: There appear to be 63 leaked shared_memory objects to clean up at shutdown
  [ComfyUI]   warnings.warn('resource_tracker: There appear to be %d '
  [ComfyUI]   warnings.warn('resource_tracker: There appear to be %d '
  [ComfyUI] /Users/runner/.ce/.pixi/envs/geometrypack-nodes/lib/python3.12/multiprocessing/resource_tracker.py:292: UserWarning: resource_tracker: '/psm_a243869b': [Errno 2] No such file or directory: '/psm_a243869b'
  [ComfyUI] /Users/runner/.ce/.pixi/envs/geometrypack-nodes/lib/python3.12/multiprocessing/resource_tracker.py:292: UserWarning: resource_tracker: '/psm_a243869b': [Errno 2] No such file or directory: '/psm_a243869b'
  [ComfyUI]   warnings.warn('resource_tracker: %r: %s' % (name, e))
  [ComfyUI]   warnings.warn('resource_tracker: %r: %s' % (name, e))
  [ComfyUI] /Users/runner/.ce/.pixi/envs/geometrypack-nodes/lib/python3.12/multiprocessing/resource_tracker.py:292: UserWarning: resource_tracker: '/psm_3e2a8790': [Errno 2] No such file or directory: '/psm_3e2a8790'
  [ComfyUI] /Users/runner/.ce/.pixi/envs/geometrypack-nodes/lib/python3.12/multiprocessing/resource_tracker.py:292: UserWarning: resource_tracker: '/psm_3e2a8790': [Errno 2] No such file or directory: '/psm_3e2a8790'
  [ComfyUI]   warnings.warn('resource_tracker: %r: %s' % (name, e))
  [ComfyUI]   warnings.warn('resource_tracker: %r: %s' % (name, e))
  [ComfyUI] /Users/runner/.ce/.pixi/envs/geometrypack-nodes/lib/python3.12/multiprocessing/resource_tracker.py:292: UserWarning: resource_tracker: '/psm_cf22a055': [Errno 2] No such file or directory: '/psm_cf22a055'
  [ComfyUI] /Users/runner/.ce/.pixi/envs/geometrypack-nodes/lib/python3.12/multiprocessing/resource_tracker.py:292: UserWarning: resource_tracker: '/psm_cf22a055': [Errno 2] No such file or directory: '/psm_cf22a055'
  [ComfyUI]   warnings.warn('resource_tracker: %r: %s' % (name, e))
  [ComfyUI]   warnings.warn('resource_tracker: %r: %s' % (name, e))
  [ComfyUI] /Users/runner/.ce/.pixi/envs/geometrypack-nodes/lib/python3.12/multiprocessing/resource_tracker.py:292: UserWarning: resource_tracker: '/psm_47eba69c': [Errno 2] No such file or directory: '/psm_47eba69c'
  [ComfyUI] /Users/runner/.ce/.pixi/envs/geometrypack-nodes/lib/python3.12/multiprocessing/resource_tracker.py:292: UserWarning: resource_tracker: '/psm_47eba69c': [Errno 2] No such file or directory: '/psm_47eba69c'
  [ComfyUI]   warnings.warn('resource_tracker: %r: %s' % (name, e))
  [ComfyUI]   warnings.warn('resource_tracker: %r: %s' % (name, e))
  [ComfyUI] /Users/runner/.ce/.pixi/envs/geometrypack-nodes/lib/python3.12/multiprocessing/resource_tracker.py:292: UserWarning: resource_tracker: '/psm_c43733dd': [Errno 2] No such file or directory: '/psm_c43733dd'
  [ComfyUI] /Users/runner/.ce/.pixi/envs/geometrypack-nodes/lib/python3.12/multiprocessing/resource_tracker.py:292: UserWarning: resource_tracker: '/psm_c43733dd': [Errno 2] No such file or directory: '/psm_c43733dd'
  [ComfyUI]   warnings.warn('resource_tracker: %r: %s' % (name, e))
  [ComfyUI]   warnings.warn('resource_tracker: %r: %s' % (name, e))
  [ComfyUI] /Users/runner/.ce/.pixi/envs/geometrypack-nodes/lib/python3.12/multiprocessing/resource_tracker.py:292: UserWarning: resource_tracker: '/psm_533e3577': [Errno 2] No such file or directory: '/psm_533e3577'
  [ComfyUI] /Users/runner/.ce/.pixi/envs/geometrypack-nodes/lib/python3.12/multiprocessing/resource_tracker.py:292: UserWarning: resource_tracker: '/psm_533e3577': [Errno 2] No such file or directory: '/psm_533e3577'
  [ComfyUI]   warnings.warn('resource_tracker: %r: %s' % (name, e))
  [ComfyUI]   warnings.warn('resource_tracker: %r: %s' % (name, e))
  [ComfyUI] /Users/runner/.ce/.pixi/envs/geometrypack-nodes/lib/python3.12/multiprocessing/resource_tracker.py:292: UserWarning: resource_tracker: '/psm_c3e1a4dc': [Errno 2] No such file or directory: '/psm_c3e1a4dc'
  [ComfyUI] /Users/runner/.ce/.pixi/envs/geometrypack-nodes/lib/python3.12/multiprocessing/resource_tracker.py:292: UserWarning: resource_tracker: '/psm_c3e1a4dc': [Errno 2] No such file or directory: '/psm_c3e1a4dc'
  [ComfyUI]   warnings.warn('resource_tracker: %r: %s' % (name, e))
  [ComfyUI]   warnings.warn('resource_tracker: %r: %s' % (name, e))
  [ComfyUI] /Users/runner/.ce/.pixi/envs/geometrypack-nodes/lib/python3.12/multiprocessing/resource_tracker.py:292: UserWarning: resource_tracker: '/psm_89e4a435': [Errno 2] No such file or directory: '/psm_89e4a435'
  [ComfyUI] /Users/runner/.ce/.pixi/envs/geometrypack-nodes/lib/python3.12/multiprocessing/resource_tracker.py:292: UserWarning: resource_tracker: '/psm_89e4a435': [Errno 2] No such file or directory: '/psm_89e4a435'
  [ComfyUI]   warnings.warn('resource_tracker: %r: %s' % (name, e))
  [ComfyUI]   warnings.warn('resource_tracker: %r: %s' % (name, e))
  [ComfyUI] /Users/runner/.ce/.pixi/envs/geometrypack-nodes/lib/python3.12/multiprocessing/resource_tracker.py:292: UserWarning: resource_tracker: '/psm_2b2f645f': [Errno 2] No such file or directory: '/psm_2b2f645f'
  [ComfyUI] /Users/runner/.ce/.pixi/envs/geometrypack-nodes/lib/python3.12/multiprocessing/resource_tracker.py:292: UserWarning: resource_tracker: '/psm_2b2f645f': [Errno 2] No such file or directory: '/psm_2b2f645f'
  [ComfyUI]   warnings.warn('resource_tracker: %r: %s' % (name, e))
  [ComfyUI]   warnings.warn('resource_tracker: %r: %s' % (name, e))
  [ComfyUI] /Users/runner/.ce/.pixi/envs/geometrypack-nodes/lib/python3.12/multiprocessing/resource_tracker.py:292: UserWarning: resource_tracker: '/psm_437e395c': [Errno 2] No such file or directory: '/psm_437e395c'
  [ComfyUI] /Users/runner/.ce/.pixi/envs/geometrypack-nodes/lib/python3.12/multiprocessing/resource_tracker.py:292: UserWarning: resource_tracker: '/psm_437e395c': [Errno 2] No such file or directory: '/psm_437e395c'
  [ComfyUI]   warnings.warn('resource_tracker: %r: %s' % (name, e))
  [ComfyUI]   warnings.warn('resource_tracker: %r: %s' % (name, e))
  [ComfyUI] /Users/runner/.ce/.pixi/envs/geometrypack-nodes/lib/python3.12/multiprocessing/resource_tracker.py:292: UserWarning: resource_tracker: '/psm_2f01f39d': [Errno 2] No such file or directory: '/psm_2f01f39d'
  [ComfyUI] /Users/runner/.ce/.pixi/envs/geometrypack-nodes/lib/python3.12/multiprocessing/resource_tracker.py:292: UserWarning: resource_tracker: '/psm_2f01f39d': [Errno 2] No such file or directory: '/psm_2f01f39d'
  [ComfyUI]   warnings.warn('resource_tracker: %r: %s' % (name, e))
  [ComfyUI]   warnings.warn('resource_tracker: %r: %s' % (name, e))
  [ComfyUI] /Users/runner/.ce/.pixi/envs/geometrypack-nodes/lib/python3.12/multiprocessing/resource_tracker.py:292: UserWarning: resource_tracker: '/psm_c6a8040c': [Errno 2] No such file or directory: '/psm_c6a8040c'
  [ComfyUI] /Users/runner/.ce/.pixi/envs/geometrypack-nodes/lib/python3.12/multiprocessing/resource_tracker.py:292: UserWarning: resource_tracker: '/psm_c6a8040c': [Errno 2] No such file or directory: '/psm_c6a8040c'
  [ComfyUI]   warnings.warn('resource_tracker: %r: %s' % (name, e))
  [ComfyUI]   warnings.warn('resource_tracker: %r: %s' % (name, e))
  [ComfyUI] /Users/runner/.ce/.pixi/envs/geometrypack-nodes/lib/python3.12/multiprocessing/resource_tracker.py:292: UserWarning: resource_tracker: '/psm_4c54fc2a': [Errno 2] No such file or directory: '/psm_4c54fc2a'
  [ComfyUI] /Users/runner/.ce/.pixi/envs/geometrypack-nodes/lib/python3.12/multiprocessing/resource_tracker.py:292: UserWarning: resource_tracker: '/psm_4c54fc2a': [Errno 2] No such file or directory: '/psm_4c54fc2a'
  [ComfyUI]   warnings.warn('resource_tracker: %r: %s' % (name, e))
  [ComfyUI]   warnings.warn('resource_tracker: %r: %s' % (name, e))
  [ComfyUI] /Users/runner/.ce/.pixi/envs/geometrypack-nodes/lib/python3.12/multiprocessing/resource_tracker.py:292: UserWarning: resource_tracker: '/psm_532cc5d8': [Errno 2] No such file or directory: '/psm_532cc5d8'
  [ComfyUI] /Users/runner/.ce/.pixi/envs/geometrypack-nodes/lib/python3.12/multiprocessing/resource_tracker.py:292: UserWarning: resource_tracker: '/psm_532cc5d8': [Errno 2] No such file or directory: '/psm_532cc5d8'
  [ComfyUI]   warnings.warn('resource_tracker: %r: %s' % (name, e))
  [ComfyUI]   warnings.warn('resource_tracker: %r: %s' % (name, e))
  [ComfyUI] /Users/runner/.ce/.pixi/envs/geometrypack-nodes/lib/python3.12/multiprocessing/resource_tracker.py:292: UserWarning: resource_tracker: '/psm_d6708a89': [Errno 2] No such file or directory: '/psm_d6708a89'
  [ComfyUI] /Users/runner/.ce/.pixi/envs/geometrypack-nodes/lib/python3.12/multiprocessing/resource_tracker.py:292: UserWarning: resource_tracker: '/psm_d6708a89': [Errno 2] No such file or directory: '/psm_d6708a89'
  [ComfyUI]   warnings.warn('resource_tracker: %r: %s' % (name, e))
  [ComfyUI]   warnings.warn('resource_tracker: %r: %s' % (name, e))
  [ComfyUI] /Users/runner/.ce/.pixi/envs/geometrypack-nodes/lib/python3.12/multiprocessing/resource_tracker.py:292: UserWarning: resource_tracker: '/psm_8924830b': [Errno 2] No such file or directory: '/psm_8924830b'
  [ComfyUI] /Users/runner/.ce/.pixi/envs/geometrypack-nodes/lib/python3.12/multiprocessing/resource_tracker.py:292: UserWarning: resource_tracker: '/psm_8924830b': [Errno 2] No such file or directory: '/psm_8924830b'
  [ComfyUI]   warnings.warn('resource_tracker: %r: %s' % (name, e))
  [ComfyUI]   warnings.warn('resource_tracker: %r: %s' % (name, e))
  [ComfyUI] /Users/runner/.ce/.pixi/envs/geometrypack-nodes/lib/python3.12/multiprocessing/resource_tracker.py:292: UserWarning: resource_tracker: '/psm_75232e4c': [Errno 2] No such file or directory: '/psm_75232e4c'
  [ComfyUI] /Users/runner/.ce/.pixi/envs/geometrypack-nodes/lib/python3.12/multiprocessing/resource_tracker.py:292: UserWarning: resource_tracker: '/psm_75232e4c': [Errno 2] No such file or directory: '/psm_75232e4c'
  [ComfyUI]   warnings.warn('resource_tracker: %r: %s' % (name, e))
  [ComfyUI]   warnings.warn('resource_tracker: %r: %s' % (name, e))
  [ComfyUI] /Users/runner/.ce/.pixi/envs/geometrypack-nodes/lib/python3.12/multiprocessing/resource_tracker.py:292: UserWarning: resource_tracker: '/psm_56e46ac0': [Errno 2] No such file or directory: '/psm_56e46ac0'
  [ComfyUI] /Users/runner/.ce/.pixi/envs/geometrypack-nodes/lib/python3.12/multiprocessing/resource_tracker.py:292: UserWarning: resource_tracker: '/psm_56e46ac0': [Errno 2] No such file or directory: '/psm_56e46ac0'
  [ComfyUI]   warnings.warn('resource_tracker: %r: %s' % (name, e))
  [ComfyUI]   warnings.warn('resource_tracker: %r: %s' % (name, e))
  [ComfyUI] /Users/runner/.ce/.pixi/envs/geometrypack-nodes/lib/python3.12/multiprocessing/resource_tracker.py:292: UserWarning: resource_tracker: '/psm_1617a908': [Errno 2] No such file or directory: '/psm_1617a908'
  [ComfyUI] /Users/runner/.ce/.pixi/envs/geometrypack-nodes/lib/python3.12/multiprocessing/resource_tracker.py:292: UserWarning: resource_tracker: '/psm_1617a908': [Errno 2] No such file or directory: '/psm_1617a908'
  [ComfyUI]   warnings.warn('resource_tracker: %r: %s' % (name, e))
  [ComfyUI]   warnings.warn('resource_tracker: %r: %s' % (name, e))
  [ComfyUI] /Users/runner/.ce/.pixi/envs/geometrypack-nodes/lib/python3.12/multiprocessing/resource_tracker.py:292: UserWarning: resource_tracker: '/psm_e727b583': [Errno 2] No such file or directory: '/psm_e727b583'
  [ComfyUI] /Users/runner/.ce/.pixi/envs/geometrypack-nodes/lib/python3.12/multiprocessing/resource_tracker.py:292: UserWarning: resource_tracker: '/psm_e727b583': [Errno 2] No such file or directory: '/psm_e727b583'
  [ComfyUI]   warnings.warn('resource_tracker: %r: %s' % (name, e))
  [ComfyUI]   warnings.warn('resource_tracker: %r: %s' % (name, e))
  [ComfyUI] /Users/runner/.ce/.pixi/envs/geometrypack-nodes/lib/python3.12/multiprocessing/resource_tracker.py:292: UserWarning: resource_tracker: '/psm_7383bc5b': [Errno 2] No such file or directory: '/psm_7383bc5b'
  [ComfyUI] /Users/runner/.ce/.pixi/envs/geometrypack-nodes/lib/python3.12/multiprocessing/resource_tracker.py:292: UserWarning: resource_tracker: '/psm_7383bc5b': [Errno 2] No such file or directory: '/psm_7383bc5b'
  [ComfyUI]   warnings.warn('resource_tracker: %r: %s' % (name, e))
  [ComfyUI]   warnings.warn('resource_tracker: %r: %s' % (name, e))
  [ComfyUI] /Users/runner/.ce/.pixi/envs/geometrypack-nodes/lib/python3.12/multiprocessing/resource_tracker.py:292: UserWarning: resource_tracker: '/psm_cc9fbd56': [Errno 2] No such file or directory: '/psm_cc9fbd56'
  [ComfyUI] /Users/runner/.ce/.pixi/envs/geometrypack-nodes/lib/python3.12/multiprocessing/resource_tracker.py:292: UserWarning: resource_tracker: '/psm_cc9fbd56': [Errno 2] No such file or directory: '/psm_cc9fbd56'
  [ComfyUI]   warnings.warn('resource_tracker: %r: %s' % (name, e))
  [ComfyUI]   warnings.warn('resource_tracker: %r: %s' % (name, e))
  [ComfyUI] /Users/runner/.ce/.pixi/envs/geometrypack-nodes/lib/python3.12/multiprocessing/resource_tracker.py:292: UserWarning: resource_tracker: '/psm_e3ea0816': [Errno 2] No such file or directory: '/psm_e3ea0816'
  [ComfyUI] /Users/runner/.ce/.pixi/envs/geometrypack-nodes/lib/python3.12/multiprocessing/resource_tracker.py:292: UserWarning: resource_tracker: '/psm_e3ea0816': [Errno 2] No such file or directory: '/psm_e3ea0816'
  [ComfyUI]   warnings.warn('resource_tracker: %r: %s' % (name, e))
  [ComfyUI]   warnings.warn('resource_tracker: %r: %s' % (name, e))
  [ComfyUI] /Users/runner/.ce/.pixi/envs/geometrypack-nodes/lib/python3.12/multiprocessing/resource_tracker.py:292: UserWarning: resource_tracker: '/psm_b398d280': [Errno 2] No such file or directory: '/psm_b398d280'
  [ComfyUI] /Users/runner/.ce/.pixi/envs/geometrypack-nodes/lib/python3.12/multiprocessing/resource_tracker.py:292: UserWarning: resource_tracker: '/psm_b398d280': [Errno 2] No such file or directory: '/psm_b398d280'
  [ComfyUI]   warnings.warn('resource_tracker: %r: %s' % (name, e))
  [ComfyUI]   warnings.warn('resource_tracker: %r: %s' % (name, e))
  [ComfyUI] /Users/runner/.ce/.pixi/envs/geometrypack-nodes/lib/python3.12/multiprocessing/resource_tracker.py:292: UserWarning: resource_tracker: '/psm_ad882434': [Errno 2] No such file or directory: '/psm_ad882434'
  [ComfyUI] /Users/runner/.ce/.pixi/envs/geometrypack-nodes/lib/python3.12/multiprocessing/resource_tracker.py:292: UserWarning: resource_tracker: '/psm_ad882434': [Errno 2] No such file or directory: '/psm_ad882434'
  [ComfyUI]   warnings.warn('resource_tracker: %r: %s' % (name, e))
  [ComfyUI]   warnings.warn('resource_tracker: %r: %s' % (name, e))
  [ComfyUI] /Users/runner/.ce/.pixi/envs/geometrypack-nodes/lib/python3.12/multiprocessing/resource_tracker.py:292: UserWarning: resource_tracker: '/psm_86f00f07': [Errno 2] No such file or directory: '/psm_86f00f07'
  [ComfyUI] /Users/runner/.ce/.pixi/envs/geometrypack-nodes/lib/python3.12/multiprocessing/resource_tracker.py:292: UserWarning: resource_tracker: '/psm_86f00f07': [Errno 2] No such file or directory: '/psm_86f00f07'
  [ComfyUI]   warnings.warn('resource_tracker: %r: %s' % (name, e))
  [ComfyUI]   warnings.warn('resource_tracker: %r: %s' % (name, e))
  [ComfyUI] /Users/runner/.ce/.pixi/envs/geometrypack-nodes/lib/python3.12/multiprocessing/resource_tracker.py:292: UserWarning: resource_tracker: '/psm_f370d95c': [Errno 2] No such file or directory: '/psm_f370d95c'
  [ComfyUI] /Users/runner/.ce/.pixi/envs/geometrypack-nodes/lib/python3.12/multiprocessing/resource_tracker.py:292: UserWarning: resource_tracker: '/psm_f370d95c': [Errno 2] No such file or directory: '/psm_f370d95c'
  [ComfyUI]   warnings.warn('resource_tracker: %r: %s' % (name, e))
  [ComfyUI]   warnings.warn('resource_tracker: %r: %s' % (name, e))
  [ComfyUI] /Users/runner/.ce/.pixi/envs/geometrypack-nodes/lib/python3.12/multiprocessing/resource_tracker.py:292: UserWarning: resource_tracker: '/psm_dc1299d5': [Errno 2] No such file or directory: '/psm_dc1299d5'
  [ComfyUI] /Users/runner/.ce/.pixi/envs/geometrypack-nodes/lib/python3.12/multiprocessing/resource_tracker.py:292: UserWarning: resource_tracker: '/psm_dc1299d5': [Errno 2] No such file or directory: '/psm_dc1299d5'
  [ComfyUI]   warnings.warn('resource_tracker: %r: %s' % (name, e))
  [ComfyUI]   warnings.warn('resource_tracker: %r: %s' % (name, e))
  [ComfyUI] /Users/runner/.ce/.pixi/envs/geometrypack-nodes/lib/python3.12/multiprocessing/resource_tracker.py:292: UserWarning: resource_tracker: '/psm_0afab7da': [Errno 2] No such file or directory: '/psm_0afab7da'
  [ComfyUI] /Users/runner/.ce/.pixi/envs/geometrypack-nodes/lib/python3.12/multiprocessing/resource_tracker.py:292: UserWarning: resource_tracker: '/psm_0afab7da': [Errno 2] No such file or directory: '/psm_0afab7da'
  [ComfyUI]   warnings.warn('resource_tracker: %r: %s' % (name, e))
  [ComfyUI]   warnings.warn('resource_tracker: %r: %s' % (name, e))
  [ComfyUI] /Users/runner/.ce/.pixi/envs/geometrypack-nodes/lib/python3.12/multiprocessing/resource_tracker.py:292: UserWarning: resource_tracker: '/psm_ebacd777': [Errno 2] No such file or directory: '/psm_ebacd777'
  [ComfyUI] /Users/runner/.ce/.pixi/envs/geometrypack-nodes/lib/python3.12/multiprocessing/resource_tracker.py:292: UserWarning: resource_tracker: '/psm_ebacd777': [Errno 2] No such file or directory: '/psm_ebacd777'
  [ComfyUI]   warnings.warn('resource_tracker: %r: %s' % (name, e))
  [ComfyUI]   warnings.warn('resource_tracker: %r: %s' % (name, e))
  [ComfyUI] /Users/runner/.ce/.pixi/envs/geometrypack-nodes/lib/python3.12/multiprocessing/resource_tracker.py:292: UserWarning: resource_tracker: '/psm_dad39609': [Errno 2] No such file or directory: '/psm_dad39609'
  [ComfyUI] /Users/runner/.ce/.pixi/envs/geometrypack-nodes/lib/python3.12/multiprocessing/resource_tracker.py:292: UserWarning: resource_tracker: '/psm_dad39609': [Errno 2] No such file or directory: '/psm_dad39609'
  [ComfyUI]   warnings.warn('resource_tracker: %r: %s' % (name, e))
  [ComfyUI]   warnings.warn('resource_tracker: %r: %s' % (name, e))
  [ComfyUI] /Users/runner/.ce/.pixi/envs/geometrypack-nodes/lib/python3.12/multiprocessing/resource_tracker.py:292: UserWarning: resource_tracker: '/psm_7929b323': [Errno 2] No such file or directory: '/psm_7929b323'
  [ComfyUI] /Users/runner/.ce/.pixi/envs/geometrypack-nodes/lib/python3.12/multiprocessing/resource_tracker.py:292: UserWarning: resource_tracker: '/psm_7929b323': [Errno 2] No such file or directory: '/psm_7929b323'
  [ComfyUI]   warnings.warn('resource_tracker: %r: %s' % (name, e))
  [ComfyUI]   warnings.warn('resource_tracker: %r: %s' % (name, e))
  [ComfyUI] /Users/runner/.ce/.pixi/envs/geometrypack-nodes/lib/python3.12/multiprocessing/resource_tracker.py:292: UserWarning: resource_tracker: '/psm_8c3ea244': [Errno 2] No such file or directory: '/psm_8c3ea244'
  [ComfyUI] /Users/runner/.ce/.pixi/envs/geometrypack-nodes/lib/python3.12/multiprocessing/resource_tracker.py:292: UserWarning: resource_tracker: '/psm_8c3ea244': [Errno 2] No such file or directory: '/psm_8c3ea244'
  [ComfyUI]   warnings.warn('resource_tracker: %r: %s' % (name, e))
  [ComfyUI]   warnings.warn('resource_tracker: %r: %s' % (name, e))
  [ComfyUI] /Users/runner/.ce/.pixi/envs/geometrypack-nodes/lib/python3.12/multiprocessing/resource_tracker.py:292: UserWarning: resource_tracker: '/psm_5b34e3f1': [Errno 2] No such file or directory: '/psm_5b34e3f1'
  [ComfyUI] /Users/runner/.ce/.pixi/envs/geometrypack-nodes/lib/python3.12/multiprocessing/resource_tracker.py:292: UserWarning: resource_tracker: '/psm_5b34e3f1': [Errno 2] No such file or directory: '/psm_5b34e3f1'
  [ComfyUI]   warnings.warn('resource_tracker: %r: %s' % (name, e))
  [ComfyUI]   warnings.warn('resource_tracker: %r: %s' % (name, e))
  [ComfyUI] /Users/runner/.ce/.pixi/envs/geometrypack-nodes/lib/python3.12/multiprocessing/resource_tracker.py:292: UserWarning: resource_tracker: '/psm_73e96b83': [Errno 2] No such file or directory: '/psm_73e96b83'
  [ComfyUI] /Users/runner/.ce/.pixi/envs/geometrypack-nodes/lib/python3.12/multiprocessing/resource_tracker.py:292: UserWarning: resource_tracker: '/psm_73e96b83': [Errno 2] No such file or directory: '/psm_73e96b83'
  [ComfyUI]   warnings.warn('resource_tracker: %r: %s' % (name, e))
  [ComfyUI]   warnings.warn('resource_tracker: %r: %s' % (name, e))
  [ComfyUI] /Users/runner/.ce/.pixi/envs/geometrypack-nodes/lib/python3.12/multiprocessing/resource_tracker.py:292: UserWarning: resource_tracker: '/psm_ed535ae5': [Errno 2] No such file or directory: '/psm_ed535ae5'
  [ComfyUI] /Users/runner/.ce/.pixi/envs/geometrypack-nodes/lib/python3.12/multiprocessing/resource_tracker.py:292: UserWarning: resource_tracker: '/psm_ed535ae5': [Errno 2] No such file or directory: '/psm_ed535ae5'
  [ComfyUI]   warnings.warn('resource_tracker: %r: %s' % (name, e))
  [ComfyUI]   warnings.warn('resource_tracker: %r: %s' % (name, e))
  [ComfyUI] /Users/runner/.ce/.pixi/envs/geometrypack-nodes/lib/python3.12/multiprocessing/resource_tracker.py:292: UserWarning: resource_tracker: '/psm_6ba22233': [Errno 2] No such file or directory: '/psm_6ba22233'
  [ComfyUI] /Users/runner/.ce/.pixi/envs/geometrypack-nodes/lib/python3.12/multiprocessing/resource_tracker.py:292: UserWarning: resource_tracker: '/psm_6ba22233': [Errno 2] No such file or directory: '/psm_6ba22233'
  [ComfyUI]   warnings.warn('resource_tracker: %r: %s' % (name, e))
  [ComfyUI]   warnings.warn('resource_tracker: %r: %s' % (name, e))
  [ComfyUI] /Users/runner/.ce/.pixi/envs/geometrypack-nodes/lib/python3.12/multiprocessing/resource_tracker.py:292: UserWarning: resource_tracker: '/psm_c09ab198': [Errno 2] No such file or directory: '/psm_c09ab198'
  [ComfyUI] /Users/runner/.ce/.pixi/envs/geometrypack-nodes/lib/python3.12/multiprocessing/resource_tracker.py:292: UserWarning: resource_tracker: '/psm_c09ab198': [Errno 2] No such file or directory: '/psm_c09ab198'
  [ComfyUI]   warnings.warn('resource_tracker: %r: %s' % (name, e))
  [ComfyUI]   warnings.warn('resource_tracker: %r: %s' % (name, e))
  [ComfyUI] /Users/runner/.ce/.pixi/envs/geometrypack-nodes/lib/python3.12/multiprocessing/resource_tracker.py:292: UserWarning: resource_tracker: '/psm_41b76465': [Errno 2] No such file or directory: '/psm_41b76465'
  [ComfyUI] /Users/runner/.ce/.pixi/envs/geometrypack-nodes/lib/python3.12/multiprocessing/resource_tracker.py:292: UserWarning: resource_tracker: '/psm_41b76465': [Errno 2] No such file or directory: '/psm_41b76465'
  [ComfyUI]   warnings.warn('resource_tracker: %r: %s' % (name, e))
  [ComfyUI]   warnings.warn('resource_tracker: %r: %s' % (name, e))
  [ComfyUI] /Users/runner/.ce/.pixi/envs/geometrypack-nodes/lib/python3.12/multiprocessing/resource_tracker.py:292: UserWarning: resource_tracker: '/psm_f7ced8fe': [Errno 2] No such file or directory: '/psm_f7ced8fe'
  [ComfyUI] /Users/runner/.ce/.pixi/envs/geometrypack-nodes/lib/python3.12/multiprocessing/resource_tracker.py:292: UserWarning: resource_tracker: '/psm_f7ced8fe': [Errno 2] No such file or directory: '/psm_f7ced8fe'
  [ComfyUI]   warnings.warn('resource_tracker: %r: %s' % (name, e))
  [ComfyUI]   warnings.warn('resource_tracker: %r: %s' % (name, e))
  [ComfyUI] /Users/runner/.ce/.pixi/envs/geometrypack-nodes/lib/python3.12/multiprocessing/resource_tracker.py:292: UserWarning: resource_tracker: '/psm_bac55484': [Errno 2] No such file or directory: '/psm_bac55484'
  [ComfyUI] /Users/runner/.ce/.pixi/envs/geometrypack-nodes/lib/python3.12/multiprocessing/resource_tracker.py:292: UserWarning: resource_tracker: '/psm_bac55484': [Errno 2] No such file or directory: '/psm_bac55484'
  [ComfyUI]   warnings.warn('resource_tracker: %r: %s' % (name, e))
  [ComfyUI]   warnings.warn('resource_tracker: %r: %s' % (name, e))
  [ComfyUI] /Users/runner/.ce/.pixi/envs/geometrypack-nodes/lib/python3.12/multiprocessing/resource_tracker.py:292: UserWarning: resource_tracker: '/psm_8522e6fb': [Errno 2] No such file or directory: '/psm_8522e6fb'
  [ComfyUI] /Users/runner/.ce/.pixi/envs/geometrypack-nodes/lib/python3.12/multiprocessing/resource_tracker.py:292: UserWarning: resource_tracker: '/psm_8522e6fb': [Errno 2] No such file or directory: '/psm_8522e6fb'
  [ComfyUI]   warnings.warn('resource_tracker: %r: %s' % (name, e))
  [ComfyUI]   warnings.warn('resource_tracker: %r: %s' % (name, e))
  [ComfyUI] /Users/runner/.ce/.pixi/envs/geometrypack-nodes/lib/python3.12/multiprocessing/resource_tracker.py:292: UserWarning: resource_tracker: '/psm_aae462d9': [Errno 2] No such file or directory: '/psm_aae462d9'
  [ComfyUI] /Users/runner/.ce/.pixi/envs/geometrypack-nodes/lib/python3.12/multiprocessing/resource_tracker.py:292: UserWarning: resource_tracker: '/psm_aae462d9': [Errno 2] No such file or directory: '/psm_aae462d9'
  [ComfyUI]   warnings.warn('resource_tracker: %r: %s' % (name, e))
  [ComfyUI]   warnings.warn('resource_tracker: %r: %s' % (name, e))
  [ComfyUI] /Users/runner/.ce/.pixi/envs/geometrypack-nodes/lib/python3.12/multiprocessing/resource_tracker.py:292: UserWarning: resource_tracker: '/psm_fac23e2b': [Errno 2] No such file or directory: '/psm_fac23e2b'
  [ComfyUI] /Users/runner/.ce/.pixi/envs/geometrypack-nodes/lib/python3.12/multiprocessing/resource_tracker.py:292: UserWarning: resource_tracker: '/psm_fac23e2b': [Errno 2] No such file or directory: '/psm_fac23e2b'
  [ComfyUI]   warnings.warn('resource_tracker: %r: %s' % (name, e))
  [ComfyUI]   warnings.warn('resource_tracker: %r: %s' % (name, e))
  [ComfyUI] /Users/runner/.ce/.pixi/envs/geometrypack-nodes/lib/python3.12/multiprocessing/resource_tracker.py:292: UserWarning: resource_tracker: '/psm_c6354d9a': [Errno 2] No such file or directory: '/psm_c6354d9a'
  [ComfyUI] /Users/runner/.ce/.pixi/envs/geometrypack-nodes/lib/python3.12/multiprocessing/resource_tracker.py:292: UserWarning: resource_tracker: '/psm_c6354d9a': [Errno 2] No such file or directory: '/psm_c6354d9a'
  [ComfyUI]   warnings.warn('resource_tracker: %r: %s' % (name, e))
  [ComfyUI]   warnings.warn('resource_tracker: %r: %s' % (name, e))
  [ComfyUI] /Users/runner/.ce/.pixi/envs/geometrypack-nodes/lib/python3.12/multiprocessing/resource_tracker.py:292: UserWarning: resource_tracker: '/psm_dce9c995': [Errno 2] No such file or directory: '/psm_dce9c995'
  [ComfyUI] /Users/runner/.ce/.pixi/envs/geometrypack-nodes/lib/python3.12/multiprocessing/resource_tracker.py:292: UserWarning: resource_tracker: '/psm_dce9c995': [Errno 2] No such file or directory: '/psm_dce9c995'
  [ComfyUI]   warnings.warn('resource_tracker: %r: %s' % (name, e))
  [ComfyUI]   warnings.warn('resource_tracker: %r: %s' % (name, e))
  [ComfyUI] /Users/runner/.ce/.pixi/envs/geometrypack-nodes/lib/python3.12/multiprocessing/resource_tracker.py:292: UserWarning: resource_tracker: '/psm_95421b21': [Errno 2] No such file or directory: '/psm_95421b21'
  [ComfyUI] /Users/runner/.ce/.pixi/envs/geometrypack-nodes/lib/python3.12/multiprocessing/resource_tracker.py:292: UserWarning: resource_tracker: '/psm_95421b21': [Errno 2] No such file or directory: '/psm_95421b21'
  [ComfyUI]   warnings.warn('resource_tracker: %r: %s' % (name, e))
  [ComfyUI]   warnings.warn('resource_tracker: %r: %s' % (name, e))
  [ComfyUI] /Users/runner/.ce/.pixi/envs/geometrypack-nodes/lib/python3.12/multiprocessing/resource_tracker.py:292: UserWarning: resource_tracker: '/psm_bfddf91d': [Errno 2] No such file or directory: '/psm_bfddf91d'
  [ComfyUI] /Users/runner/.ce/.pixi/envs/geometrypack-nodes/lib/python3.12/multiprocessing/resource_tracker.py:292: UserWarning: resource_tracker: '/psm_bfddf91d': [Errno 2] No such file or directory: '/psm_bfddf91d'
  [ComfyUI]   warnings.warn('resource_tracker: %r: %s' % (name, e))
  [ComfyUI]   warnings.warn('resource_tracker: %r: %s' % (name, e))
  [ComfyUI] /Users/runner/.ce/.pixi/envs/geometrypack-nodes/lib/python3.12/multiprocessing/resource_tracker.py:292: UserWarning: resource_tracker: '/psm_3f8bae2a': [Errno 2] No such file or directory: '/psm_3f8bae2a'
  [ComfyUI] /Users/runner/.ce/.pixi/envs/geometrypack-nodes/lib/python3.12/multiprocessing/resource_tracker.py:292: UserWarning: resource_tracker: '/psm_3f8bae2a': [Errno 2] No such file or directory: '/psm_3f8bae2a'
  [ComfyUI]   warnings.warn('resource_tracker: %r: %s' % (name, e))
  [ComfyUI]   warnings.warn('resource_tracker: %r: %s' % (name, e))
  [ComfyUI] /Users/runner/.ce/.pixi/envs/geometrypack-nodes/lib/python3.12/multiprocessing/resource_tracker.py:292: UserWarning: resource_tracker: '/psm_f11f836d': [Errno 2] No such file or directory: '/psm_f11f836d'
  [ComfyUI] /Users/runner/.ce/.pixi/envs/geometrypack-nodes/lib/python3.12/multiprocessing/resource_tracker.py:292: UserWarning: resource_tracker: '/psm_f11f836d': [Errno 2] No such file or directory: '/psm_f11f836d'
  [ComfyUI]   warnings.warn('resource_tracker: %r: %s' % (name, e))
  [ComfyUI]   warnings.warn('resource_tracker: %r: %s' % (name, e))
  [ComfyUI] /Users/runner/.ce/.pixi/envs/geometrypack-nodes/lib/python3.12/multiprocessing/resource_tracker.py:292: UserWarning: resource_tracker: '/psm_af875bce': [Errno 2] No such file or directory: '/psm_af875bce'
  [ComfyUI] /Users/runner/.ce/.pixi/envs/geometrypack-nodes/lib/python3.12/multiprocessing/resource_tracker.py:292: UserWarning: resource_tracker: '/psm_af875bce': [Errno 2] No such file or directory: '/psm_af875bce'
  [ComfyUI]   warnings.warn('resource_tracker: %r: %s' % (name, e))
  [ComfyUI]   warnings.warn('resource_tracker: %r: %s' % (name, e))
  [ComfyUI] /Users/runner/.ce/.pixi/envs/geometrypack-nodes/lib/python3.12/multiprocessing/resource_tracker.py:292: UserWarning: resource_tracker: '/psm_5cfd66d2': [Errno 2] No such file or directory: '/psm_5cfd66d2'
  [ComfyUI] /Users/runner/.ce/.pixi/envs/geometrypack-nodes/lib/python3.12/multiprocessing/resource_tracker.py:292: UserWarning: resource_tracker: '/psm_5cfd66d2': [Errno 2] No such file or directory: '/psm_5cfd66d2'
  [ComfyUI]   warnings.warn('resource_tracker: %r: %s' % (name, e))
  [ComfyUI]   warnings.warn('resource_tracker: %r: %s' % (name, e))
  [ComfyUI] /Users/runner/.ce/.pixi/envs/geometrypack-nodes/lib/python3.12/multiprocessing/resource_tracker.py:292: UserWarning: resource_tracker: '/psm_bb58989e': [Errno 2] No such file or directory: '/psm_bb58989e'
  [ComfyUI] /Users/runner/.ce/.pixi/envs/geometrypack-nodes/lib/python3.12/multiprocessing/resource_tracker.py:292: UserWarning: resource_tracker: '/psm_bb58989e': [Errno 2] No such file or directory: '/psm_bb58989e'
  [ComfyUI]   warnings.warn('resource_tracker: %r: %s' % (name, e))
  [ComfyUI]   warnings.warn('resource_tracker: %r: %s' % (name, e))
  [ComfyUI] /Users/runner/.ce/.pixi/envs/geometrypack-nodes/lib/python3.12/multiprocessing/resource_tracker.py:292: UserWarning: resource_tracker: '/psm_09353cb1': [Errno 2] No such file or directory: '/psm_09353cb1'
  [ComfyUI] /Users/runner/.ce/.pixi/envs/geometrypack-nodes/lib/python3.12/multiprocessing/resource_tracker.py:292: UserWarning: resource_tracker: '/psm_09353cb1': [Errno 2] No such file or directory: '/psm_09353cb1'
  [ComfyUI]   warnings.warn('resource_tracker: %r: %s' % (name, e))
  [ComfyUI]   warnings.warn('resource_tracker: %r: %s' % (name, e))
  [ComfyUI] /Users/runner/.ce/.pixi/envs/geometrypack-nodes/lib/python3.12/multiprocessing/resource_tracker.py:292: UserWarning: resource_tracker: '/psm_624156d2': [Errno 2] No such file or directory: '/psm_624156d2'
  [ComfyUI] /Users/runner/.ce/.pixi/envs/geometrypack-nodes/lib/python3.12/multiprocessing/resource_tracker.py:292: UserWarning: resource_tracker: '/psm_624156d2': [Errno 2] No such file or directory: '/psm_624156d2'
  [ComfyUI]   warnings.warn('resource_tracker: %r: %s' % (name, e))
  [ComfyUI]   warnings.warn('resource_tracker: %r: %s' % (name, e))
  [ComfyUI] /Users/runner/.ce/.pixi/envs/geometrypack-nodes/lib/python3.12/multiprocessing/resource_tracker.py:292: UserWarning: resource_tracker: '/psm_0816a557': [Errno 2] No such file or directory: '/psm_0816a557'
  [ComfyUI] /Users/runner/.ce/.pixi/envs/geometrypack-nodes/lib/python3.12/multiprocessing/resource_tracker.py:292: UserWarning: resource_tracker: '/psm_0816a557': [Errno 2] No such file or directory: '/psm_0816a557'
  [ComfyUI]   warnings.warn('resource_tracker: %r: %s' % (name, e))
  [ComfyUI]   warnings.warn('resource_tracker: %r: %s' % (name, e))
  [ComfyUI] /Users/runner/.ce/.pixi/envs/geometrypack-nodes/lib/python3.12/multiprocessing/resource_tracker.py:292: UserWarning: resource_tracker: '/psm_31fb8fd2': [Errno 2] No such file or directory: '/psm_31fb8fd2'
  [ComfyUI] /Users/runner/.ce/.pixi/envs/geometrypack-nodes/lib/python3.12/multiprocessing/resource_tracker.py:292: UserWarning: resource_tracker: '/psm_31fb8fd2': [Errno 2] No such file or directory: '/psm_31fb8fd2'
  [ComfyUI]   warnings.warn('resource_tracker: %r: %s' % (name, e))
  [ComfyUI]   warnings.warn('resource_tracker: %r: %s' % (name, e))
  [ComfyUI] /Users/runner/.ce/.pixi/envs/geometrypack-nodes/lib/python3.12/multiprocessing/resource_tracker.py:292: UserWarning: resource_tracker: '/psm_0a5ad527': [Errno 2] No such file or directory: '/psm_0a5ad527'
  [ComfyUI] /Users/runner/.ce/.pixi/envs/geometrypack-nodes/lib/python3.12/multiprocessing/resource_tracker.py:292: UserWarning: resource_tracker: '/psm_0a5ad527': [Errno 2] No such file or directory: '/psm_0a5ad527'
  [ComfyUI]   warnings.warn('resource_tracker: %r: %s' % (name, e))
  [ComfyUI]   warnings.warn('resource_tracker: %r: %s' % (name, e))
  [ComfyUI] /Users/runner/.ce/.pixi/envs/geometrypack-nodes/lib/python3.12/multiprocessing/resource_tracker.py:292: UserWarning: resource_tracker: '/psm_b3f8793b': [Errno 2] No such file or directory: '/psm_b3f8793b'
  [ComfyUI] /Users/runner/.ce/.pixi/envs/geometrypack-nodes/lib/python3.12/multiprocessing/resource_tracker.py:292: UserWarning: resource_tracker: '/psm_b3f8793b': [Errno 2] No such file or directory: '/psm_b3f8793b'
  [ComfyUI]   warnings.warn('resource_tracker: %r: %s' % (name, e))
  [ComfyUI]   warnings.warn('resource_tracker: %r: %s' % (name, e))
  [ComfyUI] /Users/runner/.ce/.pixi/envs/geometrypack-nodes/lib/python3.12/multiprocessing/resource_tracker.py:292: UserWarning: resource_tracker: '/psm_ba9413ef': [Errno 2] No such file or directory: '/psm_ba9413ef'
  [ComfyUI] /Users/runner/.ce/.pixi/envs/geometrypack-nodes/lib/python3.12/multiprocessing/resource_tracker.py:292: UserWarning: resource_tracker: '/psm_ba9413ef': [Errno 2] No such file or directory: '/psm_ba9413ef'
  [ComfyUI]   warnings.warn('resource_tracker: %r: %s' % (name, e))
  [ComfyUI]   warnings.warn('resource_tracker: %r: %s' % (name, e))
  [ComfyUI] /Users/runner/.ce/.pixi/envs/geometrypack-nodes/lib/python3.12/multiprocessing/resource_tracker.py:292: UserWarning: resource_tracker: '/psm_2e434b0d': [Errno 2] No such file or directory: '/psm_2e434b0d'
  [ComfyUI] /Users/runner/.ce/.pixi/envs/geometrypack-nodes/lib/python3.12/multiprocessing/resource_tracker.py:292: UserWarning: resource_tracker: '/psm_2e434b0d': [Errno 2] No such file or directory: '/psm_2e434b0d'
  [ComfyUI]   warnings.warn('resource_tracker: %r: %s' % (name, e))
  [ComfyUI]   warnings.warn('resource_tracker: %r: %s' % (name, e))
  [ComfyUI] /Users/runner/.ce/.pixi/envs/geometrypack-nodes/lib/python3.12/multiprocessing/resource_tracker.py:292: UserWarning: resource_tracker: '/psm_df3c9e6b': [Errno 2] No such file or directory: '/psm_df3c9e6b'
  [ComfyUI] /Users/runner/.ce/.pixi/envs/geometrypack-nodes/lib/python3.12/multiprocessing/resource_tracker.py:292: UserWarning: resource_tracker: '/psm_df3c9e6b': [Errno 2] No such file or directory: '/psm_df3c9e6b'
  [ComfyUI]   warnings.warn('resource_tracker: %r: %s' % (name, e))
  [ComfyUI]   warnings.warn('resource_tracker: %r: %s' % (name, e))
  [ComfyUI] /Users/runner/.ce/.pixi/envs/geometrypack-nodes/lib/python3.12/multiprocessing/resource_tracker.py:292: UserWarning: resource_tracker: '/psm_9a090cfc': [Errno 2] No such file or directory: '/psm_9a090cfc'
  [ComfyUI] /Users/runner/.ce/.pixi/envs/geometrypack-nodes/lib/python3.12/multiprocessing/resource_tracker.py:292: UserWarning: resource_tracker: '/psm_9a090cfc': [Errno 2] No such file or directory: '/psm_9a090cfc'
  [ComfyUI]   warnings.warn('resource_tracker: %r: %s' % (name, e))
  [ComfyUI]   warnings.warn('resource_tracker: %r: %s' % (name, e))
  [ComfyUI] [worker:ComfyUI-GeometryPack] ERROR: Failed to import comfy_kitchen, Error: No module named 'comfy_kitchen', fp8 and fp4 support will not be available.
  [ComfyUI] [worker:ComfyUI-GeometryPack] ERROR: Failed to import comfy_kitchen, Error: No module named 'comfy_kitchen', fp8 and fp4 support will not be available.
  [ComfyUI] [SubprocessWorker] worker started/confirmed
  [ComfyUI] [SubprocessWorker] worker started/confirmed
  [ComfyUI] [SubprocessWorker] serializing kwargs to shm...
  [ComfyUI] [SubprocessWorker] serializing kwargs to shm...
  [ComfyUI] [SubprocessWorker] created 0 shm blocks
  [ComfyUI] [SubprocessWorker] created 0 shm blocks
  [ComfyUI] [SubprocessWorker] sending request via socket...
  [ComfyUI] [SubprocessWorker] sending request via socket...
  [ComfyUI] [SubprocessWorker] call_id=76 sending call_method
  [ComfyUI] [SubprocessWorker] call_id=76 sending call_method
  Frame 2 saved (frame_001.jpg, t=2.2s)
  [capture-periodic] freeze=2ms shot=102ms unfreeze=3ms saved=True
  [ComfyUI] [worker:ComfyUI-GeometryPack] INFO: Found mesh in input folder: 3d/Stanford_Bunny.stl
  [ComfyUI] [worker:ComfyUI-GeometryPack] INFO: Found mesh in input folder: 3d/Stanford_Bunny.stl
  [ComfyUI] [worker:ComfyUI-GeometryPack] INFO: Loading: /Users/runner/work/comfy-gpu-ci/comfy-gpu-ci/test_workspaces/GeometryPack-0931/ComfyUI/input/3d/Stanford_Bunny.stl
  [ComfyUI] [worker:ComfyUI-GeometryPack] INFO: Loading: /Users/runner/work/comfy-gpu-ci/comfy-gpu-ci/test_workspaces/GeometryPack-0931/ComfyUI/input/3d/Stanford_Bunny.stl
  [ComfyUI] [worker:ComfyUI-GeometryPack] INFO: Initial mesh: 56203 vertices, 112402 faces
  [ComfyUI] [worker:ComfyUI-GeometryPack] INFO: Initial mesh: 56203 vertices, 112402 faces
  [ComfyUI] [worker:ComfyUI-GeometryPack] INFO: Successfully loaded: 56203 vertices, 112402 faces
  [ComfyUI] [worker:ComfyUI-GeometryPack] INFO: Successfully loaded: 56203 vertices, 112402 faces
  [ComfyUI] [worker:ComfyUI-GeometryPack] INFO: Loaded: 56203 vertices, 112402 faces
  [ComfyUI] [worker:ComfyUI-GeometryPack] INFO: Loaded: 56203 vertices, 112402 faces
  [ComfyUI] [SubprocessWorker] got response: ok
  [ComfyUI] [SubprocessWorker] got response: ok
  [ComfyUI] [comfy-env] GeomPackLoadMesh done (4.09s): result: NodeOutput
  [ComfyUI] [comfy-env] GeomPackLoadMesh done (4.09s): result: NodeOutput
  [ComfyUI] [comfy-env] Running GeomPackCheckNormals: trimesh: Trimesh
  [ComfyUI] [comfy-env] Running GeomPackCheckNormals: trimesh: Trimesh
  [ComfyUI] [SubprocessWorker] call_method: nodes.repair.check_normals.CheckNormalsNode.EXECUTE_NORMALIZED
  [ComfyUI] [SubprocessWorker] call_method: nodes.repair.check_normals.CheckNormalsNode.EXECUTE_NORMALIZED
  [ComfyUI] [SubprocessWorker] acquired lock, ensuring started...
  [ComfyUI] [SubprocessWorker] acquired lock, ensuring started...
  [ComfyUI] [ComfyUI-GeometryPack] Health check: ping (timeout=5.0s)...
  [ComfyUI] [ComfyUI-GeometryPack] Health check: ping (timeout=5.0s)...
  [ComfyUI] [ComfyUI-GeometryPack] Health check: ok
  [ComfyUI] [ComfyUI-GeometryPack] Health check: ok
  [ComfyUI] [SubprocessWorker] worker started/confirmed
  [ComfyUI] [SubprocessWorker] worker started/confirmed
  [ComfyUI] [SubprocessWorker] serializing kwargs to shm...
  [ComfyUI] [SubprocessWorker] serializing kwargs to shm...
  [ComfyUI] [SubprocessWorker] created 1 shm blocks
  [ComfyUI] [SubprocessWorker] created 1 shm blocks
  [ComfyUI] [SubprocessWorker] sending request via socket...
  [ComfyUI] [SubprocessWorker] sending request via socket...
  [ComfyUI] [SubprocessWorker] call_id=77 sending call_method
  [ComfyUI] [SubprocessWorker] call_id=77 sending call_method
  [ComfyUI] [worker:ComfyUI-GeometryPack] INFO: Analyzing mesh with 56203 vertices, 112402 faces
  [ComfyUI] [worker:ComfyUI-GeometryPack] INFO: Analyzing mesh with 56203 vertices, 112402 faces
  [ComfyUI] [worker:ComfyUI-GeometryPack] INFO: Winding: True, Watertight: True, Degenerate: 1
  [ComfyUI] [worker:ComfyUI-GeometryPack] INFO: Winding: True, Watertight: True, Degenerate: 1
  [ComfyUI] [SubprocessWorker] got response: ok
  [ComfyUI] [SubprocessWorker] got response: ok
  [ComfyUI] [comfy-env] GeomPackCheckNormals done (0.10s): result: NodeOutput
  [ComfyUI] [comfy-env] GeomPackCheckNormals done (0.10s): result: NodeOutput
  [ComfyUI] [comfy-env] Running GeomPackComputeNormals: smooth_vertex_normals: 'true', trimesh: Trimesh
  [ComfyUI] [comfy-env] Running GeomPackComputeNormals: smooth_vertex_normals: 'true', trimesh: Trimesh
  [ComfyUI] [SubprocessWorker] call_method: nodes.repair.compute_normals.ComputeNormalsNode.EXECUTE_NORMALIZED
  [ComfyUI] [SubprocessWorker] call_method: nodes.repair.compute_normals.ComputeNormalsNode.EXECUTE_NORMALIZED
  [ComfyUI] [SubprocessWorker] acquired lock, ensuring started...
  [ComfyUI] [SubprocessWorker] acquired lock, ensuring started...
  [ComfyUI] [ComfyUI-GeometryPack] Health check: ping (timeout=5.0s)...
  [ComfyUI] [ComfyUI-GeometryPack] Health check: ping (timeout=5.0s)...
  [ComfyUI] [ComfyUI-GeometryPack] Health check: ok
  [ComfyUI] [ComfyUI-GeometryPack] Health check: ok
  [ComfyUI] [SubprocessWorker] worker started/confirmed
  [ComfyUI] [SubprocessWorker] worker started/confirmed
  [ComfyUI] [SubprocessWorker] serializing kwargs to shm...
  [ComfyUI] [SubprocessWorker] serializing kwargs to shm...
  [ComfyUI] [SubprocessWorker] created 1 shm blocks
  [ComfyUI] [SubprocessWorker] created 1 shm blocks
  [ComfyUI] [SubprocessWorker] sending request via socket...
  [ComfyUI] [SubprocessWorker] sending request via socket...
  [ComfyUI] [SubprocessWorker] call_id=78 sending call_method
  [ComfyUI] [SubprocessWorker] call_id=78 sending call_method
  [ComfyUI] [worker:ComfyUI-GeometryPack] INFO: Processing mesh with 56203 vertices, 112402 faces
  [ComfyUI] [worker:ComfyUI-GeometryPack] INFO: Processing mesh with 56203 vertices, 112402 faces
  [ComfyUI] [worker:ComfyUI-GeometryPack] INFO: Computed smooth vertex normals
  [ComfyUI] [worker:ComfyUI-GeometryPack] INFO: Computed smooth vertex normals
  Node executed (1 total), capturing...
  [ComfyUI] [SubprocessWorker] got response: ok
  [ComfyUI] [SubprocessWorker] got response: ok
  [ComfyUI] [comfy-env] GeomPackComputeNormals done (0.07s): result: NodeOutput
  [ComfyUI] [comfy-env] GeomPackComputeNormals done (0.07s): result: NodeOutput
  [ComfyUI] [comfy-env] Running GeomPackPreviewMeshVTK: mode: 'fields', trimesh: Trimesh
  [ComfyUI] [comfy-env] Running GeomPackPreviewMeshVTK: mode: 'fields', trimesh: Trimesh
  [ComfyUI] [SubprocessWorker] call_method: nodes.visualization.preview_mesh_vtk.PreviewMeshVTKNode.EXECUTE_NORMALIZED
  [ComfyUI] [SubprocessWorker] call_method: nodes.visualization.preview_mesh_vtk.PreviewMeshVTKNode.EXECUTE_NORMALIZED
  [ComfyUI] [SubprocessWorker] acquired lock, ensuring started...
  [ComfyUI] [SubprocessWorker] acquired lock, ensuring started...
  [ComfyUI] [ComfyUI-GeometryPack] Health check: ping (timeout=5.0s)...
  [ComfyUI] [ComfyUI-GeometryPack] Health check: ping (timeout=5.0s)...
  [ComfyUI] [ComfyUI-GeometryPack] Health check: ok
  [ComfyUI] [ComfyUI-GeometryPack] Health check: ok
  [ComfyUI] [SubprocessWorker] worker started/confirmed
  [ComfyUI] [SubprocessWorker] worker started/confirmed
  [ComfyUI] [SubprocessWorker] serializing kwargs to shm...
  [ComfyUI] [SubprocessWorker] serializing kwargs to shm...
  [ComfyUI] [SubprocessWorker] created 1 shm blocks
  [ComfyUI] [SubprocessWorker] created 1 shm blocks
  [ComfyUI] [SubprocessWorker] sending request via socket...
  [ComfyUI] [SubprocessWorker] sending request via socket...
  [ComfyUI] [SubprocessWorker] call_id=79 sending call_method
  [ComfyUI] [SubprocessWorker] call_id=79 sending call_method
  [ComfyUI] [worker:ComfyUI-GeometryPack] INFO: Preparing preview: Mesh - 56203 vertices, 112402 faces
  [ComfyUI] [worker:ComfyUI-GeometryPack] INFO: Preparing preview: Mesh - 56203 vertices, 112402 faces
  [ComfyUI] [worker:ComfyUI-GeometryPack] INFO: Mode: fields
  [ComfyUI] [worker:ComfyUI-GeometryPack] INFO: Mode: fields
  [ComfyUI] [worker:ComfyUI-GeometryPack] INFO: Visual data - has_visual: True, kind: None, texture: False, vertex_colors: False
  [ComfyUI] [worker:ComfyUI-GeometryPack] INFO: Visual data - has_visual: True, kind: None, texture: False, vertex_colors: False
  [ComfyUI] [worker:ComfyUI-GeometryPack] INFO: Using fields mode - VTP export
  [ComfyUI] [worker:ComfyUI-GeometryPack] INFO: Using fields mode - VTP export
  [ComfyUI] [worker:ComfyUI-GeometryPack] INFO: Exporting mesh to VTP: /Users/runner/work/comfy-gpu-ci/comfy-gpu-ci/test_workspaces/GeometryPack-0931/ComfyUI/output/preview_vtk_257c31ff.vtp
  [ComfyUI] [worker:ComfyUI-GeometryPack] INFO: Exporting mesh to VTP: /Users/runner/work/comfy-gpu-ci/comfy-gpu-ci/test_workspaces/GeometryPack-0931/ComfyUI/output/preview_vtk_257c31ff.vtp
  [ComfyUI] [worker:ComfyUI-GeometryPack] INFO: Adding normals field (56203 vertices)
  [ComfyUI] [worker:ComfyUI-GeometryPack] INFO: Adding normals field (56203 vertices)
  [ComfyUI] [worker:ComfyUI-GeometryPack] INFO: Adding scalar field: normal_x (components: 1)
  [ComfyUI] [worker:ComfyUI-GeometryPack] INFO: Adding scalar field: normal_x (components: 1)
  [ComfyUI] [worker:ComfyUI-GeometryPack] INFO: Adding scalar field: normal_y (components: 1)
  [ComfyUI] [worker:ComfyUI-GeometryPack] INFO: Adding scalar field: normal_y (components: 1)
  Frame 3 saved (frame_002.jpg, t=4.5s)
  [capture-node] freeze=2ms shot=65ms unfreeze=4ms saved=True
  [ComfyUI] [worker:ComfyUI-GeometryPack] INFO: Adding scalar field: normal_z (components: 1)
  [ComfyUI] [worker:ComfyUI-GeometryPack] INFO: Adding scalar field: normal_z (components: 1)
  [ComfyUI] [worker:ComfyUI-GeometryPack] INFO: Adding scalar field: normal_magnitude (components: 1)
  [ComfyUI] [worker:ComfyUI-GeometryPack] INFO: Adding scalar field: normal_magnitude (components: 1)
  [ComfyUI] [worker:ComfyUI-GeometryPack] INFO: Adding face field: stl
  [ComfyUI] [worker:ComfyUI-GeometryPack] INFO: Adding face field: stl
  [ComfyUI] [worker:ComfyUI-GeometryPack] INFO: Export complete: 56203 vertices, 112402 faces
  [ComfyUI] [worker:ComfyUI-GeometryPack] INFO: Export complete: 56203 vertices, 112402 faces
  [ComfyUI] [worker:ComfyUI-GeometryPack] INFO: Exported VTP to: /Users/runner/work/comfy-gpu-ci/comfy-gpu-ci/test_workspaces/GeometryPack-0931/ComfyUI/output/preview_vtk_257c31ff.vtp
  [ComfyUI] [worker:ComfyUI-GeometryPack] INFO: Exported VTP to: /Users/runner/work/comfy-gpu-ci/comfy-gpu-ci/test_workspaces/GeometryPack-0931/ComfyUI/output/preview_vtk_257c31ff.vtp
  [ComfyUI] [worker:ComfyUI-GeometryPack] INFO: Vertex attributes: ['normal_x', 'normal_y', 'normal_z', 'normal_magnitude']
  [ComfyUI] [worker:ComfyUI-GeometryPack] INFO: Vertex attributes: ['normal_x', 'normal_y', 'normal_z', 'normal_magnitude']
  [ComfyUI] [worker:ComfyUI-GeometryPack] INFO: Face attributes: ['stl']
  [ComfyUI] [worker:ComfyUI-GeometryPack] INFO: Face attributes: ['stl']
  [ComfyUI] [worker:ComfyUI-GeometryPack] INFO: Fields mode info: watertight=True, volume=279628.2991519195, area=29684.951065464225, fields=['normal_x', 'normal_y', 'normal_z', 'normal_magnitude', 'face.stl']
  [ComfyUI] [worker:ComfyUI-GeometryPack] INFO: Fields mode info: watertight=True, volume=279628.2991519195, area=29684.951065464225, fields=['normal_x', 'normal_y', 'normal_z', 'normal_magnitude', 'face.stl']
  [ComfyUI] [SubprocessWorker] got response: ok
  [ComfyUI] [SubprocessWorker] got response: ok
  [ComfyUI] [comfy-env] GeomPackPreviewMeshVTK done (0.47s): result: NodeOutput
  [ComfyUI] [comfy-env] GeomPackPreviewMeshVTK done (0.47s): result: NodeOutput
  [ComfyUI] Prompt executed in 4.73 seconds
  [ComfyUI] Prompt executed in 4.73 seconds
  Node executed (2 total), capturing...
  Frame 4 saved (frame_003.jpg, t=5.1s)
  [capture-node] freeze=204ms shot=110ms unfreeze=0ms saved=True
  Execution complete (t=5.1s)
  Captured 4 unique frames over 5.44s
  [debug] iframes: 1
  [debug]   iframe[0]: src=http://127.0.0.1:41880/extensions/ComfyUI-GeometryPack/viewer_vtk.html?v=1778492, canvas=486x348, rafFrozen=True
  [timing] trigger_3d_previews: 0.0s
  Saved high-quality screenshot: normals_executed.png
  [timing] final_screenshot: 0.2s
    Captured 5 video frames