Capturing execution frames: reconstruct_all.json
  Frame 1 saved (frame_000.jpg, t=0.0s)
  Validating workflow...
  Queuing workflow for execution...
  Node executed (1 total), capturing...
  Frame 2 saved (frame_001.jpg, t=1.0s)
  [capture-node] freeze=10ms shot=180ms unfreeze=33ms saved=True
  Node executed (3 total), capturing...
  Frame 3 saved (frame_002.jpg, t=2.8s)
  [capture-node] freeze=9ms shot=281ms unfreeze=46ms saved=True
  Node executed (4 total), capturing...
  Frame 4 saved (frame_003.jpg, t=4.7s)
  [capture-node] freeze=16ms shot=329ms unfreeze=38ms saved=True
  Frame 5 saved (frame_004.jpg, t=7.2s)
  [capture-periodic] freeze=4ms shot=182ms unfreeze=4ms saved=True
  [capture-loop] iter=50 t=7.8s state={'complete': False, 'error': None, 'executedCount': 4, 'wsState': 1} eval_ms=4 ram=3.6/7.0GB (61%) swap=0.0/0.0GB (0%) cpu=90% browser_rss=0.80GB
  Node executed (5 total), capturing...
  Frame 6 saved (frame_005.jpg, t=8.1s)
  [capture-node] freeze=5ms shot=300ms unfreeze=68ms saved=True
  Node executed (6 total), capturing...
  Frame 7 saved (frame_006.jpg, t=8.8s)
  [capture-node] freeze=12ms shot=291ms unfreeze=30ms saved=True
  Execution complete (t=9.3s)
  Captured 7 unique frames over 9.29s
  [debug] iframes: 2
  [debug]   iframe[0]: src=http://127.0.0.1:8188/extensions/ComfyUI-GeometryPack/viewer_vtk.html?v=17780159, canvas=486x384, rafFrozen=False
  [debug]   iframe[1]: src=http://127.0.0.1:8188/extensions/ComfyUI-GeometryPack/viewer_multi.html?v=177801, canvas=300x300, rafFrozen=False
  [timing] trigger_3d_previews: 0.0s
  Saved high-quality screenshot: reconstruct_all_executed.png
  [timing] final_screenshot: 1.6s
    Captured 8 video frames