[Console-error] Failed to load resource: the server responded with a status of 404 (Not Found)
[Console-error] Failed to load resource: the server responded with a status of 404 (Not Found)
[Console-warning] [ComfyUI] The legacy queue/history menu is deprecated. Core functionality in this menu may break at any time. Issues and feature requests related to the legacy menu will not be addressed. To switch to the new menu: Settings → search "Use new menu" → change from "Disabled" to "Top".
[Console-warning] [ComfyUI] The legacy queue/history menu is deprecated. Core functionality in this menu may break at any time. Issues and feature requests related to the legacy menu will not be addressed. To switch to the new menu: Settings → search "Use new menu" → change from "Disabled" to "Top".
[Console-error] Failed to load resource: the server responded with a status of 404 (Not Found)
[Console-error] ComfyApp graph accessed before initialization
[Console-error] Failed to load resource: the server responded with a status of 404 (Not Found)
[Console-error] Failed to load resource: the server responded with a status of 404 (Not Found)
[Console-error] Failed to load resource: the server responded with a status of 404 (Not Found)
[Console-warning] WARNING: Multiple instances of Three.js being imported.
[Console-log] [VTK Bundle] GLTFImporter included in bundle
[Console-log] [FBX Preview] Auto-registering for all known FBX preview node types...
[Console-log] [UniRig] Loading FBX mesh preview extension...
[Console-log] [UniRig] Detected extension folder: ComfyUI-GeometryPack
[Console-log] [UniRig] FBX mesh preview extension registered
[Console-log] [SAM3DBody] Loading FBX mesh preview extension...
[Console-log] [SAM3DBody] Detected extension folder: ComfyUI-GeometryPack
[Console-log] [SAM3DBody] FBX mesh preview extension registered
[Console-log] [MotionCapture] Loading FBX mesh preview extension...
[Console-log] [MotionCapture] Detected extension folder: ComfyUI-GeometryPack
[Console-log] [MotionCapture] FBX mesh preview extension registered
[Console-log] [MotionCapture] Loading FBX mesh preview extension...
[Console-log] [MotionCapture] Detected extension folder: ComfyUI-GeometryPack
[Console-log] [MotionCapture] FBX mesh preview extension registered
[Console-log] [UniRig Debug] Loading FBX mesh preview extension...
[Console-log] [UniRig Debug] Detected extension folder: ComfyUI-GeometryPack
[Console-log] [UniRig Debug] FBX mesh preview extension registered
[Console-log] [CompareSMPLBVH] Loading Compare SMPL BVH extension
[Console-log] [CompareSMPLBVH] Loading Compare SMPL BVH extension...
[Console-log] [CompareSMPLBVH] Extension registered: comfy3d.comparesmplbvh
[Console-log] [UniRig Compare] Loading compare skeleton widget...
[Console-log] [UniRig Compare] Detected extension folder: ComfyUI-GeometryPack
[Console-log] [UniRig Compare] Compare skeleton widget registered
[Console-log] [GeomPack Gaussian] Loading extension...
[Console-log] [GeomPack] Loading mesh preview extension...
[Console-log] [GeomPack] Mesh preview extension registered
[Console-log] [BVHViewer] Loading BVH Viewer extension
[Console-log] [BVHViewer] Loading BVH viewer extension...
[Console-log] [BVHViewer] Extension registered: comfy3d.bvhviewer
[Console-log] [GeomPack Multi JS] Loading mesh_preview_multi.js extension
[Console-log] [FBXAnimationViewer] Loading FBX Animation Viewer extension
[Console-log] [FBXAnimationViewer] Loading FBX Animation Viewer extension...
[Console-log] [FBXAnimationViewer] Extension registered: comfy3d.fbxanimationviewer
[Console-log] [GeomPack] Loading UV mesh preview extension...
[Console-log] [GeomPack] UV mesh preview extension registered
[Console-log] [GeomPack] Loading VTK.js textured mesh preview extension...
[Console-log] [GeomPack] VTK.js textured mesh preview extension registered
[Console-warning] [MaskEditor] ComfyApp.open_maskeditor is deprecated. Plugins should migrate to using the command system or direct node context menu integration.
[Console-log] [GeomPack] Registering Preview Mesh node
[Console-log] [GeomPack] Registering Preview Mesh UV node
[Console-log] [GeomPack Gaussian] Registering Preview Gaussian node
[Console-log] [GeomPack DEBUG] this.widgets before: undefined
[Console-log] [GeomPack DEBUG] nodeData: {input: Object, input_order: Object, is_input_list: false, output: Array(0), output_is_list: Array(0)}
[Console-log] [GeomPack] Node created, adding widget
[Console-log] [GeomPack DEBUG] About to call addDOMWidget
[Console-log] [GeomPack DEBUG] typeof this.addDOMWidget: function
[Console-log] [GeomPack DEBUG] Widget created: DOMWidgetImpl
[Console-log] [GeomPack DEBUG] Widget properties: [_node, linkedWidgets, name, options, type, y, last_y, width, computedDisabled, tooltip, _state, hidden, advanced, element, promotionStore, id]
[Console-log] [GeomPack DEBUG] Widget.id: d30e20af-46ed-4ebf-8e4b-e5b7cc5c5b44
[Console-log] [GeomPack DEBUG] this.widgets after addDOMWidget: [DOMWidgetImpl]
[Console-log] [GeomPack DEBUG] Widget computeSize set
[Console-log] [GeomPack DEBUG] Iframe dimensions: 100% 100%
[Console-log] [GeomPack DEBUG] Node size set to [512, 512]
[Console-log] [GeomPack DEBUG] computeSize called with width: 210
[Console-log] [GeomPack DEBUG] computeSize returning: [210, 210]
[Console-log] [GeomPack DEBUG] computeSize called with width: undefined
[Console-log] [GeomPack DEBUG] computeSize returning: [512, 512]
[Console-log] [GeomPack DEBUG] computeSize called with width: undefined
[Console-log] [GeomPack DEBUG] computeSize returning: [512, 512]
[Console-log] [GeomPack Viewer] Initializing...
[Console-error] THREE.WebGLRenderer: A WebGL context could not be created. Reason:  Could not create a WebGL context, VENDOR = 0xffff, DEVICE = 0xffff, GL_VENDOR = Google Inc. (Google), GL_RENDERER = ANGLE (Google, Vulkan 1.3.0 (SwiftShader Device (LLVM 10.0.0) (0x0000C0DE)), SwiftShader driver-5.0.0), GL_VERSION = 5.0.0, Sandboxed = no, Optimus = no, AMD switchable = no, Reset notification strategy = 0x8252, ErrorMessage = BindToCurrentSequence failed: .
[Console-error] THREE.WebGLRenderer: A WebGL context could not be created. Reason:  Failed to create a WebGL2 context.
[Console-error] THREE.WebGLRenderer: A WebGL context could not be created. Reason:  Could not create a WebGL context, VENDOR = 0xffff, DEVICE = 0xffff, GL_VENDOR = Google Inc. (Google), GL_RENDERER = ANGLE (Google, Vulkan 1.3.0 (SwiftShader Device (LLVM 10.0.0) (0x0000C0DE)), SwiftShader driver-5.0.0), GL_VERSION = 5.0.0, Sandboxed = no, Optimus = no, AMD switchable = no, Reset notification strategy = 0x8252, ErrorMessage = BindToCurrentSequence failed: .
[Console-error] THREE.WebGLRenderer: A WebGL context could not be created. Reason:  Could not create a WebGL context, VENDOR = 0xffff, DEVICE = 0xffff, GL_VENDOR = Google Inc. (Google), GL_RENDERER = ANGLE (Google, Vulkan 1.3.0 (SwiftShader Device (LLVM 10.0.0) (0x0000C0DE)), SwiftShader driver-5.0.0), GL_VERSION = 5.0.0, Sandboxed = no, Optimus = no, AMD switchable = no, Reset notification strategy = 0x8252, ErrorMessage = BindToCurrentSequence failed: .
[Console-error] THREE.WebGLRenderer: A WebGL context could not be created. Reason:  Could not create a WebGL context, VENDOR = 0xffff, DEVICE = 0xffff, GL_VENDOR = Google Inc. (Google), GL_RENDERER = ANGLE (Google, Vulkan 1.3.0 (SwiftShader Device (LLVM 10.0.0) (0x0000C0DE)), SwiftShader driver-5.0.0), GL_VERSION = 5.0.0, Sandboxed = no, Optimus = no, AMD switchable = no, Reset notification strategy = 0x8252, ErrorMessage = BindToCurrentSequence failed: .
[Console-error] THREE.WebGLRenderer: A WebGL context could not be created. Reason:  Failed to create a WebGL2 context.
[Console-error] THREE.WebGLRenderer: A WebGL context could not be created. Reason:  Could not create a WebGL context, VENDOR = 0xffff, DEVICE = 0xffff, GL_VENDOR = Google Inc. (Google), GL_RENDERER = ANGLE (Google, Vulkan 1.3.0 (SwiftShader Device (LLVM 10.0.0) (0x0000C0DE)), SwiftShader driver-5.0.0), GL_VERSION = 5.0.0, Sandboxed = no, Optimus = no, AMD switchable = no, Reset notification strategy = 0x8252, ErrorMessage = BindToCurrentSequence failed: .
[Console-error] THREE.WebGLRenderer: A WebGL context could not be created. Reason:  Could not create a WebGL context, VENDOR = 0xffff, DEVICE = 0xffff, GL_VENDOR = Google Inc. (Google), GL_RENDERER = ANGLE (Google, Vulkan 1.3.0 (SwiftShader Device (LLVM 10.0.0) (0x0000C0DE)), SwiftShader driver-5.0.0), GL_VERSION = 5.0.0, Sandboxed = no, Optimus = no, AMD switchable = no, Reset notification strategy = 0x8252, ErrorMessage = BindToCurrentSequence failed: .
[Console-error] THREE.WebGLRenderer: Error creating WebGL context.
[Console-log] [GeomPack DEBUG] computeSize called with width: undefined
[Console-log] [GeomPack DEBUG] computeSize returning: [512, 512]
[Console-log] [VTK Bundle] GLTFImporter included in bundle
[Console-log] [GeomPack VTK Dual Viewer] Initializing...
[Console-log] [GeomPack VTK Dual Viewer] Ready
[Console-log] [GeomPack VTK Dual Viewer] DEBUG - Edges checkbox element: JSHandle@node
[Console-log] [GeomPack VTK Dual Viewer] DEBUG - Controls div: JSHandle@node
[Console-log] [GeomPack VTK Dual Viewer] DEBUG - Edges checkbox position: {top: 550.5, left: 89, width: 13, height: 13, bottom: 563.5}
[Console-log] [GeomPack VTK Dual Viewer] DEBUG - Edges checkbox style: {display: block, visibility: visible, opacity: 1, position: static}
[Console-log] [GeomPack VTK Dual Viewer] DEBUG - Controls div style: {display: flex, visibility: visible, position: static, bottom: auto, height: 48px}
[Console-log] [GeomPack VTK Dual Viewer] DEBUG - Body/viewport dimensions: {bodyHeight: 589, bodyScrollHeight: 589, windowHeight: 589, viewportHeight: 589}
[Console-log] [GeomPack VTK Dual Viewer] DEBUG - Is edges checkbox visible in viewport? true
[Console-log] [comfy-test] graphToPrompt: 3 nodes, missing class_type: [], sample: {"inputs":{"file_path":"3d/Stanford_Bunny.stl"},"class_type":"GeomPackLoadMesh","_meta":{"title":"Load Mesh"}}
[Console-log] [VTK Bundle] GLTFImporter included in bundle
[Console-log] [GeomPack VTK Dual Viewer] Initializing...
[Console-log] [GeomPack VTK Dual Viewer] Ready
[Console-log] [GeomPack VTK Dual Viewer] Received LOAD_DUAL_MESH message: {type: LOAD_DUAL_MESH, layout: side_by_side, mesh1Filepath: /view?filename=preview_dual_1_02c8d2f7.vtp&type=output&subfolder=, mesh2Filepath: /view?filename=preview_dual_2_02c8d2f7.stl&type=output&subfolder=, meshFilepath: undefined}
[Console-error] no webgl context
[Console-error] [GeomPack VTK Dual Viewer] Error loading meshes: TypeError: Cannot create proxy with a non-object as target or handler
    at Gg.e.get3DContext (http://127.0.0.1:8188/extensions/ComfyUI-GeometryPack/js/vtk-gltf.js:2:547571)
    at e.<computed> [as get3DContext] (http://127.0.0.1:8188/extensions/ComfyUI-GeometryPack/js/vtk-gltf.js:2:563844)
    at Gg.e.initialize (http://127.0.0.1:8188/extensions/ComfyUI-GeometryPack/js/vtk-gltf.js:2:545953)
    at Gg.e.buildPass (http://127.0.0.1:8188/extensions/ComfyUI-GeometryPack/js/vtk-gltf.js:2:545699)
    at e.apply (http://127.0.0.1:8188/extensions/ComfyUI-GeometryPack/js/vtk-gltf.js:2:43533)
    at e.traverse (http://127.0.0.1:8188/extensions/ComfyUI-GeometryPack/js/vtk-gltf.js:2:43396)
    at e.traverse (http://127.0.0.1:8188/extensions/ComfyUI-GeometryPack/js/vtk-gltf.js:2:522904)
    at Gg.e.traverseAllPasses (http://127.0.0.1:8188/extensions/ComfyUI-GeometryPack/js/vtk-gltf.js:2:560178)
    at f (http://127.0.0.1:8188/extensions/ComfyUI-GeometryPack/js/vtk-gltf.js:2:489831)
    at e.render (http://127.0.0.1:8188/extensions/ComfyUI-GeometryPack/js/vtk-gltf.js:2:497982)
[Console-log] [GeomPack VTK Dual Viewer] DEBUG - Edges checkbox element: JSHandle@node
[Console-log] [GeomPack VTK Dual Viewer] DEBUG - Controls div: JSHandle@node
[Console-log] [GeomPack VTK Dual Viewer] DEBUG - Edges checkbox position: {top: 511.5, left: 89, width: 13, height: 13, bottom: 524.5}
[Console-log] [GeomPack VTK Dual Viewer] DEBUG - Edges checkbox style: {display: block, visibility: visible, opacity: 1, position: static}
[Console-log] [GeomPack VTK Dual Viewer] DEBUG - Controls div style: {display: flex, visibility: visible, position: static, bottom: auto, height: 48px}
[Console-log] [GeomPack VTK Dual Viewer] DEBUG - Body/viewport dimensions: {bodyHeight: 550, bodyScrollHeight: 550, windowHeight: 550, viewportHeight: 550}
[Console-log] [GeomPack VTK Dual Viewer] DEBUG - Is edges checkbox visible in viewport? true