Capturing execution frames: remesh_intersections.json
  Frame 1 saved (frame_000.jpg, t=0.0s)
  Validating workflow...
  Queuing workflow for execution...
  Frame 2 saved (frame_001.jpg, t=2.4s)
  [capture-periodic] freeze=9ms shot=195ms unfreeze=4ms saved=True
  Frame 3 saved (frame_002.jpg, t=4.7s)
  [capture-periodic] freeze=6ms shot=213ms unfreeze=47ms saved=True
  [capture-loop] iter=50 t=6.7s state={'complete': False, 'error': None, 'executedCount': 1, 'wsState': 1} eval_ms=12 ram=3.3/7.0GB (55%) swap=0.0/0.0GB (0%) cpu=88% browser_rss=0.82GB
  Node executed (1 total), capturing...
  Frame 4 saved (frame_003.jpg, t=6.9s)
  [capture-node] freeze=5ms shot=201ms unfreeze=38ms saved=True
  Node executed (4 total), capturing...
  Frame 5 saved (frame_004.jpg, t=7.5s)
  [capture-node] freeze=7ms shot=268ms unfreeze=0ms saved=True
  Execution complete (t=7.5s)
  Captured 5 unique frames over 7.78s
  [debug] iframes: 1
  [debug]   iframe[0]: src=http://127.0.0.1:8188/extensions/ComfyUI-GeometryPack/viewer_dual.html?v=1778015, canvas=300x300, rafFrozen=False
  [timing] trigger_3d_previews: 0.0s
  Saved high-quality screenshot: remesh_intersections_executed.png
  [timing] final_screenshot: 1.1s
    Captured 6 video frames