Capturing execution frames: sharpen_all.json
  Frame 1 saved (frame_000.jpg, t=0.0s)
  Validating workflow...
  Queuing workflow for execution...
  Frame 2 saved (frame_001.jpg, t=2.5s)
  [capture-periodic] freeze=4ms shot=220ms unfreeze=41ms saved=True
  Node executed (1 total), capturing...
  Frame 3 saved (frame_002.jpg, t=3.5s)
  [capture-node] freeze=6ms shot=243ms unfreeze=39ms saved=True
  Frame 4 saved (frame_003.jpg, t=5.8s)
  [capture-periodic] freeze=3ms shot=279ms unfreeze=6ms saved=True
  [capture-loop] iter=50 t=7.1s state={'complete': False, 'error': None, 'executedCount': 1, 'wsState': 1} eval_ms=4 ram=3.5/7.0GB (60%) swap=0.0/0.0GB (0%) cpu=94% browser_rss=0.78GB
  [capture-loop] iter=100 t=13.6s state={'complete': False, 'error': None, 'executedCount': 1, 'wsState': 1} eval_ms=5 ram=3.5/7.0GB (61%) swap=0.0/0.0GB (0%) cpu=99% browser_rss=0.75GB
  [capture-loop] iter=150 t=19.7s state={'complete': False, 'error': None, 'executedCount': 1, 'wsState': 1} eval_ms=4 ram=3.6/7.0GB (61%) swap=0.0/0.0GB (0%) cpu=99% browser_rss=0.75GB
  Node executed (2 total), capturing...
  Frame 5 saved (frame_004.jpg, t=24.7s)
  [capture-node] freeze=3ms shot=296ms unfreeze=30ms saved=True
  Node executed (3 total), capturing...
  Frame 6 saved (frame_005.jpg, t=25.3s)
  [capture-node] freeze=7ms shot=256ms unfreeze=36ms saved=True
  [capture-loop] iter=200 t=26.8s state={'complete': False, 'error': None, 'executedCount': 3, 'wsState': 1} eval_ms=4 ram=3.6/7.0GB (61%) swap=0.0/0.0GB (0%) cpu=91% browser_rss=0.75GB
  Node executed (4 total), capturing...
  Frame 7 saved (frame_006.jpg, t=31.0s)
  [capture-node] freeze=7ms shot=253ms unfreeze=39ms saved=True
  Frame 8 saved (frame_007.jpg, t=33.4s)
  [capture-periodic] freeze=4ms shot=193ms unfreeze=77ms saved=True
  [capture-loop] iter=250 t=33.8s state={'complete': False, 'error': None, 'executedCount': 4, 'wsState': 1} eval_ms=8 ram=3.5/7.0GB (60%) swap=0.0/0.0GB (0%) cpu=89% browser_rss=0.75GB
  Node executed (5 total), capturing...
  Frame 9 saved (frame_008.jpg, t=37.6s)
  [capture-node] freeze=22ms shot=251ms unfreeze=74ms saved=True
  Node executed (9 total), capturing...
  Frame 10 saved (frame_009.jpg, t=38.3s)
  [capture-node] freeze=7ms shot=327ms unfreeze=0ms saved=True
  Execution complete (t=38.3s)
  Captured 10 unique frames over 38.65s
  [debug] iframes: 2
  [debug]   iframe[0]: src=http://127.0.0.1:8188/extensions/ComfyUI-GeometryPack/viewer_multi.html?v=177801, canvas=300x300, rafFrozen=True
  [debug]   iframe[1]: src=http://127.0.0.1:8188/extensions/ComfyUI-GeometryPack/viewer_multi.html?v=177801, canvas=300x300, rafFrozen=True
  [timing] trigger_3d_previews: 0.0s
  Saved high-quality screenshot: sharpen_all_executed.png
  [timing] final_screenshot: 1.3s
    Captured 11 video frames