Capturing execution frames: sharpen.json
  Frame 1 saved (frame_000.jpg, t=0.0s)
  Validating workflow...
  Queuing workflow for execution...
  Frame 2 saved (frame_001.jpg, t=2.5s)
  [capture-periodic] freeze=6ms shot=217ms unfreeze=17ms saved=True
  Frame 3 saved (frame_002.jpg, t=4.8s)
  [capture-periodic] freeze=5ms shot=262ms unfreeze=15ms saved=True
  [capture-loop] iter=50 t=6.7s state={'complete': False, 'error': None, 'executedCount': 0, 'wsState': 1} eval_ms=8 ram=3.5/7.0GB (58%) swap=0.0/0.0GB (0%) cpu=86% browser_rss=0.79GB
  Frame 4 saved (frame_003.jpg, t=7.1s)
  [capture-periodic] freeze=6ms shot=229ms unfreeze=40ms saved=True
  Node executed (1 total), capturing...
  Frame 5 saved (frame_004.jpg, t=7.7s)
  [capture-node] freeze=13ms shot=309ms unfreeze=37ms saved=True
  Node executed (2 total), capturing...
  Frame 6 saved (frame_005.jpg, t=8.4s)
  [capture-node] freeze=11ms shot=246ms unfreeze=13ms saved=True
  Execution complete (t=8.8s)
  Captured 6 unique frames over 8.83s
  [debug] iframes: 1
  [debug]   iframe[0]: src=http://127.0.0.1:8188/extensions/ComfyUI-GeometryPack/viewer_multi.html?v=177801, canvas=300x300, rafFrozen=False
  [timing] trigger_3d_previews: 0.0s
  Saved high-quality screenshot: sharpen_executed.png
  [timing] final_screenshot: 1.1s
    Captured 7 video frames