Capturing execution frames: skeleton_extraction.json
  Frame 1 saved (frame_000.jpg, t=0.0s)
  Validating workflow...
  Queuing workflow for execution...
  Frame 2 saved (frame_001.jpg, t=2.4s)
  [capture-periodic] freeze=5ms shot=175ms unfreeze=29ms saved=True
  Frame 3 saved (frame_002.jpg, t=4.7s)
  [capture-periodic] freeze=3ms shot=194ms unfreeze=28ms saved=True
  [capture-loop] iter=50 t=6.6s state={'complete': False, 'error': None, 'executedCount': 0, 'wsState': 1} eval_ms=8 ram=3.6/7.0GB (60%) swap=0.0/0.0GB (0%) cpu=88% browser_rss=0.80GB
  Frame 4 saved (frame_003.jpg, t=7.0s)
  [capture-periodic] freeze=7ms shot=232ms unfreeze=18ms saved=True
  Frame 5 saved (frame_004.jpg, t=9.3s)
  [capture-periodic] freeze=4ms shot=193ms unfreeze=25ms saved=True
  [capture-loop] iter=100 t=13.0s state={'complete': False, 'error': None, 'executedCount': 0, 'wsState': 1} eval_ms=4 ram=3.6/7.0GB (60%) swap=0.0/0.0GB (0%) cpu=79% browser_rss=0.78GB
  Frame 6 saved (frame_005.jpg, t=16.3s)
  [capture-periodic] freeze=3ms shot=263ms unfreeze=26ms saved=True
  Frame 7 saved (frame_006.jpg, t=18.7s)
  [capture-periodic] freeze=4ms shot=190ms unfreeze=25ms saved=True
  [capture-loop] iter=150 t=19.6s state={'complete': False, 'error': None, 'executedCount': 0, 'wsState': 1} eval_ms=6 ram=3.6/7.0GB (60%) swap=0.0/0.0GB (0%) cpu=91% browser_rss=0.78GB
  Node executed (1 total), capturing...
  Frame 8 saved (frame_007.jpg, t=20.7s)
  [capture-node] freeze=7ms shot=241ms unfreeze=0ms saved=True
  Execution complete (t=20.7s)
  Captured 8 unique frames over 20.99s
  [debug] iframes: 1
  [debug]   iframe[0]: src=http://127.0.0.1:8188/extensions/ComfyUI-GeometryPack/viewer_dual.html?v=1778015, canvas=0x0, rafFrozen=False
  [timing] trigger_3d_previews: 0.0s
  Saved high-quality screenshot: skeleton_extraction_executed.png
  [timing] final_screenshot: 1.0s
    Captured 9 video frames