[Console-error] Failed to load resource: the server responded with a status of 404 (Not Found)
[Console-error] Failed to load resource: the server responded with a status of 404 (Not Found)
[Console-warning] [ComfyUI] The legacy queue/history menu is deprecated. Core functionality in this menu may break at any time. Issues and feature requests related to the legacy menu will not be addressed. To switch to the new menu: Settings → search "Use new menu" → change from "Disabled" to "Top".
[Console-warning] [ComfyUI] The legacy queue/history menu is deprecated. Core functionality in this menu may break at any time. Issues and feature requests related to the legacy menu will not be addressed. To switch to the new menu: Settings → search "Use new menu" → change from "Disabled" to "Top".
[Console-error] Failed to load resource: the server responded with a status of 404 (Not Found)
[Console-error] ComfyApp graph accessed before initialization
[Console-error] Failed to load resource: the server responded with a status of 404 (Not Found)
[Console-error] Failed to load resource: the server responded with a status of 404 (Not Found)
[Console-error] Failed to load resource: the server responded with a status of 404 (Not Found)
[Console-warning] WARNING: Multiple instances of Three.js being imported.
[Console-log] [VTK Bundle] GLTFImporter included in bundle
[Console-log] [CompareSMPLBVH] Loading Compare SMPL BVH extension
[Console-log] [CompareSMPLBVH] Loading Compare SMPL BVH extension...
[Console-log] [CompareSMPLBVH] Extension registered: comfy3d.comparesmplbvh
[Console-log] [FBX Preview] Auto-registering for all known FBX preview node types...
[Console-log] [UniRig] Loading FBX mesh preview extension...
[Console-log] [UniRig] Detected extension folder: ComfyUI-GeometryPack
[Console-log] [UniRig] FBX mesh preview extension registered
[Console-log] [SAM3DBody] Loading FBX mesh preview extension...
[Console-log] [SAM3DBody] Detected extension folder: ComfyUI-GeometryPack
[Console-log] [SAM3DBody] FBX mesh preview extension registered
[Console-log] [MotionCapture] Loading FBX mesh preview extension...
[Console-log] [MotionCapture] Detected extension folder: ComfyUI-GeometryPack
[Console-log] [MotionCapture] FBX mesh preview extension registered
[Console-log] [MotionCapture] Loading FBX mesh preview extension...
[Console-log] [MotionCapture] Detected extension folder: ComfyUI-GeometryPack
[Console-log] [MotionCapture] FBX mesh preview extension registered
[Console-log] [UniRig Debug] Loading FBX mesh preview extension...
[Console-log] [UniRig Debug] Detected extension folder: ComfyUI-GeometryPack
[Console-log] [UniRig Debug] FBX mesh preview extension registered
[Console-log] [GeomPack] Loading VTK.js textured mesh preview extension...
[Console-log] [GeomPack] VTK.js textured mesh preview extension registered
[Console-log] [GeomPack Gaussian] Loading extension...
[Console-log] [GeomPack] Loading UV mesh preview extension...
[Console-log] [GeomPack] UV mesh preview extension registered
[Console-log] [FBXAnimationViewer] Loading FBX Animation Viewer extension
[Console-log] [FBXAnimationViewer] Loading FBX Animation Viewer extension...
[Console-log] [FBXAnimationViewer] Extension registered: comfy3d.fbxanimationviewer
[Console-log] [UniRig Compare] Loading compare skeleton widget...
[Console-log] [UniRig Compare] Detected extension folder: ComfyUI-GeometryPack
[Console-log] [UniRig Compare] Compare skeleton widget registered
[Console-log] [GeomPack] Loading mesh preview extension...
[Console-log] [GeomPack] Mesh preview extension registered
[Console-log] [BVHViewer] Loading BVH Viewer extension
[Console-log] [BVHViewer] Loading BVH viewer extension...
[Console-log] [BVHViewer] Extension registered: comfy3d.bvhviewer
[Console-log] [GeomPack Multi JS] Loading mesh_preview_multi.js extension
[Console-warning] [MaskEditor] ComfyApp.open_maskeditor is deprecated. Plugins should migrate to using the command system or direct node context menu integration.
[Console-log] [GeomPack] Registering Preview Mesh node
[Console-log] [GeomPack] Registering Preview Mesh UV node
[Console-log] [GeomPack Gaussian] Registering Preview Gaussian node
[Console-log] [GeomPack Multi JS] Creating PreviewMeshMulti node widget
[Console-log] [GeomPack Multi JS] Creating PreviewMeshMulti node widget
[Console-log] [VTK Bundle] GLTFImporter included in bundle
[Console-log] [VTK Bundle] GLTFImporter included in bundle
[Console-log] [GeomPack VTK Multi Viewer] Initializing...
[Console-log] [GeomPack VTK Multi Viewer] Ready
[Console-log] [GeomPack VTK Multi Viewer] Initializing...
[Console-log] [GeomPack VTK Multi Viewer] Ready
[Console-log] [GeomPack Multi] Iframe loaded
[Console-log] [GeomPack Multi] Iframe loaded
[Console-log] [VTK Bundle] GLTFImporter included in bundle
[Console-log] [GeomPack VTK Dual Viewer] Initializing...
[Console-log] [GeomPack VTK Dual Viewer] Ready
[Console-log] [GeomPack VTK Dual Viewer] DEBUG - Edges checkbox element: JSHandle@node
[Console-log] [GeomPack VTK Dual Viewer] DEBUG - Controls div: JSHandle@node
[Console-log] [GeomPack VTK Dual Viewer] DEBUG - Edges checkbox position: {top: 536.5, left: 89, width: 13, height: 13, bottom: 549.5}
[Console-log] [GeomPack VTK Dual Viewer] DEBUG - Edges checkbox style: {display: block, visibility: visible, opacity: 1, position: static}
[Console-log] [GeomPack VTK Dual Viewer] DEBUG - Controls div style: {display: flex, visibility: visible, position: static, bottom: auto, height: 48px}
[Console-log] [GeomPack VTK Dual Viewer] DEBUG - Body/viewport dimensions: {bodyHeight: 575, bodyScrollHeight: 575, windowHeight: 575, viewportHeight: 575}
[Console-log] [GeomPack VTK Dual Viewer] DEBUG - Is edges checkbox visible in viewport? true
[Console-log] [comfy-test] graphToPrompt: 3 nodes, missing class_type: [], sample: {"inputs":{"operation":"translate","operation.translate_x":0.5,"operation.translate_y":0.5,"operation.translate_z":2,"report_panel":"false","trimesh":["5",0]},"class_type":"GeomPackTransformMesh","_meta":{"title":"Transform Mesh"}}
[Console-log] [VTK Bundle] GLTFImporter included in bundle
[Console-log] [GeomPack VTK Dual Viewer] Initializing...
[Console-log] [GeomPack VTK Dual Viewer] Ready
[Console-log] [GeomPack VTK Dual Viewer] Received LOAD_DUAL_MESH message: {type: LOAD_DUAL_MESH, layout: overlay, mesh1Filepath: undefined, mesh2Filepath: undefined, meshFilepath: /view?filename=preview_dual_overlay_6b6bc29e.vtp&type=output&subfolder=}
[Console-error] no webgl context
[Console-error] [GeomPack VTK Dual Viewer] Error loading meshes: TypeError: Cannot create proxy with a non-object as target or handler
    at Gg.e.get3DContext (http://127.0.0.1:8188/extensions/ComfyUI-GeometryPack/js/vtk-gltf.js:2:547571)
    at e.<computed> [as get3DContext] (http://127.0.0.1:8188/extensions/ComfyUI-GeometryPack/js/vtk-gltf.js:2:563844)
    at Gg.e.initialize (http://127.0.0.1:8188/extensions/ComfyUI-GeometryPack/js/vtk-gltf.js:2:545953)
    at Gg.e.buildPass (http://127.0.0.1:8188/extensions/ComfyUI-GeometryPack/js/vtk-gltf.js:2:545699)
    at e.apply (http://127.0.0.1:8188/extensions/ComfyUI-GeometryPack/js/vtk-gltf.js:2:43533)
    at e.traverse (http://127.0.0.1:8188/extensions/ComfyUI-GeometryPack/js/vtk-gltf.js:2:43396)
    at e.traverse (http://127.0.0.1:8188/extensions/ComfyUI-GeometryPack/js/vtk-gltf.js:2:522904)
    at Gg.e.traverseAllPasses (http://127.0.0.1:8188/extensions/ComfyUI-GeometryPack/js/vtk-gltf.js:2:560178)
    at f (http://127.0.0.1:8188/extensions/ComfyUI-GeometryPack/js/vtk-gltf.js:2:489831)
    at e.render (http://127.0.0.1:8188/extensions/ComfyUI-GeometryPack/js/vtk-gltf.js:2:497982)
[Console-log] [GeomPack VTK Dual Viewer] DEBUG - Edges checkbox element: JSHandle@node
[Console-log] [GeomPack VTK Dual Viewer] DEBUG - Controls div: JSHandle@node
[Console-log] [GeomPack VTK Dual Viewer] DEBUG - Edges checkbox position: {top: 511.5, left: 89, width: 13, height: 13, bottom: 524.5}
[Console-log] [GeomPack VTK Dual Viewer] DEBUG - Edges checkbox style: {display: block, visibility: visible, opacity: 1, position: static}
[Console-log] [GeomPack VTK Dual Viewer] DEBUG - Controls div style: {display: flex, visibility: visible, position: static, bottom: auto, height: 48px}
[Console-log] [GeomPack VTK Dual Viewer] DEBUG - Body/viewport dimensions: {bodyHeight: 550, bodyScrollHeight: 742, windowHeight: 550, viewportHeight: 550}
[Console-log] [GeomPack VTK Dual Viewer] DEBUG - Is edges checkbox visible in viewport? true