Capturing execution frames: uv_unwrap.json
  Frame 1 saved (frame_000.jpg, t=0.0s)
  Validating workflow...
  Queuing workflow for execution...
  Frame 2 saved (frame_001.jpg, t=2.4s)
  [capture-periodic] freeze=3ms shot=310ms unfreeze=12ms saved=True
  Frame 3 saved (frame_002.jpg, t=4.8s)
  [capture-periodic] freeze=9ms shot=199ms unfreeze=4ms saved=True
  [capture-loop] iter=50 t=6.3s state={'complete': False, 'error': None, 'executedCount': 0, 'wsState': 1} eval_ms=3 ram=3.3/7.0GB (61%) swap=0.0/0.0GB (0%) cpu=81% browser_rss=0.76GB
  Node executed (1 total), capturing...
  Frame 4 saved (frame_003.jpg, t=8.0s)
  [capture-node] freeze=4ms shot=258ms unfreeze=4ms saved=True
  Node executed (2 total), capturing...
  Frame 5 saved (frame_004.jpg, t=8.6s)
  [capture-node] freeze=4ms shot=212ms unfreeze=0ms saved=True
  Execution complete (t=8.6s)
  Captured 5 unique frames over 8.85s
  [debug] iframes: 1
  [debug]   iframe[0]: src=http://127.0.0.1:8188/extensions/ComfyUI-GeometryPack/viewer_uv.html?v=177834741, canvas=287x287, rafFrozen=True
  [timing] trigger_3d_previews: 0.0s
  Saved high-quality screenshot: uv_unwrap_executed.png
  [timing] final_screenshot: 0.3s
    Captured 6 video frames