Capturing execution frames: view_texture.json
  Frame 1 saved (frame_000.jpg, t=0.0s)
  Validating workflow...
  [ComfyUI] === /validate endpoint called ===
  [ComfyUI] === /validate endpoint called ===
  [ComfyUI] === /validate endpoint called ===
  [ComfyUI] === /validate endpoint called ===
  [ComfyUI] Received JSON with keys: ['prompt']
  [ComfyUI] Received JSON with keys: ['prompt']
  [ComfyUI] Received JSON with keys: ['prompt']
  [ComfyUI] Received JSON with keys: ['prompt']
  [ComfyUI] Prompt has 2 nodes
  [ComfyUI] Prompt has 2 nodes
  [ComfyUI] Prompt has 2 nodes
  [ComfyUI] Prompt has 2 nodes
  [ComfyUI]   Node 3: GeomPackLoadMesh
  [ComfyUI]   Node 3: GeomPackLoadMesh
  [ComfyUI]   Node 3: GeomPackLoadMesh
  [ComfyUI]   Node 3: GeomPackLoadMesh
  [ComfyUI]     Inputs: {"file_path": "3d/mount_textured.glb"}
  [ComfyUI]     Inputs: {"file_path": "3d/mount_textured.glb"}
  [ComfyUI]     Inputs: {"file_path": "3d/mount_textured.glb"}
  [ComfyUI]     Inputs: {"file_path": "3d/mount_textured.glb"}
  [ComfyUI]   Node 12: GeomPackPreviewMeshVTK
  [ComfyUI]   Node 12: GeomPackPreviewMeshVTK
  [ComfyUI]   Node 12: GeomPackPreviewMeshVTK
  [ComfyUI]   Node 12: GeomPackPreviewMeshVTK
  [ComfyUI]     Inputs: {"mode": "texture", "preview_vtk": "{\"show_edges\":false,\"camera_state\":\"\",\"selected_field\":\"\",\"selected_channel\":\"magnitude\",\"selected_colormap\":\"erdc_rainbow_bright\"}", "trimesh": [
  [ComfyUI]     Inputs: {"mode": "texture", "preview_vtk": "{\"show_edges\":false,\"camera_state\":\"\",\"selected_field\":\"\",\"selected_channel\":\"magnitude\",\"selected_colormap\":\"erdc_rainbow_bright\"}", "trimesh": [
  [ComfyUI]     Inputs: {"mode": "texture", "preview_vtk": "{\"show_edges\":false,\"camera_state\":\"\",\"selected_field\":\"\",\"selected_channel\":\"magnitude\",\"selected_colormap\":\"erdc_rainbow_bright\"}", "trimesh": [
  [ComfyUI]     Inputs: {"mode": "texture", "preview_vtk": "{\"show_edges\":false,\"camera_state\":\"\",\"selected_field\":\"\",\"selected_channel\":\"magnitude\",\"selected_colormap\":\"erdc_rainbow_bright\"}", "trimesh": [
  [ComfyUI] Generated prompt_id: ad84fd4c-5979-47cb-ba53-b88e55fb3fbc
  [ComfyUI] Generated prompt_id: ad84fd4c-5979-47cb-ba53-b88e55fb3fbc
  [ComfyUI] Generated prompt_id: ad84fd4c-5979-47cb-ba53-b88e55fb3fbc
  [ComfyUI] Generated prompt_id: ad84fd4c-5979-47cb-ba53-b88e55fb3fbc
  [ComfyUI] Calling execution.validate_prompt()...
  [ComfyUI] Calling execution.validate_prompt()...
  [ComfyUI] Calling execution.validate_prompt()...
  [ComfyUI] Calling execution.validate_prompt()...
  [ComfyUI] Validation result: valid=True
  [ComfyUI] Validation result: valid=True
  [ComfyUI] Validation result: valid=True
  [ComfyUI] Validation result: valid=True
  [ComfyUI] === Validation PASSED ===
  [ComfyUI] === Validation PASSED ===
  [ComfyUI] === Validation PASSED ===
  [ComfyUI] === Validation PASSED ===
  Queuing workflow for execution...
  [ComfyUI] got prompt
  [ComfyUI] got prompt
  [ComfyUI] got prompt
  [ComfyUI] got prompt
  [ComfyUI] [comfy-env] Running GeomPackLoadMesh: file_path: '3d/mount_textured.glb'
  [ComfyUI] [comfy-env] Running GeomPackLoadMesh: file_path: '3d/mount_textured.glb'
  [ComfyUI] [comfy-env] Running GeomPackLoadMesh: file_path: '3d/mount_textured.glb'
  [ComfyUI] [comfy-env] Running GeomPackLoadMesh: file_path: '3d/mount_textured.glb'
  [ComfyUI] [SubprocessWorker] call_method: nodes.io.load_mesh.LoadMesh.EXECUTE_NORMALIZED
  [ComfyUI] [SubprocessWorker] call_method: nodes.io.load_mesh.LoadMesh.EXECUTE_NORMALIZED
  [ComfyUI] [SubprocessWorker] call_method: nodes.io.load_mesh.LoadMesh.EXECUTE_NORMALIZED
  [ComfyUI] [SubprocessWorker] call_method: nodes.io.load_mesh.LoadMesh.EXECUTE_NORMALIZED
  [ComfyUI] [SubprocessWorker] acquired lock, ensuring started...
  [ComfyUI] [SubprocessWorker] acquired lock, ensuring started...
  [ComfyUI] [SubprocessWorker] acquired lock, ensuring started...
  [ComfyUI] [SubprocessWorker] acquired lock, ensuring started...
  [ComfyUI] [ComfyUI-GeometryPack] Health check: ping (timeout=5.0s)...
  [ComfyUI] [ComfyUI-GeometryPack] Health check: ping (timeout=5.0s)...
  [ComfyUI] [ComfyUI-GeometryPack] Health check: ping (timeout=5.0s)...
  [ComfyUI] [ComfyUI-GeometryPack] Health check: ping (timeout=5.0s)...
  [ComfyUI] [ComfyUI-GeometryPack] Health check: failed
  [ComfyUI] [ComfyUI-GeometryPack] Health check: failed
  [ComfyUI] [ComfyUI-GeometryPack] Health check: failed
  [ComfyUI] [ComfyUI-GeometryPack] Health check: failed
  [ComfyUI] [ComfyUI-GeometryPack] Socket unhealthy, restarting worker...
  [ComfyUI] [ComfyUI-GeometryPack] Socket unhealthy, restarting worker...
  [ComfyUI] [ComfyUI-GeometryPack] Socket unhealthy, restarting worker...
  [ComfyUI] [ComfyUI-GeometryPack] Socket unhealthy, restarting worker...
  [ComfyUI] [ComfyUI-GeometryPack] python: /Users/runner/.ce/.pixi/envs/geometrypack-nodes/bin/python
  [ComfyUI] [ComfyUI-GeometryPack] python: /Users/runner/.ce/.pixi/envs/geometrypack-nodes/bin/python
  [ComfyUI] [ComfyUI-GeometryPack] python: /Users/runner/.ce/.pixi/envs/geometrypack-nodes/bin/python
  [ComfyUI] [ComfyUI-GeometryPack] python: /Users/runner/.ce/.pixi/envs/geometrypack-nodes/bin/python
  [ComfyUI] [ComfyUI-GeometryPack] sys_path sent to worker: ['/Users/runner/work/comfy-gpu-ci/comfy-gpu-ci/test_workspaces/GeometryPack-2125/ComfyUI', '/Users/runner/work/comfy-gpu-ci/comfy-gpu-ci/test_workspaces/GeometryPack-2125/ComfyUI/custom_nodes/ComfyUI-GeometryPack', '/Users/runner/.ce/.pixi/envs/geometrypack-nodes/lib/python3.13/site-packages', '/Users/runner/work/comfy-gpu-ci/comfy-gpu-ci/test_workspaces/GeometryPack-2125/ComfyUI/custom_nodes/ComfyUI-GeometryPack']
  [ComfyUI] [ComfyUI-GeometryPack] sys_path sent to worker: ['/Users/runner/work/comfy-gpu-ci/comfy-gpu-ci/test_workspaces/GeometryPack-2125/ComfyUI', '/Users/runner/work/comfy-gpu-ci/comfy-gpu-ci/test_workspaces/GeometryPack-2125/ComfyUI/custom_nodes/ComfyUI-GeometryPack', '/Users/runner/.ce/.pixi/envs/geometrypack-nodes/lib/python3.13/site-packages', '/Users/runner/work/comfy-gpu-ci/comfy-gpu-ci/test_workspaces/GeometryPack-2125/ComfyUI/custom_nodes/ComfyUI-GeometryPack']
  [ComfyUI] [ComfyUI-GeometryPack] sys_path sent to worker: ['/Users/runner/work/comfy-gpu-ci/comfy-gpu-ci/test_workspaces/GeometryPack-2125/ComfyUI', '/Users/runner/work/comfy-gpu-ci/comfy-gpu-ci/test_workspaces/GeometryPack-2125/ComfyUI/custom_nodes/ComfyUI-GeometryPack', '/Users/runner/.ce/.pixi/envs/geometrypack-nodes/lib/python3.13/site-packages', '/Users/runner/work/comfy-gpu-ci/comfy-gpu-ci/test_workspaces/GeometryPack-2125/ComfyUI/custom_nodes/ComfyUI-GeometryPack']
  [ComfyUI] [ComfyUI-GeometryPack] sys_path sent to worker: ['/Users/runner/work/comfy-gpu-ci/comfy-gpu-ci/test_workspaces/GeometryPack-2125/ComfyUI', '/Users/runner/work/comfy-gpu-ci/comfy-gpu-ci/test_workspaces/GeometryPack-2125/ComfyUI/custom_nodes/ComfyUI-GeometryPack', '/Users/runner/.ce/.pixi/envs/geometrypack-nodes/lib/python3.13/site-packages', '/Users/runner/work/comfy-gpu-ci/comfy-gpu-ci/test_workspaces/GeometryPack-2125/ComfyUI/custom_nodes/ComfyUI-GeometryPack']
  [ComfyUI] [SubprocessWorker] is_pixi=True, python=/Users/runner/.ce/.pixi/envs/geometrypack-nodes/bin/python
  [ComfyUI] [SubprocessWorker] is_pixi=True, python=/Users/runner/.ce/.pixi/envs/geometrypack-nodes/bin/python
  [ComfyUI] [SubprocessWorker] is_pixi=True, python=/Users/runner/.ce/.pixi/envs/geometrypack-nodes/bin/python
  [ComfyUI] [SubprocessWorker] is_pixi=True, python=/Users/runner/.ce/.pixi/envs/geometrypack-nodes/bin/python
  [ComfyUI] [SubprocessWorker] launching cmd=['/Users/runner/.pixi/bin/pixi', 'run', '--as-is', '--manifest-path', '/Users/runner/.ce/pixi.toml', '-e', 'geometrypack-nodes', 'python', '/var/folders/tb/y368xp_x10s3ty1b_mtl5mxr0000gn/T/comfyui_pvenv_hc9ufh_x/persistent_worker.py', 'unix:///var/folders/tb/y368xp_x10s3ty1b_mtl5mxr0000gn/T/comfy_worker_06080d7a8a4c.sock']...
  [ComfyUI] [SubprocessWorker] launching cmd=['/Users/runner/.pixi/bin/pixi', 'run', '--as-is', '--manifest-path', '/Users/runner/.ce/pixi.toml', '-e', 'geometrypack-nodes', 'python', '/var/folders/tb/y368xp_x10s3ty1b_mtl5mxr0000gn/T/comfyui_pvenv_hc9ufh_x/persistent_worker.py', 'unix:///var/folders/tb/y368xp_x10s3ty1b_mtl5mxr0000gn/T/comfy_worker_06080d7a8a4c.sock']...
  [ComfyUI] [SubprocessWorker] launching cmd=['/Users/runner/.pixi/bin/pixi', 'run', '--as-is', '--manifest-path', '/Users/runner/.ce/pixi.toml', '-e', 'geometrypack-nodes', 'python', '/var/folders/tb/y368xp_x10s3ty1b_mtl5mxr0000gn/T/comfyui_pvenv_hc9ufh_x/persistent_worker.py', 'unix:///var/folders/tb/y368xp_x10s3ty1b_mtl5mxr0000gn/T/comfy_worker_06080d7a8a4c.sock']...
  [ComfyUI] [SubprocessWorker] launching cmd=['/Users/runner/.pixi/bin/pixi', 'run', '--as-is', '--manifest-path', '/Users/runner/.ce/pixi.toml', '-e', 'geometrypack-nodes', 'python', '/var/folders/tb/y368xp_x10s3ty1b_mtl5mxr0000gn/T/comfyui_pvenv_hc9ufh_x/persistent_worker.py', 'unix:///var/folders/tb/y368xp_x10s3ty1b_mtl5mxr0000gn/T/comfy_worker_06080d7a8a4c.sock']...
  [ComfyUI] [SubprocessWorker] socket_addr=unix:///var/folders/tb/y368xp_x10s3ty1b_mtl5mxr0000gn/T/comfy_worker_06080d7a8a4c.sock exists=True
  [ComfyUI] [SubprocessWorker] socket_addr=unix:///var/folders/tb/y368xp_x10s3ty1b_mtl5mxr0000gn/T/comfy_worker_06080d7a8a4c.sock exists=True
  [ComfyUI] [SubprocessWorker] socket_addr=unix:///var/folders/tb/y368xp_x10s3ty1b_mtl5mxr0000gn/T/comfy_worker_06080d7a8a4c.sock exists=True
  [ComfyUI] [SubprocessWorker] socket_addr=unix:///var/folders/tb/y368xp_x10s3ty1b_mtl5mxr0000gn/T/comfy_worker_06080d7a8a4c.sock exists=True
  [ComfyUI] /Users/runner/.ce/.pixi/envs/geometrypack-nodes/lib/python3.13/multiprocessing/resource_tracker.py:400: UserWarning: resource_tracker: There appear to be 36 leaked shared_memory objects to clean up at shutdown: {'/psm_dcf7f772', '/psm_d33c6ed8', '/psm_04e901b3', '/psm_3c7dd528', '/psm_d6c5fa5d', '/psm_ecac62c4', '/psm_5c854112', '/psm_7de22052', '/psm_1fd610c1', '/psm_965c11b1', '/psm_745cd8ba', '/psm_1bd32e65', '/psm_837d5d50', '/psm_2489d7e9', '/psm_fbc3d69e', '/psm_a3e7bc39', '/psm_5782b43d', '/psm_cf1ff78c', '/psm_0987eca5', '/psm_942b08dc', '/psm_694ade83', '/psm_4df08e6e', '/psm_ce81ab9f', '/psm_2fb7630e', '/psm_a226c725', '/psm_4767bcea', '/psm_1d9f8f26', '/psm_08f52dbf', '/psm_770d0cf1', '/psm_83bdcf80', '/psm_725f570d', '/psm_dcf53c75', '/psm_77f6efc6', '/psm_45a07f79', '/psm_f138ae8b', '/psm_f06381a6'}
  [ComfyUI] /Users/runner/.ce/.pixi/envs/geometrypack-nodes/lib/python3.13/multiprocessing/resource_tracker.py:400: UserWarning: resource_tracker: There appear to be 36 leaked shared_memory objects to clean up at shutdown: {'/psm_dcf7f772', '/psm_d33c6ed8', '/psm_04e901b3', '/psm_3c7dd528', '/psm_d6c5fa5d', '/psm_ecac62c4', '/psm_5c854112', '/psm_7de22052', '/psm_1fd610c1', '/psm_965c11b1', '/psm_745cd8ba', '/psm_1bd32e65', '/psm_837d5d50', '/psm_2489d7e9', '/psm_fbc3d69e', '/psm_a3e7bc39', '/psm_5782b43d', '/psm_cf1ff78c', '/psm_0987eca5', '/psm_942b08dc', '/psm_694ade83', '/psm_4df08e6e', '/psm_ce81ab9f', '/psm_2fb7630e', '/psm_a226c725', '/psm_4767bcea', '/psm_1d9f8f26', '/psm_08f52dbf', '/psm_770d0cf1', '/psm_83bdcf80', '/psm_725f570d', '/psm_dcf53c75', '/psm_77f6efc6', '/psm_45a07f79', '/psm_f138ae8b', '/psm_f06381a6'}
  [ComfyUI] /Users/runner/.ce/.pixi/envs/geometrypack-nodes/lib/python3.13/multiprocessing/resource_tracker.py:400: UserWarning: resource_tracker: There appear to be 36 leaked shared_memory objects to clean up at shutdown: {'/psm_dcf7f772', '/psm_d33c6ed8', '/psm_04e901b3', '/psm_3c7dd528', '/psm_d6c5fa5d', '/psm_ecac62c4', '/psm_5c854112', '/psm_7de22052', '/psm_1fd610c1', '/psm_965c11b1', '/psm_745cd8ba', '/psm_1bd32e65', '/psm_837d5d50', '/psm_2489d7e9', '/psm_fbc3d69e', '/psm_a3e7bc39', '/psm_5782b43d', '/psm_cf1ff78c', '/psm_0987eca5', '/psm_942b08dc', '/psm_694ade83', '/psm_4df08e6e', '/psm_ce81ab9f', '/psm_2fb7630e', '/psm_a226c725', '/psm_4767bcea', '/psm_1d9f8f26', '/psm_08f52dbf', '/psm_770d0cf1', '/psm_83bdcf80', '/psm_725f570d', '/psm_dcf53c75', '/psm_77f6efc6', '/psm_45a07f79', '/psm_f138ae8b', '/psm_f06381a6'}
  [ComfyUI] /Users/runner/.ce/.pixi/envs/geometrypack-nodes/lib/python3.13/multiprocessing/resource_tracker.py:400: UserWarning: resource_tracker: There appear to be 36 leaked shared_memory objects to clean up at shutdown: {'/psm_dcf7f772', '/psm_d33c6ed8', '/psm_04e901b3', '/psm_3c7dd528', '/psm_d6c5fa5d', '/psm_ecac62c4', '/psm_5c854112', '/psm_7de22052', '/psm_1fd610c1', '/psm_965c11b1', '/psm_745cd8ba', '/psm_1bd32e65', '/psm_837d5d50', '/psm_2489d7e9', '/psm_fbc3d69e', '/psm_a3e7bc39', '/psm_5782b43d', '/psm_cf1ff78c', '/psm_0987eca5', '/psm_942b08dc', '/psm_694ade83', '/psm_4df08e6e', '/psm_ce81ab9f', '/psm_2fb7630e', '/psm_a226c725', '/psm_4767bcea', '/psm_1d9f8f26', '/psm_08f52dbf', '/psm_770d0cf1', '/psm_83bdcf80', '/psm_725f570d', '/psm_dcf53c75', '/psm_77f6efc6', '/psm_45a07f79', '/psm_f138ae8b', '/psm_f06381a6'}
  [ComfyUI]   warnings.warn(
  [ComfyUI]   warnings.warn(
  [ComfyUI]   warnings.warn(
  [ComfyUI]   warnings.warn(
  [ComfyUI] /Users/runner/.ce/.pixi/envs/geometrypack-nodes/lib/python3.13/multiprocessing/resource_tracker.py:416: UserWarning: resource_tracker: '/psm_dcf7f772': [Errno 2] No such file or directory: '/psm_dcf7f772'
  [ComfyUI] /Users/runner/.ce/.pixi/envs/geometrypack-nodes/lib/python3.13/multiprocessing/resource_tracker.py:416: UserWarning: resource_tracker: '/psm_dcf7f772': [Errno 2] No such file or directory: '/psm_dcf7f772'
  [ComfyUI] /Users/runner/.ce/.pixi/envs/geometrypack-nodes/lib/python3.13/multiprocessing/resource_tracker.py:416: UserWarning: resource_tracker: '/psm_dcf7f772': [Errno 2] No such file or directory: '/psm_dcf7f772'
  [ComfyUI] /Users/runner/.ce/.pixi/envs/geometrypack-nodes/lib/python3.13/multiprocessing/resource_tracker.py:416: UserWarning: resource_tracker: '/psm_dcf7f772': [Errno 2] No such file or directory: '/psm_dcf7f772'
  [ComfyUI]   warnings.warn('resource_tracker: %r: %s' % (name, e))
  [ComfyUI]   warnings.warn('resource_tracker: %r: %s' % (name, e))
  [ComfyUI]   warnings.warn('resource_tracker: %r: %s' % (name, e))
  [ComfyUI]   warnings.warn('resource_tracker: %r: %s' % (name, e))
  [ComfyUI] /Users/runner/.ce/.pixi/envs/geometrypack-nodes/lib/python3.13/multiprocessing/resource_tracker.py:416: UserWarning: resource_tracker: '/psm_d33c6ed8': [Errno 2] No such file or directory: '/psm_d33c6ed8'
  [ComfyUI] /Users/runner/.ce/.pixi/envs/geometrypack-nodes/lib/python3.13/multiprocessing/resource_tracker.py:416: UserWarning: resource_tracker: '/psm_d33c6ed8': [Errno 2] No such file or directory: '/psm_d33c6ed8'
  [ComfyUI] /Users/runner/.ce/.pixi/envs/geometrypack-nodes/lib/python3.13/multiprocessing/resource_tracker.py:416: UserWarning: resource_tracker: '/psm_d33c6ed8': [Errno 2] No such file or directory: '/psm_d33c6ed8'
  [ComfyUI] /Users/runner/.ce/.pixi/envs/geometrypack-nodes/lib/python3.13/multiprocessing/resource_tracker.py:416: UserWarning: resource_tracker: '/psm_d33c6ed8': [Errno 2] No such file or directory: '/psm_d33c6ed8'
  [ComfyUI]   warnings.warn('resource_tracker: %r: %s' % (name, e))
  [ComfyUI]   warnings.warn('resource_tracker: %r: %s' % (name, e))
  [ComfyUI]   warnings.warn('resource_tracker: %r: %s' % (name, e))
  [ComfyUI]   warnings.warn('resource_tracker: %r: %s' % (name, e))
  [ComfyUI] /Users/runner/.ce/.pixi/envs/geometrypack-nodes/lib/python3.13/multiprocessing/resource_tracker.py:416: UserWarning: resource_tracker: '/psm_04e901b3': [Errno 2] No such file or directory: '/psm_04e901b3'
  [ComfyUI] /Users/runner/.ce/.pixi/envs/geometrypack-nodes/lib/python3.13/multiprocessing/resource_tracker.py:416: UserWarning: resource_tracker: '/psm_04e901b3': [Errno 2] No such file or directory: '/psm_04e901b3'
  [ComfyUI] /Users/runner/.ce/.pixi/envs/geometrypack-nodes/lib/python3.13/multiprocessing/resource_tracker.py:416: UserWarning: resource_tracker: '/psm_04e901b3': [Errno 2] No such file or directory: '/psm_04e901b3'
  [ComfyUI] /Users/runner/.ce/.pixi/envs/geometrypack-nodes/lib/python3.13/multiprocessing/resource_tracker.py:416: UserWarning: resource_tracker: '/psm_04e901b3': [Errno 2] No such file or directory: '/psm_04e901b3'
  [ComfyUI]   warnings.warn('resource_tracker: %r: %s' % (name, e))
  [ComfyUI]   warnings.warn('resource_tracker: %r: %s' % (name, e))
  [ComfyUI]   warnings.warn('resource_tracker: %r: %s' % (name, e))
  [ComfyUI]   warnings.warn('resource_tracker: %r: %s' % (name, e))
  [ComfyUI] /Users/runner/.ce/.pixi/envs/geometrypack-nodes/lib/python3.13/multiprocessing/resource_tracker.py:416: UserWarning: resource_tracker: '/psm_3c7dd528': [Errno 2] No such file or directory: '/psm_3c7dd528'
  [ComfyUI] /Users/runner/.ce/.pixi/envs/geometrypack-nodes/lib/python3.13/multiprocessing/resource_tracker.py:416: UserWarning: resource_tracker: '/psm_3c7dd528': [Errno 2] No such file or directory: '/psm_3c7dd528'
  [ComfyUI] /Users/runner/.ce/.pixi/envs/geometrypack-nodes/lib/python3.13/multiprocessing/resource_tracker.py:416: UserWarning: resource_tracker: '/psm_3c7dd528': [Errno 2] No such file or directory: '/psm_3c7dd528'
  [ComfyUI] /Users/runner/.ce/.pixi/envs/geometrypack-nodes/lib/python3.13/multiprocessing/resource_tracker.py:416: UserWarning: resource_tracker: '/psm_3c7dd528': [Errno 2] No such file or directory: '/psm_3c7dd528'
  [ComfyUI]   warnings.warn('resource_tracker: %r: %s' % (name, e))
  [ComfyUI]   warnings.warn('resource_tracker: %r: %s' % (name, e))
  [ComfyUI]   warnings.warn('resource_tracker: %r: %s' % (name, e))
  [ComfyUI]   warnings.warn('resource_tracker: %r: %s' % (name, e))
  [ComfyUI] /Users/runner/.ce/.pixi/envs/geometrypack-nodes/lib/python3.13/multiprocessing/resource_tracker.py:416: UserWarning: resource_tracker: '/psm_d6c5fa5d': [Errno 2] No such file or directory: '/psm_d6c5fa5d'
  [ComfyUI] /Users/runner/.ce/.pixi/envs/geometrypack-nodes/lib/python3.13/multiprocessing/resource_tracker.py:416: UserWarning: resource_tracker: '/psm_d6c5fa5d': [Errno 2] No such file or directory: '/psm_d6c5fa5d'
  [ComfyUI] /Users/runner/.ce/.pixi/envs/geometrypack-nodes/lib/python3.13/multiprocessing/resource_tracker.py:416: UserWarning: resource_tracker: '/psm_d6c5fa5d': [Errno 2] No such file or directory: '/psm_d6c5fa5d'
  [ComfyUI] /Users/runner/.ce/.pixi/envs/geometrypack-nodes/lib/python3.13/multiprocessing/resource_tracker.py:416: UserWarning: resource_tracker: '/psm_d6c5fa5d': [Errno 2] No such file or directory: '/psm_d6c5fa5d'
  [ComfyUI]   warnings.warn('resource_tracker: %r: %s' % (name, e))
  [ComfyUI]   warnings.warn('resource_tracker: %r: %s' % (name, e))
  [ComfyUI]   warnings.warn('resource_tracker: %r: %s' % (name, e))
  [ComfyUI]   warnings.warn('resource_tracker: %r: %s' % (name, e))
  [ComfyUI] /Users/runner/.ce/.pixi/envs/geometrypack-nodes/lib/python3.13/multiprocessing/resource_tracker.py:416: UserWarning: resource_tracker: '/psm_ecac62c4': [Errno 2] No such file or directory: '/psm_ecac62c4'
  [ComfyUI] /Users/runner/.ce/.pixi/envs/geometrypack-nodes/lib/python3.13/multiprocessing/resource_tracker.py:416: UserWarning: resource_tracker: '/psm_ecac62c4': [Errno 2] No such file or directory: '/psm_ecac62c4'
  [ComfyUI] /Users/runner/.ce/.pixi/envs/geometrypack-nodes/lib/python3.13/multiprocessing/resource_tracker.py:416: UserWarning: resource_tracker: '/psm_ecac62c4': [Errno 2] No such file or directory: '/psm_ecac62c4'
  [ComfyUI] /Users/runner/.ce/.pixi/envs/geometrypack-nodes/lib/python3.13/multiprocessing/resource_tracker.py:416: UserWarning: resource_tracker: '/psm_ecac62c4': [Errno 2] No such file or directory: '/psm_ecac62c4'
  [ComfyUI]   warnings.warn('resource_tracker: %r: %s' % (name, e))
  [ComfyUI]   warnings.warn('resource_tracker: %r: %s' % (name, e))
  [ComfyUI]   warnings.warn('resource_tracker: %r: %s' % (name, e))
  [ComfyUI]   warnings.warn('resource_tracker: %r: %s' % (name, e))
  [ComfyUI] /Users/runner/.ce/.pixi/envs/geometrypack-nodes/lib/python3.13/multiprocessing/resource_tracker.py:416: UserWarning: resource_tracker: '/psm_5c854112': [Errno 2] No such file or directory: '/psm_5c854112'
  [ComfyUI] /Users/runner/.ce/.pixi/envs/geometrypack-nodes/lib/python3.13/multiprocessing/resource_tracker.py:416: UserWarning: resource_tracker: '/psm_5c854112': [Errno 2] No such file or directory: '/psm_5c854112'
  [ComfyUI] /Users/runner/.ce/.pixi/envs/geometrypack-nodes/lib/python3.13/multiprocessing/resource_tracker.py:416: UserWarning: resource_tracker: '/psm_5c854112': [Errno 2] No such file or directory: '/psm_5c854112'
  [ComfyUI] /Users/runner/.ce/.pixi/envs/geometrypack-nodes/lib/python3.13/multiprocessing/resource_tracker.py:416: UserWarning: resource_tracker: '/psm_5c854112': [Errno 2] No such file or directory: '/psm_5c854112'
  [ComfyUI]   warnings.warn('resource_tracker: %r: %s' % (name, e))
  [ComfyUI]   warnings.warn('resource_tracker: %r: %s' % (name, e))
  [ComfyUI]   warnings.warn('resource_tracker: %r: %s' % (name, e))
  [ComfyUI]   warnings.warn('resource_tracker: %r: %s' % (name, e))
  [ComfyUI] /Users/runner/.ce/.pixi/envs/geometrypack-nodes/lib/python3.13/multiprocessing/resource_tracker.py:416: UserWarning: resource_tracker: '/psm_7de22052': [Errno 2] No such file or directory: '/psm_7de22052'
  [ComfyUI] /Users/runner/.ce/.pixi/envs/geometrypack-nodes/lib/python3.13/multiprocessing/resource_tracker.py:416: UserWarning: resource_tracker: '/psm_7de22052': [Errno 2] No such file or directory: '/psm_7de22052'
  [ComfyUI] /Users/runner/.ce/.pixi/envs/geometrypack-nodes/lib/python3.13/multiprocessing/resource_tracker.py:416: UserWarning: resource_tracker: '/psm_7de22052': [Errno 2] No such file or directory: '/psm_7de22052'
  [ComfyUI] /Users/runner/.ce/.pixi/envs/geometrypack-nodes/lib/python3.13/multiprocessing/resource_tracker.py:416: UserWarning: resource_tracker: '/psm_7de22052': [Errno 2] No such file or directory: '/psm_7de22052'
  [ComfyUI]   warnings.warn('resource_tracker: %r: %s' % (name, e))
  [ComfyUI]   warnings.warn('resource_tracker: %r: %s' % (name, e))
  [ComfyUI]   warnings.warn('resource_tracker: %r: %s' % (name, e))
  [ComfyUI]   warnings.warn('resource_tracker: %r: %s' % (name, e))
  [ComfyUI] /Users/runner/.ce/.pixi/envs/geometrypack-nodes/lib/python3.13/multiprocessing/resource_tracker.py:416: UserWarning: resource_tracker: '/psm_1fd610c1': [Errno 2] No such file or directory: '/psm_1fd610c1'
  [ComfyUI] /Users/runner/.ce/.pixi/envs/geometrypack-nodes/lib/python3.13/multiprocessing/resource_tracker.py:416: UserWarning: resource_tracker: '/psm_1fd610c1': [Errno 2] No such file or directory: '/psm_1fd610c1'
  [ComfyUI] /Users/runner/.ce/.pixi/envs/geometrypack-nodes/lib/python3.13/multiprocessing/resource_tracker.py:416: UserWarning: resource_tracker: '/psm_1fd610c1': [Errno 2] No such file or directory: '/psm_1fd610c1'
  [ComfyUI] /Users/runner/.ce/.pixi/envs/geometrypack-nodes/lib/python3.13/multiprocessing/resource_tracker.py:416: UserWarning: resource_tracker: '/psm_1fd610c1': [Errno 2] No such file or directory: '/psm_1fd610c1'
  [ComfyUI]   warnings.warn('resource_tracker: %r: %s' % (name, e))
  [ComfyUI]   warnings.warn('resource_tracker: %r: %s' % (name, e))
  [ComfyUI]   warnings.warn('resource_tracker: %r: %s' % (name, e))
  [ComfyUI]   warnings.warn('resource_tracker: %r: %s' % (name, e))
  [ComfyUI] /Users/runner/.ce/.pixi/envs/geometrypack-nodes/lib/python3.13/multiprocessing/resource_tracker.py:416: UserWarning: resource_tracker: '/psm_965c11b1': [Errno 2] No such file or directory: '/psm_965c11b1'
  [ComfyUI] /Users/runner/.ce/.pixi/envs/geometrypack-nodes/lib/python3.13/multiprocessing/resource_tracker.py:416: UserWarning: resource_tracker: '/psm_965c11b1': [Errno 2] No such file or directory: '/psm_965c11b1'
  [ComfyUI] /Users/runner/.ce/.pixi/envs/geometrypack-nodes/lib/python3.13/multiprocessing/resource_tracker.py:416: UserWarning: resource_tracker: '/psm_965c11b1': [Errno 2] No such file or directory: '/psm_965c11b1'
  [ComfyUI] /Users/runner/.ce/.pixi/envs/geometrypack-nodes/lib/python3.13/multiprocessing/resource_tracker.py:416: UserWarning: resource_tracker: '/psm_965c11b1': [Errno 2] No such file or directory: '/psm_965c11b1'
  [ComfyUI]   warnings.warn('resource_tracker: %r: %s' % (name, e))
  [ComfyUI]   warnings.warn('resource_tracker: %r: %s' % (name, e))
  [ComfyUI]   warnings.warn('resource_tracker: %r: %s' % (name, e))
  [ComfyUI]   warnings.warn('resource_tracker: %r: %s' % (name, e))
  [ComfyUI] /Users/runner/.ce/.pixi/envs/geometrypack-nodes/lib/python3.13/multiprocessing/resource_tracker.py:416: UserWarning: resource_tracker: '/psm_745cd8ba': [Errno 2] No such file or directory: '/psm_745cd8ba'
  [ComfyUI] /Users/runner/.ce/.pixi/envs/geometrypack-nodes/lib/python3.13/multiprocessing/resource_tracker.py:416: UserWarning: resource_tracker: '/psm_745cd8ba': [Errno 2] No such file or directory: '/psm_745cd8ba'
  [ComfyUI] /Users/runner/.ce/.pixi/envs/geometrypack-nodes/lib/python3.13/multiprocessing/resource_tracker.py:416: UserWarning: resource_tracker: '/psm_745cd8ba': [Errno 2] No such file or directory: '/psm_745cd8ba'
  [ComfyUI] /Users/runner/.ce/.pixi/envs/geometrypack-nodes/lib/python3.13/multiprocessing/resource_tracker.py:416: UserWarning: resource_tracker: '/psm_745cd8ba': [Errno 2] No such file or directory: '/psm_745cd8ba'
  [ComfyUI]   warnings.warn('resource_tracker: %r: %s' % (name, e))
  [ComfyUI]   warnings.warn('resource_tracker: %r: %s' % (name, e))
  [ComfyUI]   warnings.warn('resource_tracker: %r: %s' % (name, e))
  [ComfyUI]   warnings.warn('resource_tracker: %r: %s' % (name, e))
  [ComfyUI] /Users/runner/.ce/.pixi/envs/geometrypack-nodes/lib/python3.13/multiprocessing/resource_tracker.py:416: UserWarning: resource_tracker: '/psm_1bd32e65': [Errno 2] No such file or directory: '/psm_1bd32e65'
  [ComfyUI] /Users/runner/.ce/.pixi/envs/geometrypack-nodes/lib/python3.13/multiprocessing/resource_tracker.py:416: UserWarning: resource_tracker: '/psm_1bd32e65': [Errno 2] No such file or directory: '/psm_1bd32e65'
  [ComfyUI] /Users/runner/.ce/.pixi/envs/geometrypack-nodes/lib/python3.13/multiprocessing/resource_tracker.py:416: UserWarning: resource_tracker: '/psm_1bd32e65': [Errno 2] No such file or directory: '/psm_1bd32e65'
  [ComfyUI] /Users/runner/.ce/.pixi/envs/geometrypack-nodes/lib/python3.13/multiprocessing/resource_tracker.py:416: UserWarning: resource_tracker: '/psm_1bd32e65': [Errno 2] No such file or directory: '/psm_1bd32e65'
  [ComfyUI]   warnings.warn('resource_tracker: %r: %s' % (name, e))
  [ComfyUI]   warnings.warn('resource_tracker: %r: %s' % (name, e))
  [ComfyUI]   warnings.warn('resource_tracker: %r: %s' % (name, e))
  [ComfyUI]   warnings.warn('resource_tracker: %r: %s' % (name, e))
  [ComfyUI] /Users/runner/.ce/.pixi/envs/geometrypack-nodes/lib/python3.13/multiprocessing/resource_tracker.py:416: UserWarning: resource_tracker: '/psm_837d5d50': [Errno 2] No such file or directory: '/psm_837d5d50'
  [ComfyUI] /Users/runner/.ce/.pixi/envs/geometrypack-nodes/lib/python3.13/multiprocessing/resource_tracker.py:416: UserWarning: resource_tracker: '/psm_837d5d50': [Errno 2] No such file or directory: '/psm_837d5d50'
  [ComfyUI] /Users/runner/.ce/.pixi/envs/geometrypack-nodes/lib/python3.13/multiprocessing/resource_tracker.py:416: UserWarning: resource_tracker: '/psm_837d5d50': [Errno 2] No such file or directory: '/psm_837d5d50'
  [ComfyUI] /Users/runner/.ce/.pixi/envs/geometrypack-nodes/lib/python3.13/multiprocessing/resource_tracker.py:416: UserWarning: resource_tracker: '/psm_837d5d50': [Errno 2] No such file or directory: '/psm_837d5d50'
  [ComfyUI]   warnings.warn('resource_tracker: %r: %s' % (name, e))
  [ComfyUI]   warnings.warn('resource_tracker: %r: %s' % (name, e))
  [ComfyUI]   warnings.warn('resource_tracker: %r: %s' % (name, e))
  [ComfyUI]   warnings.warn('resource_tracker: %r: %s' % (name, e))
  [ComfyUI] /Users/runner/.ce/.pixi/envs/geometrypack-nodes/lib/python3.13/multiprocessing/resource_tracker.py:416: UserWarning: resource_tracker: '/psm_2489d7e9': [Errno 2] No such file or directory: '/psm_2489d7e9'
  [ComfyUI] /Users/runner/.ce/.pixi/envs/geometrypack-nodes/lib/python3.13/multiprocessing/resource_tracker.py:416: UserWarning: resource_tracker: '/psm_2489d7e9': [Errno 2] No such file or directory: '/psm_2489d7e9'
  [ComfyUI] /Users/runner/.ce/.pixi/envs/geometrypack-nodes/lib/python3.13/multiprocessing/resource_tracker.py:416: UserWarning: resource_tracker: '/psm_2489d7e9': [Errno 2] No such file or directory: '/psm_2489d7e9'
  [ComfyUI] /Users/runner/.ce/.pixi/envs/geometrypack-nodes/lib/python3.13/multiprocessing/resource_tracker.py:416: UserWarning: resource_tracker: '/psm_2489d7e9': [Errno 2] No such file or directory: '/psm_2489d7e9'
  [ComfyUI]   warnings.warn('resource_tracker: %r: %s' % (name, e))
  [ComfyUI]   warnings.warn('resource_tracker: %r: %s' % (name, e))
  [ComfyUI]   warnings.warn('resource_tracker: %r: %s' % (name, e))
  [ComfyUI]   warnings.warn('resource_tracker: %r: %s' % (name, e))
  [ComfyUI] /Users/runner/.ce/.pixi/envs/geometrypack-nodes/lib/python3.13/multiprocessing/resource_tracker.py:416: UserWarning: resource_tracker: '/psm_fbc3d69e': [Errno 2] No such file or directory: '/psm_fbc3d69e'
  [ComfyUI] /Users/runner/.ce/.pixi/envs/geometrypack-nodes/lib/python3.13/multiprocessing/resource_tracker.py:416: UserWarning: resource_tracker: '/psm_fbc3d69e': [Errno 2] No such file or directory: '/psm_fbc3d69e'
  [ComfyUI] /Users/runner/.ce/.pixi/envs/geometrypack-nodes/lib/python3.13/multiprocessing/resource_tracker.py:416: UserWarning: resource_tracker: '/psm_fbc3d69e': [Errno 2] No such file or directory: '/psm_fbc3d69e'
  [ComfyUI] /Users/runner/.ce/.pixi/envs/geometrypack-nodes/lib/python3.13/multiprocessing/resource_tracker.py:416: UserWarning: resource_tracker: '/psm_fbc3d69e': [Errno 2] No such file or directory: '/psm_fbc3d69e'
  [ComfyUI]   warnings.warn('resource_tracker: %r: %s' % (name, e))
  [ComfyUI]   warnings.warn('resource_tracker: %r: %s' % (name, e))
  [ComfyUI]   warnings.warn('resource_tracker: %r: %s' % (name, e))
  [ComfyUI]   warnings.warn('resource_tracker: %r: %s' % (name, e))
  [ComfyUI] /Users/runner/.ce/.pixi/envs/geometrypack-nodes/lib/python3.13/multiprocessing/resource_tracker.py:416: UserWarning: resource_tracker: '/psm_a3e7bc39': [Errno 2] No such file or directory: '/psm_a3e7bc39'
  [ComfyUI] /Users/runner/.ce/.pixi/envs/geometrypack-nodes/lib/python3.13/multiprocessing/resource_tracker.py:416: UserWarning: resource_tracker: '/psm_a3e7bc39': [Errno 2] No such file or directory: '/psm_a3e7bc39'
  [ComfyUI] /Users/runner/.ce/.pixi/envs/geometrypack-nodes/lib/python3.13/multiprocessing/resource_tracker.py:416: UserWarning: resource_tracker: '/psm_a3e7bc39': [Errno 2] No such file or directory: '/psm_a3e7bc39'
  [ComfyUI] /Users/runner/.ce/.pixi/envs/geometrypack-nodes/lib/python3.13/multiprocessing/resource_tracker.py:416: UserWarning: resource_tracker: '/psm_a3e7bc39': [Errno 2] No such file or directory: '/psm_a3e7bc39'
  [ComfyUI]   warnings.warn('resource_tracker: %r: %s' % (name, e))
  [ComfyUI]   warnings.warn('resource_tracker: %r: %s' % (name, e))
  [ComfyUI]   warnings.warn('resource_tracker: %r: %s' % (name, e))
  [ComfyUI]   warnings.warn('resource_tracker: %r: %s' % (name, e))
  [ComfyUI] /Users/runner/.ce/.pixi/envs/geometrypack-nodes/lib/python3.13/multiprocessing/resource_tracker.py:416: UserWarning: resource_tracker: '/psm_5782b43d': [Errno 2] No such file or directory: '/psm_5782b43d'
  [ComfyUI] /Users/runner/.ce/.pixi/envs/geometrypack-nodes/lib/python3.13/multiprocessing/resource_tracker.py:416: UserWarning: resource_tracker: '/psm_5782b43d': [Errno 2] No such file or directory: '/psm_5782b43d'
  [ComfyUI] /Users/runner/.ce/.pixi/envs/geometrypack-nodes/lib/python3.13/multiprocessing/resource_tracker.py:416: UserWarning: resource_tracker: '/psm_5782b43d': [Errno 2] No such file or directory: '/psm_5782b43d'
  [ComfyUI] /Users/runner/.ce/.pixi/envs/geometrypack-nodes/lib/python3.13/multiprocessing/resource_tracker.py:416: UserWarning: resource_tracker: '/psm_5782b43d': [Errno 2] No such file or directory: '/psm_5782b43d'
  [ComfyUI]   warnings.warn('resource_tracker: %r: %s' % (name, e))
  [ComfyUI]   warnings.warn('resource_tracker: %r: %s' % (name, e))
  [ComfyUI]   warnings.warn('resource_tracker: %r: %s' % (name, e))
  [ComfyUI]   warnings.warn('resource_tracker: %r: %s' % (name, e))
  [ComfyUI] /Users/runner/.ce/.pixi/envs/geometrypack-nodes/lib/python3.13/multiprocessing/resource_tracker.py:416: UserWarning: resource_tracker: '/psm_cf1ff78c': [Errno 2] No such file or directory: '/psm_cf1ff78c'
  [ComfyUI] /Users/runner/.ce/.pixi/envs/geometrypack-nodes/lib/python3.13/multiprocessing/resource_tracker.py:416: UserWarning: resource_tracker: '/psm_cf1ff78c': [Errno 2] No such file or directory: '/psm_cf1ff78c'
  [ComfyUI] /Users/runner/.ce/.pixi/envs/geometrypack-nodes/lib/python3.13/multiprocessing/resource_tracker.py:416: UserWarning: resource_tracker: '/psm_cf1ff78c': [Errno 2] No such file or directory: '/psm_cf1ff78c'
  [ComfyUI] /Users/runner/.ce/.pixi/envs/geometrypack-nodes/lib/python3.13/multiprocessing/resource_tracker.py:416: UserWarning: resource_tracker: '/psm_cf1ff78c': [Errno 2] No such file or directory: '/psm_cf1ff78c'
  [ComfyUI]   warnings.warn('resource_tracker: %r: %s' % (name, e))
  [ComfyUI]   warnings.warn('resource_tracker: %r: %s' % (name, e))
  [ComfyUI]   warnings.warn('resource_tracker: %r: %s' % (name, e))
  [ComfyUI]   warnings.warn('resource_tracker: %r: %s' % (name, e))
  [ComfyUI] /Users/runner/.ce/.pixi/envs/geometrypack-nodes/lib/python3.13/multiprocessing/resource_tracker.py:416: UserWarning: resource_tracker: '/psm_0987eca5': [Errno 2] No such file or directory: '/psm_0987eca5'
  [ComfyUI] /Users/runner/.ce/.pixi/envs/geometrypack-nodes/lib/python3.13/multiprocessing/resource_tracker.py:416: UserWarning: resource_tracker: '/psm_0987eca5': [Errno 2] No such file or directory: '/psm_0987eca5'
  [ComfyUI] /Users/runner/.ce/.pixi/envs/geometrypack-nodes/lib/python3.13/multiprocessing/resource_tracker.py:416: UserWarning: resource_tracker: '/psm_0987eca5': [Errno 2] No such file or directory: '/psm_0987eca5'
  [ComfyUI] /Users/runner/.ce/.pixi/envs/geometrypack-nodes/lib/python3.13/multiprocessing/resource_tracker.py:416: UserWarning: resource_tracker: '/psm_0987eca5': [Errno 2] No such file or directory: '/psm_0987eca5'
  [ComfyUI]   warnings.warn('resource_tracker: %r: %s' % (name, e))
  [ComfyUI]   warnings.warn('resource_tracker: %r: %s' % (name, e))
  [ComfyUI]   warnings.warn('resource_tracker: %r: %s' % (name, e))
  [ComfyUI]   warnings.warn('resource_tracker: %r: %s' % (name, e))
  [ComfyUI] /Users/runner/.ce/.pixi/envs/geometrypack-nodes/lib/python3.13/multiprocessing/resource_tracker.py:416: UserWarning: resource_tracker: '/psm_942b08dc': [Errno 2] No such file or directory: '/psm_942b08dc'
  [ComfyUI] /Users/runner/.ce/.pixi/envs/geometrypack-nodes/lib/python3.13/multiprocessing/resource_tracker.py:416: UserWarning: resource_tracker: '/psm_942b08dc': [Errno 2] No such file or directory: '/psm_942b08dc'
  [ComfyUI] /Users/runner/.ce/.pixi/envs/geometrypack-nodes/lib/python3.13/multiprocessing/resource_tracker.py:416: UserWarning: resource_tracker: '/psm_942b08dc': [Errno 2] No such file or directory: '/psm_942b08dc'
  [ComfyUI] /Users/runner/.ce/.pixi/envs/geometrypack-nodes/lib/python3.13/multiprocessing/resource_tracker.py:416: UserWarning: resource_tracker: '/psm_942b08dc': [Errno 2] No such file or directory: '/psm_942b08dc'
  [ComfyUI]   warnings.warn('resource_tracker: %r: %s' % (name, e))
  [ComfyUI]   warnings.warn('resource_tracker: %r: %s' % (name, e))
  [ComfyUI]   warnings.warn('resource_tracker: %r: %s' % (name, e))
  [ComfyUI]   warnings.warn('resource_tracker: %r: %s' % (name, e))
  [ComfyUI] /Users/runner/.ce/.pixi/envs/geometrypack-nodes/lib/python3.13/multiprocessing/resource_tracker.py:416: UserWarning: resource_tracker: '/psm_694ade83': [Errno 2] No such file or directory: '/psm_694ade83'
  [ComfyUI] /Users/runner/.ce/.pixi/envs/geometrypack-nodes/lib/python3.13/multiprocessing/resource_tracker.py:416: UserWarning: resource_tracker: '/psm_694ade83': [Errno 2] No such file or directory: '/psm_694ade83'
  [ComfyUI] /Users/runner/.ce/.pixi/envs/geometrypack-nodes/lib/python3.13/multiprocessing/resource_tracker.py:416: UserWarning: resource_tracker: '/psm_694ade83': [Errno 2] No such file or directory: '/psm_694ade83'
  [ComfyUI] /Users/runner/.ce/.pixi/envs/geometrypack-nodes/lib/python3.13/multiprocessing/resource_tracker.py:416: UserWarning: resource_tracker: '/psm_694ade83': [Errno 2] No such file or directory: '/psm_694ade83'
  [ComfyUI]   warnings.warn('resource_tracker: %r: %s' % (name, e))
  [ComfyUI]   warnings.warn('resource_tracker: %r: %s' % (name, e))
  [ComfyUI]   warnings.warn('resource_tracker: %r: %s' % (name, e))
  [ComfyUI]   warnings.warn('resource_tracker: %r: %s' % (name, e))
  [ComfyUI] /Users/runner/.ce/.pixi/envs/geometrypack-nodes/lib/python3.13/multiprocessing/resource_tracker.py:416: UserWarning: resource_tracker: '/psm_4df08e6e': [Errno 2] No such file or directory: '/psm_4df08e6e'
  [ComfyUI] /Users/runner/.ce/.pixi/envs/geometrypack-nodes/lib/python3.13/multiprocessing/resource_tracker.py:416: UserWarning: resource_tracker: '/psm_4df08e6e': [Errno 2] No such file or directory: '/psm_4df08e6e'
  [ComfyUI] /Users/runner/.ce/.pixi/envs/geometrypack-nodes/lib/python3.13/multiprocessing/resource_tracker.py:416: UserWarning: resource_tracker: '/psm_4df08e6e': [Errno 2] No such file or directory: '/psm_4df08e6e'
  [ComfyUI] /Users/runner/.ce/.pixi/envs/geometrypack-nodes/lib/python3.13/multiprocessing/resource_tracker.py:416: UserWarning: resource_tracker: '/psm_4df08e6e': [Errno 2] No such file or directory: '/psm_4df08e6e'
  [ComfyUI]   warnings.warn('resource_tracker: %r: %s' % (name, e))
  [ComfyUI]   warnings.warn('resource_tracker: %r: %s' % (name, e))
  [ComfyUI]   warnings.warn('resource_tracker: %r: %s' % (name, e))
  [ComfyUI]   warnings.warn('resource_tracker: %r: %s' % (name, e))
  [ComfyUI] /Users/runner/.ce/.pixi/envs/geometrypack-nodes/lib/python3.13/multiprocessing/resource_tracker.py:416: UserWarning: resource_tracker: '/psm_ce81ab9f': [Errno 2] No such file or directory: '/psm_ce81ab9f'
  [ComfyUI] /Users/runner/.ce/.pixi/envs/geometrypack-nodes/lib/python3.13/multiprocessing/resource_tracker.py:416: UserWarning: resource_tracker: '/psm_ce81ab9f': [Errno 2] No such file or directory: '/psm_ce81ab9f'
  [ComfyUI] /Users/runner/.ce/.pixi/envs/geometrypack-nodes/lib/python3.13/multiprocessing/resource_tracker.py:416: UserWarning: resource_tracker: '/psm_ce81ab9f': [Errno 2] No such file or directory: '/psm_ce81ab9f'
  [ComfyUI] /Users/runner/.ce/.pixi/envs/geometrypack-nodes/lib/python3.13/multiprocessing/resource_tracker.py:416: UserWarning: resource_tracker: '/psm_ce81ab9f': [Errno 2] No such file or directory: '/psm_ce81ab9f'
  [ComfyUI]   warnings.warn('resource_tracker: %r: %s' % (name, e))
  [ComfyUI]   warnings.warn('resource_tracker: %r: %s' % (name, e))
  [ComfyUI]   warnings.warn('resource_tracker: %r: %s' % (name, e))
  [ComfyUI]   warnings.warn('resource_tracker: %r: %s' % (name, e))
  [ComfyUI] /Users/runner/.ce/.pixi/envs/geometrypack-nodes/lib/python3.13/multiprocessing/resource_tracker.py:416: UserWarning: resource_tracker: '/psm_2fb7630e': [Errno 2] No such file or directory: '/psm_2fb7630e'
  [ComfyUI] /Users/runner/.ce/.pixi/envs/geometrypack-nodes/lib/python3.13/multiprocessing/resource_tracker.py:416: UserWarning: resource_tracker: '/psm_2fb7630e': [Errno 2] No such file or directory: '/psm_2fb7630e'
  [ComfyUI] /Users/runner/.ce/.pixi/envs/geometrypack-nodes/lib/python3.13/multiprocessing/resource_tracker.py:416: UserWarning: resource_tracker: '/psm_2fb7630e': [Errno 2] No such file or directory: '/psm_2fb7630e'
  [ComfyUI] /Users/runner/.ce/.pixi/envs/geometrypack-nodes/lib/python3.13/multiprocessing/resource_tracker.py:416: UserWarning: resource_tracker: '/psm_2fb7630e': [Errno 2] No such file or directory: '/psm_2fb7630e'
  [ComfyUI]   warnings.warn('resource_tracker: %r: %s' % (name, e))
  [ComfyUI]   warnings.warn('resource_tracker: %r: %s' % (name, e))
  [ComfyUI]   warnings.warn('resource_tracker: %r: %s' % (name, e))
  [ComfyUI]   warnings.warn('resource_tracker: %r: %s' % (name, e))
  [ComfyUI] /Users/runner/.ce/.pixi/envs/geometrypack-nodes/lib/python3.13/multiprocessing/resource_tracker.py:416: UserWarning: resource_tracker: '/psm_a226c725': [Errno 2] No such file or directory: '/psm_a226c725'
  [ComfyUI] /Users/runner/.ce/.pixi/envs/geometrypack-nodes/lib/python3.13/multiprocessing/resource_tracker.py:416: UserWarning: resource_tracker: '/psm_a226c725': [Errno 2] No such file or directory: '/psm_a226c725'
  [ComfyUI] /Users/runner/.ce/.pixi/envs/geometrypack-nodes/lib/python3.13/multiprocessing/resource_tracker.py:416: UserWarning: resource_tracker: '/psm_a226c725': [Errno 2] No such file or directory: '/psm_a226c725'
  [ComfyUI] /Users/runner/.ce/.pixi/envs/geometrypack-nodes/lib/python3.13/multiprocessing/resource_tracker.py:416: UserWarning: resource_tracker: '/psm_a226c725': [Errno 2] No such file or directory: '/psm_a226c725'
  [ComfyUI]   warnings.warn('resource_tracker: %r: %s' % (name, e))
  [ComfyUI]   warnings.warn('resource_tracker: %r: %s' % (name, e))
  [ComfyUI]   warnings.warn('resource_tracker: %r: %s' % (name, e))
  [ComfyUI]   warnings.warn('resource_tracker: %r: %s' % (name, e))
  [ComfyUI] /Users/runner/.ce/.pixi/envs/geometrypack-nodes/lib/python3.13/multiprocessing/resource_tracker.py:416: UserWarning: resource_tracker: '/psm_4767bcea': [Errno 2] No such file or directory: '/psm_4767bcea'
  [ComfyUI] /Users/runner/.ce/.pixi/envs/geometrypack-nodes/lib/python3.13/multiprocessing/resource_tracker.py:416: UserWarning: resource_tracker: '/psm_4767bcea': [Errno 2] No such file or directory: '/psm_4767bcea'
  [ComfyUI] /Users/runner/.ce/.pixi/envs/geometrypack-nodes/lib/python3.13/multiprocessing/resource_tracker.py:416: UserWarning: resource_tracker: '/psm_4767bcea': [Errno 2] No such file or directory: '/psm_4767bcea'
  [ComfyUI] /Users/runner/.ce/.pixi/envs/geometrypack-nodes/lib/python3.13/multiprocessing/resource_tracker.py:416: UserWarning: resource_tracker: '/psm_4767bcea': [Errno 2] No such file or directory: '/psm_4767bcea'
  [ComfyUI]   warnings.warn('resource_tracker: %r: %s' % (name, e))
  [ComfyUI]   warnings.warn('resource_tracker: %r: %s' % (name, e))
  [ComfyUI]   warnings.warn('resource_tracker: %r: %s' % (name, e))
  [ComfyUI]   warnings.warn('resource_tracker: %r: %s' % (name, e))
  [ComfyUI] /Users/runner/.ce/.pixi/envs/geometrypack-nodes/lib/python3.13/multiprocessing/resource_tracker.py:416: UserWarning: resource_tracker: '/psm_1d9f8f26': [Errno 2] No such file or directory: '/psm_1d9f8f26'
  [ComfyUI] /Users/runner/.ce/.pixi/envs/geometrypack-nodes/lib/python3.13/multiprocessing/resource_tracker.py:416: UserWarning: resource_tracker: '/psm_1d9f8f26': [Errno 2] No such file or directory: '/psm_1d9f8f26'
  [ComfyUI] /Users/runner/.ce/.pixi/envs/geometrypack-nodes/lib/python3.13/multiprocessing/resource_tracker.py:416: UserWarning: resource_tracker: '/psm_1d9f8f26': [Errno 2] No such file or directory: '/psm_1d9f8f26'
  [ComfyUI] /Users/runner/.ce/.pixi/envs/geometrypack-nodes/lib/python3.13/multiprocessing/resource_tracker.py:416: UserWarning: resource_tracker: '/psm_1d9f8f26': [Errno 2] No such file or directory: '/psm_1d9f8f26'
  [ComfyUI]   warnings.warn('resource_tracker: %r: %s' % (name, e))
  [ComfyUI]   warnings.warn('resource_tracker: %r: %s' % (name, e))
  [ComfyUI]   warnings.warn('resource_tracker: %r: %s' % (name, e))
  [ComfyUI]   warnings.warn('resource_tracker: %r: %s' % (name, e))
  [ComfyUI] /Users/runner/.ce/.pixi/envs/geometrypack-nodes/lib/python3.13/multiprocessing/resource_tracker.py:416: UserWarning: resource_tracker: '/psm_08f52dbf': [Errno 2] No such file or directory: '/psm_08f52dbf'
  [ComfyUI] /Users/runner/.ce/.pixi/envs/geometrypack-nodes/lib/python3.13/multiprocessing/resource_tracker.py:416: UserWarning: resource_tracker: '/psm_08f52dbf': [Errno 2] No such file or directory: '/psm_08f52dbf'
  [ComfyUI] /Users/runner/.ce/.pixi/envs/geometrypack-nodes/lib/python3.13/multiprocessing/resource_tracker.py:416: UserWarning: resource_tracker: '/psm_08f52dbf': [Errno 2] No such file or directory: '/psm_08f52dbf'
  [ComfyUI] /Users/runner/.ce/.pixi/envs/geometrypack-nodes/lib/python3.13/multiprocessing/resource_tracker.py:416: UserWarning: resource_tracker: '/psm_08f52dbf': [Errno 2] No such file or directory: '/psm_08f52dbf'
  [ComfyUI]   warnings.warn('resource_tracker: %r: %s' % (name, e))
  [ComfyUI]   warnings.warn('resource_tracker: %r: %s' % (name, e))
  [ComfyUI]   warnings.warn('resource_tracker: %r: %s' % (name, e))
  [ComfyUI]   warnings.warn('resource_tracker: %r: %s' % (name, e))
  [ComfyUI] /Users/runner/.ce/.pixi/envs/geometrypack-nodes/lib/python3.13/multiprocessing/resource_tracker.py:416: UserWarning: resource_tracker: '/psm_770d0cf1': [Errno 2] No such file or directory: '/psm_770d0cf1'
  [ComfyUI] /Users/runner/.ce/.pixi/envs/geometrypack-nodes/lib/python3.13/multiprocessing/resource_tracker.py:416: UserWarning: resource_tracker: '/psm_770d0cf1': [Errno 2] No such file or directory: '/psm_770d0cf1'
  [ComfyUI] /Users/runner/.ce/.pixi/envs/geometrypack-nodes/lib/python3.13/multiprocessing/resource_tracker.py:416: UserWarning: resource_tracker: '/psm_770d0cf1': [Errno 2] No such file or directory: '/psm_770d0cf1'
  [ComfyUI] /Users/runner/.ce/.pixi/envs/geometrypack-nodes/lib/python3.13/multiprocessing/resource_tracker.py:416: UserWarning: resource_tracker: '/psm_770d0cf1': [Errno 2] No such file or directory: '/psm_770d0cf1'
  [ComfyUI]   warnings.warn('resource_tracker: %r: %s' % (name, e))
  [ComfyUI]   warnings.warn('resource_tracker: %r: %s' % (name, e))
  [ComfyUI]   warnings.warn('resource_tracker: %r: %s' % (name, e))
  [ComfyUI]   warnings.warn('resource_tracker: %r: %s' % (name, e))
  [ComfyUI] /Users/runner/.ce/.pixi/envs/geometrypack-nodes/lib/python3.13/multiprocessing/resource_tracker.py:416: UserWarning: resource_tracker: '/psm_83bdcf80': [Errno 2] No such file or directory: '/psm_83bdcf80'
  [ComfyUI] /Users/runner/.ce/.pixi/envs/geometrypack-nodes/lib/python3.13/multiprocessing/resource_tracker.py:416: UserWarning: resource_tracker: '/psm_83bdcf80': [Errno 2] No such file or directory: '/psm_83bdcf80'
  [ComfyUI] /Users/runner/.ce/.pixi/envs/geometrypack-nodes/lib/python3.13/multiprocessing/resource_tracker.py:416: UserWarning: resource_tracker: '/psm_83bdcf80': [Errno 2] No such file or directory: '/psm_83bdcf80'
  [ComfyUI] /Users/runner/.ce/.pixi/envs/geometrypack-nodes/lib/python3.13/multiprocessing/resource_tracker.py:416: UserWarning: resource_tracker: '/psm_83bdcf80': [Errno 2] No such file or directory: '/psm_83bdcf80'
  [ComfyUI]   warnings.warn('resource_tracker: %r: %s' % (name, e))
  [ComfyUI]   warnings.warn('resource_tracker: %r: %s' % (name, e))
  [ComfyUI]   warnings.warn('resource_tracker: %r: %s' % (name, e))
  [ComfyUI]   warnings.warn('resource_tracker: %r: %s' % (name, e))
  [ComfyUI] /Users/runner/.ce/.pixi/envs/geometrypack-nodes/lib/python3.13/multiprocessing/resource_tracker.py:416: UserWarning: resource_tracker: '/psm_725f570d': [Errno 2] No such file or directory: '/psm_725f570d'
  [ComfyUI] /Users/runner/.ce/.pixi/envs/geometrypack-nodes/lib/python3.13/multiprocessing/resource_tracker.py:416: UserWarning: resource_tracker: '/psm_725f570d': [Errno 2] No such file or directory: '/psm_725f570d'
  [ComfyUI] /Users/runner/.ce/.pixi/envs/geometrypack-nodes/lib/python3.13/multiprocessing/resource_tracker.py:416: UserWarning: resource_tracker: '/psm_725f570d': [Errno 2] No such file or directory: '/psm_725f570d'
  [ComfyUI] /Users/runner/.ce/.pixi/envs/geometrypack-nodes/lib/python3.13/multiprocessing/resource_tracker.py:416: UserWarning: resource_tracker: '/psm_725f570d': [Errno 2] No such file or directory: '/psm_725f570d'
  [ComfyUI]   warnings.warn('resource_tracker: %r: %s' % (name, e))
  [ComfyUI]   warnings.warn('resource_tracker: %r: %s' % (name, e))
  [ComfyUI]   warnings.warn('resource_tracker: %r: %s' % (name, e))
  [ComfyUI]   warnings.warn('resource_tracker: %r: %s' % (name, e))
  [ComfyUI] /Users/runner/.ce/.pixi/envs/geometrypack-nodes/lib/python3.13/multiprocessing/resource_tracker.py:416: UserWarning: resource_tracker: '/psm_dcf53c75': [Errno 2] No such file or directory: '/psm_dcf53c75'
  [ComfyUI] /Users/runner/.ce/.pixi/envs/geometrypack-nodes/lib/python3.13/multiprocessing/resource_tracker.py:416: UserWarning: resource_tracker: '/psm_dcf53c75': [Errno 2] No such file or directory: '/psm_dcf53c75'
  [ComfyUI] /Users/runner/.ce/.pixi/envs/geometrypack-nodes/lib/python3.13/multiprocessing/resource_tracker.py:416: UserWarning: resource_tracker: '/psm_dcf53c75': [Errno 2] No such file or directory: '/psm_dcf53c75'
  [ComfyUI] /Users/runner/.ce/.pixi/envs/geometrypack-nodes/lib/python3.13/multiprocessing/resource_tracker.py:416: UserWarning: resource_tracker: '/psm_dcf53c75': [Errno 2] No such file or directory: '/psm_dcf53c75'
  [ComfyUI]   warnings.warn('resource_tracker: %r: %s' % (name, e))
  [ComfyUI]   warnings.warn('resource_tracker: %r: %s' % (name, e))
  [ComfyUI]   warnings.warn('resource_tracker: %r: %s' % (name, e))
  [ComfyUI]   warnings.warn('resource_tracker: %r: %s' % (name, e))
  [ComfyUI] /Users/runner/.ce/.pixi/envs/geometrypack-nodes/lib/python3.13/multiprocessing/resource_tracker.py:416: UserWarning: resource_tracker: '/psm_77f6efc6': [Errno 2] No such file or directory: '/psm_77f6efc6'
  [ComfyUI] /Users/runner/.ce/.pixi/envs/geometrypack-nodes/lib/python3.13/multiprocessing/resource_tracker.py:416: UserWarning: resource_tracker: '/psm_77f6efc6': [Errno 2] No such file or directory: '/psm_77f6efc6'
  [ComfyUI] /Users/runner/.ce/.pixi/envs/geometrypack-nodes/lib/python3.13/multiprocessing/resource_tracker.py:416: UserWarning: resource_tracker: '/psm_77f6efc6': [Errno 2] No such file or directory: '/psm_77f6efc6'
  [ComfyUI] /Users/runner/.ce/.pixi/envs/geometrypack-nodes/lib/python3.13/multiprocessing/resource_tracker.py:416: UserWarning: resource_tracker: '/psm_77f6efc6': [Errno 2] No such file or directory: '/psm_77f6efc6'
  [ComfyUI]   warnings.warn('resource_tracker: %r: %s' % (name, e))
  [ComfyUI]   warnings.warn('resource_tracker: %r: %s' % (name, e))
  [ComfyUI]   warnings.warn('resource_tracker: %r: %s' % (name, e))
  [ComfyUI]   warnings.warn('resource_tracker: %r: %s' % (name, e))
  [ComfyUI] /Users/runner/.ce/.pixi/envs/geometrypack-nodes/lib/python3.13/multiprocessing/resource_tracker.py:416: UserWarning: resource_tracker: '/psm_45a07f79': [Errno 2] No such file or directory: '/psm_45a07f79'
  [ComfyUI] /Users/runner/.ce/.pixi/envs/geometrypack-nodes/lib/python3.13/multiprocessing/resource_tracker.py:416: UserWarning: resource_tracker: '/psm_45a07f79': [Errno 2] No such file or directory: '/psm_45a07f79'
  [ComfyUI] /Users/runner/.ce/.pixi/envs/geometrypack-nodes/lib/python3.13/multiprocessing/resource_tracker.py:416: UserWarning: resource_tracker: '/psm_45a07f79': [Errno 2] No such file or directory: '/psm_45a07f79'
  [ComfyUI] /Users/runner/.ce/.pixi/envs/geometrypack-nodes/lib/python3.13/multiprocessing/resource_tracker.py:416: UserWarning: resource_tracker: '/psm_45a07f79': [Errno 2] No such file or directory: '/psm_45a07f79'
  [ComfyUI]   warnings.warn('resource_tracker: %r: %s' % (name, e))
  [ComfyUI]   warnings.warn('resource_tracker: %r: %s' % (name, e))
  [ComfyUI]   warnings.warn('resource_tracker: %r: %s' % (name, e))
  [ComfyUI]   warnings.warn('resource_tracker: %r: %s' % (name, e))
  [ComfyUI] /Users/runner/.ce/.pixi/envs/geometrypack-nodes/lib/python3.13/multiprocessing/resource_tracker.py:416: UserWarning: resource_tracker: '/psm_f138ae8b': [Errno 2] No such file or directory: '/psm_f138ae8b'
  [ComfyUI] /Users/runner/.ce/.pixi/envs/geometrypack-nodes/lib/python3.13/multiprocessing/resource_tracker.py:416: UserWarning: resource_tracker: '/psm_f138ae8b': [Errno 2] No such file or directory: '/psm_f138ae8b'
  [ComfyUI] /Users/runner/.ce/.pixi/envs/geometrypack-nodes/lib/python3.13/multiprocessing/resource_tracker.py:416: UserWarning: resource_tracker: '/psm_f138ae8b': [Errno 2] No such file or directory: '/psm_f138ae8b'
  [ComfyUI] /Users/runner/.ce/.pixi/envs/geometrypack-nodes/lib/python3.13/multiprocessing/resource_tracker.py:416: UserWarning: resource_tracker: '/psm_f138ae8b': [Errno 2] No such file or directory: '/psm_f138ae8b'
  [ComfyUI]   warnings.warn('resource_tracker: %r: %s' % (name, e))
  [ComfyUI]   warnings.warn('resource_tracker: %r: %s' % (name, e))
  [ComfyUI]   warnings.warn('resource_tracker: %r: %s' % (name, e))
  [ComfyUI]   warnings.warn('resource_tracker: %r: %s' % (name, e))
  [ComfyUI] /Users/runner/.ce/.pixi/envs/geometrypack-nodes/lib/python3.13/multiprocessing/resource_tracker.py:416: UserWarning: resource_tracker: '/psm_f06381a6': [Errno 2] No such file or directory: '/psm_f06381a6'
  [ComfyUI] /Users/runner/.ce/.pixi/envs/geometrypack-nodes/lib/python3.13/multiprocessing/resource_tracker.py:416: UserWarning: resource_tracker: '/psm_f06381a6': [Errno 2] No such file or directory: '/psm_f06381a6'
  [ComfyUI] /Users/runner/.ce/.pixi/envs/geometrypack-nodes/lib/python3.13/multiprocessing/resource_tracker.py:416: UserWarning: resource_tracker: '/psm_f06381a6': [Errno 2] No such file or directory: '/psm_f06381a6'
  [ComfyUI] /Users/runner/.ce/.pixi/envs/geometrypack-nodes/lib/python3.13/multiprocessing/resource_tracker.py:416: UserWarning: resource_tracker: '/psm_f06381a6': [Errno 2] No such file or directory: '/psm_f06381a6'
  [ComfyUI]   warnings.warn('resource_tracker: %r: %s' % (name, e))
  [ComfyUI]   warnings.warn('resource_tracker: %r: %s' % (name, e))
  [ComfyUI]   warnings.warn('resource_tracker: %r: %s' % (name, e))
  [ComfyUI]   warnings.warn('resource_tracker: %r: %s' % (name, e))
  Frame 2 saved (frame_001.jpg, t=2.2s)
  [capture-periodic] freeze=2ms shot=133ms unfreeze=4ms saved=True
  [ComfyUI] [worker:ComfyUI-GeometryPack] ERROR: Failed to import comfy_kitchen, Error: No module named 'comfy_kitchen', fp8 and fp4 support will not be available.
  [ComfyUI] [worker:ComfyUI-GeometryPack] ERROR: Failed to import comfy_kitchen, Error: No module named 'comfy_kitchen', fp8 and fp4 support will not be available.
  [ComfyUI] [worker:ComfyUI-GeometryPack] ERROR: Failed to import comfy_kitchen, Error: No module named 'comfy_kitchen', fp8 and fp4 support will not be available.
  [ComfyUI] [worker:ComfyUI-GeometryPack] ERROR: Failed to import comfy_kitchen, Error: No module named 'comfy_kitchen', fp8 and fp4 support will not be available.
  [ComfyUI] [SubprocessWorker] worker started/confirmed
  [ComfyUI] [SubprocessWorker] worker started/confirmed
  [ComfyUI] [SubprocessWorker] worker started/confirmed
  [ComfyUI] [SubprocessWorker] worker started/confirmed
  [ComfyUI] [SubprocessWorker] serializing kwargs to shm...
  [ComfyUI] [SubprocessWorker] serializing kwargs to shm...
  [ComfyUI] [SubprocessWorker] serializing kwargs to shm...
  [ComfyUI] [SubprocessWorker] serializing kwargs to shm...
  [ComfyUI] [SubprocessWorker] created 0 shm blocks
  [ComfyUI] [SubprocessWorker] created 0 shm blocks
  [ComfyUI] [SubprocessWorker] created 0 shm blocks
  [ComfyUI] [SubprocessWorker] created 0 shm blocks
  [ComfyUI] [SubprocessWorker] sending request via socket...
  [ComfyUI] [SubprocessWorker] sending request via socket...
  [ComfyUI] [SubprocessWorker] sending request via socket...
  [ComfyUI] [SubprocessWorker] sending request via socket...
  [ComfyUI] [SubprocessWorker] call_id=189 sending call_method
  [ComfyUI] [SubprocessWorker] call_id=189 sending call_method
  [ComfyUI] [SubprocessWorker] call_id=189 sending call_method
  [ComfyUI] [SubprocessWorker] call_id=189 sending call_method
  Frame 3 saved (frame_002.jpg, t=4.4s)
  [capture-periodic] freeze=3ms shot=77ms unfreeze=4ms saved=True
  [ComfyUI] [worker:ComfyUI-GeometryPack] INFO: Found mesh in input folder: 3d/mount_textured.glb
  [ComfyUI] [worker:ComfyUI-GeometryPack] INFO: Found mesh in input folder: 3d/mount_textured.glb
  [ComfyUI] [worker:ComfyUI-GeometryPack] INFO: Found mesh in input folder: 3d/mount_textured.glb
  [ComfyUI] [worker:ComfyUI-GeometryPack] INFO: Found mesh in input folder: 3d/mount_textured.glb
  [ComfyUI] [worker:ComfyUI-GeometryPack] INFO: Loading: /Users/runner/work/comfy-gpu-ci/comfy-gpu-ci/test_workspaces/GeometryPack-2125/ComfyUI/input/3d/mount_textured.glb
  [ComfyUI] [worker:ComfyUI-GeometryPack] INFO: Loading: /Users/runner/work/comfy-gpu-ci/comfy-gpu-ci/test_workspaces/GeometryPack-2125/ComfyUI/input/3d/mount_textured.glb
  [ComfyUI] [worker:ComfyUI-GeometryPack] INFO: Loading: /Users/runner/work/comfy-gpu-ci/comfy-gpu-ci/test_workspaces/GeometryPack-2125/ComfyUI/input/3d/mount_textured.glb
  [ComfyUI] [worker:ComfyUI-GeometryPack] INFO: Loading: /Users/runner/work/comfy-gpu-ci/comfy-gpu-ci/test_workspaces/GeometryPack-2125/ComfyUI/input/3d/mount_textured.glb
  [ComfyUI] [worker:ComfyUI-GeometryPack] INFO: Converting Scene to single mesh (scene has 2 geometries)
  [ComfyUI] [worker:ComfyUI-GeometryPack] INFO: Converting Scene to single mesh (scene has 2 geometries)
  [ComfyUI] [worker:ComfyUI-GeometryPack] INFO: Converting Scene to single mesh (scene has 2 geometries)
  [ComfyUI] [worker:ComfyUI-GeometryPack] INFO: Converting Scene to single mesh (scene has 2 geometries)
  [ComfyUI] [worker:ComfyUI-GeometryPack] INFO: Initial mesh: 3604 vertices, 6964 faces
  [ComfyUI] [worker:ComfyUI-GeometryPack] INFO: Initial mesh: 3604 vertices, 6964 faces
  [ComfyUI] [worker:ComfyUI-GeometryPack] INFO: Initial mesh: 3604 vertices, 6964 faces
  [ComfyUI] [worker:ComfyUI-GeometryPack] INFO: Initial mesh: 3604 vertices, 6964 faces
  [ComfyUI] [worker:ComfyUI-GeometryPack] INFO: Successfully loaded: 3604 vertices, 6964 faces
  [ComfyUI] [worker:ComfyUI-GeometryPack] INFO: Successfully loaded: 3604 vertices, 6964 faces
  [ComfyUI] [worker:ComfyUI-GeometryPack] INFO: Successfully loaded: 3604 vertices, 6964 faces
  [ComfyUI] [worker:ComfyUI-GeometryPack] INFO: Successfully loaded: 3604 vertices, 6964 faces
  [ComfyUI] [worker:ComfyUI-GeometryPack] INFO: Loaded: 3604 vertices, 6964 faces
  [ComfyUI] [worker:ComfyUI-GeometryPack] INFO: Loaded: 3604 vertices, 6964 faces
  [ComfyUI] [worker:ComfyUI-GeometryPack] INFO: Loaded: 3604 vertices, 6964 faces
  [ComfyUI] [worker:ComfyUI-GeometryPack] INFO: Loaded: 3604 vertices, 6964 faces
  [ComfyUI] [SubprocessWorker] got response: ok
  [ComfyUI] [SubprocessWorker] got response: ok
  [ComfyUI] [SubprocessWorker] got response: ok
  [ComfyUI] [SubprocessWorker] got response: ok
  [ComfyUI] [comfy-env] GeomPackLoadMesh done (4.96s): result: NodeOutput
  [ComfyUI] [comfy-env] GeomPackLoadMesh done (4.96s): result: NodeOutput
  [ComfyUI] [comfy-env] GeomPackLoadMesh done (4.96s): result: NodeOutput
  [ComfyUI] [comfy-env] GeomPackLoadMesh done (4.96s): result: NodeOutput
  [ComfyUI] [comfy-env] Running GeomPackPreviewMeshVTK: mode: 'texture', trimesh: Trimesh
  [ComfyUI] [comfy-env] Running GeomPackPreviewMeshVTK: mode: 'texture', trimesh: Trimesh
  [ComfyUI] [comfy-env] Running GeomPackPreviewMeshVTK: mode: 'texture', trimesh: Trimesh
  [ComfyUI] [comfy-env] Running GeomPackPreviewMeshVTK: mode: 'texture', trimesh: Trimesh
  [ComfyUI] [SubprocessWorker] call_method: nodes.visualization.preview_mesh_vtk.PreviewMeshVTKNode.EXECUTE_NORMALIZED
  [ComfyUI] [SubprocessWorker] call_method: nodes.visualization.preview_mesh_vtk.PreviewMeshVTKNode.EXECUTE_NORMALIZED
  [ComfyUI] [SubprocessWorker] call_method: nodes.visualization.preview_mesh_vtk.PreviewMeshVTKNode.EXECUTE_NORMALIZED
  [ComfyUI] [SubprocessWorker] call_method: nodes.visualization.preview_mesh_vtk.PreviewMeshVTKNode.EXECUTE_NORMALIZED
  [ComfyUI] [SubprocessWorker] acquired lock, ensuring started...
  [ComfyUI] [SubprocessWorker] acquired lock, ensuring started...
  [ComfyUI] [SubprocessWorker] acquired lock, ensuring started...
  [ComfyUI] [SubprocessWorker] acquired lock, ensuring started...
  [ComfyUI] [ComfyUI-GeometryPack] Health check: ping (timeout=5.0s)...
  [ComfyUI] [ComfyUI-GeometryPack] Health check: ping (timeout=5.0s)...
  [ComfyUI] [ComfyUI-GeometryPack] Health check: ping (timeout=5.0s)...
  [ComfyUI] [ComfyUI-GeometryPack] Health check: ping (timeout=5.0s)...
  [ComfyUI] [ComfyUI-GeometryPack] Health check: ok
  [ComfyUI] [ComfyUI-GeometryPack] Health check: ok
  [ComfyUI] [ComfyUI-GeometryPack] Health check: ok
  [ComfyUI] [ComfyUI-GeometryPack] Health check: ok
  [ComfyUI] [SubprocessWorker] worker started/confirmed
  [ComfyUI] [SubprocessWorker] worker started/confirmed
  [ComfyUI] [SubprocessWorker] worker started/confirmed
  [ComfyUI] [SubprocessWorker] worker started/confirmed
  [ComfyUI] [SubprocessWorker] serializing kwargs to shm...
  [ComfyUI] [SubprocessWorker] serializing kwargs to shm...
  [ComfyUI] [SubprocessWorker] serializing kwargs to shm...
  [ComfyUI] [SubprocessWorker] serializing kwargs to shm...
  [ComfyUI] [SubprocessWorker] created 1 shm blocks
  [ComfyUI] [SubprocessWorker] created 1 shm blocks
  [ComfyUI] [SubprocessWorker] created 1 shm blocks
  [ComfyUI] [SubprocessWorker] created 1 shm blocks
  [ComfyUI] [SubprocessWorker] sending request via socket...
  [ComfyUI] [SubprocessWorker] sending request via socket...
  [ComfyUI] [SubprocessWorker] sending request via socket...
  [ComfyUI] [SubprocessWorker] sending request via socket...
  [ComfyUI] [SubprocessWorker] call_id=190 sending call_method
  [ComfyUI] [SubprocessWorker] call_id=190 sending call_method
  [ComfyUI] [SubprocessWorker] call_id=190 sending call_method
  [ComfyUI] [SubprocessWorker] call_id=190 sending call_method
  [ComfyUI] [worker:ComfyUI-GeometryPack] INFO: Preparing preview: Mesh - 3604 vertices, 6964 faces
  [ComfyUI] [worker:ComfyUI-GeometryPack] INFO: Preparing preview: Mesh - 3604 vertices, 6964 faces
  [ComfyUI] [worker:ComfyUI-GeometryPack] INFO: Preparing preview: Mesh - 3604 vertices, 6964 faces
  [ComfyUI] [worker:ComfyUI-GeometryPack] INFO: Preparing preview: Mesh - 3604 vertices, 6964 faces
  [ComfyUI] [worker:ComfyUI-GeometryPack] INFO: Mode: texture
  [ComfyUI] [worker:ComfyUI-GeometryPack] INFO: Mode: texture
  [ComfyUI] [worker:ComfyUI-GeometryPack] INFO: Mode: texture
  [ComfyUI] [worker:ComfyUI-GeometryPack] INFO: Mode: texture
  [ComfyUI] [worker:ComfyUI-GeometryPack] INFO: Visual data - has_visual: True, kind: texture, texture: True, vertex_colors: False
  [ComfyUI] [worker:ComfyUI-GeometryPack] INFO: Visual data - has_visual: True, kind: texture, texture: True, vertex_colors: False
  [ComfyUI] [worker:ComfyUI-GeometryPack] INFO: Visual data - has_visual: True, kind: texture, texture: True, vertex_colors: False
  [ComfyUI] [worker:ComfyUI-GeometryPack] INFO: Visual data - has_visual: True, kind: texture, texture: True, vertex_colors: False
  [ComfyUI] [worker:ComfyUI-GeometryPack] INFO: Using texture mode - GLB export
  [ComfyUI] [worker:ComfyUI-GeometryPack] INFO: Using texture mode - GLB export
  [ComfyUI] [worker:ComfyUI-GeometryPack] INFO: Using texture mode - GLB export
  [ComfyUI] [worker:ComfyUI-GeometryPack] INFO: Using texture mode - GLB export
  [ComfyUI] [worker:ComfyUI-GeometryPack] INFO: Set alphaMode to OPAQUE for texture mode
  [ComfyUI] [worker:ComfyUI-GeometryPack] INFO: Set alphaMode to OPAQUE for texture mode
  [ComfyUI] [worker:ComfyUI-GeometryPack] INFO: Set alphaMode to OPAQUE for texture mode
  [ComfyUI] [worker:ComfyUI-GeometryPack] INFO: Set alphaMode to OPAQUE for texture mode
  [ComfyUI] [worker:ComfyUI-GeometryPack] INFO: Exported GLB to: /Users/runner/work/comfy-gpu-ci/comfy-gpu-ci/test_workspaces/GeometryPack-2125/ComfyUI/output/preview_vtk_b8a62d1f.glb
  [ComfyUI] [worker:ComfyUI-GeometryPack] INFO: Exported GLB to: /Users/runner/work/comfy-gpu-ci/comfy-gpu-ci/test_workspaces/GeometryPack-2125/ComfyUI/output/preview_vtk_b8a62d1f.glb
  [ComfyUI] [worker:ComfyUI-GeometryPack] INFO: Exported GLB to: /Users/runner/work/comfy-gpu-ci/comfy-gpu-ci/test_workspaces/GeometryPack-2125/ComfyUI/output/preview_vtk_b8a62d1f.glb
  [ComfyUI] [worker:ComfyUI-GeometryPack] INFO: Exported GLB to: /Users/runner/work/comfy-gpu-ci/comfy-gpu-ci/test_workspaces/GeometryPack-2125/ComfyUI/output/preview_vtk_b8a62d1f.glb
  [ComfyUI] [worker:ComfyUI-GeometryPack] INFO: Texture mode info: watertight=False, volume=None, area=720.728733148043, texture=True, vertex_colors=False
  [ComfyUI] [worker:ComfyUI-GeometryPack] INFO: Texture mode info: watertight=False, volume=None, area=720.728733148043, texture=True, vertex_colors=False
  [ComfyUI] [worker:ComfyUI-GeometryPack] INFO: Texture mode info: watertight=False, volume=None, area=720.728733148043, texture=True, vertex_colors=False
  [ComfyUI] [worker:ComfyUI-GeometryPack] INFO: Texture mode info: watertight=False, volume=None, area=720.728733148043, texture=True, vertex_colors=False
  [ComfyUI] [SubprocessWorker] got response: ok
  [ComfyUI] [SubprocessWorker] got response: ok
  [ComfyUI] [SubprocessWorker] got response: ok
  [ComfyUI] [SubprocessWorker] got response: ok
  [ComfyUI] [comfy-env] GeomPackPreviewMeshVTK done (0.24s): result: NodeOutput
  [ComfyUI] [comfy-env] GeomPackPreviewMeshVTK done (0.24s): result: NodeOutput
  [ComfyUI] [comfy-env] GeomPackPreviewMeshVTK done (0.24s): result: NodeOutput
  [ComfyUI] [comfy-env] GeomPackPreviewMeshVTK done (0.24s): result: NodeOutput
  [ComfyUI] Prompt executed in 5.22 seconds
  [ComfyUI] Prompt executed in 5.22 seconds
  [ComfyUI] Prompt executed in 5.22 seconds
  [ComfyUI] Prompt executed in 5.22 seconds
  Node executed (1 total), capturing...
  Frame 4 saved (frame_003.jpg, t=5.5s)
  [capture-node] freeze=4ms shot=100ms unfreeze=3ms saved=True
  Execution complete (t=6.0s)
  Captured 4 unique frames over 6.03s
  [debug] iframes: 1
  [debug]   iframe[0]: src=http://127.0.0.1:41886/extensions/ComfyUI-GeometryPack/viewer_vtk_textured.html?, canvas=0x0, rafFrozen=False
  [timing] trigger_3d_previews: 0.3s
  Saved high-quality screenshot: view_texture_executed.png
  [timing] final_screenshot: 0.3s
    Captured 5 video frames