Capturing execution frames: alpha_wrap.json
  Frame 1 saved (frame_000.jpg, t=0.0s)
  Validating workflow...
  Queuing workflow for execution...
  Frame 2 saved (frame_001.jpg, t=2.3s)
  [capture-periodic] freeze=4ms shot=94ms unfreeze=7ms saved=True
  Frame 3 saved (frame_002.jpg, t=4.4s)
  [capture-periodic] freeze=5ms shot=124ms unfreeze=4ms saved=True
  [capture-loop] iter=50 t=5.8s state={'complete': False, 'error': None, 'executedCount': 0, 'wsState': 1} eval_ms=4 ram=5.6/16.0GB (35%) swap=0.3/2.9GB (10%) cpu=34% browser_rss=0.71GB
  Frame 4 saved (frame_003.jpg, t=9.9s)
  [capture-periodic] freeze=5ms shot=110ms unfreeze=2ms saved=True
  Frame 5 saved (frame_004.jpg, t=12.0s)
  [capture-periodic] freeze=2ms shot=127ms unfreeze=3ms saved=True
  [capture-loop] iter=100 t=13.5s state={'complete': False, 'error': None, 'executedCount': 0, 'wsState': 1} eval_ms=4 ram=6.0/16.0GB (37%) swap=0.3/2.9GB (10%) cpu=38% browser_rss=0.71GB
  Frame 6 saved (frame_005.jpg, t=16.3s)
  [capture-periodic] freeze=3ms shot=114ms unfreeze=4ms saved=True
  Node executed (1 total), capturing...
  Frame 7 saved (frame_006.jpg, t=16.9s)
  [capture-node] freeze=4ms shot=109ms unfreeze=4ms saved=True
  Node executed (2 total), capturing...
  Frame 8 saved (frame_007.jpg, t=17.6s)
  [capture-node] freeze=69ms shot=600ms unfreeze=2ms saved=True
  Node executed (3 total), capturing...
  Frame 9 saved (frame_008.jpg, t=19.2s)
  [capture-node] freeze=3ms shot=121ms unfreeze=4ms saved=True
  Node executed (4 total), capturing...
  Frame 10 saved (frame_009.jpg, t=20.0s)
  [capture-node] freeze=4ms shot=116ms unfreeze=0ms saved=True
  Execution complete (t=20.0s)
  Captured 10 unique frames over 20.17s
  [debug] iframes: 2
  [debug]   iframe[0]: src=http://127.0.0.1:8188/extensions/ComfyUI-GeometryPack/viewer_dual.html?v=1778212, canvas=370x485, rafFrozen=True
  [debug]   iframe[1]: src=http://127.0.0.1:8188/extensions/ComfyUI-GeometryPack/viewer_multi.html?v=177821, canvas=244x393, rafFrozen=True
  [timing] trigger_3d_previews: 0.0s
  Saved high-quality screenshot: alpha_wrap_executed.png
  [timing] final_screenshot: 0.3s
    Captured 11 video frames