Capturing execution frames: batch_remesh.json
  Frame 1 saved (frame_000.jpg, t=0.0s)
  Validating workflow...
  Queuing workflow for execution...
  Frame 2 saved (frame_001.jpg, t=2.2s)
  [capture-periodic] freeze=2ms shot=98ms unfreeze=3ms saved=True
  Node executed (1 total), capturing...
  Frame 3 saved (frame_002.jpg, t=2.6s)
  [capture-node] freeze=3ms shot=101ms unfreeze=4ms saved=True
  Node executed (2 total), capturing...
  Frame 4 saved (frame_003.jpg, t=3.1s)
  [capture-node] freeze=4ms shot=117ms unfreeze=3ms saved=True
  Node executed (3 total), capturing...
  Frame 5 saved (frame_004.jpg, t=5.4s)
  [capture-node] freeze=4ms shot=100ms unfreeze=3ms saved=True
  Node executed (4 total), capturing...
  Frame 6 saved (frame_005.jpg, t=5.8s)
  [capture-node] freeze=3ms shot=111ms unfreeze=8ms saved=True
  Node executed (6 total), capturing...
  Frame 7 saved (frame_006.jpg, t=6.2s)
  [capture-node] freeze=4ms shot=93ms unfreeze=0ms saved=True
  Execution complete (t=6.2s)
  Captured 7 unique frames over 6.36s
  [debug] iframes: 1
  [debug]   iframe[0]: src=http://127.0.0.1:8188/extensions/ComfyUI-GeometryPack/viewer_vtk.html?v=17782121, canvas=622x375, rafFrozen=True
  [timing] trigger_3d_previews: 0.2s
  Saved high-quality screenshot: batch_remesh_executed.png
  [timing] final_screenshot: 0.2s
    Captured 8 video frames