Capturing execution frames: boolean_ops.json
  Frame 1 saved (frame_000.jpg, t=0.0s)
  Validating workflow...
  Queuing workflow for execution...
  Frame 2 saved (frame_001.jpg, t=2.2s)
  [capture-periodic] freeze=3ms shot=71ms unfreeze=3ms saved=True
  Frame 3 saved (frame_002.jpg, t=4.3s)
  [capture-periodic] freeze=3ms shot=71ms unfreeze=3ms saved=True
  [capture-loop] iter=50 t=5.6s state={'complete': False, 'error': None, 'executedCount': 0, 'wsState': 1} eval_ms=4 ram=5.5/16.0GB (34%) swap=0.3/2.9GB (10%) cpu=24% browser_rss=0.78GB
  Frame 4 saved (frame_003.jpg, t=6.4s)
  [capture-periodic] freeze=3ms shot=78ms unfreeze=3ms saved=True
  Frame 5 saved (frame_004.jpg, t=8.5s)
  [capture-periodic] freeze=2ms shot=66ms unfreeze=3ms saved=True
  [capture-loop] iter=100 t=11.1s state={'complete': False, 'error': None, 'executedCount': 0, 'wsState': 1} eval_ms=3 ram=5.6/16.0GB (35%) swap=0.3/2.9GB (10%) cpu=19% browser_rss=0.78GB
  Node executed (1 total), capturing...
  Frame 6 saved (frame_005.jpg, t=11.4s)
  [capture-node] freeze=17ms shot=120ms unfreeze=3ms saved=True
  Node executed (2 total), capturing...
  Frame 7 saved (frame_006.jpg, t=13.4s)
  [capture-node] freeze=3ms shot=97ms unfreeze=3ms saved=True
  Node executed (3 total), capturing...
  Frame 8 saved (frame_007.jpg, t=14.2s)
  [capture-node] freeze=4ms shot=87ms unfreeze=0ms saved=True
  Execution complete (t=14.2s)
  Captured 8 unique frames over 14.35s
  [debug] iframes: 2
  [debug]   iframe[0]: src=http://127.0.0.1:8188/extensions/ComfyUI-GeometryPack/viewer_dual.html?v=1778343, canvas=370x485, rafFrozen=True
  [debug]   iframe[1]: src=http://127.0.0.1:8188/extensions/ComfyUI-GeometryPack/viewer_vtk.html?v=17783437, canvas=486x384, rafFrozen=True
  [timing] trigger_3d_previews: 0.0s
  Saved high-quality screenshot: boolean_ops_executed.png
  [timing] final_screenshot: 0.2s
    Captured 9 video frames