Capturing execution frames: decimate.json
  Frame 1 saved (frame_000.jpg, t=0.0s)
  Validating workflow...
  [ComfyUI] === /validate endpoint called ===
  [ComfyUI] Received JSON with keys: ['prompt']
  [ComfyUI] Prompt has 3 nodes
  [ComfyUI]   Node 2: GeomPackLoadMesh
  [ComfyUI]     Inputs: {"file_path": "3d/spot_the_cow.obj"}
  Queuing workflow for execution...
  [ComfyUI]   Node 3: GeomPackPreviewMeshDual
  [ComfyUI]     Inputs: {"layout": "side_by_side", "mode": "fields", "opacity_1": 1, "opacity_2": 1, "preview_dual": "{\"show_edges\":true,\"camera_state\":\"{\\\"position\\\":[-3.3575253938003646,2.5035395853711653,0.519424
  [ComfyUI]   Node 4: GeomPackDecimateMesh
  [ComfyUI]     Inputs: {"backend": "quadric_edge_collapse", "backend.target_face_count": 1004, "backend.quality_threshold": 0.3, "backend.preserve_boundary": "true", "backend.preserve_normal": "true", "backend.preserve_topo
  [ComfyUI] Generated prompt_id: 6100835e-40cc-433a-8389-48612b5a5dfe
  [ComfyUI] Calling execution.validate_prompt()...
  [ComfyUI] Validation result: valid=True
  [ComfyUI] === Validation PASSED ===
  [ComfyUI] got prompt
  [ComfyUI] [comfy-env] Running GeomPackLoadMesh: file_path: '3d/spot_the_cow.obj'
  [ComfyUI] [SubprocessWorker] call_method: nodes.io.load_mesh.LoadMesh.EXECUTE_NORMALIZED
  [ComfyUI] [SubprocessWorker] acquired lock, ensuring started...
  [ComfyUI] [ComfyUI-GeometryPack] Health check: ping (timeout=5.0s)...
  [ComfyUI] [ComfyUI-GeometryPack] Health check: failed
  [ComfyUI] [ComfyUI-GeometryPack] Socket unhealthy, restarting worker...
  [ComfyUI] [comfy-env] geometrypack-nodes: Library/bin has 609 DLLs
  [ComfyUI] [ComfyUI-GeometryPack] python: C:\ce\.pixi\envs\geometrypack-nodes\python.exe
  [ComfyUI] [ComfyUI-GeometryPack] sys_path sent to worker: ['D:\\a\\comfy-gpu-ci\\comfy-gpu-ci\\test_workspaces\\GeometryPack-2139\\ComfyUI', 'D:\\a\\comfy-gpu-ci\\comfy-gpu-ci\\test_workspaces\\GeometryPack-2139\\ComfyUI\\custom_nodes\\ComfyUI-GeometryPack', 'C:\\ce\\.pixi\\envs\\geometrypack-nodes\\Lib\\site-packages', 'D:\\a\\comfy-gpu-ci\\comfy-gpu-ci\\test_workspaces\\GeometryPack-2139\\ComfyUI\\custom_nodes\\ComfyUI-GeometryPack']
  [ComfyUI] [SubprocessWorker] is_pixi=True, python=C:\ce\.pixi\envs\geometrypack-nodes\python.exe
  [ComfyUI] [SubprocessWorker] launching cmd=['C:\\Users\\runneradmin\\.pixi\\bin\\pixi.exe', 'run', '--as-is', '--manifest-path', 'C:\\ce\\pixi.toml', '-e', 'geometrypack-nodes', 'python', 'C:\\Users\\RUNNER~1\\AppData\\Local\\Temp\\comfyui_pvenv_shidfrj5\\persistent_worker.py', 'tcp://127.0.0.1:65029']...
  [ComfyUI] [worker:ComfyUI-GeometryPack] ERROR: Failed to import comfy_kitchen, Error: No module named 'comfy_kitchen', fp8 and fp4 support will not be available.
  Frame 2 saved (frame_001.jpg, t=2.3s)
  [capture-periodic] freeze=3ms shot=93ms unfreeze=7ms saved=True
  [ComfyUI] [SubprocessWorker] worker started/confirmed
  [ComfyUI] [SubprocessWorker] serializing kwargs to shm...
  [ComfyUI] [SubprocessWorker] created 0 shm blocks
  [ComfyUI] [SubprocessWorker] sending request via socket...
  [ComfyUI] [SubprocessWorker] call_id=31 sending call_method
  [ComfyUI] [worker:ComfyUI-GeometryPack] INFO: Found mesh in input folder: 3d/spot_the_cow.obj
  [ComfyUI] [worker:ComfyUI-GeometryPack] INFO: Loading: D:\a\comfy-gpu-ci\comfy-gpu-ci\test_workspaces\GeometryPack-2139\ComfyUI\input\3d/spot_the_cow.obj
  [ComfyUI] [worker:ComfyUI-GeometryPack] INFO: Initial mesh: 3225 vertices, 5856 faces
  [ComfyUI] [worker:ComfyUI-GeometryPack] INFO: Successfully loaded: 3225 vertices, 5856 faces
  [ComfyUI] [worker:ComfyUI-GeometryPack] INFO: Loaded: 3225 vertices, 5856 faces
  [ComfyUI] [SubprocessWorker] got response: ok
  [ComfyUI] [comfy-env] GeomPackLoadMesh done (3.71s): result: NodeOutput
  [ComfyUI] [comfy-env] Running GeomPackDecimateMesh: backend: dict, trimesh: Trimesh
  [ComfyUI] [SubprocessWorker] call_method: nodes.decimation.decimate.DecimateMeshNode.EXECUTE_NORMALIZED
  [ComfyUI] [SubprocessWorker] acquired lock, ensuring started...
  [ComfyUI] [ComfyUI-GeometryPack] Health check: ping (timeout=5.0s)...
  [ComfyUI] [ComfyUI-GeometryPack] Health check: ok
  [ComfyUI] [SubprocessWorker] worker started/confirmed
  [ComfyUI] [SubprocessWorker] serializing kwargs to shm...
  [ComfyUI] [SubprocessWorker] created 1 shm blocks
  [ComfyUI] [SubprocessWorker] sending request via socket...
  [ComfyUI] [SubprocessWorker] call_id=32 sending call_method
  [ComfyUI] [worker:ComfyUI-GeometryPack] INFO: Decimate dispatch: quadric_edge_collapse -> GeomPackDecimate_QuadricEdgeCollapse
  [ComfyUI] [SubprocessWorker] got response: ok
  [ComfyUI] [comfy-env] GeomPackDecimateMesh done (0.08s): result: NodeOutput
  [ComfyUI] [comfy-env] Running GeomPackDecimate_QuadricEdgeCollapse: trimesh: Trimesh, target_face_count: 1004, quality_threshold: 0.3, preserve_boundary: 'true', preserve_normal: 'true', preserve_topology: 'true', planar_quadric: 'false'
  [ComfyUI] [SubprocessWorker] call_method: nodes.decimation.backends.quadric_edge_collapse.DecimateQuadricEdgeCollapseNode.EXECUTE_NORMALIZED
  [ComfyUI] [SubprocessWorker] acquired lock, ensuring started...
  [ComfyUI] [ComfyUI-GeometryPack] Health check: ping (timeout=5.0s)...
  [ComfyUI] [ComfyUI-GeometryPack] Health check: ok
  [ComfyUI] [SubprocessWorker] worker started/confirmed
  [ComfyUI] [SubprocessWorker] serializing kwargs to shm...
  [ComfyUI] [SubprocessWorker] created 1 shm blocks
  [ComfyUI] [SubprocessWorker] sending request via socket...
  [ComfyUI] [SubprocessWorker] call_id=33 sending call_method
  [ComfyUI] [worker:ComfyUI-GeometryPack] INFO: Backend: quadric_edge_collapse
  [ComfyUI] [worker:ComfyUI-GeometryPack] INFO: Input: 3,225 vertices, 5,856 faces
  [ComfyUI] [SubprocessWorker] got response: ok
  [ComfyUI] [comfy-env] GeomPackDecimate_QuadricEdgeCollapse done (0.35s): result: NodeOutput
  [ComfyUI] [comfy-env] Running GeomPackPreviewMeshDual: layout: 'side_by_side', mode: 'fields', opacity_1: 1.0, opacity_2: 1.0, mesh_1: Trimesh, mesh_2: Trimesh
  [ComfyUI] [SubprocessWorker] call_method: nodes.visualization.preview_mesh_dual.PreviewMeshDualNode.EXECUTE_NORMALIZED
  [ComfyUI] [SubprocessWorker] acquired lock, ensuring started...
  [ComfyUI] [ComfyUI-GeometryPack] Health check: ping (timeout=5.0s)...
  [ComfyUI] [ComfyUI-GeometryPack] Health check: ok
  [ComfyUI] [SubprocessWorker] worker started/confirmed
  [ComfyUI] [SubprocessWorker] serializing kwargs to shm...
  [ComfyUI] [SubprocessWorker] created 2 shm blocks
  [ComfyUI] [SubprocessWorker] sending request via socket...
  [ComfyUI] [SubprocessWorker] call_id=34 sending call_method
  Node executed (1 total), capturing...
  [ComfyUI] [worker:ComfyUI-GeometryPack] INFO: Layout: side_by_side, Mode: fields
  [ComfyUI] [worker:ComfyUI-GeometryPack] INFO: Mesh 1: Mesh - 3225 vertices, 5856 faces
  [ComfyUI] [worker:ComfyUI-GeometryPack] INFO: Mesh 2: Mesh - 504 vertices, 1004 faces
  [ComfyUI] [worker:ComfyUI-GeometryPack] INFO: Mesh 1 fields: []
  [ComfyUI] [worker:ComfyUI-GeometryPack] INFO: Mesh 2 fields: []
  [ComfyUI] [worker:ComfyUI-GeometryPack] INFO: Common fields: []
  [ComfyUI] [worker:ComfyUI-GeometryPack] INFO: Mesh 1 visual: kind=texture, texture=True, vertex_colors=False
  [ComfyUI] [worker:ComfyUI-GeometryPack] INFO: Mesh 2 visual: kind=None, texture=False, vertex_colors=False
  [ComfyUI] [worker:ComfyUI-GeometryPack] INFO: Exported STL: D:\a\comfy-gpu-ci\comfy-gpu-ci\test_workspaces\GeometryPack-2139\ComfyUI\output\preview_dual_1_de05da06.stl
  [ComfyUI] [worker:ComfyUI-GeometryPack] INFO: Exported STL: D:\a\comfy-gpu-ci\comfy-gpu-ci\test_workspaces\GeometryPack-2139\ComfyUI\output\preview_dual_2_de05da06.stl
  [ComfyUI] [worker:ComfyUI-GeometryPack] INFO: Preview ready
  [ComfyUI] [SubprocessWorker] got response: ok
  [ComfyUI] [comfy-env] GeomPackPreviewMeshDual done (0.13s): result: NodeOutput
  [ComfyUI] Prompt executed in 4.28 seconds
  Frame 3 saved (frame_002.jpg, t=4.5s)
  [capture-node] freeze=10ms shot=130ms unfreeze=4ms saved=True
  Node executed (2 total), capturing...
  Frame 4 saved (frame_003.jpg, t=5.0s)
  [capture-node] freeze=127ms shot=142ms unfreeze=0ms saved=True
  Execution complete (t=4.9s)
  Captured 4 unique frames over 5.25s
  [debug] iframes: 1
  [debug]   iframe[0]: src=http://127.0.0.1:41892/extensions/ComfyUI-GeometryPack/viewer_dual.html?v=177844, canvas=370x485, rafFrozen=True
  [timing] trigger_3d_previews: 0.0s
  Saved high-quality screenshot: decimate_executed.png
  [timing] final_screenshot: 0.2s
    Captured 5 video frames