Capturing execution frames: decimate_all.json
  Frame 1 saved (frame_000.jpg, t=0.0s)
  Validating workflow...
  Queuing workflow for execution...
  Frame 2 saved (frame_001.jpg, t=2.2s)
  [capture-periodic] freeze=3ms shot=77ms unfreeze=3ms saved=True
  Frame 3 saved (frame_002.jpg, t=4.3s)
  [capture-periodic] freeze=3ms shot=64ms unfreeze=3ms saved=True
  [capture-loop] iter=50 t=5.6s state={'complete': False, 'error': None, 'executedCount': 0, 'wsState': 1} eval_ms=3 ram=4.9/16.0GB (31%) swap=0.8/2.9GB (27%) cpu=25% browser_rss=0.65GB
  Frame 4 saved (frame_003.jpg, t=8.5s)
  [capture-periodic] freeze=3ms shot=65ms unfreeze=3ms saved=True
  Node executed (1 total), capturing...
  Frame 5 saved (frame_004.jpg, t=9.0s)
  [capture-node] freeze=3ms shot=72ms unfreeze=3ms saved=True
  Node executed (2 total), capturing...
  Frame 6 saved (frame_005.jpg, t=10.6s)
  [capture-node] freeze=3ms shot=74ms unfreeze=5ms saved=True
  Node executed (3 total), capturing...
  Frame 7 saved (frame_006.jpg, t=11.8s)
  [capture-node] freeze=703ms shot=525ms unfreeze=6ms saved=True
  [capture-loop] iter=100 t=13.3s state={'complete': False, 'error': None, 'executedCount': 3, 'wsState': 1} eval_ms=3 ram=5.3/16.0GB (33%) swap=0.8/2.9GB (27%) cpu=42% browser_rss=0.85GB
  Node executed (4 total), capturing...
  Frame 8 saved (frame_007.jpg, t=14.6s)
  [capture-node] freeze=4ms shot=138ms unfreeze=4ms saved=True
  Node executed (5 total), capturing...
  Frame 9 saved (frame_008.jpg, t=15.0s)
  [capture-node] freeze=3ms shot=126ms unfreeze=5ms saved=True
  Node executed (6 total), capturing...
  Frame 10 saved (frame_009.jpg, t=16.0s)
  [capture-node] freeze=4ms shot=150ms unfreeze=0ms saved=True
  Execution complete (t=16.0s)
  Captured 10 unique frames over 16.21s
  [debug] iframes: 2
  [debug]   iframe[0]: src=http://127.0.0.1:8188/extensions/ComfyUI-GeometryPack/viewer_multi.html?v=177834, canvas=244x393, rafFrozen=True
  [debug]   iframe[1]: src=http://127.0.0.1:8188/extensions/ComfyUI-GeometryPack/viewer_multi.html?v=177834, canvas=244x393, rafFrozen=True
  [timing] trigger_3d_previews: 0.9s
  Saved high-quality screenshot: decimate_all_executed.png
  [timing] final_screenshot: 0.2s
    Captured 11 video frames