Capturing execution frames: depth_map_to_mesh.json
  Frame 1 saved (frame_000.jpg, t=0.0s)
  Validating workflow...
  Queuing workflow for execution...
  Frame 2 saved (frame_001.jpg, t=2.3s)
  [capture-periodic] freeze=2ms shot=120ms unfreeze=4ms saved=True
  Frame 3 saved (frame_002.jpg, t=4.5s)
  [capture-periodic] freeze=2ms shot=84ms unfreeze=3ms saved=True
  [capture-loop] iter=50 t=5.8s state={'complete': False, 'error': None, 'executedCount': 0, 'wsState': 1} eval_ms=3 ram=5.6/16.0GB (35%) swap=0.3/2.9GB (10%) cpu=34% browser_rss=0.71GB
  [capture-loop] iter=100 t=11.6s state={'complete': False, 'error': None, 'executedCount': 0, 'wsState': 1} eval_ms=4 ram=5.8/16.0GB (36%) swap=0.3/2.9GB (10%) cpu=65% browser_rss=0.70GB
  [capture-loop] iter=150 t=17.1s state={'complete': False, 'error': None, 'executedCount': 0, 'wsState': 1} eval_ms=4 ram=5.9/16.0GB (37%) swap=0.3/2.9GB (10%) cpu=53% browser_rss=0.67GB
  Node executed (1 total), capturing...
  Frame 4 saved (frame_003.jpg, t=19.3s)
  [capture-node] freeze=4ms shot=103ms unfreeze=2ms saved=True
  [capture-loop] iter=200 t=23.0s state={'complete': False, 'error': None, 'executedCount': 1, 'wsState': 1} eval_ms=4 ram=6.5/16.0GB (40%) swap=0.3/2.9GB (10%) cpu=54% browser_rss=0.69GB
  Node executed (2 total), capturing...
  Frame 5 saved (frame_004.jpg, t=25.3s)
  [capture-node] freeze=3ms shot=110ms unfreeze=0ms saved=True
  Execution complete (t=25.3s)
  Captured 5 unique frames over 25.43s
  [debug] iframes: 1
  [debug]   iframe[0]: src=http://127.0.0.1:8188/extensions/ComfyUI-GeometryPack/viewer_vtk.html?v=17782121, canvas=0x0, rafFrozen=False
  [timing] trigger_3d_previews: 0.0s
  Saved high-quality screenshot: depth_map_to_mesh_executed.png
  [timing] final_screenshot: 1.7s
    Captured 6 video frames