Capturing execution frames: fix_self_intersection.json
  Frame 1 saved (frame_000.jpg, t=0.0s)
  Validating workflow...
  Queuing workflow for execution...
  Frame 2 saved (frame_001.jpg, t=2.3s)
  [capture-periodic] freeze=2ms shot=98ms unfreeze=3ms saved=True
  Node executed (1 total), capturing...
  Frame 3 saved (frame_002.jpg, t=4.6s)
  [capture-node] freeze=3ms shot=111ms unfreeze=3ms saved=True
  Node executed (2 total), capturing...
  Frame 4 saved (frame_003.jpg, t=5.2s)
  [capture-node] freeze=3ms shot=97ms unfreeze=3ms saved=True
  Node executed (3 total), capturing...
  Frame 5 saved (frame_004.jpg, t=5.6s)
  [capture-node] freeze=3ms shot=110ms unfreeze=3ms saved=True
  Node executed (4 total), capturing...
  Frame 6 saved (frame_005.jpg, t=6.2s)
  [capture-node] freeze=3ms shot=104ms unfreeze=0ms saved=True
  Execution complete (t=6.2s)
  Captured 6 unique frames over 6.35s
  [debug] iframes: 1
  [debug]   iframe[0]: src=http://127.0.0.1:8188/extensions/ComfyUI-GeometryPack/viewer_dual.html?v=1778212, canvas=0x0, rafFrozen=False
  [timing] trigger_3d_previews: 0.0s
  Saved high-quality screenshot: fix_self_intersection_executed.png
  [timing] final_screenshot: 0.3s
    Captured 7 video frames