[Console-error] Failed to load resource: the server responded with a status of 404 (Not Found)
[Console-error] Failed to load resource: the server responded with a status of 404 (Not Found)
[Console-warning] [ComfyUI] The legacy queue/history menu is deprecated. Core functionality in this menu may break at any time. Issues and feature requests related to the legacy menu will not be addressed. To switch to the new menu: Settings → search "Use new menu" → change from "Disabled" to "Top".
[Console-warning] [ComfyUI] The legacy queue/history menu is deprecated. Core functionality in this menu may break at any time. Issues and feature requests related to the legacy menu will not be addressed. To switch to the new menu: Settings → search "Use new menu" → change from "Disabled" to "Top".
[Console-error] Failed to load resource: the server responded with a status of 404 (Not Found)
[Console-error] ComfyApp graph accessed before initialization
[Console-error] Failed to load resource: the server responded with a status of 404 (Not Found)
[Console-error] Failed to load resource: the server responded with a status of 404 (Not Found)
[Console-error] Failed to load resource: the server responded with a status of 404 (Not Found)
[Console-warning] WARNING: Multiple instances of Three.js being imported.
[Console-log] [CompareSMPLBVH] Loading Compare SMPL BVH extension
[Console-log] [CompareSMPLBVH] Loading Compare SMPL BVH extension...
[Console-log] [CompareSMPLBVH] Extension registered: comfy3d.comparesmplbvh
[Console-log] [FBX Preview] Auto-registering for all known FBX preview node types...
[Console-log] [UniRig] Loading FBX mesh preview extension...
[Console-log] [UniRig] Detected extension folder: ComfyUI-GeometryPack
[Console-log] [UniRig] FBX mesh preview extension registered
[Console-log] [SAM3DBody] Loading FBX mesh preview extension...
[Console-log] [SAM3DBody] Detected extension folder: ComfyUI-GeometryPack
[Console-log] [SAM3DBody] FBX mesh preview extension registered
[Console-log] [MotionCapture] Loading FBX mesh preview extension...
[Console-log] [MotionCapture] Detected extension folder: ComfyUI-GeometryPack
[Console-log] [MotionCapture] FBX mesh preview extension registered
[Console-log] [MotionCapture] Loading FBX mesh preview extension...
[Console-log] [MotionCapture] Detected extension folder: ComfyUI-GeometryPack
[Console-log] [MotionCapture] FBX mesh preview extension registered
[Console-log] [UniRig Compare] Loading compare skeleton widget...
[Console-log] [UniRig Compare] Detected extension folder: ComfyUI-GeometryPack
[Console-log] [UniRig Compare] Compare skeleton widget registered
[Console-log] [UniRig Debug] Loading FBX mesh preview extension...
[Console-log] [UniRig Debug] Detected extension folder: ComfyUI-GeometryPack
[Console-log] [UniRig Debug] FBX mesh preview extension registered
[Console-log] [GeomPack] Loading UV mesh preview extension...
[Console-log] [GeomPack] UV mesh preview extension registered
[Console-log] [GeomPack] Loading VTK.js textured mesh preview extension...
[Console-log] [GeomPack] VTK.js textured mesh preview extension registered
[Console-log] [FBXAnimationViewer] Loading FBX Animation Viewer extension
[Console-log] [FBXAnimationViewer] Loading FBX Animation Viewer extension...
[Console-log] [FBXAnimationViewer] Extension registered: comfy3d.fbxanimationviewer
[Console-log] [GeomPack Multi JS] Loading mesh_preview_multi.js extension
[Console-log] [BVHViewer] Loading BVH Viewer extension
[Console-log] [BVHViewer] Loading BVH viewer extension...
[Console-log] [BVHViewer] Extension registered: comfy3d.bvhviewer
[Console-log] [GeomPack Gaussian] Loading extension...
[Console-log] [GeomPack] Loading mesh preview extension...
[Console-log] [GeomPack] Mesh preview extension registered
[Console-log] [VTK Bundle] GLTFImporter included in bundle
[Console-warning] [MaskEditor] ComfyApp.open_maskeditor is deprecated. Plugins should migrate to using the command system or direct node context menu integration.
[Console-log] [GeomPack] Registering Preview Mesh node
[Console-log] [GeomPack] Registering Preview Mesh UV node
[Console-log] [GeomPack Gaussian] Registering Preview Gaussian node
[Console-log] [VTK Bundle] GLTFImporter included in bundle
[Console-log] [GeomPack VTK Viewer] Initializing unified viewer...
[Console-warning] Canvas2D: Multiple readback operations using getImageData are faster with the willReadFrequently attribute set to true. See: https://html.spec.whatwg.org/multipage/canvas.html#concept-canvas-will-read-frequently
[Console-log] [GeomPack VTK Viewer] Ready (unified)
[Console-error] No input!
[Console-error] No input!
[Console-log] [GeomPack Multi JS] Creating PreviewMeshMulti node widget
[Console-log] [GeomPack Multi JS] Creating PreviewMeshMulti node widget
[Console-log] [VTK Bundle] GLTFImporter included in bundle
[Console-log] [VTK Bundle] GLTFImporter included in bundle
[Console-log] [GeomPack VTK Multi Viewer] Initializing...
[Console-log] [GeomPack VTK Multi Viewer] Ready
[Console-log] [GeomPack VTK Multi Viewer] Initializing...
[Console-log] [GeomPack VTK Multi Viewer] Ready
[Console-log] [GeomPack Multi] Iframe loaded
[Console-log] [GeomPack Multi] Iframe loaded
[Console-log] [comfy-test] graphToPrompt: 8 nodes, missing class_type: [], sample: {"inputs":{"file_path":"3d/truck.obj"},"class_type":"GeomPackLoadMesh","_meta":{"title":"Load Mesh"}}
[Console-log] [GeomPack Multi] onExecuted: 4 meshes, grid 2x2
[Console-log] [GeomPack Multi] Sending message to iframe: {type: LOAD_MULTI_MESH, numMeshes: 4, meshFiles: Array(4), timestamp: 1778491847687, showEdges: true}
[Console-log] [GeomPack VTK Multi Viewer] Received LOAD_MULTI_MESH message: {type: LOAD_MULTI_MESH, numMeshes: 4, meshFiles: Array(4), timestamp: 1778491847687, showEdges: true}
[Console-error] No input!
[Console-error] No input!
[Console-error] No input!
[Console-error] No input!
[Console-log] [GeomPack VTK Multi Viewer] Loading mesh 1: /view?filename=preview_multi_1_dc90f1f4.vtp&type=output&subfolder=
[Console-log] [GeomPack VTK Multi Viewer] Loading mesh 2: /view?filename=preview_multi_2_dc90f1f4.vtp&type=output&subfolder=
[Console-log] [GeomPack VTK Multi Viewer] Loading mesh 3: /view?filename=preview_multi_3_dc90f1f4.vtp&type=output&subfolder=
[Console-log] [GeomPack VTK Multi Viewer] Loading mesh 4: /view?filename=preview_multi_4_dc90f1f4.vtp&type=output&subfolder=
[Console-error] No input!
[Console-error] No input!
[Console-error] No input!
[Console-error] No input!
[Console-error] No input!
[Console-error] No input!
[Console-error] No input!
[Console-error] No input!
[Console-error] No input!
[Console-error] No input!
[Console-error] No input!
[Console-error] No input!
[Console-log] [GeomPack VTK Multi Viewer] Mesh 2 fields: [normals]
[Console-log] [GeomPack VTK Multi Viewer] Mesh 2 loaded, bounds: [-0.8337640166282654, 0.8337640166282654, -0.3902060091495514, 0.3902060091495514, -0.3906109929084778, 0.3906109929084778]
[Console-log] [GeomPack VTK Multi Viewer] Mesh 1 fields: [normals]
[Console-log] [GeomPack VTK Multi Viewer] Mesh 1 loaded, bounds: [-0.8337640166282654, 0.8337640166282654, -0.3902060091495514, 0.3902060091495514, -0.3906109929084778, 0.3906109929084778]
[Console-log] [GeomPack VTK Multi Viewer] Mesh 3 fields: [normals]
[Console-log] [GeomPack VTK Multi Viewer] Mesh 3 loaded, bounds: [-0.8337640166282654, 0.8337640166282654, -0.3902060091495514, 0.3902060091495514, -0.3906109929084778, 0.3906109929084778]
[Console-log] [GeomPack VTK Multi Viewer] Mesh 4 fields: [normals]
[Console-log] [GeomPack VTK Multi Viewer] Mesh 4 loaded, bounds: [-0.8337640166282654, 0.8337640166282654, -0.3902060091495514, 0.3902060091495514, -0.3906109929084778, 0.3906109929084778]
[Console-log] [GeomPack VTK Multi Viewer] Common fields: [normals]
[Console-log] [GeomPack VTK Multi Viewer] All meshes Loaded successfully
[Console-log] [GeomPack Multi] onExecuted: 2 meshes, grid 2x1
[Console-log] [GeomPack Multi] Sending message to iframe: {type: LOAD_MULTI_MESH, numMeshes: 2, meshFiles: Array(2), timestamp: 1778491849752, showEdges: true}
[Console-log] [GeomPack VTK Multi Viewer] Received LOAD_MULTI_MESH message: {type: LOAD_MULTI_MESH, numMeshes: 2, meshFiles: Array(2), timestamp: 1778491849752, showEdges: true}
[Console-error] No input!
[Console-error] No input!
[Console-log] [GeomPack VTK Multi Viewer] Loading mesh 1: /view?filename=preview_multi_1_e7d27c81.vtp&type=output&subfolder=
[Console-log] [GeomPack VTK Multi Viewer] Loading mesh 2: /view?filename=preview_multi_2_e7d27c81.vtp&type=output&subfolder=
[Console-error] No input!
[Console-error] No input!
[Console-error] No input!
[Console-error] No input!
[Console-error] No input!
[Console-error] No input!
[Console-log] [GeomPack VTK Multi Viewer] Mesh 1 fields: [normals]
[Console-log] [GeomPack VTK Multi Viewer] Mesh 1 loaded, bounds: [-0.8337640166282654, 0.8337640166282654, -0.3902060091495514, 0.3902060091495514, -0.3906109929084778, 0.3906109929084778]
[Console-log] [GeomPack VTK Multi Viewer] Mesh 2 fields: [normals]
[Console-log] [GeomPack VTK Multi Viewer] Mesh 2 loaded, bounds: [-0.8337640166282654, 0.8337640166282654, -0.3902060091495514, 0.3902060091495514, -0.3906109929084778, 0.3906109929084778]
[Console-log] [GeomPack VTK Multi Viewer] Common fields: [normals]
[Console-log] [GeomPack VTK Multi Viewer] All meshes Loaded successfully