Capturing execution frames: fix_normals_all.json
  Frame 1 saved (frame_000.jpg, t=0.0s)
  Validating workflow...
  Queuing workflow for execution...
  Frame 2 saved (frame_001.jpg, t=2.2s)
  [capture-periodic] freeze=2ms shot=94ms unfreeze=3ms saved=True
  Frame 3 saved (frame_002.jpg, t=4.4s)
  [capture-periodic] freeze=2ms shot=83ms unfreeze=2ms saved=True
  [capture-loop] iter=50 t=5.6s state={'complete': False, 'error': None, 'executedCount': 0, 'wsState': 1} eval_ms=2 ram=6.2/16.0GB (39%) swap=0.4/2.9GB (15%) cpu=42% browser_rss=0.67GB
  Frame 4 saved (frame_003.jpg, t=6.6s)
  [capture-periodic] freeze=2ms shot=87ms unfreeze=3ms saved=True
  Frame 5 saved (frame_004.jpg, t=8.8s)
  [capture-periodic] freeze=2ms shot=93ms unfreeze=2ms saved=True
  Node executed (1 total), capturing...
  Frame 6 saved (frame_005.jpg, t=10.2s)
  [capture-node] freeze=3ms shot=102ms unfreeze=4ms saved=True
  Node executed (2 total), capturing...
  Frame 7 saved (frame_006.jpg, t=10.6s)
  [capture-node] freeze=2ms shot=94ms unfreeze=5ms saved=True
  Node executed (3 total), capturing...
  Frame 8 saved (frame_007.jpg, t=10.9s)
  [capture-node] freeze=3ms shot=97ms unfreeze=5ms saved=True
  Node executed (4 total), capturing...
  [capture-node] freeze=3ms shot=85ms unfreeze=3ms saved=False
  Node executed (5 total), capturing...
  Frame 9 saved (frame_008.jpg, t=11.8s)
  [capture-node] freeze=489ms shot=404ms unfreeze=2ms saved=True
  Node executed (6 total), capturing...
  Frame 10 saved (frame_009.jpg, t=13.1s)
  [capture-node] freeze=3ms shot=112ms unfreeze=3ms saved=True
  Node executed (7 total), capturing...
  Frame 11 saved (frame_010.jpg, t=13.6s)
  [capture-node] freeze=3ms shot=138ms unfreeze=0ms saved=True
  Execution complete (t=13.6s)
  Captured 11 unique frames over 14.01s
  [debug] iframes: 2
  [debug]   iframe[0]: src=http://127.0.0.1:8188/extensions/ComfyUI-GeometryPack/viewer_multi.html?v=177821, canvas=368x393, rafFrozen=True
  [debug]   iframe[1]: src=http://127.0.0.1:8188/extensions/ComfyUI-GeometryPack/viewer_multi.html?v=177821, canvas=368x195, rafFrozen=True
  [timing] trigger_3d_previews: 0.0s
  Saved high-quality screenshot: fix_normals_all_executed.png
  [timing] final_screenshot: 0.2s
    Captured 12 video frames