Capturing execution frames: mesh_info.json
  Frame 1 saved (frame_000.jpg, t=0.0s)
  Validating workflow...
  Queuing workflow for execution...
  Frame 2 saved (frame_001.jpg, t=2.2s)
  [capture-periodic] freeze=2ms shot=68ms unfreeze=4ms saved=True
  Frame 3 saved (frame_002.jpg, t=4.3s)
  [capture-periodic] freeze=2ms shot=62ms unfreeze=4ms saved=True
  [capture-loop] iter=50 t=5.7s state={'complete': False, 'error': None, 'executedCount': 0, 'wsState': 1} eval_ms=4 ram=5.2/16.0GB (33%) swap=0.5/2.9GB (16%) cpu=24% browser_rss=0.74GB
  Node executed (1 total), capturing...
  Frame 4 saved (frame_003.jpg, t=8.2s)
  [capture-node] freeze=3ms shot=59ms unfreeze=3ms saved=True
  Node executed (2 total), capturing...
  Frame 5 saved (frame_004.jpg, t=8.8s)
  [capture-node] freeze=3ms shot=67ms unfreeze=0ms saved=True
  Execution complete (t=8.8s)
  Captured 5 unique frames over 8.84s
  [debug] iframes: 0
  [timing] trigger_3d_previews: 0.0s
  Saved high-quality screenshot: mesh_info_executed.png
  [timing] final_screenshot: 0.1s
    Captured 6 video frames