Capturing execution frames: point_mesh_distance.json
  Frame 1 saved (frame_000.jpg, t=0.0s)
  Validating workflow...
  Queuing workflow for execution...
  Node executed (1 total), capturing...
  Frame 2 saved (frame_001.jpg, t=1.0s)
  [capture-node] freeze=3ms shot=91ms unfreeze=2ms saved=True
  Node executed (2 total), capturing...
  Frame 3 saved (frame_002.jpg, t=2.0s)
  [capture-node] freeze=3ms shot=92ms unfreeze=3ms saved=True
  Node executed (3 total), capturing...
  Frame 4 saved (frame_003.jpg, t=2.4s)
  [capture-node] freeze=17ms shot=157ms unfreeze=0ms saved=True
  Execution complete (t=2.4s)
  Captured 4 unique frames over 2.6s
  [debug] iframes: 1
  [debug]   iframe[0]: src=http://127.0.0.1:8188/extensions/ComfyUI-GeometryPack/viewer_dual.html?v=1778212, canvas=370x485, rafFrozen=True
  [timing] trigger_3d_previews: 0.0s
  Saved high-quality screenshot: point_mesh_distance_executed.png
  [timing] final_screenshot: 0.2s
    Captured 5 video frames