Capturing execution frames: reconstruct_all.json
  Frame 1 saved (frame_000.jpg, t=0.0s)
  Validating workflow...
  Queuing workflow for execution...
  Node executed (1 total), capturing...
  Frame 2 saved (frame_001.jpg, t=1.9s)
  [capture-node] freeze=4ms shot=128ms unfreeze=3ms saved=True
  Node executed (2 total), capturing...
  Frame 3 saved (frame_002.jpg, t=2.3s)
  [capture-node] freeze=3ms shot=121ms unfreeze=3ms saved=True
  Frame 4 saved (frame_003.jpg, t=4.5s)
  [capture-periodic] freeze=4ms shot=113ms unfreeze=4ms saved=True
  Node executed (3 total), capturing...
  Frame 5 saved (frame_004.jpg, t=5.2s)
  [capture-node] freeze=41ms shot=165ms unfreeze=3ms saved=True
  Node executed (4 total), capturing...
  Frame 6 saved (frame_005.jpg, t=5.7s)
  [capture-node] freeze=4ms shot=148ms unfreeze=3ms saved=True
  [capture-loop] iter=50 t=7.0s state={'complete': False, 'error': None, 'executedCount': 4, 'wsState': 1} eval_ms=3 ram=6.2/16.0GB (38%) swap=0.4/2.9GB (15%) cpu=36% browser_rss=0.66GB
  Node executed (5 total), capturing...
  Frame 7 saved (frame_006.jpg, t=7.7s)
  [capture-node] freeze=3ms shot=139ms unfreeze=6ms saved=True
  Node executed (6 total), capturing...
  Frame 8 saved (frame_007.jpg, t=8.7s)
  [capture-node] freeze=4ms shot=119ms unfreeze=0ms saved=True
  Execution complete (t=8.7s)
  Captured 8 unique frames over 8.9s
  [debug] iframes: 2
  [debug]   iframe[0]: src=http://127.0.0.1:8188/extensions/ComfyUI-GeometryPack/viewer_vtk.html?v=17782125, canvas=486x384, rafFrozen=True
  [debug]   iframe[1]: src=http://127.0.0.1:8188/extensions/ComfyUI-GeometryPack/viewer_multi.html?v=177821, canvas=368x195, rafFrozen=True
  [timing] trigger_3d_previews: 0.1s
  Saved high-quality screenshot: reconstruct_all_executed.png
  [timing] final_screenshot: 0.2s
    Captured 9 video frames