Capturing execution frames: remeshing.json
  Frame 1 saved (frame_000.jpg, t=0.0s)
  Validating workflow...
  Queuing workflow for execution...
  Frame 2 saved (frame_001.jpg, t=2.2s)
  [capture-periodic] freeze=3ms shot=85ms unfreeze=3ms saved=True
  Frame 3 saved (frame_002.jpg, t=4.3s)
  [capture-periodic] freeze=2ms shot=83ms unfreeze=4ms saved=True
  [capture-loop] iter=50 t=5.6s state={'complete': False, 'error': None, 'executedCount': 0, 'wsState': 1} eval_ms=4 ram=5.6/16.0GB (35%) swap=0.3/2.9GB (10%) cpu=30% browser_rss=0.65GB
  [capture-loop] iter=100 t=11.2s state={'complete': False, 'error': None, 'executedCount': 0, 'wsState': 1} eval_ms=3 ram=5.6/16.0GB (35%) swap=0.3/2.9GB (10%) cpu=35% browser_rss=0.64GB
  [capture-loop] iter=150 t=16.6s state={'complete': False, 'error': None, 'executedCount': 0, 'wsState': 1} eval_ms=3 ram=5.4/16.0GB (34%) swap=0.5/2.9GB (16%) cpu=36% browser_rss=0.63GB
  [capture-loop] iter=200 t=22.2s state={'complete': False, 'error': None, 'executedCount': 0, 'wsState': 1} eval_ms=3 ram=5.4/16.0GB (34%) swap=0.5/2.9GB (16%) cpu=35% browser_rss=0.62GB
  [capture-loop] iter=250 t=27.7s state={'complete': False, 'error': None, 'executedCount': 0, 'wsState': 1} eval_ms=4 ram=5.4/16.0GB (34%) swap=0.5/2.9GB (16%) cpu=37% browser_rss=0.62GB
  [capture-loop] iter=300 t=33.4s state={'complete': False, 'error': None, 'executedCount': 0, 'wsState': 1} eval_ms=6 ram=5.4/16.0GB (34%) swap=0.5/2.9GB (16%) cpu=53% browser_rss=0.62GB
  [capture-loop] iter=350 t=39.2s state={'complete': False, 'error': None, 'executedCount': 0, 'wsState': 1} eval_ms=4 ram=5.5/16.0GB (34%) swap=0.5/2.9GB (16%) cpu=65% browser_rss=0.61GB
  Node executed (1 total), capturing...
  Frame 4 saved (frame_003.jpg, t=43.6s)
  [capture-node] freeze=4ms shot=114ms unfreeze=3ms saved=True
  Node executed (2 total), capturing...
  Frame 5 saved (frame_004.jpg, t=44.9s)
  [capture-node] freeze=4ms shot=111ms unfreeze=0ms saved=True
  Execution complete (t=44.9s)
  Captured 5 unique frames over 45.02s
  [debug] iframes: 1
  [debug]   iframe[0]: src=http://127.0.0.1:8188/extensions/ComfyUI-GeometryPack/viewer_dual.html?v=1778212, canvas=0x0, rafFrozen=True
  [timing] trigger_3d_previews: 0.0s
  Saved high-quality screenshot: remeshing_executed.png
  [timing] final_screenshot: 0.7s
    Captured 6 video frames