Capturing execution frames: sharpen.json
  Frame 1 saved (frame_000.jpg, t=0.0s)
  Validating workflow...
  Queuing workflow for execution...
  Frame 2 saved (frame_001.jpg, t=2.3s)
  [capture-periodic] freeze=3ms shot=132ms unfreeze=4ms saved=True
  Frame 3 saved (frame_002.jpg, t=4.5s)
  [capture-periodic] freeze=3ms shot=129ms unfreeze=3ms saved=True
  [capture-loop] iter=50 t=5.8s state={'complete': False, 'error': None, 'executedCount': 0, 'wsState': 1} eval_ms=4 ram=5.4/16.0GB (34%) swap=0.5/2.9GB (16%) cpu=71% browser_rss=0.69GB
  Frame 4 saved (frame_003.jpg, t=8.9s)
  [capture-periodic] freeze=3ms shot=98ms unfreeze=4ms saved=True
  [capture-loop] iter=100 t=11.6s state={'complete': False, 'error': None, 'executedCount': 1, 'wsState': 1} eval_ms=2 ram=5.4/16.0GB (34%) swap=0.5/2.9GB (16%) cpu=62% browser_rss=0.60GB
  Node executed (1 total), capturing...
  Frame 5 saved (frame_004.jpg, t=11.8s)
  [capture-node] freeze=3ms shot=111ms unfreeze=4ms saved=True
  Node executed (2 total), capturing...
  Frame 6 saved (frame_005.jpg, t=13.5s)
  [capture-node] freeze=4ms shot=200ms unfreeze=0ms saved=True
  Execution complete (t=13.5s)
  Captured 6 unique frames over 14.26s
  [debug] iframes: 1
  [debug]   iframe[0]: src=http://127.0.0.1:8188/extensions/ComfyUI-GeometryPack/viewer_multi.html?v=177821, canvas=244x393, rafFrozen=True
  [timing] trigger_3d_previews: 0.0s
  Saved high-quality screenshot: sharpen_executed.png
  [timing] final_screenshot: 0.2s
    Captured 7 video frames