Capturing execution frames: sharpen_all.json
  Frame 1 saved (frame_000.jpg, t=0.0s)
  Validating workflow...
  Queuing workflow for execution...
  Node executed (1 total), capturing...
  Frame 2 saved (frame_001.jpg, t=2.2s)
  [capture-node] freeze=3ms shot=118ms unfreeze=6ms saved=True
  Node executed (2 total), capturing...
  Frame 3 saved (frame_002.jpg, t=2.7s)
  [capture-node] freeze=4ms shot=119ms unfreeze=6ms saved=True
  Node executed (3 total), capturing...
  Frame 4 saved (frame_003.jpg, t=3.1s)
  [capture-node] freeze=4ms shot=116ms unfreeze=3ms saved=True
  Node executed (4 total), capturing...
  Frame 5 saved (frame_004.jpg, t=3.6s)
  [capture-node] freeze=977ms shot=191ms unfreeze=3ms saved=True
  [capture-loop] iter=50 t=8.0s state={'complete': False, 'error': None, 'executedCount': 4, 'wsState': 1} eval_ms=4 ram=6.4/16.0GB (40%) swap=0.4/2.9GB (15%) cpu=41% browser_rss=0.85GB
  [capture-loop] iter=100 t=13.9s state={'complete': False, 'error': None, 'executedCount': 4, 'wsState': 1} eval_ms=4 ram=6.3/16.0GB (39%) swap=0.4/2.9GB (15%) cpu=50% browser_rss=0.70GB
  Node executed (5 total), capturing...
  Frame 6 saved (frame_005.jpg, t=15.6s)
  [capture-node] freeze=3ms shot=130ms unfreeze=4ms saved=True
  [capture-loop] iter=150 t=19.7s state={'complete': False, 'error': None, 'executedCount': 5, 'wsState': 1} eval_ms=3 ram=6.3/16.0GB (39%) swap=0.4/2.9GB (15%) cpu=36% browser_rss=0.69GB
  [capture-loop] iter=200 t=25.4s state={'complete': False, 'error': None, 'executedCount': 5, 'wsState': 1} eval_ms=3 ram=6.3/16.0GB (39%) swap=0.4/2.9GB (15%) cpu=41% browser_rss=0.69GB
  Node executed (6 total), capturing...
  Frame 7 saved (frame_006.jpg, t=26.9s)
  [capture-node] freeze=4ms shot=152ms unfreeze=5ms saved=True
  Frame 8 saved (frame_007.jpg, t=29.1s)
  [capture-periodic] freeze=3ms shot=153ms unfreeze=4ms saved=True
  [capture-loop] iter=250 t=31.6s state={'complete': False, 'error': None, 'executedCount': 6, 'wsState': 1} eval_ms=5 ram=6.3/16.0GB (40%) swap=0.4/2.9GB (15%) cpu=41% browser_rss=0.69GB
  [capture-loop] iter=300 t=37.2s state={'complete': False, 'error': None, 'executedCount': 6, 'wsState': 1} eval_ms=4 ram=6.4/16.0GB (40%) swap=0.4/2.9GB (15%) cpu=42% browser_rss=0.69GB
  [capture-loop] iter=350 t=43.0s state={'complete': False, 'error': None, 'executedCount': 6, 'wsState': 1} eval_ms=3 ram=6.4/16.0GB (40%) swap=0.4/2.9GB (15%) cpu=45% browser_rss=0.68GB
  [capture-loop] iter=400 t=48.6s state={'complete': False, 'error': None, 'executedCount': 6, 'wsState': 1} eval_ms=4 ram=6.4/16.0GB (40%) swap=0.4/2.9GB (15%) cpu=42% browser_rss=0.69GB
  [capture-loop] iter=450 t=54.5s state={'complete': False, 'error': None, 'executedCount': 6, 'wsState': 1} eval_ms=4 ram=6.4/16.0GB (40%) swap=0.4/2.9GB (15%) cpu=56% browser_rss=0.68GB
  [capture-loop] iter=500 t=60.3s state={'complete': False, 'error': None, 'executedCount': 6, 'wsState': 1} eval_ms=3 ram=6.3/16.0GB (40%) swap=0.4/2.9GB (15%) cpu=53% browser_rss=0.69GB
  Node executed (7 total), capturing...
  Frame 9 saved (frame_008.jpg, t=61.7s)
  [capture-node] freeze=4ms shot=144ms unfreeze=3ms saved=True
  Node executed (8 total), capturing...
  Frame 10 saved (frame_009.jpg, t=65.9s)
  [capture-node] freeze=4ms shot=161ms unfreeze=3ms saved=True
  [capture-loop] iter=550 t=66.4s state={'complete': False, 'error': None, 'executedCount': 8, 'wsState': 1} eval_ms=3 ram=6.3/16.0GB (39%) swap=0.4/2.9GB (15%) cpu=41% browser_rss=0.69GB
  Node executed (9 total), capturing...
  Frame 11 saved (frame_010.jpg, t=66.8s)
  [capture-node] freeze=4ms shot=770ms unfreeze=0ms saved=True
  Execution complete (t=66.8s)
  Captured 11 unique frames over 67.65s
  [debug] iframes: 2
  [debug]   iframe[0]: src=http://127.0.0.1:8188/extensions/ComfyUI-GeometryPack/viewer_multi.html?v=177821, canvas=368x195, rafFrozen=True
  [debug]   iframe[1]: src=http://127.0.0.1:8188/extensions/ComfyUI-GeometryPack/viewer_multi.html?v=177821, canvas=368x195, rafFrozen=True
  [timing] trigger_3d_previews: 0.0s
  Saved high-quality screenshot: sharpen_all_executed.png
  [timing] final_screenshot: 0.3s
    Captured 12 video frames