[Console-error] Failed to load resource: the server responded with a status of 404 (Not Found)
[Console-error] Failed to load resource: the server responded with a status of 404 (Not Found)
[Console-warning] [ComfyUI] The legacy queue/history menu is deprecated. Core functionality in this menu may break at any time. Issues and feature requests related to the legacy menu will not be addressed. To switch to the new menu: Settings → search "Use new menu" → change from "Disabled" to "Top".
[Console-warning] [ComfyUI] The legacy queue/history menu is deprecated. Core functionality in this menu may break at any time. Issues and feature requests related to the legacy menu will not be addressed. To switch to the new menu: Settings → search "Use new menu" → change from "Disabled" to "Top".
[Console-error] Failed to load resource: the server responded with a status of 404 (Not Found)
[Console-error] ComfyApp graph accessed before initialization
[Console-error] Failed to load resource: the server responded with a status of 404 (Not Found)
[Console-error] Failed to load resource: the server responded with a status of 404 (Not Found)
[Console-error] Failed to load resource: the server responded with a status of 404 (Not Found)
[Console-log] [BVHViewer] Loading BVH Viewer extension
[Console-log] [BVHViewer] Loading BVH viewer extension...
[Console-log] [BVHViewer] Extension registered: comfy3d.bvhviewer
[Console-log] [FBXAnimationViewer] Loading FBX Animation Viewer extension
[Console-log] [FBXAnimationViewer] Loading FBX Animation Viewer extension...
[Console-log] [FBXAnimationViewer] Extension registered: comfy3d.fbxanimationviewer
[Console-log] [GeomPack Multi JS] Loading mesh_preview_multi.js extension
[Console-log] [FBX Preview] Auto-registering for all known FBX preview node types...
[Console-log] [UniRig] Loading FBX mesh preview extension...
[Console-log] [UniRig] Detected extension folder: ComfyUI-GeometryPack
[Console-log] [UniRig] FBX mesh preview extension registered
[Console-log] [SAM3DBody] Loading FBX mesh preview extension...
[Console-log] [SAM3DBody] Detected extension folder: ComfyUI-GeometryPack
[Console-log] [SAM3DBody] FBX mesh preview extension registered
[Console-log] [MotionCapture] Loading FBX mesh preview extension...
[Console-log] [MotionCapture] Detected extension folder: ComfyUI-GeometryPack
[Console-log] [MotionCapture] FBX mesh preview extension registered
[Console-log] [MotionCapture] Loading FBX mesh preview extension...
[Console-log] [MotionCapture] Detected extension folder: ComfyUI-GeometryPack
[Console-log] [MotionCapture] FBX mesh preview extension registered
[Console-log] [UniRig Compare] Loading compare skeleton widget...
[Console-log] [UniRig Compare] Detected extension folder: ComfyUI-GeometryPack
[Console-log] [UniRig Compare] Compare skeleton widget registered
[Console-log] [UniRig Debug] Loading FBX mesh preview extension...
[Console-log] [UniRig Debug] Detected extension folder: ComfyUI-GeometryPack
[Console-log] [UniRig Debug] FBX mesh preview extension registered
[Console-log] [GeomPack Gaussian] Loading extension...
[Console-log] [CompareSMPLBVH] Loading Compare SMPL BVH extension
[Console-log] [CompareSMPLBVH] Loading Compare SMPL BVH extension...
[Console-log] [CompareSMPLBVH] Extension registered: comfy3d.comparesmplbvh
[Console-log] [GeomPack] Loading mesh preview extension...
[Console-log] [GeomPack] Mesh preview extension registered
[Console-log] [GeomPack] Loading VTK.js textured mesh preview extension...
[Console-log] [GeomPack] VTK.js textured mesh preview extension registered
[Console-log] [GeomPack] Loading UV mesh preview extension...
[Console-log] [GeomPack] UV mesh preview extension registered
[Console-log] [VTK Bundle] GLTFImporter included in bundle
[Console-warning] WARNING: Multiple instances of Three.js being imported.
[Console-warning] [MaskEditor] ComfyApp.open_maskeditor is deprecated. Plugins should migrate to using the command system or direct node context menu integration.
[Console-log] [GeomPack] Registering Preview Mesh node
[Console-log] [GeomPack] Registering Preview Mesh UV node
[Console-log] [GeomPack Gaussian] Registering Preview Gaussian node
[Console-log] [VTK Bundle] GLTFImporter included in bundle
[Console-log] [GeomPack VTK Dual Viewer] Initializing...
[Console-log] [GeomPack VTK Dual Viewer] Ready
[Console-log] [GeomPack Multi JS] Creating PreviewMeshMulti node widget
[Console-log] [VTK Bundle] GLTFImporter included in bundle
[Console-log] [GeomPack VTK Multi Viewer] Initializing...
[Console-log] [GeomPack VTK Multi Viewer] Ready
[Console-log] [GeomPack Multi] Iframe loaded
[Console-log] [comfy-test] graphToPrompt: 4 nodes, missing class_type: [], sample: {"inputs":{"file_path":"3d/noisy/Fandisk0.3/Noisy.obj"},"class_type":"GeomPackLoadMesh","_meta":{"title":"Load Mesh"}}
[Console-log] [GeomPack Multi] onExecuted: 3 meshes, grid 3x1
[Console-log] [GeomPack Multi] Sending message to iframe: {type: LOAD_MULTI_MESH, numMeshes: 3, meshFiles: Array(3), timestamp: 1778492069187, showEdges: true}
[Console-log] [GeomPack VTK Multi Viewer] Received LOAD_MULTI_MESH message: {type: LOAD_MULTI_MESH, numMeshes: 3, meshFiles: Array(3), timestamp: 1778492069187, showEdges: true}
[Console-error] No input!
[Console-error] No input!
[Console-error] No input!
[Console-log] [GeomPack VTK Multi Viewer] Loading mesh 1: /view?filename=preview_multi_1_9633ccb5.vtp&type=output&subfolder=
[Console-log] [GeomPack VTK Multi Viewer] Loading mesh 2: /view?filename=preview_multi_2_9633ccb5.vtp&type=output&subfolder=
[Console-log] [GeomPack VTK Multi Viewer] Loading mesh 3: /view?filename=preview_multi_3_9633ccb5.vtp&type=output&subfolder=
[Console-error] No input!
[Console-error] No input!
[Console-error] No input!
[Console-error] No input!
[Console-error] No input!
[Console-error] No input!
[Console-error] No input!
[Console-error] No input!
[Console-error] No input!
[Console-log] [GeomPack VTK Multi Viewer] Mesh 2 fields: [normals]
[Console-log] [GeomPack VTK Multi Viewer] Mesh 2 loaded, bounds: [-0.07327230274677277, 4.918459892272949, 12.565699577331543, 17.899200439453125, -2.742079973220825, 0.10788899660110474]
[Console-log] [GeomPack VTK Multi Viewer] Mesh 3 fields: [normals]
[Console-log] [GeomPack VTK Multi Viewer] Mesh 3 loaded, bounds: [-0.06941675394773483, 4.8543243408203125, 12.492314338684082, 17.86263656616211, -2.720759391784668, 0.1341758668422699]
[Console-log] [GeomPack VTK Multi Viewer] Mesh 1 fields: [normals]
[Console-log] [GeomPack VTK Multi Viewer] Mesh 1 loaded, bounds: [-0, 4.827899932861328, 12.605500221252441, 17.850000381469727, -2.680259943008423, -0]
[Console-log] [GeomPack VTK Multi Viewer] Common fields: [normals]
[Console-log] [GeomPack VTK Multi Viewer] All meshes Loaded successfully