Capturing execution frames: skeleton_extraction.json
  Frame 1 saved (frame_000.jpg, t=0.0s)
  Validating workflow...
  Queuing workflow for execution...
  Frame 2 saved (frame_001.jpg, t=2.2s)
  [capture-periodic] freeze=3ms shot=102ms unfreeze=4ms saved=True
  Frame 3 saved (frame_002.jpg, t=4.3s)
  [capture-periodic] freeze=2ms shot=89ms unfreeze=3ms saved=True
  [capture-loop] iter=50 t=5.6s state={'complete': False, 'error': None, 'executedCount': 0, 'wsState': 1} eval_ms=3 ram=5.6/16.0GB (35%) swap=0.5/2.9GB (16%) cpu=41% browser_rss=0.67GB
  Node executed (1 total), capturing...
  Frame 4 saved (frame_003.jpg, t=9.6s)
  [capture-node] freeze=4ms shot=117ms unfreeze=0ms saved=True
  Execution complete (t=9.6s)
  Captured 4 unique frames over 9.74s
  [debug] iframes: 1
  [debug]   iframe[0]: src=http://127.0.0.1:8188/extensions/ComfyUI-GeometryPack/viewer_dual.html?v=1778212, canvas=0x0, rafFrozen=False
  [timing] trigger_3d_previews: 0.0s
  Saved high-quality screenshot: skeleton_extraction_executed.png
  [timing] final_screenshot: 0.2s
    Captured 5 video frames