Capturing execution frames: skeleton_all.json
  Frame 1 saved (frame_000.jpg, t=0.0s)
  Validating workflow...
  Queuing workflow for execution...
  Frame 2 saved (frame_001.jpg, t=2.3s)
  [capture-periodic] freeze=3ms shot=130ms unfreeze=3ms saved=True
  Frame 3 saved (frame_002.jpg, t=4.5s)
  [capture-periodic] freeze=3ms shot=129ms unfreeze=7ms saved=True
  [capture-loop] iter=50 t=5.8s state={'complete': False, 'error': None, 'executedCount': 0, 'wsState': 1} eval_ms=2 ram=6.5/16.0GB (40%) swap=0.4/2.9GB (15%) cpu=43% browser_rss=0.79GB
  Frame 4 saved (frame_003.jpg, t=6.7s)
  [capture-periodic] freeze=3ms shot=112ms unfreeze=9ms saved=True
  Node executed (1 total), capturing...
  Frame 5 saved (frame_004.jpg, t=7.5s)
  [capture-node] freeze=212ms shot=208ms unfreeze=4ms saved=True
  Frame 6 saved (frame_005.jpg, t=10.1s)
  [capture-periodic] freeze=2ms shot=122ms unfreeze=4ms saved=True
  Node executed (2 total), capturing...
  Frame 7 saved (frame_006.jpg, t=10.7s)
  [capture-node] freeze=5ms shot=144ms unfreeze=0ms saved=True
  Execution complete (t=10.7s)
  Captured 7 unique frames over 10.89s
  [debug] iframes: 2
  [debug]   iframe[0]: src=http://127.0.0.1:8188/extensions/ComfyUI-GeometryPack/viewer_multi.html?v=177821, canvas=368x393, rafFrozen=True
  [debug]   iframe[1]: src=http://127.0.0.1:8188/extensions/ComfyUI-GeometryPack/viewer_multi.html?v=177821, canvas=368x195, rafFrozen=True
  [timing] trigger_3d_previews: 0.0s
  Saved high-quality screenshot: skeleton_all_executed.png
  [timing] final_screenshot: 0.2s
    Captured 8 video frames