Capturing execution frames: smooth_all.json
  Frame 1 saved (frame_000.jpg, t=0.0s)
  Validating workflow...
  Queuing workflow for execution...
  Node executed (1 total), capturing...
  Frame 2 saved (frame_001.jpg, t=1.9s)
  [capture-node] freeze=3ms shot=111ms unfreeze=3ms saved=True
  Node executed (3 total), capturing...
  Frame 3 saved (frame_002.jpg, t=2.3s)
  [capture-node] freeze=3ms shot=103ms unfreeze=2ms saved=True
  Node executed (4 total), capturing...
  [capture-node] freeze=3ms shot=96ms unfreeze=5ms saved=False
  Node executed (5 total), capturing...
  Frame 4 saved (frame_003.jpg, t=3.4s)
  [capture-node] freeze=2ms shot=123ms unfreeze=1ms saved=True
  Node executed (7 total), capturing...
  Frame 5 saved (frame_004.jpg, t=4.1s)
  [capture-node] freeze=2ms shot=140ms unfreeze=0ms saved=True
  Execution complete (t=4.1s)
  Captured 5 unique frames over 4.23s
  [debug] iframes: 2
  [debug]   iframe[0]: src=http://127.0.0.1:8188/extensions/ComfyUI-GeometryPack/viewer_multi.html?v=177821, canvas=368x393, rafFrozen=True
  [debug]   iframe[1]: src=http://127.0.0.1:8188/extensions/ComfyUI-GeometryPack/viewer_multi.html?v=177821, canvas=368x195, rafFrozen=True
  [timing] trigger_3d_previews: 0.0s
  Saved high-quality screenshot: smooth_all_executed.png
  [timing] final_screenshot: 0.2s
    Captured 6 video frames