Capturing execution frames: surface_reconstruction.json
  Frame 1 saved (frame_000.jpg, t=0.0s)
  Validating workflow...
  [ComfyUI] === /validate endpoint called ===
  [ComfyUI] === /validate endpoint called ===
  [ComfyUI] === /validate endpoint called ===
  [ComfyUI] Received JSON with keys: ['prompt']
  [ComfyUI] Received JSON with keys: ['prompt']
  [ComfyUI] Received JSON with keys: ['prompt']
  [ComfyUI] Prompt has 4 nodes
  [ComfyUI] Prompt has 4 nodes
  [ComfyUI] Prompt has 4 nodes
  [ComfyUI]   Node 20: GeomPackLoadMesh
  [ComfyUI]   Node 20: GeomPackLoadMesh
  [ComfyUI]   Node 20: GeomPackLoadMesh
  [ComfyUI]     Inputs: {"file_path": "3d/Stanford_Bunny.stl"}
  [ComfyUI]     Inputs: {"file_path": "3d/Stanford_Bunny.stl"}
  [ComfyUI]     Inputs: {"file_path": "3d/Stanford_Bunny.stl"}
  [ComfyUI]   Node 21: GeomPackMeshToPointCloud
  [ComfyUI]   Node 21: GeomPackMeshToPointCloud
  [ComfyUI]   Node 21: GeomPackMeshToPointCloud
  Queuing workflow for execution...
  [ComfyUI]     Inputs: {"mode": "surface_sampling", "sample_count": 10000, "sampling_method": "uniform", "include_normals": "true", "trimesh": ["20", 0]}
  [ComfyUI]     Inputs: {"mode": "surface_sampling", "sample_count": 10000, "sampling_method": "uniform", "include_normals": "true", "trimesh": ["20", 0]}
  [ComfyUI]     Inputs: {"mode": "surface_sampling", "sample_count": 10000, "sampling_method": "uniform", "include_normals": "true", "trimesh": ["20", 0]}
  [ComfyUI]   Node 22: GeomPackReconstructSurface
  [ComfyUI]   Node 22: GeomPackReconstructSurface
  [ComfyUI]   Node 22: GeomPackReconstructSurface
  [ComfyUI]     Inputs: {"backend": "poisson", "backend.poisson_depth": 8, "backend.poisson_scale": 1.1, "backend.estimate_normals": "true", "backend.normal_radius": 0.1, "report_panel": "false", "points": ["21", 0]}
  [ComfyUI]     Inputs: {"backend": "poisson", "backend.poisson_depth": 8, "backend.poisson_scale": 1.1, "backend.estimate_normals": "true", "backend.normal_radius": 0.1, "report_panel": "false", "points": ["21", 0]}
  [ComfyUI]     Inputs: {"backend": "poisson", "backend.poisson_depth": 8, "backend.poisson_scale": 1.1, "backend.estimate_normals": "true", "backend.normal_radius": 0.1, "report_panel": "false", "points": ["21", 0]}
  [ComfyUI]   Node 28: GeomPackPreviewMeshDual
  [ComfyUI]   Node 28: GeomPackPreviewMeshDual
  [ComfyUI]   Node 28: GeomPackPreviewMeshDual
  [ComfyUI]     Inputs: {"layout": "side_by_side", "mode": "fields", "opacity_1": 1, "opacity_2": 1, "preview_dual": "{\"show_edges\":true,\"camera_state\":\"\",\"selected_field\":\"\",\"selected_channel\":\"magnitude\",\"se
  [ComfyUI]     Inputs: {"layout": "side_by_side", "mode": "fields", "opacity_1": 1, "opacity_2": 1, "preview_dual": "{\"show_edges\":true,\"camera_state\":\"\",\"selected_field\":\"\",\"selected_channel\":\"magnitude\",\"se
  [ComfyUI]     Inputs: {"layout": "side_by_side", "mode": "fields", "opacity_1": 1, "opacity_2": 1, "preview_dual": "{\"show_edges\":true,\"camera_state\":\"\",\"selected_field\":\"\",\"selected_channel\":\"magnitude\",\"se
  [ComfyUI] Generated prompt_id: 7901b291-ac2a-4a05-82f7-ee5e8ab1a253
  [ComfyUI] Generated prompt_id: 7901b291-ac2a-4a05-82f7-ee5e8ab1a253
  [ComfyUI] Generated prompt_id: 7901b291-ac2a-4a05-82f7-ee5e8ab1a253
  [ComfyUI] Calling execution.validate_prompt()...
  [ComfyUI] Calling execution.validate_prompt()...
  [ComfyUI] Calling execution.validate_prompt()...
  [ComfyUI] Validation result: valid=True
  [ComfyUI] Validation result: valid=True
  [ComfyUI] Validation result: valid=True
  [ComfyUI] === Validation PASSED ===
  [ComfyUI] === Validation PASSED ===
  [ComfyUI] === Validation PASSED ===
  [ComfyUI] got prompt
  [ComfyUI] got prompt
  [ComfyUI] got prompt
  [ComfyUI] [comfy-env] Running GeomPackLoadMesh: file_path: '3d/Stanford_Bunny.stl'
  [ComfyUI] [comfy-env] Running GeomPackLoadMesh: file_path: '3d/Stanford_Bunny.stl'
  [ComfyUI] [comfy-env] Running GeomPackLoadMesh: file_path: '3d/Stanford_Bunny.stl'
  [ComfyUI] [SubprocessWorker] call_method: nodes.io.load_mesh.LoadMesh.EXECUTE_NORMALIZED
  [ComfyUI] [SubprocessWorker] call_method: nodes.io.load_mesh.LoadMesh.EXECUTE_NORMALIZED
  [ComfyUI] [SubprocessWorker] call_method: nodes.io.load_mesh.LoadMesh.EXECUTE_NORMALIZED
  [ComfyUI] [SubprocessWorker] acquired lock, ensuring started...
  [ComfyUI] [SubprocessWorker] acquired lock, ensuring started...
  [ComfyUI] [SubprocessWorker] acquired lock, ensuring started...
  [ComfyUI] [ComfyUI-GeometryPack] Health check: ping (timeout=5.0s)...
  [ComfyUI] [ComfyUI-GeometryPack] Health check: ping (timeout=5.0s)...
  [ComfyUI] [ComfyUI-GeometryPack] Health check: ping (timeout=5.0s)...
  [ComfyUI] [ComfyUI-GeometryPack] Health check: failed
  [ComfyUI] [ComfyUI-GeometryPack] Health check: failed
  [ComfyUI] [ComfyUI-GeometryPack] Health check: failed
  [ComfyUI] [ComfyUI-GeometryPack] Socket unhealthy, restarting worker...
  [ComfyUI] [ComfyUI-GeometryPack] Socket unhealthy, restarting worker...
  [ComfyUI] [ComfyUI-GeometryPack] Socket unhealthy, restarting worker...
  [ComfyUI] [comfy-env] geometrypack-nodes: Library/bin has 611 DLLs
  [ComfyUI] [comfy-env] geometrypack-nodes: Library/bin has 611 DLLs
  [ComfyUI] [comfy-env] geometrypack-nodes: Library/bin has 611 DLLs
  [ComfyUI] [ComfyUI-GeometryPack] python: C:\Users\stduser\AppData\Local\Programs\comfy-env\.pixi\envs\geometrypack-nodes\python.exe
  [ComfyUI] [ComfyUI-GeometryPack] python: C:\Users\stduser\AppData\Local\Programs\comfy-env\.pixi\envs\geometrypack-nodes\python.exe
  [ComfyUI] [ComfyUI-GeometryPack] python: C:\Users\stduser\AppData\Local\Programs\comfy-env\.pixi\envs\geometrypack-nodes\python.exe
  [ComfyUI] [ComfyUI-GeometryPack] sys_path sent to worker: ['D:\\a\\comfy-gpu-ci\\comfy-gpu-ci\\test_workspaces\\GeometryPack-1001\\ComfyUI', 'D:\\a\\comfy-gpu-ci\\comfy-gpu-ci\\test_workspaces\\GeometryPack-1001\\ComfyUI\\custom_nodes\\ComfyUI-GeometryPack', 'C:\\Users\\stduser\\AppData\\Local\\Programs\\comfy-env\\.pixi\\envs\\geometrypack-nodes\\Lib\\site-packages', 'D:\\a\\comfy-gpu-ci\\comfy-gpu-ci\\test_workspaces\\GeometryPack-1001\\ComfyUI\\custom_nodes\\ComfyUI-GeometryPack']
  [ComfyUI] [ComfyUI-GeometryPack] sys_path sent to worker: ['D:\\a\\comfy-gpu-ci\\comfy-gpu-ci\\test_workspaces\\GeometryPack-1001\\ComfyUI', 'D:\\a\\comfy-gpu-ci\\comfy-gpu-ci\\test_workspaces\\GeometryPack-1001\\ComfyUI\\custom_nodes\\ComfyUI-GeometryPack', 'C:\\Users\\stduser\\AppData\\Local\\Programs\\comfy-env\\.pixi\\envs\\geometrypack-nodes\\Lib\\site-packages', 'D:\\a\\comfy-gpu-ci\\comfy-gpu-ci\\test_workspaces\\GeometryPack-1001\\ComfyUI\\custom_nodes\\ComfyUI-GeometryPack']
  [ComfyUI] [ComfyUI-GeometryPack] sys_path sent to worker: ['D:\\a\\comfy-gpu-ci\\comfy-gpu-ci\\test_workspaces\\GeometryPack-1001\\ComfyUI', 'D:\\a\\comfy-gpu-ci\\comfy-gpu-ci\\test_workspaces\\GeometryPack-1001\\ComfyUI\\custom_nodes\\ComfyUI-GeometryPack', 'C:\\Users\\stduser\\AppData\\Local\\Programs\\comfy-env\\.pixi\\envs\\geometrypack-nodes\\Lib\\site-packages', 'D:\\a\\comfy-gpu-ci\\comfy-gpu-ci\\test_workspaces\\GeometryPack-1001\\ComfyUI\\custom_nodes\\ComfyUI-GeometryPack']
  [ComfyUI] [SubprocessWorker] is_pixi=True, python=C:\Users\stduser\AppData\Local\Programs\comfy-env\.pixi\envs\geometrypack-nodes\python.exe
  [ComfyUI] [SubprocessWorker] is_pixi=True, python=C:\Users\stduser\AppData\Local\Programs\comfy-env\.pixi\envs\geometrypack-nodes\python.exe
  [ComfyUI] [SubprocessWorker] is_pixi=True, python=C:\Users\stduser\AppData\Local\Programs\comfy-env\.pixi\envs\geometrypack-nodes\python.exe
  [ComfyUI] [SubprocessWorker] launching cmd=['C:\\Users\\stduser\\.pixi\\bin\\pixi.exe', 'run', '--as-is', '--manifest-path', 'C:\\Users\\stduser\\AppData\\Local\\Programs\\comfy-env\\pixi.toml', '-e', 'geometrypack-nodes', 'python', 'C:\\Users\\stduser\\AppData\\Local\\Temp\\comfyui_pvenv_uk3l6kd4\\persistent_worker.py', 'tcp://127.0.0.1:62588']...
  [ComfyUI] [SubprocessWorker] launching cmd=['C:\\Users\\stduser\\.pixi\\bin\\pixi.exe', 'run', '--as-is', '--manifest-path', 'C:\\Users\\stduser\\AppData\\Local\\Programs\\comfy-env\\pixi.toml', '-e', 'geometrypack-nodes', 'python', 'C:\\Users\\stduser\\AppData\\Local\\Temp\\comfyui_pvenv_uk3l6kd4\\persistent_worker.py', 'tcp://127.0.0.1:62588']...
  [ComfyUI] [SubprocessWorker] launching cmd=['C:\\Users\\stduser\\.pixi\\bin\\pixi.exe', 'run', '--as-is', '--manifest-path', 'C:\\Users\\stduser\\AppData\\Local\\Programs\\comfy-env\\pixi.toml', '-e', 'geometrypack-nodes', 'python', 'C:\\Users\\stduser\\AppData\\Local\\Temp\\comfyui_pvenv_uk3l6kd4\\persistent_worker.py', 'tcp://127.0.0.1:62588']...
  Frame 2 saved (frame_001.jpg, t=2.2s)
  [capture-periodic] freeze=6ms shot=101ms unfreeze=6ms saved=True
  [ComfyUI] [worker:ComfyUI-GeometryPack] ERROR: Failed to import comfy_kitchen, Error: No module named 'comfy_kitchen', fp8 and fp4 support will not be available.
  [ComfyUI] [worker:ComfyUI-GeometryPack] ERROR: Failed to import comfy_kitchen, Error: No module named 'comfy_kitchen', fp8 and fp4 support will not be available.
  [ComfyUI] [worker:ComfyUI-GeometryPack] ERROR: Failed to import comfy_kitchen, Error: No module named 'comfy_kitchen', fp8 and fp4 support will not be available.
  [ComfyUI] [SubprocessWorker] worker started/confirmed
  [ComfyUI] [SubprocessWorker] worker started/confirmed
  [ComfyUI] [SubprocessWorker] worker started/confirmed
  [ComfyUI] [SubprocessWorker] serializing kwargs to shm...
  [ComfyUI] [SubprocessWorker] serializing kwargs to shm...
  [ComfyUI] [SubprocessWorker] serializing kwargs to shm...
  [ComfyUI] [SubprocessWorker] created 0 shm blocks
  [ComfyUI] [SubprocessWorker] created 0 shm blocks
  [ComfyUI] [SubprocessWorker] created 0 shm blocks
  [ComfyUI] [SubprocessWorker] sending request via socket...
  [ComfyUI] [SubprocessWorker] sending request via socket...
  [ComfyUI] [SubprocessWorker] sending request via socket...
  [ComfyUI] [SubprocessWorker] call_id=174 sending call_method
  [ComfyUI] [SubprocessWorker] call_id=174 sending call_method
  [ComfyUI] [SubprocessWorker] call_id=174 sending call_method
  [ComfyUI] [worker:ComfyUI-GeometryPack] INFO: Found mesh in input folder: 3d/Stanford_Bunny.stl
  [ComfyUI] [worker:ComfyUI-GeometryPack] INFO: Found mesh in input folder: 3d/Stanford_Bunny.stl
  [ComfyUI] [worker:ComfyUI-GeometryPack] INFO: Found mesh in input folder: 3d/Stanford_Bunny.stl
  [ComfyUI] [worker:ComfyUI-GeometryPack] INFO: Loading: D:\a\comfy-gpu-ci\comfy-gpu-ci\test_workspaces\GeometryPack-1001\ComfyUI\input\3d/Stanford_Bunny.stl
  [ComfyUI] [worker:ComfyUI-GeometryPack] INFO: Loading: D:\a\comfy-gpu-ci\comfy-gpu-ci\test_workspaces\GeometryPack-1001\ComfyUI\input\3d/Stanford_Bunny.stl
  [ComfyUI] [worker:ComfyUI-GeometryPack] INFO: Loading: D:\a\comfy-gpu-ci\comfy-gpu-ci\test_workspaces\GeometryPack-1001\ComfyUI\input\3d/Stanford_Bunny.stl
  [ComfyUI] [worker:ComfyUI-GeometryPack] INFO: Initial mesh: 56203 vertices, 112402 faces
  [ComfyUI] [worker:ComfyUI-GeometryPack] INFO: Initial mesh: 56203 vertices, 112402 faces
  [ComfyUI] [worker:ComfyUI-GeometryPack] INFO: Initial mesh: 56203 vertices, 112402 faces
  [ComfyUI] [worker:ComfyUI-GeometryPack] INFO: Successfully loaded: 56203 vertices, 112402 faces
  [ComfyUI] [worker:ComfyUI-GeometryPack] INFO: Successfully loaded: 56203 vertices, 112402 faces
  [ComfyUI] [worker:ComfyUI-GeometryPack] INFO: Successfully loaded: 56203 vertices, 112402 faces
  [ComfyUI] [worker:ComfyUI-GeometryPack] INFO: Loaded: 56203 vertices, 112402 faces
  [ComfyUI] [worker:ComfyUI-GeometryPack] INFO: Loaded: 56203 vertices, 112402 faces
  [ComfyUI] [worker:ComfyUI-GeometryPack] INFO: Loaded: 56203 vertices, 112402 faces
  [ComfyUI] [SubprocessWorker] got response: ok
  [ComfyUI] [SubprocessWorker] got response: ok
  [ComfyUI] [SubprocessWorker] got response: ok
  [ComfyUI] [comfy-env] GeomPackLoadMesh done (4.31s): result: NodeOutput
  [ComfyUI] [comfy-env] GeomPackLoadMesh done (4.31s): result: NodeOutput
  [ComfyUI] [comfy-env] GeomPackLoadMesh done (4.31s): result: NodeOutput
  [ComfyUI] [comfy-env] Running GeomPackMeshToPointCloud: mode: 'surface_sampling', sample_count: 10000, sampling_method: 'uniform', include_normals: 'true', trimesh: Trimesh
  [ComfyUI] [comfy-env] Running GeomPackMeshToPointCloud: mode: 'surface_sampling', sample_count: 10000, sampling_method: 'uniform', include_normals: 'true', trimesh: Trimesh
  [ComfyUI] [comfy-env] Running GeomPackMeshToPointCloud: mode: 'surface_sampling', sample_count: 10000, sampling_method: 'uniform', include_normals: 'true', trimesh: Trimesh
  [ComfyUI] [SubprocessWorker] call_method: nodes.conversion.mesh_to_pointcloud.MeshToPointCloudNode.EXECUTE_NORMALIZED
  [ComfyUI] [SubprocessWorker] call_method: nodes.conversion.mesh_to_pointcloud.MeshToPointCloudNode.EXECUTE_NORMALIZED
  [ComfyUI] [SubprocessWorker] call_method: nodes.conversion.mesh_to_pointcloud.MeshToPointCloudNode.EXECUTE_NORMALIZED
  [ComfyUI] [SubprocessWorker] acquired lock, ensuring started...
  [ComfyUI] [SubprocessWorker] acquired lock, ensuring started...
  [ComfyUI] [SubprocessWorker] acquired lock, ensuring started...
  [ComfyUI] [ComfyUI-GeometryPack] Health check: ping (timeout=5.0s)...
  [ComfyUI] [ComfyUI-GeometryPack] Health check: ping (timeout=5.0s)...
  [ComfyUI] [ComfyUI-GeometryPack] Health check: ping (timeout=5.0s)...
  [ComfyUI] [ComfyUI-GeometryPack] Health check: ok
  [ComfyUI] [ComfyUI-GeometryPack] Health check: ok
  [ComfyUI] [ComfyUI-GeometryPack] Health check: ok
  [ComfyUI] [SubprocessWorker] worker started/confirmed
  [ComfyUI] [SubprocessWorker] worker started/confirmed
  [ComfyUI] [SubprocessWorker] worker started/confirmed
  [ComfyUI] [SubprocessWorker] serializing kwargs to shm...
  [ComfyUI] [SubprocessWorker] serializing kwargs to shm...
  [ComfyUI] [SubprocessWorker] serializing kwargs to shm...
  [ComfyUI] [SubprocessWorker] created 1 shm blocks
  [ComfyUI] [SubprocessWorker] created 1 shm blocks
  [ComfyUI] [SubprocessWorker] created 1 shm blocks
  [ComfyUI] [SubprocessWorker] sending request via socket...
  [ComfyUI] [SubprocessWorker] sending request via socket...
  [ComfyUI] [SubprocessWorker] sending request via socket...
  [ComfyUI] [SubprocessWorker] call_id=175 sending call_method
  [ComfyUI] [SubprocessWorker] call_id=175 sending call_method
  [ComfyUI] [SubprocessWorker] call_id=175 sending call_method
  [ComfyUI] [worker:ComfyUI-GeometryPack] INFO: Sampling 10,000 points using uniform method
  [ComfyUI] [worker:ComfyUI-GeometryPack] INFO: Sampling 10,000 points using uniform method
  [ComfyUI] [worker:ComfyUI-GeometryPack] INFO: Sampling 10,000 points using uniform method
  Frame 3 saved (frame_002.jpg, t=4.5s)
  [capture-periodic] freeze=12ms shot=120ms unfreeze=16ms saved=True
  [ComfyUI] [worker:ComfyUI-GeometryPack] INFO: Generated point cloud with 10,000 points
  [ComfyUI] [worker:ComfyUI-GeometryPack] INFO: Generated point cloud with 10,000 points
  [ComfyUI] [worker:ComfyUI-GeometryPack] INFO: Generated point cloud with 10,000 points
  [ComfyUI] [SubprocessWorker] got response: ok
  [ComfyUI] [SubprocessWorker] got response: ok
  [ComfyUI] [SubprocessWorker] got response: ok
  [ComfyUI] [comfy-env] GeomPackMeshToPointCloud done (0.27s): result: NodeOutput
  [ComfyUI] [comfy-env] GeomPackMeshToPointCloud done (0.27s): result: NodeOutput
  [ComfyUI] [comfy-env] GeomPackMeshToPointCloud done (0.27s): result: NodeOutput
  [ComfyUI] [comfy-env] Running GeomPackReconstructSurface: backend: dict, points: Trimesh
  [ComfyUI] [comfy-env] Running GeomPackReconstructSurface: backend: dict, points: Trimesh
  [ComfyUI] [comfy-env] Running GeomPackReconstructSurface: backend: dict, points: Trimesh
  [ComfyUI] [SubprocessWorker] call_method: nodes.reconstruction.reconstruct_surface.ReconstructSurfaceNode.EXECUTE_NORMALIZED
  [ComfyUI] [SubprocessWorker] call_method: nodes.reconstruction.reconstruct_surface.ReconstructSurfaceNode.EXECUTE_NORMALIZED
  [ComfyUI] [SubprocessWorker] call_method: nodes.reconstruction.reconstruct_surface.ReconstructSurfaceNode.EXECUTE_NORMALIZED
  [ComfyUI] [SubprocessWorker] acquired lock, ensuring started...
  [ComfyUI] [SubprocessWorker] acquired lock, ensuring started...
  [ComfyUI] [SubprocessWorker] acquired lock, ensuring started...
  [ComfyUI] [ComfyUI-GeometryPack] Health check: ping (timeout=5.0s)...
  [ComfyUI] [ComfyUI-GeometryPack] Health check: ping (timeout=5.0s)...
  [ComfyUI] [ComfyUI-GeometryPack] Health check: ping (timeout=5.0s)...
  [ComfyUI] [ComfyUI-GeometryPack] Health check: ok
  [ComfyUI] [ComfyUI-GeometryPack] Health check: ok
  [ComfyUI] [ComfyUI-GeometryPack] Health check: ok
  [ComfyUI] [SubprocessWorker] worker started/confirmed
  [ComfyUI] [SubprocessWorker] worker started/confirmed
  [ComfyUI] [SubprocessWorker] worker started/confirmed
  [ComfyUI] [SubprocessWorker] serializing kwargs to shm...
  [ComfyUI] [SubprocessWorker] serializing kwargs to shm...
  [ComfyUI] [SubprocessWorker] serializing kwargs to shm...
  [ComfyUI] [SubprocessWorker] created 1 shm blocks
  [ComfyUI] [SubprocessWorker] created 1 shm blocks
  [ComfyUI] [SubprocessWorker] created 1 shm blocks
  [ComfyUI] [SubprocessWorker] sending request via socket...
  [ComfyUI] [SubprocessWorker] sending request via socket...
  [ComfyUI] [SubprocessWorker] sending request via socket...
  [ComfyUI] [SubprocessWorker] call_id=176 sending call_method
  [ComfyUI] [SubprocessWorker] call_id=176 sending call_method
  [ComfyUI] [SubprocessWorker] call_id=176 sending call_method
  [ComfyUI] [worker:ComfyUI-GeometryPack] INFO: Reconstruct dispatch: poisson -> GeomPackReconstruct_Poisson
  [ComfyUI] [worker:ComfyUI-GeometryPack] INFO: Reconstruct dispatch: poisson -> GeomPackReconstruct_Poisson
  [ComfyUI] [worker:ComfyUI-GeometryPack] INFO: Reconstruct dispatch: poisson -> GeomPackReconstruct_Poisson
  [ComfyUI] [SubprocessWorker] got response: ok
  [ComfyUI] [SubprocessWorker] got response: ok
  [ComfyUI] [SubprocessWorker] got response: ok
  [ComfyUI] [comfy-env] GeomPackReconstructSurface done (0.15s): result: NodeOutput
  [ComfyUI] [comfy-env] GeomPackReconstructSurface done (0.15s): result: NodeOutput
  [ComfyUI] [comfy-env] GeomPackReconstructSurface done (0.15s): result: NodeOutput
  [ComfyUI] [comfy-env] Running GeomPackReconstruct_Poisson: points: Trimesh, poisson_depth: 8, poisson_scale: 1.1, estimate_normals: 'true', normal_radius: 0.1
  [ComfyUI] [comfy-env] Running GeomPackReconstruct_Poisson: points: Trimesh, poisson_depth: 8, poisson_scale: 1.1, estimate_normals: 'true', normal_radius: 0.1
  [ComfyUI] [comfy-env] Running GeomPackReconstruct_Poisson: points: Trimesh, poisson_depth: 8, poisson_scale: 1.1, estimate_normals: 'true', normal_radius: 0.1
  [ComfyUI] [SubprocessWorker] call_method: nodes.reconstruction.backends.poisson.ReconstructPoissonNode.EXECUTE_NORMALIZED
  [ComfyUI] [SubprocessWorker] call_method: nodes.reconstruction.backends.poisson.ReconstructPoissonNode.EXECUTE_NORMALIZED
  [ComfyUI] [SubprocessWorker] call_method: nodes.reconstruction.backends.poisson.ReconstructPoissonNode.EXECUTE_NORMALIZED
  [ComfyUI] [SubprocessWorker] acquired lock, ensuring started...
  [ComfyUI] [SubprocessWorker] acquired lock, ensuring started...
  [ComfyUI] [SubprocessWorker] acquired lock, ensuring started...
  [ComfyUI] [ComfyUI-GeometryPack] Health check: ping (timeout=5.0s)...
  [ComfyUI] [ComfyUI-GeometryPack] Health check: ping (timeout=5.0s)...
  [ComfyUI] [ComfyUI-GeometryPack] Health check: ping (timeout=5.0s)...
  [ComfyUI] [ComfyUI-GeometryPack] Health check: ok
  [ComfyUI] [ComfyUI-GeometryPack] Health check: ok
  [ComfyUI] [ComfyUI-GeometryPack] Health check: ok
  [ComfyUI] [SubprocessWorker] worker started/confirmed
  [ComfyUI] [SubprocessWorker] worker started/confirmed
  [ComfyUI] [SubprocessWorker] worker started/confirmed
  [ComfyUI] [SubprocessWorker] serializing kwargs to shm...
  [ComfyUI] [SubprocessWorker] serializing kwargs to shm...
  [ComfyUI] [SubprocessWorker] serializing kwargs to shm...
  [ComfyUI] [SubprocessWorker] created 1 shm blocks
  [ComfyUI] [SubprocessWorker] created 1 shm blocks
  [ComfyUI] [SubprocessWorker] created 1 shm blocks
  [ComfyUI] [SubprocessWorker] sending request via socket...
  [ComfyUI] [SubprocessWorker] sending request via socket...
  [ComfyUI] [SubprocessWorker] sending request via socket...
  [ComfyUI] [SubprocessWorker] call_id=177 sending call_method
  [ComfyUI] [SubprocessWorker] call_id=177 sending call_method
  [ComfyUI] [SubprocessWorker] call_id=177 sending call_method
  [ComfyUI] [worker:ComfyUI-GeometryPack] INFO: Backend: poisson
  [ComfyUI] [worker:ComfyUI-GeometryPack] INFO: Backend: poisson
  [ComfyUI] [worker:ComfyUI-GeometryPack] INFO: Backend: poisson
  [ComfyUI] [worker:ComfyUI-GeometryPack] INFO: Using normals from input
  [ComfyUI] [worker:ComfyUI-GeometryPack] INFO: Using normals from input
  [ComfyUI] [worker:ComfyUI-GeometryPack] INFO: Using normals from input
  [ComfyUI] [worker:ComfyUI-GeometryPack] INFO: Using PyMeshLab Poisson reconstruction...
  [ComfyUI] [worker:ComfyUI-GeometryPack] INFO: Using PyMeshLab Poisson reconstruction...
  [ComfyUI] [worker:ComfyUI-GeometryPack] INFO: Using PyMeshLab Poisson reconstruction...
  [capture-loop] iter=50 t=6.0s state={'complete': False, 'error': None, 'executedCount': 0, 'wsState': 1} eval_ms=12 ram=5.1/16.0GB (32%) swap=0.6/2.9GB (22%) cpu=45% browser_rss=0.71GB
  Frame 4 saved (frame_003.jpg, t=6.7s)
  [capture-periodic] freeze=5ms shot=126ms unfreeze=6ms saved=True
  [ComfyUI] [SubprocessWorker] got response: ok
  [ComfyUI] [SubprocessWorker] got response: ok
  [ComfyUI] [SubprocessWorker] got response: ok
  [ComfyUI] [comfy-env] GeomPackReconstruct_Poisson done (2.81s): result: NodeOutput
  [ComfyUI] [comfy-env] GeomPackReconstruct_Poisson done (2.81s): result: NodeOutput
  [ComfyUI] [comfy-env] GeomPackReconstruct_Poisson done (2.81s): result: NodeOutput
  [ComfyUI] [comfy-env] Running GeomPackPreviewMeshDual: layout: 'side_by_side', mode: 'fields', opacity_1: 1.0, opacity_2: 1.0, mesh_1: Trimesh, mesh_2: Trimesh
  [ComfyUI] [comfy-env] Running GeomPackPreviewMeshDual: layout: 'side_by_side', mode: 'fields', opacity_1: 1.0, opacity_2: 1.0, mesh_1: Trimesh, mesh_2: Trimesh
  [ComfyUI] [comfy-env] Running GeomPackPreviewMeshDual: layout: 'side_by_side', mode: 'fields', opacity_1: 1.0, opacity_2: 1.0, mesh_1: Trimesh, mesh_2: Trimesh
  [ComfyUI] [SubprocessWorker] call_method: nodes.visualization.preview_mesh_dual.PreviewMeshDualNode.EXECUTE_NORMALIZED
  [ComfyUI] [SubprocessWorker] call_method: nodes.visualization.preview_mesh_dual.PreviewMeshDualNode.EXECUTE_NORMALIZED
  [ComfyUI] [SubprocessWorker] call_method: nodes.visualization.preview_mesh_dual.PreviewMeshDualNode.EXECUTE_NORMALIZED
  [ComfyUI] [SubprocessWorker] acquired lock, ensuring started...
  [ComfyUI] [SubprocessWorker] acquired lock, ensuring started...
  [ComfyUI] [SubprocessWorker] acquired lock, ensuring started...
  [ComfyUI] [ComfyUI-GeometryPack] Health check: ping (timeout=5.0s)...
  [ComfyUI] [ComfyUI-GeometryPack] Health check: ping (timeout=5.0s)...
  [ComfyUI] [ComfyUI-GeometryPack] Health check: ping (timeout=5.0s)...
  [ComfyUI] [ComfyUI-GeometryPack] Health check: ok
  [ComfyUI] [ComfyUI-GeometryPack] Health check: ok
  [ComfyUI] [ComfyUI-GeometryPack] Health check: ok
  [ComfyUI] [SubprocessWorker] worker started/confirmed
  [ComfyUI] [SubprocessWorker] worker started/confirmed
  [ComfyUI] [SubprocessWorker] worker started/confirmed
  [ComfyUI] [SubprocessWorker] serializing kwargs to shm...
  [ComfyUI] [SubprocessWorker] serializing kwargs to shm...
  [ComfyUI] [SubprocessWorker] serializing kwargs to shm...
  [ComfyUI] [SubprocessWorker] created 2 shm blocks
  [ComfyUI] [SubprocessWorker] created 2 shm blocks
  [ComfyUI] [SubprocessWorker] created 2 shm blocks
  [ComfyUI] [SubprocessWorker] sending request via socket...
  [ComfyUI] [SubprocessWorker] sending request via socket...
  [ComfyUI] [SubprocessWorker] sending request via socket...
  [ComfyUI] [SubprocessWorker] call_id=178 sending call_method
  [ComfyUI] [SubprocessWorker] call_id=178 sending call_method
  [ComfyUI] [SubprocessWorker] call_id=178 sending call_method
  Node executed (1 total), capturing...
  [ComfyUI] [worker:ComfyUI-GeometryPack] INFO: Layout: side_by_side, Mode: fields
  [ComfyUI] [worker:ComfyUI-GeometryPack] INFO: Layout: side_by_side, Mode: fields
  [ComfyUI] [worker:ComfyUI-GeometryPack] INFO: Layout: side_by_side, Mode: fields
  [ComfyUI] [worker:ComfyUI-GeometryPack] INFO: Mesh 1: Mesh - 56203 vertices, 112402 faces
  [ComfyUI] [worker:ComfyUI-GeometryPack] INFO: Mesh 1: Mesh - 56203 vertices, 112402 faces
  [ComfyUI] [worker:ComfyUI-GeometryPack] INFO: Mesh 1: Mesh - 56203 vertices, 112402 faces
  [ComfyUI] [worker:ComfyUI-GeometryPack] INFO: Mesh 2: Mesh - 43510 vertices, 87044 faces
  [ComfyUI] [worker:ComfyUI-GeometryPack] INFO: Mesh 2: Mesh - 43510 vertices, 87044 faces
  [ComfyUI] [worker:ComfyUI-GeometryPack] INFO: Mesh 2: Mesh - 43510 vertices, 87044 faces
  [ComfyUI] [worker:ComfyUI-GeometryPack] INFO: Mesh 1 fields: ['face.stl']
  [ComfyUI] [worker:ComfyUI-GeometryPack] INFO: Mesh 1 fields: ['face.stl']
  [ComfyUI] [worker:ComfyUI-GeometryPack] INFO: Mesh 1 fields: ['face.stl']
  [ComfyUI] [worker:ComfyUI-GeometryPack] INFO: Mesh 2 fields: []
  [ComfyUI] [worker:ComfyUI-GeometryPack] INFO: Mesh 2 fields: []
  [ComfyUI] [worker:ComfyUI-GeometryPack] INFO: Mesh 2 fields: []
  [ComfyUI] [worker:ComfyUI-GeometryPack] INFO: Common fields: []
  [ComfyUI] [worker:ComfyUI-GeometryPack] INFO: Common fields: []
  [ComfyUI] [worker:ComfyUI-GeometryPack] INFO: Common fields: []
  Frame 5 saved (frame_004.jpg, t=7.9s)
  [capture-node] freeze=5ms shot=112ms unfreeze=5ms saved=True
  [ComfyUI] [worker:ComfyUI-GeometryPack] INFO: Mesh 1 visual: kind=None, texture=False, vertex_colors=False
  [ComfyUI] [worker:ComfyUI-GeometryPack] INFO: Mesh 1 visual: kind=None, texture=False, vertex_colors=False
  [ComfyUI] [worker:ComfyUI-GeometryPack] INFO: Mesh 1 visual: kind=None, texture=False, vertex_colors=False
  [ComfyUI] [worker:ComfyUI-GeometryPack] INFO: Mesh 2 visual: kind=None, texture=False, vertex_colors=False
  [ComfyUI] [worker:ComfyUI-GeometryPack] INFO: Mesh 2 visual: kind=None, texture=False, vertex_colors=False
  [ComfyUI] [worker:ComfyUI-GeometryPack] INFO: Mesh 2 visual: kind=None, texture=False, vertex_colors=False
  [ComfyUI] [worker:ComfyUI-GeometryPack] INFO: Exporting mesh to VTP: D:\a\comfy-gpu-ci\comfy-gpu-ci\test_workspaces\GeometryPack-1001\ComfyUI\output\preview_dual_1_46fd2119.vtp
  [ComfyUI] [worker:ComfyUI-GeometryPack] INFO: Exporting mesh to VTP: D:\a\comfy-gpu-ci\comfy-gpu-ci\test_workspaces\GeometryPack-1001\ComfyUI\output\preview_dual_1_46fd2119.vtp
  [ComfyUI] [worker:ComfyUI-GeometryPack] INFO: Exporting mesh to VTP: D:\a\comfy-gpu-ci\comfy-gpu-ci\test_workspaces\GeometryPack-1001\ComfyUI\output\preview_dual_1_46fd2119.vtp
  [ComfyUI] [worker:ComfyUI-GeometryPack] INFO: Adding normals field (56203 vertices)
  [ComfyUI] [worker:ComfyUI-GeometryPack] INFO: Adding normals field (56203 vertices)
  [ComfyUI] [worker:ComfyUI-GeometryPack] INFO: Adding normals field (56203 vertices)
  [ComfyUI] [worker:ComfyUI-GeometryPack] INFO: Adding face field: stl
  [ComfyUI] [worker:ComfyUI-GeometryPack] INFO: Adding face field: stl
  [ComfyUI] [worker:ComfyUI-GeometryPack] INFO: Adding face field: stl
  [ComfyUI] [worker:ComfyUI-GeometryPack] INFO: Export complete: 56203 vertices, 112402 faces
  [ComfyUI] [worker:ComfyUI-GeometryPack] INFO: Export complete: 56203 vertices, 112402 faces
  [ComfyUI] [worker:ComfyUI-GeometryPack] INFO: Export complete: 56203 vertices, 112402 faces
  [ComfyUI] [worker:ComfyUI-GeometryPack] INFO: Exported VTP with fields: D:\a\comfy-gpu-ci\comfy-gpu-ci\test_workspaces\GeometryPack-1001\ComfyUI\output\preview_dual_1_46fd2119.vtp
  [ComfyUI] [worker:ComfyUI-GeometryPack] INFO: Exported VTP with fields: D:\a\comfy-gpu-ci\comfy-gpu-ci\test_workspaces\GeometryPack-1001\ComfyUI\output\preview_dual_1_46fd2119.vtp
  [ComfyUI] [worker:ComfyUI-GeometryPack] INFO: Exported VTP with fields: D:\a\comfy-gpu-ci\comfy-gpu-ci\test_workspaces\GeometryPack-1001\ComfyUI\output\preview_dual_1_46fd2119.vtp
  [ComfyUI] [worker:ComfyUI-GeometryPack] INFO: Exported STL: D:\a\comfy-gpu-ci\comfy-gpu-ci\test_workspaces\GeometryPack-1001\ComfyUI\output\preview_dual_2_46fd2119.stl
  [ComfyUI] [worker:ComfyUI-GeometryPack] INFO: Exported STL: D:\a\comfy-gpu-ci\comfy-gpu-ci\test_workspaces\GeometryPack-1001\ComfyUI\output\preview_dual_2_46fd2119.stl
  [ComfyUI] [worker:ComfyUI-GeometryPack] INFO: Exported STL: D:\a\comfy-gpu-ci\comfy-gpu-ci\test_workspaces\GeometryPack-1001\ComfyUI\output\preview_dual_2_46fd2119.stl
  [ComfyUI] [worker:ComfyUI-GeometryPack] INFO: Preview ready
  [ComfyUI] [worker:ComfyUI-GeometryPack] INFO: Preview ready
  [ComfyUI] [worker:ComfyUI-GeometryPack] INFO: Preview ready
  [ComfyUI] [SubprocessWorker] got response: ok
  [ComfyUI] [SubprocessWorker] got response: ok
  [ComfyUI] [SubprocessWorker] got response: ok
  [ComfyUI] [comfy-env] GeomPackPreviewMeshDual done (1.24s): result: NodeOutput
  [ComfyUI] [comfy-env] GeomPackPreviewMeshDual done (1.24s): result: NodeOutput
  [ComfyUI] [comfy-env] GeomPackPreviewMeshDual done (1.24s): result: NodeOutput
  [ComfyUI] Prompt executed in 8.80 seconds
  [ComfyUI] Prompt executed in 8.80 seconds
  [ComfyUI] Prompt executed in 8.80 seconds
  Node executed (2 total), capturing...
  Frame 6 saved (frame_005.jpg, t=9.2s)
  [capture-node] freeze=6ms shot=108ms unfreeze=0ms saved=True
  Execution complete (t=9.2s)
  Captured 6 unique frames over 9.35s
  [debug] iframes: 1
  [debug]   iframe[0]: src=http://127.0.0.1:41889/extensions/ComfyUI-GeometryPack/viewer_dual.html?v=177918, canvas=0x0, rafFrozen=False
  [timing] trigger_3d_previews: 0.0s
  Saved high-quality screenshot: surface_reconstruction_executed.png
  [timing] final_screenshot: 0.2s
    Captured 7 video frames