Capturing execution frames: transform.json
  Frame 1 saved (frame_000.jpg, t=0.0s)
  Validating workflow...
  [ComfyUI] === /validate endpoint called ===
  [ComfyUI] === /validate endpoint called ===
  [ComfyUI] === /validate endpoint called ===
  [ComfyUI] Received JSON with keys: ['prompt']
  [ComfyUI] Received JSON with keys: ['prompt']
  [ComfyUI] Received JSON with keys: ['prompt']
  [ComfyUI] Prompt has 3 nodes
  [ComfyUI] Prompt has 3 nodes
  [ComfyUI] Prompt has 3 nodes
  [ComfyUI]   Node 2: GeomPackTransformMesh
  [ComfyUI]   Node 2: GeomPackTransformMesh
  [ComfyUI]   Node 2: GeomPackTransformMesh
  [ComfyUI]     Inputs: {"operation": "translate", "operation.translate_x": 0.5, "operation.translate_y": 0.5, "operation.translate_z": 2, "report_panel": "false", "trimesh": ["5", 0]}
  [ComfyUI]     Inputs: {"operation": "translate", "operation.translate_x": 0.5, "operation.translate_y": 0.5, "operation.translate_z": 2, "report_panel": "false", "trimesh": ["5", 0]}
  [ComfyUI]     Inputs: {"operation": "translate", "operation.translate_x": 0.5, "operation.translate_y": 0.5, "operation.translate_z": 2, "report_panel": "false", "trimesh": ["5", 0]}
  Queuing workflow for execution...
  [ComfyUI]   Node 5: GeomPackCreatePrimitive
  [ComfyUI]   Node 5: GeomPackCreatePrimitive
  [ComfyUI]   Node 5: GeomPackCreatePrimitive
  [ComfyUI]     Inputs: {"shape": "cube", "size": 1, "subdivisions": 2}
  [ComfyUI]     Inputs: {"shape": "cube", "size": 1, "subdivisions": 2}
  [ComfyUI]     Inputs: {"shape": "cube", "size": 1, "subdivisions": 2}
  [ComfyUI]   Node 6: GeomPackPreviewMeshDual
  [ComfyUI]   Node 6: GeomPackPreviewMeshDual
  [ComfyUI]   Node 6: GeomPackPreviewMeshDual
  [ComfyUI]     Inputs: {"layout": "overlay", "mode": "fields", "opacity_1": 1, "opacity_2": 1, "preview_dual": "{\"show_edges\":true,\"camera_state\":\"\",\"selected_field\":\"\",\"selected_channel\":\"magnitude\",\"selecte
  [ComfyUI]     Inputs: {"layout": "overlay", "mode": "fields", "opacity_1": 1, "opacity_2": 1, "preview_dual": "{\"show_edges\":true,\"camera_state\":\"\",\"selected_field\":\"\",\"selected_channel\":\"magnitude\",\"selecte
  [ComfyUI]     Inputs: {"layout": "overlay", "mode": "fields", "opacity_1": 1, "opacity_2": 1, "preview_dual": "{\"show_edges\":true,\"camera_state\":\"\",\"selected_field\":\"\",\"selected_channel\":\"magnitude\",\"selecte
  [ComfyUI] Generated prompt_id: e5856f67-fe0a-4784-afa8-77b3cda820a9
  [ComfyUI] Generated prompt_id: e5856f67-fe0a-4784-afa8-77b3cda820a9
  [ComfyUI] Generated prompt_id: e5856f67-fe0a-4784-afa8-77b3cda820a9
  [ComfyUI] Calling execution.validate_prompt()...
  [ComfyUI] Calling execution.validate_prompt()...
  [ComfyUI] Calling execution.validate_prompt()...
  [ComfyUI] Validation result: valid=True
  [ComfyUI] Validation result: valid=True
  [ComfyUI] Validation result: valid=True
  [ComfyUI] === Validation PASSED ===
  [ComfyUI] === Validation PASSED ===
  [ComfyUI] === Validation PASSED ===
  [ComfyUI] got prompt
  [ComfyUI] got prompt
  [ComfyUI] got prompt
  [ComfyUI] [comfy-env] Running GeomPackCreatePrimitive: shape: 'cube', size: 1.0, subdivisions: 2
  [ComfyUI] [comfy-env] Running GeomPackCreatePrimitive: shape: 'cube', size: 1.0, subdivisions: 2
  [ComfyUI] [comfy-env] Running GeomPackCreatePrimitive: shape: 'cube', size: 1.0, subdivisions: 2
  [ComfyUI] [SubprocessWorker] call_method: nodes.primitives.create_primitive.CreatePrimitive.EXECUTE_NORMALIZED
  [ComfyUI] [SubprocessWorker] call_method: nodes.primitives.create_primitive.CreatePrimitive.EXECUTE_NORMALIZED
  [ComfyUI] [SubprocessWorker] call_method: nodes.primitives.create_primitive.CreatePrimitive.EXECUTE_NORMALIZED
  [ComfyUI] [SubprocessWorker] acquired lock, ensuring started...
  [ComfyUI] [SubprocessWorker] acquired lock, ensuring started...
  [ComfyUI] [SubprocessWorker] acquired lock, ensuring started...
  [ComfyUI] [ComfyUI-GeometryPack] Health check: ping (timeout=5.0s)...
  [ComfyUI] [ComfyUI-GeometryPack] Health check: ping (timeout=5.0s)...
  [ComfyUI] [ComfyUI-GeometryPack] Health check: ping (timeout=5.0s)...
  [ComfyUI] [ComfyUI-GeometryPack] Health check: failed
  [ComfyUI] [ComfyUI-GeometryPack] Health check: failed
  [ComfyUI] [ComfyUI-GeometryPack] Health check: failed
  [ComfyUI] [ComfyUI-GeometryPack] Socket unhealthy, restarting worker...
  [ComfyUI] [ComfyUI-GeometryPack] Socket unhealthy, restarting worker...
  [ComfyUI] [ComfyUI-GeometryPack] Socket unhealthy, restarting worker...
  [ComfyUI] [comfy-env] geometrypack-nodes: Library/bin has 609 DLLs
  [ComfyUI] [comfy-env] geometrypack-nodes: Library/bin has 609 DLLs
  [ComfyUI] [comfy-env] geometrypack-nodes: Library/bin has 609 DLLs
  [ComfyUI] [ComfyUI-GeometryPack] python: C:\ce\.pixi\envs\geometrypack-nodes\python.exe
  [ComfyUI] [ComfyUI-GeometryPack] python: C:\ce\.pixi\envs\geometrypack-nodes\python.exe
  [ComfyUI] [ComfyUI-GeometryPack] python: C:\ce\.pixi\envs\geometrypack-nodes\python.exe
  [ComfyUI] [ComfyUI-GeometryPack] sys_path sent to worker: ['D:\\a\\comfy-gpu-ci\\comfy-gpu-ci\\test_workspaces\\GeometryPack-0921\\ComfyUI', 'D:\\a\\comfy-gpu-ci\\comfy-gpu-ci\\test_workspaces\\GeometryPack-0921\\ComfyUI\\custom_nodes\\ComfyUI-GeometryPack', 'C:\\ce\\.pixi\\envs\\geometrypack-nodes\\Lib\\site-packages', 'D:\\a\\comfy-gpu-ci\\comfy-gpu-ci\\test_workspaces\\GeometryPack-0921\\ComfyUI\\custom_nodes\\ComfyUI-GeometryPack']
  [ComfyUI] [ComfyUI-GeometryPack] sys_path sent to worker: ['D:\\a\\comfy-gpu-ci\\comfy-gpu-ci\\test_workspaces\\GeometryPack-0921\\ComfyUI', 'D:\\a\\comfy-gpu-ci\\comfy-gpu-ci\\test_workspaces\\GeometryPack-0921\\ComfyUI\\custom_nodes\\ComfyUI-GeometryPack', 'C:\\ce\\.pixi\\envs\\geometrypack-nodes\\Lib\\site-packages', 'D:\\a\\comfy-gpu-ci\\comfy-gpu-ci\\test_workspaces\\GeometryPack-0921\\ComfyUI\\custom_nodes\\ComfyUI-GeometryPack']
  [ComfyUI] [ComfyUI-GeometryPack] sys_path sent to worker: ['D:\\a\\comfy-gpu-ci\\comfy-gpu-ci\\test_workspaces\\GeometryPack-0921\\ComfyUI', 'D:\\a\\comfy-gpu-ci\\comfy-gpu-ci\\test_workspaces\\GeometryPack-0921\\ComfyUI\\custom_nodes\\ComfyUI-GeometryPack', 'C:\\ce\\.pixi\\envs\\geometrypack-nodes\\Lib\\site-packages', 'D:\\a\\comfy-gpu-ci\\comfy-gpu-ci\\test_workspaces\\GeometryPack-0921\\ComfyUI\\custom_nodes\\ComfyUI-GeometryPack']
  [ComfyUI] [SubprocessWorker] is_pixi=True, python=C:\ce\.pixi\envs\geometrypack-nodes\python.exe
  [ComfyUI] [SubprocessWorker] is_pixi=True, python=C:\ce\.pixi\envs\geometrypack-nodes\python.exe
  [ComfyUI] [SubprocessWorker] is_pixi=True, python=C:\ce\.pixi\envs\geometrypack-nodes\python.exe
  [ComfyUI] [SubprocessWorker] launching cmd=['C:\\Users\\runneradmin\\.pixi\\bin\\pixi.exe', 'run', '--as-is', '--manifest-path', 'C:\\ce\\pixi.toml', '-e', 'geometrypack-nodes', 'python', 'C:\\Users\\RUNNER~1\\AppData\\Local\\Temp\\comfyui_pvenv_32wlc2z6\\persistent_worker.py', 'tcp://127.0.0.1:62745']...
  [ComfyUI] [SubprocessWorker] launching cmd=['C:\\Users\\runneradmin\\.pixi\\bin\\pixi.exe', 'run', '--as-is', '--manifest-path', 'C:\\ce\\pixi.toml', '-e', 'geometrypack-nodes', 'python', 'C:\\Users\\RUNNER~1\\AppData\\Local\\Temp\\comfyui_pvenv_32wlc2z6\\persistent_worker.py', 'tcp://127.0.0.1:62745']...
  [ComfyUI] [SubprocessWorker] launching cmd=['C:\\Users\\runneradmin\\.pixi\\bin\\pixi.exe', 'run', '--as-is', '--manifest-path', 'C:\\ce\\pixi.toml', '-e', 'geometrypack-nodes', 'python', 'C:\\Users\\RUNNER~1\\AppData\\Local\\Temp\\comfyui_pvenv_32wlc2z6\\persistent_worker.py', 'tcp://127.0.0.1:62745']...
  Frame 2 saved (frame_001.jpg, t=2.3s)
  [capture-periodic] freeze=6ms shot=113ms unfreeze=4ms saved=True
  [ComfyUI] [worker:ComfyUI-GeometryPack] ERROR: Failed to import comfy_kitchen, Error: No module named 'comfy_kitchen', fp8 and fp4 support will not be available.
  [ComfyUI] [worker:ComfyUI-GeometryPack] ERROR: Failed to import comfy_kitchen, Error: No module named 'comfy_kitchen', fp8 and fp4 support will not be available.
  [ComfyUI] [worker:ComfyUI-GeometryPack] ERROR: Failed to import comfy_kitchen, Error: No module named 'comfy_kitchen', fp8 and fp4 support will not be available.
  Frame 3 saved (frame_002.jpg, t=4.5s)
  [capture-periodic] freeze=3ms shot=94ms unfreeze=5ms saved=True
  [ComfyUI] [SubprocessWorker] worker started/confirmed
  [ComfyUI] [SubprocessWorker] worker started/confirmed
  [ComfyUI] [SubprocessWorker] worker started/confirmed
  [ComfyUI] [SubprocessWorker] serializing kwargs to shm...
  [ComfyUI] [SubprocessWorker] serializing kwargs to shm...
  [ComfyUI] [SubprocessWorker] serializing kwargs to shm...
  [ComfyUI] [SubprocessWorker] created 0 shm blocks
  [ComfyUI] [SubprocessWorker] created 0 shm blocks
  [ComfyUI] [SubprocessWorker] created 0 shm blocks
  [ComfyUI] [SubprocessWorker] sending request via socket...
  [ComfyUI] [SubprocessWorker] sending request via socket...
  [ComfyUI] [SubprocessWorker] sending request via socket...
  [ComfyUI] [SubprocessWorker] call_id=182 sending call_method
  [ComfyUI] [SubprocessWorker] call_id=182 sending call_method
  [ComfyUI] [SubprocessWorker] call_id=182 sending call_method
  [capture-loop] iter=50 t=5.9s state={'complete': False, 'error': None, 'executedCount': 0, 'wsState': 1} eval_ms=6 ram=4.8/16.0GB (30%) swap=0.7/2.9GB (23%) cpu=40% browser_rss=0.58GB
  [ComfyUI] [worker:ComfyUI-GeometryPack] INFO: Created cube: 8 vertices, 12 faces
  [ComfyUI] [worker:ComfyUI-GeometryPack] INFO: Created cube: 8 vertices, 12 faces
  [ComfyUI] [worker:ComfyUI-GeometryPack] INFO: Created cube: 8 vertices, 12 faces
  [ComfyUI] [SubprocessWorker] got response: ok
  [ComfyUI] [SubprocessWorker] got response: ok
  [ComfyUI] [SubprocessWorker] got response: ok
  [ComfyUI] [comfy-env] GeomPackCreatePrimitive done (7.72s): result: NodeOutput
  [ComfyUI] [comfy-env] GeomPackCreatePrimitive done (7.72s): result: NodeOutput
  [ComfyUI] [comfy-env] GeomPackCreatePrimitive done (7.72s): result: NodeOutput
  [ComfyUI] [comfy-env] Running GeomPackTransformMesh: operation: dict, trimesh: Trimesh
  [ComfyUI] [comfy-env] Running GeomPackTransformMesh: operation: dict, trimesh: Trimesh
  [ComfyUI] [comfy-env] Running GeomPackTransformMesh: operation: dict, trimesh: Trimesh
  [ComfyUI] [SubprocessWorker] call_method: nodes.transforms.transform.TransformMeshNode.EXECUTE_NORMALIZED
  [ComfyUI] [SubprocessWorker] call_method: nodes.transforms.transform.TransformMeshNode.EXECUTE_NORMALIZED
  [ComfyUI] [SubprocessWorker] call_method: nodes.transforms.transform.TransformMeshNode.EXECUTE_NORMALIZED
  [ComfyUI] [SubprocessWorker] acquired lock, ensuring started...
  [ComfyUI] [SubprocessWorker] acquired lock, ensuring started...
  [ComfyUI] [SubprocessWorker] acquired lock, ensuring started...
  [ComfyUI] [ComfyUI-GeometryPack] Health check: ping (timeout=5.0s)...
  [ComfyUI] [ComfyUI-GeometryPack] Health check: ping (timeout=5.0s)...
  [ComfyUI] [ComfyUI-GeometryPack] Health check: ping (timeout=5.0s)...
  [ComfyUI] [ComfyUI-GeometryPack] Health check: ok
  [ComfyUI] [ComfyUI-GeometryPack] Health check: ok
  [ComfyUI] [ComfyUI-GeometryPack] Health check: ok
  [ComfyUI] [SubprocessWorker] worker started/confirmed
  [ComfyUI] [SubprocessWorker] worker started/confirmed
  [ComfyUI] [SubprocessWorker] worker started/confirmed
  [ComfyUI] [SubprocessWorker] serializing kwargs to shm...
  [ComfyUI] [SubprocessWorker] serializing kwargs to shm...
  [ComfyUI] [SubprocessWorker] serializing kwargs to shm...
  [ComfyUI] [SubprocessWorker] created 1 shm blocks
  [ComfyUI] [SubprocessWorker] created 1 shm blocks
  [ComfyUI] [SubprocessWorker] created 1 shm blocks
  [ComfyUI] [SubprocessWorker] sending request via socket...
  [ComfyUI] [SubprocessWorker] sending request via socket...
  [ComfyUI] [SubprocessWorker] sending request via socket...
  [ComfyUI] [SubprocessWorker] call_id=183 sending call_method
  [ComfyUI] [SubprocessWorker] call_id=183 sending call_method
  [ComfyUI] [SubprocessWorker] call_id=183 sending call_method
  [ComfyUI] [worker:ComfyUI-GeometryPack] INFO: Input: 8 vertices, 12 faces
  [ComfyUI] [worker:ComfyUI-GeometryPack] INFO: Input: 8 vertices, 12 faces
  [ComfyUI] [worker:ComfyUI-GeometryPack] INFO: Input: 8 vertices, 12 faces
  [ComfyUI] [worker:ComfyUI-GeometryPack] INFO: Operation: translate
  [ComfyUI] [worker:ComfyUI-GeometryPack] INFO: Operation: translate
  [ComfyUI] [worker:ComfyUI-GeometryPack] INFO: Operation: translate
  [ComfyUI] [worker:ComfyUI-GeometryPack] INFO: Complete
  [ComfyUI] [worker:ComfyUI-GeometryPack] INFO: Complete
  [ComfyUI] [worker:ComfyUI-GeometryPack] INFO: Complete
  [ComfyUI] [SubprocessWorker] got response: ok
  [ComfyUI] [SubprocessWorker] got response: ok
  [ComfyUI] [SubprocessWorker] got response: ok
  [ComfyUI] [comfy-env] GeomPackTransformMesh done (0.74s): result: NodeOutput
  [ComfyUI] [comfy-env] GeomPackTransformMesh done (0.74s): result: NodeOutput
  [ComfyUI] [comfy-env] GeomPackTransformMesh done (0.74s): result: NodeOutput
  [ComfyUI] [comfy-env] Running GeomPackPreviewMeshDual: layout: 'overlay', mode: 'fields', opacity_1: 1.0, opacity_2: 1.0, mesh_1: Trimesh, mesh_2: Trimesh
  [ComfyUI] [comfy-env] Running GeomPackPreviewMeshDual: layout: 'overlay', mode: 'fields', opacity_1: 1.0, opacity_2: 1.0, mesh_1: Trimesh, mesh_2: Trimesh
  [ComfyUI] [comfy-env] Running GeomPackPreviewMeshDual: layout: 'overlay', mode: 'fields', opacity_1: 1.0, opacity_2: 1.0, mesh_1: Trimesh, mesh_2: Trimesh
  [ComfyUI] [SubprocessWorker] call_method: nodes.visualization.preview_mesh_dual.PreviewMeshDualNode.EXECUTE_NORMALIZED
  [ComfyUI] [SubprocessWorker] call_method: nodes.visualization.preview_mesh_dual.PreviewMeshDualNode.EXECUTE_NORMALIZED
  [ComfyUI] [SubprocessWorker] call_method: nodes.visualization.preview_mesh_dual.PreviewMeshDualNode.EXECUTE_NORMALIZED
  [ComfyUI] [SubprocessWorker] acquired lock, ensuring started...
  [ComfyUI] [SubprocessWorker] acquired lock, ensuring started...
  [ComfyUI] [SubprocessWorker] acquired lock, ensuring started...
  [ComfyUI] [ComfyUI-GeometryPack] Health check: ping (timeout=5.0s)...
  [ComfyUI] [ComfyUI-GeometryPack] Health check: ping (timeout=5.0s)...
  [ComfyUI] [ComfyUI-GeometryPack] Health check: ping (timeout=5.0s)...
  [ComfyUI] [ComfyUI-GeometryPack] Health check: ok
  [ComfyUI] [ComfyUI-GeometryPack] Health check: ok
  [ComfyUI] [ComfyUI-GeometryPack] Health check: ok
  [ComfyUI] [SubprocessWorker] worker started/confirmed
  [ComfyUI] [SubprocessWorker] worker started/confirmed
  [ComfyUI] [SubprocessWorker] worker started/confirmed
  [ComfyUI] [SubprocessWorker] serializing kwargs to shm...
  [ComfyUI] [SubprocessWorker] serializing kwargs to shm...
  [ComfyUI] [SubprocessWorker] serializing kwargs to shm...
  [ComfyUI] [SubprocessWorker] created 2 shm blocks
  [ComfyUI] [SubprocessWorker] created 2 shm blocks
  [ComfyUI] [SubprocessWorker] created 2 shm blocks
  [ComfyUI] [SubprocessWorker] sending request via socket...
  [ComfyUI] [SubprocessWorker] sending request via socket...
  [ComfyUI] [SubprocessWorker] sending request via socket...
  [ComfyUI] [SubprocessWorker] call_id=184 sending call_method
  [ComfyUI] [SubprocessWorker] call_id=184 sending call_method
  [ComfyUI] [SubprocessWorker] call_id=184 sending call_method
  Node executed (1 total), capturing...
  Frame 4 saved (frame_003.jpg, t=8.9s)
  [capture-node] freeze=5ms shot=88ms unfreeze=6ms saved=True
  [ComfyUI] [worker:ComfyUI-GeometryPack] INFO: Layout: overlay, Mode: fields
  [ComfyUI] [worker:ComfyUI-GeometryPack] INFO: Layout: overlay, Mode: fields
  [ComfyUI] [worker:ComfyUI-GeometryPack] INFO: Layout: overlay, Mode: fields
  [ComfyUI] [worker:ComfyUI-GeometryPack] INFO: Mesh 1: Mesh - 8 vertices, 12 faces
  [ComfyUI] [worker:ComfyUI-GeometryPack] INFO: Mesh 1: Mesh - 8 vertices, 12 faces
  [ComfyUI] [worker:ComfyUI-GeometryPack] INFO: Mesh 1: Mesh - 8 vertices, 12 faces
  [ComfyUI] [worker:ComfyUI-GeometryPack] INFO: Mesh 2: Mesh - 8 vertices, 12 faces
  [ComfyUI] [worker:ComfyUI-GeometryPack] INFO: Mesh 2: Mesh - 8 vertices, 12 faces
  [ComfyUI] [worker:ComfyUI-GeometryPack] INFO: Mesh 2: Mesh - 8 vertices, 12 faces
  [ComfyUI] [worker:ComfyUI-GeometryPack] INFO: Mesh 1 fields: []
  [ComfyUI] [worker:ComfyUI-GeometryPack] INFO: Mesh 1 fields: []
  [ComfyUI] [worker:ComfyUI-GeometryPack] INFO: Mesh 1 fields: []
  [ComfyUI] [worker:ComfyUI-GeometryPack] INFO: Mesh 2 fields: []
  [ComfyUI] [worker:ComfyUI-GeometryPack] INFO: Mesh 2 fields: []
  [ComfyUI] [worker:ComfyUI-GeometryPack] INFO: Mesh 2 fields: []
  [ComfyUI] [worker:ComfyUI-GeometryPack] INFO: Common fields: []
  [ComfyUI] [worker:ComfyUI-GeometryPack] INFO: Common fields: []
  [ComfyUI] [worker:ComfyUI-GeometryPack] INFO: Common fields: []
  [ComfyUI] [worker:ComfyUI-GeometryPack] INFO: Mesh 1 visual: kind=None, texture=False, vertex_colors=False
  [ComfyUI] [worker:ComfyUI-GeometryPack] INFO: Mesh 1 visual: kind=None, texture=False, vertex_colors=False
  [ComfyUI] [worker:ComfyUI-GeometryPack] INFO: Mesh 1 visual: kind=None, texture=False, vertex_colors=False
  [ComfyUI] [worker:ComfyUI-GeometryPack] INFO: Mesh 2 visual: kind=None, texture=False, vertex_colors=False
  [ComfyUI] [worker:ComfyUI-GeometryPack] INFO: Mesh 2 visual: kind=None, texture=False, vertex_colors=False
  [ComfyUI] [worker:ComfyUI-GeometryPack] INFO: Mesh 2 visual: kind=None, texture=False, vertex_colors=False
  [ComfyUI] [worker:ComfyUI-GeometryPack] INFO: Added mesh_id field and red/blue colors for overlay
  [ComfyUI] [worker:ComfyUI-GeometryPack] INFO: Added mesh_id field and red/blue colors for overlay
  [ComfyUI] [worker:ComfyUI-GeometryPack] INFO: Added mesh_id field and red/blue colors for overlay
  [ComfyUI] [worker:ComfyUI-GeometryPack] INFO: Exporting mesh to VTP: D:\a\comfy-gpu-ci\comfy-gpu-ci\test_workspaces\GeometryPack-0921\ComfyUI\output\preview_dual_overlay_85dac907.vtp
  [ComfyUI] [worker:ComfyUI-GeometryPack] INFO: Exporting mesh to VTP: D:\a\comfy-gpu-ci\comfy-gpu-ci\test_workspaces\GeometryPack-0921\ComfyUI\output\preview_dual_overlay_85dac907.vtp
  [ComfyUI] [worker:ComfyUI-GeometryPack] INFO: Exporting mesh to VTP: D:\a\comfy-gpu-ci\comfy-gpu-ci\test_workspaces\GeometryPack-0921\ComfyUI\output\preview_dual_overlay_85dac907.vtp
  [ComfyUI] [worker:ComfyUI-GeometryPack] INFO: Adding normals field (16 vertices)
  [ComfyUI] [worker:ComfyUI-GeometryPack] INFO: Adding normals field (16 vertices)
  [ComfyUI] [worker:ComfyUI-GeometryPack] INFO: Adding normals field (16 vertices)
  [ComfyUI] [worker:ComfyUI-GeometryPack] INFO: Adding scalar field: mesh_id (components: 1)
  [ComfyUI] [worker:ComfyUI-GeometryPack] INFO: Adding scalar field: mesh_id (components: 1)
  [ComfyUI] [worker:ComfyUI-GeometryPack] INFO: Adding scalar field: mesh_id (components: 1)
  [ComfyUI] [worker:ComfyUI-GeometryPack] INFO: Export complete: 16 vertices, 24 faces
  [ComfyUI] [worker:ComfyUI-GeometryPack] INFO: Export complete: 16 vertices, 24 faces
  [ComfyUI] [worker:ComfyUI-GeometryPack] INFO: Export complete: 16 vertices, 24 faces
  [ComfyUI] [worker:ComfyUI-GeometryPack] INFO: Exported combined VTP: D:\a\comfy-gpu-ci\comfy-gpu-ci\test_workspaces\GeometryPack-0921\ComfyUI\output\preview_dual_overlay_85dac907.vtp
  [ComfyUI] [worker:ComfyUI-GeometryPack] INFO: Exported combined VTP: D:\a\comfy-gpu-ci\comfy-gpu-ci\test_workspaces\GeometryPack-0921\ComfyUI\output\preview_dual_overlay_85dac907.vtp
  [ComfyUI] [worker:ComfyUI-GeometryPack] INFO: Exported combined VTP: D:\a\comfy-gpu-ci\comfy-gpu-ci\test_workspaces\GeometryPack-0921\ComfyUI\output\preview_dual_overlay_85dac907.vtp
  [ComfyUI] [worker:ComfyUI-GeometryPack] INFO: Combined Mesh: 16 vertices, 24 faces
  [ComfyUI] [worker:ComfyUI-GeometryPack] INFO: Combined Mesh: 16 vertices, 24 faces
  [ComfyUI] [worker:ComfyUI-GeometryPack] INFO: Combined Mesh: 16 vertices, 24 faces
  [ComfyUI] [worker:ComfyUI-GeometryPack] INFO: Preview ready
  [ComfyUI] [worker:ComfyUI-GeometryPack] INFO: Preview ready
  [ComfyUI] [worker:ComfyUI-GeometryPack] INFO: Preview ready
  [ComfyUI] [SubprocessWorker] got response: ok
  [ComfyUI] [SubprocessWorker] got response: ok
  [ComfyUI] [SubprocessWorker] got response: ok
  [ComfyUI] [comfy-env] GeomPackPreviewMeshDual done (0.99s): result: NodeOutput
  [ComfyUI] [comfy-env] GeomPackPreviewMeshDual done (0.99s): result: NodeOutput
  [ComfyUI] [comfy-env] GeomPackPreviewMeshDual done (0.99s): result: NodeOutput
  [ComfyUI] Prompt executed in 9.46 seconds
  [ComfyUI] Prompt executed in 9.46 seconds
  [ComfyUI] Prompt executed in 9.46 seconds
  Node executed (2 total), capturing...
  Frame 5 saved (frame_004.jpg, t=9.8s)
  [capture-node] freeze=5ms shot=115ms unfreeze=0ms saved=True
  Execution complete (t=9.8s)
  Captured 5 unique frames over 9.94s
  [debug] iframes: 1
  [debug]   iframe[0]: src=http://127.0.0.1:41897/extensions/ComfyUI-GeometryPack/viewer_dual.html?v=177849, canvas=0x0, rafFrozen=True
  [timing] trigger_3d_previews: 0.0s
  Saved high-quality screenshot: transform_executed.png
  [timing] final_screenshot: 0.2s
    Captured 6 video frames