Capturing execution frames: uv_unwrap.json
  Frame 1 saved (frame_000.jpg, t=0.0s)
  Validating workflow...
  Queuing workflow for execution...
  Frame 2 saved (frame_001.jpg, t=2.2s)
  [capture-periodic] freeze=2ms shot=101ms unfreeze=4ms saved=True
  Frame 3 saved (frame_002.jpg, t=4.5s)
  [capture-periodic] freeze=36ms shot=91ms unfreeze=4ms saved=True
  [capture-loop] iter=50 t=5.8s state={'complete': False, 'error': None, 'executedCount': 0, 'wsState': 1} eval_ms=3 ram=5.0/16.0GB (31%) swap=0.8/2.9GB (27%) cpu=28% browser_rss=0.60GB
  Frame 4 saved (frame_003.jpg, t=6.7s)
  [capture-periodic] freeze=3ms shot=89ms unfreeze=3ms saved=True
  Node executed (1 total), capturing...
  Frame 5 saved (frame_004.jpg, t=10.9s)
  [capture-node] freeze=3ms shot=71ms unfreeze=3ms saved=True
  [capture-loop] iter=100 t=11.7s state={'complete': True, 'error': None, 'executedCount': 2, 'wsState': 1} eval_ms=5 ram=5.0/16.0GB (31%) swap=0.8/2.9GB (27%) cpu=67% browser_rss=0.59GB
  Node executed (2 total), capturing...
  Frame 6 saved (frame_005.jpg, t=11.9s)
  [capture-node] freeze=4ms shot=73ms unfreeze=0ms saved=True
  Execution complete (t=11.9s)
  Captured 6 unique frames over 11.97s
  [debug] iframes: 1
  [debug]   iframe[0]: src=http://127.0.0.1:8188/extensions/ComfyUI-GeometryPack/viewer_uv.html?v=177834427, canvas=287x287, rafFrozen=True
  [timing] trigger_3d_previews: 0.0s
  Saved high-quality screenshot: uv_unwrap_executed.png
  [timing] final_screenshot: 0.1s
    Captured 7 video frames