Capturing execution frames: view_texture.json
  Frame 1 saved (frame_000.jpg, t=0.0s)
  Validating workflow...
  [ComfyUI] === /validate endpoint called ===
  [ComfyUI] === /validate endpoint called ===
  [ComfyUI] === /validate endpoint called ===
  [ComfyUI] === /validate endpoint called ===
  [ComfyUI] Received JSON with keys: ['prompt']
  [ComfyUI] Received JSON with keys: ['prompt']
  [ComfyUI] Received JSON with keys: ['prompt']
  [ComfyUI] Received JSON with keys: ['prompt']
  [ComfyUI] Prompt has 2 nodes
  [ComfyUI] Prompt has 2 nodes
  [ComfyUI] Prompt has 2 nodes
  [ComfyUI] Prompt has 2 nodes
  [ComfyUI]   Node 3: GeomPackLoadMesh
  [ComfyUI]   Node 3: GeomPackLoadMesh
  [ComfyUI]   Node 3: GeomPackLoadMesh
  [ComfyUI]   Node 3: GeomPackLoadMesh
  Queuing workflow for execution...
  [ComfyUI]     Inputs: {"file_path": "3d/mount_textured.glb"}
  [ComfyUI]     Inputs: {"file_path": "3d/mount_textured.glb"}
  [ComfyUI]     Inputs: {"file_path": "3d/mount_textured.glb"}
  [ComfyUI]     Inputs: {"file_path": "3d/mount_textured.glb"}
  [ComfyUI]   Node 12: GeomPackPreviewMeshVTK
  [ComfyUI]   Node 12: GeomPackPreviewMeshVTK
  [ComfyUI]   Node 12: GeomPackPreviewMeshVTK
  [ComfyUI]   Node 12: GeomPackPreviewMeshVTK
  [ComfyUI]     Inputs: {"mode": "texture", "preview_vtk": "{\"show_edges\":false,\"camera_state\":\"\",\"selected_field\":\"\",\"selected_channel\":\"magnitude\",\"selected_colormap\":\"erdc_rainbow_bright\"}", "trimesh": [
  [ComfyUI]     Inputs: {"mode": "texture", "preview_vtk": "{\"show_edges\":false,\"camera_state\":\"\",\"selected_field\":\"\",\"selected_channel\":\"magnitude\",\"selected_colormap\":\"erdc_rainbow_bright\"}", "trimesh": [
  [ComfyUI]     Inputs: {"mode": "texture", "preview_vtk": "{\"show_edges\":false,\"camera_state\":\"\",\"selected_field\":\"\",\"selected_channel\":\"magnitude\",\"selected_colormap\":\"erdc_rainbow_bright\"}", "trimesh": [
  [ComfyUI]     Inputs: {"mode": "texture", "preview_vtk": "{\"show_edges\":false,\"camera_state\":\"\",\"selected_field\":\"\",\"selected_channel\":\"magnitude\",\"selected_colormap\":\"erdc_rainbow_bright\"}", "trimesh": [
  [ComfyUI] Generated prompt_id: 370a12e0-8289-4ee7-b2a4-ca09a77d8469
  [ComfyUI] Generated prompt_id: 370a12e0-8289-4ee7-b2a4-ca09a77d8469
  [ComfyUI] Generated prompt_id: 370a12e0-8289-4ee7-b2a4-ca09a77d8469
  [ComfyUI] Generated prompt_id: 370a12e0-8289-4ee7-b2a4-ca09a77d8469
  [ComfyUI] Calling execution.validate_prompt()...
  [ComfyUI] Calling execution.validate_prompt()...
  [ComfyUI] Calling execution.validate_prompt()...
  [ComfyUI] Calling execution.validate_prompt()...
  [ComfyUI] Validation result: valid=True
  [ComfyUI] Validation result: valid=True
  [ComfyUI] Validation result: valid=True
  [ComfyUI] Validation result: valid=True
  [ComfyUI] === Validation PASSED ===
  [ComfyUI] === Validation PASSED ===
  [ComfyUI] === Validation PASSED ===
  [ComfyUI] === Validation PASSED ===
  [ComfyUI] got prompt
  [ComfyUI] got prompt
  [ComfyUI] got prompt
  [ComfyUI] got prompt
  [ComfyUI] [comfy-env] Running GeomPackLoadMesh: file_path: '3d/mount_textured.glb'
  [ComfyUI] [comfy-env] Running GeomPackLoadMesh: file_path: '3d/mount_textured.glb'
  [ComfyUI] [comfy-env] Running GeomPackLoadMesh: file_path: '3d/mount_textured.glb'
  [ComfyUI] [comfy-env] Running GeomPackLoadMesh: file_path: '3d/mount_textured.glb'
  [ComfyUI] [SubprocessWorker] call_method: nodes.io.load_mesh.LoadMesh.EXECUTE_NORMALIZED
  [ComfyUI] [SubprocessWorker] call_method: nodes.io.load_mesh.LoadMesh.EXECUTE_NORMALIZED
  [ComfyUI] [SubprocessWorker] call_method: nodes.io.load_mesh.LoadMesh.EXECUTE_NORMALIZED
  [ComfyUI] [SubprocessWorker] call_method: nodes.io.load_mesh.LoadMesh.EXECUTE_NORMALIZED
  [ComfyUI] [SubprocessWorker] acquired lock, ensuring started...
  [ComfyUI] [SubprocessWorker] acquired lock, ensuring started...
  [ComfyUI] [SubprocessWorker] acquired lock, ensuring started...
  [ComfyUI] [SubprocessWorker] acquired lock, ensuring started...
  [ComfyUI] [ComfyUI-GeometryPack] Health check: ping (timeout=5.0s)...
  [ComfyUI] [ComfyUI-GeometryPack] Health check: ping (timeout=5.0s)...
  [ComfyUI] [ComfyUI-GeometryPack] Health check: ping (timeout=5.0s)...
  [ComfyUI] [ComfyUI-GeometryPack] Health check: ping (timeout=5.0s)...
  [ComfyUI] [ComfyUI-GeometryPack] Health check: ok
  [ComfyUI] [ComfyUI-GeometryPack] Health check: ok
  [ComfyUI] [ComfyUI-GeometryPack] Health check: ok
  [ComfyUI] [ComfyUI-GeometryPack] Health check: ok
  [ComfyUI] [SubprocessWorker] worker started/confirmed
  [ComfyUI] [SubprocessWorker] worker started/confirmed
  [ComfyUI] [SubprocessWorker] worker started/confirmed
  [ComfyUI] [SubprocessWorker] worker started/confirmed
  [ComfyUI] [SubprocessWorker] serializing kwargs to shm...
  [ComfyUI] [SubprocessWorker] serializing kwargs to shm...
  [ComfyUI] [SubprocessWorker] serializing kwargs to shm...
  [ComfyUI] [SubprocessWorker] serializing kwargs to shm...
  [ComfyUI] [SubprocessWorker] created 0 shm blocks
  [ComfyUI] [SubprocessWorker] created 0 shm blocks
  [ComfyUI] [SubprocessWorker] created 0 shm blocks
  [ComfyUI] [SubprocessWorker] created 0 shm blocks
  [ComfyUI] [SubprocessWorker] sending request via socket...
  [ComfyUI] [SubprocessWorker] sending request via socket...
  [ComfyUI] [SubprocessWorker] sending request via socket...
  [ComfyUI] [SubprocessWorker] sending request via socket...
  [ComfyUI] [SubprocessWorker] call_id=189 sending call_method
  [ComfyUI] [SubprocessWorker] call_id=189 sending call_method
  [ComfyUI] [SubprocessWorker] call_id=189 sending call_method
  [ComfyUI] [SubprocessWorker] call_id=189 sending call_method
  [ComfyUI] [worker:ComfyUI-GeometryPack] INFO: Found mesh in input folder: 3d/mount_textured.glb
  [ComfyUI] [worker:ComfyUI-GeometryPack] INFO: Found mesh in input folder: 3d/mount_textured.glb
  [ComfyUI] [worker:ComfyUI-GeometryPack] INFO: Found mesh in input folder: 3d/mount_textured.glb
  [ComfyUI] [worker:ComfyUI-GeometryPack] INFO: Found mesh in input folder: 3d/mount_textured.glb
  [ComfyUI] [worker:ComfyUI-GeometryPack] INFO: Loading: D:\a\comfy-gpu-ci\comfy-gpu-ci\test_workspaces\GeometryPack-1001\ComfyUI\input\3d/mount_textured.glb
  [ComfyUI] [worker:ComfyUI-GeometryPack] INFO: Loading: D:\a\comfy-gpu-ci\comfy-gpu-ci\test_workspaces\GeometryPack-1001\ComfyUI\input\3d/mount_textured.glb
  [ComfyUI] [worker:ComfyUI-GeometryPack] INFO: Loading: D:\a\comfy-gpu-ci\comfy-gpu-ci\test_workspaces\GeometryPack-1001\ComfyUI\input\3d/mount_textured.glb
  [ComfyUI] [worker:ComfyUI-GeometryPack] INFO: Loading: D:\a\comfy-gpu-ci\comfy-gpu-ci\test_workspaces\GeometryPack-1001\ComfyUI\input\3d/mount_textured.glb
  [ComfyUI] [worker:ComfyUI-GeometryPack] INFO: Converting Scene to single mesh (scene has 2 geometries)
  [ComfyUI] [worker:ComfyUI-GeometryPack] INFO: Converting Scene to single mesh (scene has 2 geometries)
  [ComfyUI] [worker:ComfyUI-GeometryPack] INFO: Converting Scene to single mesh (scene has 2 geometries)
  [ComfyUI] [worker:ComfyUI-GeometryPack] INFO: Converting Scene to single mesh (scene has 2 geometries)
  [ComfyUI] [worker:ComfyUI-GeometryPack] INFO: Initial mesh: 3604 vertices, 6964 faces
  [ComfyUI] [worker:ComfyUI-GeometryPack] INFO: Initial mesh: 3604 vertices, 6964 faces
  [ComfyUI] [worker:ComfyUI-GeometryPack] INFO: Initial mesh: 3604 vertices, 6964 faces
  [ComfyUI] [worker:ComfyUI-GeometryPack] INFO: Initial mesh: 3604 vertices, 6964 faces
  [ComfyUI] [worker:ComfyUI-GeometryPack] INFO: Successfully loaded: 3604 vertices, 6964 faces
  [ComfyUI] [worker:ComfyUI-GeometryPack] INFO: Successfully loaded: 3604 vertices, 6964 faces
  [ComfyUI] [worker:ComfyUI-GeometryPack] INFO: Successfully loaded: 3604 vertices, 6964 faces
  [ComfyUI] [worker:ComfyUI-GeometryPack] INFO: Successfully loaded: 3604 vertices, 6964 faces
  [ComfyUI] [worker:ComfyUI-GeometryPack] INFO: Loaded: 3604 vertices, 6964 faces
  [ComfyUI] [worker:ComfyUI-GeometryPack] INFO: Loaded: 3604 vertices, 6964 faces
  [ComfyUI] [worker:ComfyUI-GeometryPack] INFO: Loaded: 3604 vertices, 6964 faces
  [ComfyUI] [worker:ComfyUI-GeometryPack] INFO: Loaded: 3604 vertices, 6964 faces
  [ComfyUI] [worker:ComfyUI-GeometryPack]
  [ComfyUI] [worker:ComfyUI-GeometryPack]
  [ComfyUI] [worker:ComfyUI-GeometryPack]
  [ComfyUI] [worker:ComfyUI-GeometryPack]
  [ComfyUI] === WATCHDOG TICK 1 ===
  [ComfyUI] === WATCHDOG TICK 1 ===
  [ComfyUI] === WATCHDOG TICK 1 ===
  [ComfyUI] === WATCHDOG TICK 1 ===
  [ComfyUI] [worker:ComfyUI-GeometryPack] Current thread 0x000013b4 (most recent call first):
  [ComfyUI] [worker:ComfyUI-GeometryPack] Current thread 0x000013b4 (most recent call first):
  [ComfyUI] [worker:ComfyUI-GeometryPack] Current thread 0x000013b4 (most recent call first):
  [ComfyUI] [worker:ComfyUI-GeometryPack] Current thread 0x000013b4 (most recent call first):
  [ComfyUI]   File "C:\Users\stduser\AppData\Local\Temp\comfyui_pvenv_uk3l6kd4\persistent_worker.py", line 52 in _watchdog
  [ComfyUI]   File "C:\Users\stduser\AppData\Local\Temp\comfyui_pvenv_uk3l6kd4\persistent_worker.py", line 52 in _watchdog
  [ComfyUI]   File "C:\Users\stduser\AppData\Local\Temp\comfyui_pvenv_uk3l6kd4\persistent_worker.py", line 52 in _watchdog
  [ComfyUI]   File "C:\Users\stduser\AppData\Local\Temp\comfyui_pvenv_uk3l6kd4\persistent_worker.py", line 52 in _watchdog
  [ComfyUI]   File "C:\Users\stduser\AppData\Local\Programs\comfy-env\.pixi\envs\geometrypack-nodes\Lib\threading.py", line 1012 in run
  [ComfyUI]   File "C:\Users\stduser\AppData\Local\Programs\comfy-env\.pixi\envs\geometrypack-nodes\Lib\threading.py", line 1012 in run
  [ComfyUI]   File "C:\Users\stduser\AppData\Local\Programs\comfy-env\.pixi\envs\geometrypack-nodes\Lib\threading.py", line 1012 in run
  [ComfyUI]   File "C:\Users\stduser\AppData\Local\Programs\comfy-env\.pixi\envs\geometrypack-nodes\Lib\threading.py", line 1012 in run
  [ComfyUI]   File "C:\Users\stduser\AppData\Local\Programs\comfy-env\.pixi\envs\geometrypack-nodes\Lib\threading.py", line 1075 in _bootstrap_inner
  [ComfyUI]   File "C:\Users\stduser\AppData\Local\Programs\comfy-env\.pixi\envs\geometrypack-nodes\Lib\threading.py", line 1075 in _bootstrap_inner
  [ComfyUI]   File "C:\Users\stduser\AppData\Local\Programs\comfy-env\.pixi\envs\geometrypack-nodes\Lib\threading.py", line 1075 in _bootstrap_inner
  [ComfyUI]   File "C:\Users\stduser\AppData\Local\Programs\comfy-env\.pixi\envs\geometrypack-nodes\Lib\threading.py", line 1075 in _bootstrap_inner
  [ComfyUI]   File "C:\Users\stduser\AppData\Local\Programs\comfy-env\.pixi\envs\geometrypack-nodes\Lib\threading.py", line 1032 in _bootstrap
  [ComfyUI]   File "C:\Users\stduser\AppData\Local\Programs\comfy-env\.pixi\envs\geometrypack-nodes\Lib\threading.py", line 1032 in _bootstrap
  [ComfyUI]   File "C:\Users\stduser\AppData\Local\Programs\comfy-env\.pixi\envs\geometrypack-nodes\Lib\threading.py", line 1032 in _bootstrap
  [ComfyUI]   File "C:\Users\stduser\AppData\Local\Programs\comfy-env\.pixi\envs\geometrypack-nodes\Lib\threading.py", line 1032 in _bootstrap
  [ComfyUI] 
  [ComfyUI] 
  [ComfyUI] 
  [ComfyUI] 
  [ComfyUI] Thread 0x000018b0 (most recent call first):
  [ComfyUI] Thread 0x000018b0 (most recent call first):
  [ComfyUI] Thread 0x000018b0 (most recent call first):
  [ComfyUI] Thread 0x000018b0 (most recent call first):
  [ComfyUI]   File "C:\Users\stduser\AppData\Local\Programs\comfy-env\.pixi\envs\geometrypack-nodes\Lib\site-packages\PIL\Image.py", line 1366 in copy
  [ComfyUI]   File "C:\Users\stduser\AppData\Local\Programs\comfy-env\.pixi\envs\geometrypack-nodes\Lib\site-packages\PIL\Image.py", line 1366 in copy
  [ComfyUI]   File "C:\Users\stduser\AppData\Local\Programs\comfy-env\.pixi\envs\geometrypack-nodes\Lib\site-packages\PIL\Image.py", line 1366 in copy
  [ComfyUI]   File "C:\Users\stduser\AppData\Local\Programs\comfy-env\.pixi\envs\geometrypack-nodes\Lib\site-packages\PIL\Image.py", line 1366 in copy
  [ComfyUI]   File "C:\Users\stduser\AppData\Local\Programs\comfy-env\.pixi\envs\geometrypack-nodes\Lib\site-packages\trimesh\visual\material.py", line 650 in copy
  [ComfyUI]   File "C:\Users\stduser\AppData\Local\Programs\comfy-env\.pixi\envs\geometrypack-nodes\Lib\site-packages\trimesh\visual\material.py", line 650 in copy
  [ComfyUI]   File "C:\Users\stduser\AppData\Local\Programs\comfy-env\.pixi\envs\geometrypack-nodes\Lib\site-packages\trimesh\visual\material.py", line 650 in copy
  [ComfyUI]   File "C:\Users\stduser\AppData\Local\Programs\comfy-env\.pixi\envs\geometrypack-nodes\Lib\site-packages\trimesh\visual\material.py", line 650 in copy
  [ComfyUI]   File "C:\Users\stduser\AppData\Local\Programs\comfy-env\.pixi\envs\geometrypack-nodes\Lib\site-packages\trimesh\visual\texture.py", line 135 in copy
  [ComfyUI]   File "C:\Users\stduser\AppData\Local\Programs\comfy-env\.pixi\envs\geometrypack-nodes\Lib\site-packages\trimesh\visual\texture.py", line 135 in copy
  [ComfyUI]   File "C:\Users\stduser\AppData\Local\Programs\comfy-env\.pixi\envs\geometrypack-nodes\Lib\site-packages\trimesh\visual\texture.py", line 135 in copy
  [ComfyUI]   File "C:\Users\stduser\AppData\Local\Programs\comfy-env\.pixi\envs\geometrypack-nodes\Lib\site-packages\trimesh\visual\texture.py", line 135 in copy
  [ComfyUI]   File "C:\Users\stduser\AppData\Local\Programs\comfy-env\.pixi\envs\geometrypack-nodes\Lib\site-packages\trimesh\base.py", line 3274 in copy
  [ComfyUI]   File "C:\Users\stduser\AppData\Local\Programs\comfy-env\.pixi\envs\geometrypack-nodes\Lib\site-packages\trimesh\base.py", line 3274 in copy
  [ComfyUI]   File "C:\Users\stduser\AppData\Local\Programs\comfy-env\.pixi\envs\geometrypack-nodes\Lib\site-packages\trimesh\base.py", line 3274 in copy
  [ComfyUI]   File "C:\Users\stduser\AppData\Local\Programs\comfy-env\.pixi\envs\geometrypack-nodes\Lib\site-packages\trimesh\base.py", line 3274 in copy
  [ComfyUI]   File "C:\Users\stduser\AppData\Local\Temp\comfyui_pvenv_uk3l6kd4\persistent_worker.py", line 545 in _prepare_trimesh_for_pickle
  [ComfyUI]   File "C:\Users\stduser\AppData\Local\Temp\comfyui_pvenv_uk3l6kd4\persistent_worker.py", line 545 in _prepare_trimesh_for_pickle
  [ComfyUI]   File "C:\Users\stduser\AppData\Local\Temp\comfyui_pvenv_uk3l6kd4\persistent_worker.py", line 545 in _prepare_trimesh_for_pickle
  [ComfyUI]   File "C:\Users\stduser\AppData\Local\Temp\comfyui_pvenv_uk3l6kd4\persistent_worker.py", line 545 in _prepare_trimesh_for_pickle
  [ComfyUI]   File "C:\Users\stduser\AppData\Local\Temp\comfyui_pvenv_uk3l6kd4\persistent_worker.py", line 659 in _to_shm
  [ComfyUI]   File "C:\Users\stduser\AppData\Local\Temp\comfyui_pvenv_uk3l6kd4\persistent_worker.py", line 659 in _to_shm
  [ComfyUI]   File "C:\Users\stduser\AppData\Local\Temp\comfyui_pvenv_uk3l6kd4\persistent_worker.py", line 659 in _to_shm
  [ComfyUI]   File "C:\Users\stduser\AppData\Local\Temp\comfyui_pvenv_uk3l6kd4\persistent_worker.py", line 659 in _to_shm
  [ComfyUI]   File "C:\Users\stduser\AppData\Local\Temp\comfyui_pvenv_uk3l6kd4\persistent_worker.py", line 705 in _to_shm
  [ComfyUI]   File "C:\Users\stduser\AppData\Local\Temp\comfyui_pvenv_uk3l6kd4\persistent_worker.py", line 705 in _to_shm
  [ComfyUI]   File "C:\Users\stduser\AppData\Local\Temp\comfyui_pvenv_uk3l6kd4\persistent_worker.py", line 705 in _to_shm
  [ComfyUI]   File "C:\Users\stduser\AppData\Local\Temp\comfyui_pvenv_uk3l6kd4\persistent_worker.py", line 705 in _to_shm
  [ComfyUI]   File "C:\Users\stduser\AppData\Local\Temp\comfyui_pvenv_uk3l6kd4\persistent_worker.py", line 692 in _to_shm
  [ComfyUI]   File "C:\Users\stduser\AppData\Local\Temp\comfyui_pvenv_uk3l6kd4\persistent_worker.py", line 692 in _to_shm
  [ComfyUI]   File "C:\Users\stduser\AppData\Local\Temp\comfyui_pvenv_uk3l6kd4\persistent_worker.py", line 692 in _to_shm
  [ComfyUI]   File "C:\Users\stduser\AppData\Local\Temp\comfyui_pvenv_uk3l6kd4\persistent_worker.py", line 692 in _to_shm
  [ComfyUI]   File "C:\Users\stduser\AppData\Local\Temp\comfyui_pvenv_uk3l6kd4\persistent_worker.py", line 1772 in main
  [ComfyUI]   File "C:\Users\stduser\AppData\Local\Temp\comfyui_pvenv_uk3l6kd4\persistent_worker.py", line 1772 in main
  [ComfyUI]   File "C:\Users\stduser\AppData\Local\Temp\comfyui_pvenv_uk3l6kd4\persistent_worker.py", line 1772 in main
  [ComfyUI]   File "C:\Users\stduser\AppData\Local\Temp\comfyui_pvenv_uk3l6kd4\persistent_worker.py", line 1772 in main
  [ComfyUI]   File "C:\Users\stduser\AppData\Local\Temp\comfyui_pvenv_uk3l6kd4\persistent_worker.py", line 1807 in <module>
  [ComfyUI]   File "C:\Users\stduser\AppData\Local\Temp\comfyui_pvenv_uk3l6kd4\persistent_worker.py", line 1807 in <module>
  [ComfyUI]   File "C:\Users\stduser\AppData\Local\Temp\comfyui_pvenv_uk3l6kd4\persistent_worker.py", line 1807 in <module>
  [ComfyUI]   File "C:\Users\stduser\AppData\Local\Temp\comfyui_pvenv_uk3l6kd4\persistent_worker.py", line 1807 in <module>
  [ComfyUI] 
  [ComfyUI] 
  [ComfyUI] 
  [ComfyUI] 
  [ComfyUI] [worker:ComfyUI-GeometryPack] === END ===
  [ComfyUI] [worker:ComfyUI-GeometryPack] === END ===
  [ComfyUI] [worker:ComfyUI-GeometryPack] === END ===
  [ComfyUI] [worker:ComfyUI-GeometryPack] === END ===
  [ComfyUI] 
  [ComfyUI] 
  [ComfyUI] 
  [ComfyUI] 
  [ComfyUI] [SubprocessWorker] got response: ok
  [ComfyUI] [SubprocessWorker] got response: ok
  [ComfyUI] [SubprocessWorker] got response: ok
  [ComfyUI] [SubprocessWorker] got response: ok
  [ComfyUI] [comfy-env] GeomPackLoadMesh done (0.42s): result: NodeOutput
  [ComfyUI] [comfy-env] GeomPackLoadMesh done (0.42s): result: NodeOutput
  [ComfyUI] [comfy-env] GeomPackLoadMesh done (0.42s): result: NodeOutput
  [ComfyUI] [comfy-env] GeomPackLoadMesh done (0.42s): result: NodeOutput
  [ComfyUI] [comfy-env] Running GeomPackPreviewMeshVTK: mode: 'texture', trimesh: Trimesh
  [ComfyUI] [comfy-env] Running GeomPackPreviewMeshVTK: mode: 'texture', trimesh: Trimesh
  [ComfyUI] [comfy-env] Running GeomPackPreviewMeshVTK: mode: 'texture', trimesh: Trimesh
  [ComfyUI] [comfy-env] Running GeomPackPreviewMeshVTK: mode: 'texture', trimesh: Trimesh
  [ComfyUI] [SubprocessWorker] call_method: nodes.visualization.preview_mesh_vtk.PreviewMeshVTKNode.EXECUTE_NORMALIZED
  [ComfyUI] [SubprocessWorker] call_method: nodes.visualization.preview_mesh_vtk.PreviewMeshVTKNode.EXECUTE_NORMALIZED
  [ComfyUI] [SubprocessWorker] call_method: nodes.visualization.preview_mesh_vtk.PreviewMeshVTKNode.EXECUTE_NORMALIZED
  [ComfyUI] [SubprocessWorker] call_method: nodes.visualization.preview_mesh_vtk.PreviewMeshVTKNode.EXECUTE_NORMALIZED
  [ComfyUI] [SubprocessWorker] acquired lock, ensuring started...
  [ComfyUI] [SubprocessWorker] acquired lock, ensuring started...
  [ComfyUI] [SubprocessWorker] acquired lock, ensuring started...
  [ComfyUI] [SubprocessWorker] acquired lock, ensuring started...
  [ComfyUI] [ComfyUI-GeometryPack] Health check: ping (timeout=5.0s)...
  [ComfyUI] [ComfyUI-GeometryPack] Health check: ping (timeout=5.0s)...
  [ComfyUI] [ComfyUI-GeometryPack] Health check: ping (timeout=5.0s)...
  [ComfyUI] [ComfyUI-GeometryPack] Health check: ping (timeout=5.0s)...
  [ComfyUI] [ComfyUI-GeometryPack] Health check: ok
  [ComfyUI] [ComfyUI-GeometryPack] Health check: ok
  [ComfyUI] [ComfyUI-GeometryPack] Health check: ok
  [ComfyUI] [ComfyUI-GeometryPack] Health check: ok
  [ComfyUI] [SubprocessWorker] worker started/confirmed
  [ComfyUI] [SubprocessWorker] worker started/confirmed
  [ComfyUI] [SubprocessWorker] worker started/confirmed
  [ComfyUI] [SubprocessWorker] worker started/confirmed
  [ComfyUI] [SubprocessWorker] serializing kwargs to shm...
  [ComfyUI] [SubprocessWorker] serializing kwargs to shm...
  [ComfyUI] [SubprocessWorker] serializing kwargs to shm...
  [ComfyUI] [SubprocessWorker] serializing kwargs to shm...
  [ComfyUI] [SubprocessWorker] created 1 shm blocks
  [ComfyUI] [SubprocessWorker] created 1 shm blocks
  [ComfyUI] [SubprocessWorker] created 1 shm blocks
  [ComfyUI] [SubprocessWorker] created 1 shm blocks
  [ComfyUI] [SubprocessWorker] sending request via socket...
  [ComfyUI] [SubprocessWorker] sending request via socket...
  [ComfyUI] [SubprocessWorker] sending request via socket...
  [ComfyUI] [SubprocessWorker] sending request via socket...
  [ComfyUI] [SubprocessWorker] call_id=190 sending call_method
  [ComfyUI] [SubprocessWorker] call_id=190 sending call_method
  [ComfyUI] [SubprocessWorker] call_id=190 sending call_method
  [ComfyUI] [SubprocessWorker] call_id=190 sending call_method
  [ComfyUI] [worker:ComfyUI-GeometryPack] INFO: Preparing preview: Mesh - 3604 vertices, 6964 faces
  [ComfyUI] [worker:ComfyUI-GeometryPack] INFO: Preparing preview: Mesh - 3604 vertices, 6964 faces
  [ComfyUI] [worker:ComfyUI-GeometryPack] INFO: Preparing preview: Mesh - 3604 vertices, 6964 faces
  [ComfyUI] [worker:ComfyUI-GeometryPack] INFO: Preparing preview: Mesh - 3604 vertices, 6964 faces
  [ComfyUI] [worker:ComfyUI-GeometryPack] INFO: Mode: texture
  [ComfyUI] [worker:ComfyUI-GeometryPack] INFO: Mode: texture
  [ComfyUI] [worker:ComfyUI-GeometryPack] INFO: Mode: texture
  [ComfyUI] [worker:ComfyUI-GeometryPack] INFO: Mode: texture
  [ComfyUI] [worker:ComfyUI-GeometryPack] INFO: Visual data - has_visual: True, kind: texture, texture: True, vertex_colors: False
  [ComfyUI] [worker:ComfyUI-GeometryPack] INFO: Visual data - has_visual: True, kind: texture, texture: True, vertex_colors: False
  [ComfyUI] [worker:ComfyUI-GeometryPack] INFO: Visual data - has_visual: True, kind: texture, texture: True, vertex_colors: False
  [ComfyUI] [worker:ComfyUI-GeometryPack] INFO: Visual data - has_visual: True, kind: texture, texture: True, vertex_colors: False
  [ComfyUI] [worker:ComfyUI-GeometryPack] INFO: Using texture mode - GLB export
  [ComfyUI] [worker:ComfyUI-GeometryPack] INFO: Using texture mode - GLB export
  [ComfyUI] [worker:ComfyUI-GeometryPack] INFO: Using texture mode - GLB export
  [ComfyUI] [worker:ComfyUI-GeometryPack] INFO: Using texture mode - GLB export
  [ComfyUI] [worker:ComfyUI-GeometryPack] INFO: Set alphaMode to OPAQUE for texture mode
  [ComfyUI] [worker:ComfyUI-GeometryPack] INFO: Set alphaMode to OPAQUE for texture mode
  [ComfyUI] [worker:ComfyUI-GeometryPack] INFO: Set alphaMode to OPAQUE for texture mode
  [ComfyUI] [worker:ComfyUI-GeometryPack] INFO: Set alphaMode to OPAQUE for texture mode
  [ComfyUI] [worker:ComfyUI-GeometryPack] INFO: Exported GLB to: D:\a\comfy-gpu-ci\comfy-gpu-ci\test_workspaces\GeometryPack-1001\ComfyUI\output\preview_vtk_ec46c605.glb
  [ComfyUI] [worker:ComfyUI-GeometryPack] INFO: Exported GLB to: D:\a\comfy-gpu-ci\comfy-gpu-ci\test_workspaces\GeometryPack-1001\ComfyUI\output\preview_vtk_ec46c605.glb
  [ComfyUI] [worker:ComfyUI-GeometryPack] INFO: Exported GLB to: D:\a\comfy-gpu-ci\comfy-gpu-ci\test_workspaces\GeometryPack-1001\ComfyUI\output\preview_vtk_ec46c605.glb
  [ComfyUI] [worker:ComfyUI-GeometryPack] INFO: Exported GLB to: D:\a\comfy-gpu-ci\comfy-gpu-ci\test_workspaces\GeometryPack-1001\ComfyUI\output\preview_vtk_ec46c605.glb
  [ComfyUI] [worker:ComfyUI-GeometryPack] INFO: Texture mode info: watertight=False, volume=None, area=720.728733148043, texture=True, vertex_colors=False
  [ComfyUI] [worker:ComfyUI-GeometryPack] INFO: Texture mode info: watertight=False, volume=None, area=720.728733148043, texture=True, vertex_colors=False
  [ComfyUI] [worker:ComfyUI-GeometryPack] INFO: Texture mode info: watertight=False, volume=None, area=720.728733148043, texture=True, vertex_colors=False
  [ComfyUI] [worker:ComfyUI-GeometryPack] INFO: Texture mode info: watertight=False, volume=None, area=720.728733148043, texture=True, vertex_colors=False
  [ComfyUI] [SubprocessWorker] got response: ok
  [ComfyUI] [SubprocessWorker] got response: ok
  [ComfyUI] [SubprocessWorker] got response: ok
  [ComfyUI] [SubprocessWorker] got response: ok
  [ComfyUI] [comfy-env] GeomPackPreviewMeshVTK done (0.52s): result: NodeOutput
  [ComfyUI] [comfy-env] GeomPackPreviewMeshVTK done (0.52s): result: NodeOutput
  [ComfyUI] [comfy-env] GeomPackPreviewMeshVTK done (0.52s): result: NodeOutput
  [ComfyUI] [comfy-env] GeomPackPreviewMeshVTK done (0.52s): result: NodeOutput
  [ComfyUI] Prompt executed in 0.95 seconds
  [ComfyUI] Prompt executed in 0.95 seconds
  [ComfyUI] Prompt executed in 0.95 seconds
  [ComfyUI] Prompt executed in 0.95 seconds
  Node executed (1 total), capturing...
  Frame 2 saved (frame_001.jpg, t=1.2s)
  [capture-node] freeze=96ms shot=308ms unfreeze=8ms saved=True
  Execution complete (t=1.8s)
  Captured 2 unique frames over 1.8s
  [debug] iframes: 1
  [debug]   iframe[0]: src=http://127.0.0.1:41889/extensions/ComfyUI-GeometryPack/viewer_vtk_textured.html?, canvas=221x262, rafFrozen=False
  [timing] trigger_3d_previews: 0.0s
  Saved high-quality screenshot: view_texture_executed.png
  [timing] final_screenshot: 0.2s
    Captured 3 video frames