Capturing execution frames: alpha_wrap.json
  Frame 1 saved (frame_000.jpg, t=0.0s)
  Validating workflow...
  Queuing workflow for execution...
  Frame 2 saved (frame_001.jpg, t=2.3s)
  [capture-periodic] freeze=5ms shot=117ms unfreeze=5ms saved=True
  Frame 3 saved (frame_002.jpg, t=4.6s)
  [capture-periodic] freeze=4ms shot=110ms unfreeze=5ms saved=True
  [capture-loop] iter=50 t=5.9s state={'complete': False, 'error': None, 'executedCount': 0, 'wsState': 1} eval_ms=4 ram=6.0/16.0GB (37%) swap=0.3/2.9GB (10%) cpu=43% browser_rss=0.68GB
  Frame 4 saved (frame_003.jpg, t=6.7s)
  [capture-periodic] freeze=3ms shot=103ms unfreeze=5ms saved=True
  Node executed (1 total), capturing...
  Frame 5 saved (frame_004.jpg, t=11.7s)
  [capture-node] freeze=5ms shot=116ms unfreeze=5ms saved=True
  Node executed (2 total), capturing...
  Frame 6 saved (frame_005.jpg, t=12.1s)
  [capture-node] freeze=16ms shot=707ms unfreeze=8ms saved=True
  [capture-loop] iter=100 t=13.6s state={'complete': False, 'error': None, 'executedCount': 2, 'wsState': 1} eval_ms=4 ram=6.1/16.0GB (38%) swap=0.3/2.9GB (10%) cpu=48% browser_rss=0.79GB
  Node executed (3 total), capturing...
  Frame 7 saved (frame_006.jpg, t=14.8s)
  [capture-node] freeze=5ms shot=146ms unfreeze=5ms saved=True
  Node executed (4 total), capturing...
  Frame 8 saved (frame_007.jpg, t=15.4s)
  [capture-node] freeze=5ms shot=136ms unfreeze=0ms saved=True
  Execution complete (t=15.4s)
  Captured 8 unique frames over 15.55s
  [debug] iframes: 2
  [debug]   iframe[0]: src=http://127.0.0.1:8188/extensions/ComfyUI-GeometryPack/viewer_dual.html?v=1778239, canvas=370x485, rafFrozen=True
  [debug]   iframe[1]: src=http://127.0.0.1:8188/extensions/ComfyUI-GeometryPack/viewer_multi.html?v=177823, canvas=244x393, rafFrozen=True
  [timing] trigger_3d_previews: 0.0s
  Saved high-quality screenshot: alpha_wrap_executed.png
  [timing] final_screenshot: 0.3s
    Captured 9 video frames