Capturing execution frames: batch_remesh.json
  Frame 1 saved (frame_000.jpg, t=0.0s)
  Validating workflow...
  Queuing workflow for execution...
  Node executed (1 total), capturing...
  Frame 2 saved (frame_001.jpg, t=1.8s)
  [capture-node] freeze=5ms shot=125ms unfreeze=5ms saved=True
  Node executed (2 total), capturing...
  Frame 3 saved (frame_002.jpg, t=4.7s)
  [capture-node] freeze=4ms shot=128ms unfreeze=5ms saved=True
  [capture-loop] iter=50 t=6.3s state={'complete': False, 'error': None, 'executedCount': 2, 'wsState': 1} eval_ms=4 ram=6.5/16.0GB (41%) swap=0.3/2.9GB (10%) cpu=40% browser_rss=0.74GB
  [capture-loop] iter=100 t=12.0s state={'complete': False, 'error': None, 'executedCount': 2, 'wsState': 1} eval_ms=4 ram=6.5/16.0GB (41%) swap=0.3/2.9GB (10%) cpu=35% browser_rss=0.73GB
  Node executed (3 total), capturing...
  Frame 4 saved (frame_003.jpg, t=12.6s)
  [capture-node] freeze=4ms shot=100ms unfreeze=4ms saved=True
  Node executed (4 total), capturing...
  Frame 5 saved (frame_004.jpg, t=13.5s)
  [capture-node] freeze=5ms shot=95ms unfreeze=4ms saved=True
  Node executed (5 total), capturing...
  Frame 6 saved (frame_005.jpg, t=14.8s)
  [capture-node] freeze=7ms shot=109ms unfreeze=4ms saved=True
  Node executed (6 total), capturing...
  Frame 7 saved (frame_006.jpg, t=15.2s)
  [capture-node] freeze=41ms shot=100ms unfreeze=0ms saved=True
  Execution complete (t=15.2s)
  Captured 7 unique frames over 15.36s
  [debug] iframes: 1
  [debug]   iframe[0]: src=http://127.0.0.1:8188/extensions/ComfyUI-GeometryPack/viewer_vtk.html?v=17782395, canvas=622x373, rafFrozen=True
  [timing] trigger_3d_previews: 0.0s
  Saved high-quality screenshot: batch_remesh_executed.png
  [timing] final_screenshot: 0.2s
    Captured 8 video frames