Capturing execution frames: boolean_ops_all.json
  Frame 1 saved (frame_000.jpg, t=0.0s)
  Validating workflow...
  Queuing workflow for execution...
  Node executed (1 total), capturing...
  Frame 2 saved (frame_001.jpg, t=1.0s)
  [capture-node] freeze=4ms shot=92ms unfreeze=3ms saved=True
  Node executed (2 total), capturing...
  Frame 3 saved (frame_002.jpg, t=1.8s)
  [capture-node] freeze=57ms shot=430ms unfreeze=4ms saved=True
  Node executed (3 total), capturing...
  [capture-node] freeze=4ms shot=146ms unfreeze=0ms saved=False
  Execution complete (t=2.7s)
  Captured 3 unique frames over 2.81s
  [debug] iframes: 1
  [debug]   iframe[0]: src=http://127.0.0.1:8188/extensions/ComfyUI-GeometryPack/viewer_multi.html?v=177823, canvas=368x393, rafFrozen=True
  [timing] trigger_3d_previews: 0.0s
  Saved high-quality screenshot: boolean_ops_all_executed.png
  [timing] final_screenshot: 0.3s
    Captured 4 video frames