Capturing execution frames: decimate_all.json
  Frame 1 saved (frame_000.jpg, t=0.0s)
  Validating workflow...
  Queuing workflow for execution...
  Node executed (1 total), capturing...
  Frame 2 saved (frame_001.jpg, t=1.4s)
  [capture-node] freeze=5ms shot=97ms unfreeze=5ms saved=True
  Node executed (2 total), capturing...
  Frame 3 saved (frame_002.jpg, t=3.7s)
  [capture-node] freeze=4ms shot=128ms unfreeze=5ms saved=True
  Node executed (3 total), capturing...
  Frame 4 saved (frame_003.jpg, t=4.6s)
  [capture-node] freeze=1189ms shot=691ms unfreeze=5ms saved=True
  Node executed (4 total), capturing...
  [capture-node] freeze=5ms shot=157ms unfreeze=5ms saved=False
  Node executed (5 total), capturing...
  Frame 5 saved (frame_004.jpg, t=7.8s)
  [capture-node] freeze=4ms shot=153ms unfreeze=4ms saved=True
  Node executed (6 total), capturing...
  Frame 6 saved (frame_005.jpg, t=8.6s)
  [capture-node] freeze=4ms shot=212ms unfreeze=0ms saved=True
  Execution complete (t=8.6s)
  Captured 6 unique frames over 9.94s
  [debug] iframes: 2
  [debug]   iframe[0]: src=http://127.0.0.1:8188/extensions/ComfyUI-GeometryPack/viewer_multi.html?v=177823, canvas=244x393, rafFrozen=True
  [debug]   iframe[1]: src=http://127.0.0.1:8188/extensions/ComfyUI-GeometryPack/viewer_multi.html?v=177823, canvas=244x393, rafFrozen=True
  [timing] trigger_3d_previews: 0.0s
  Saved high-quality screenshot: decimate_all_executed.png
  [timing] final_screenshot: 0.3s
    Captured 7 video frames