Capturing execution frames: depth_map_to_mesh.json
  Frame 1 saved (frame_000.jpg, t=0.0s)
  Validating workflow...
  Queuing workflow for execution...
  Frame 2 saved (frame_001.jpg, t=2.3s)
  [capture-periodic] freeze=5ms shot=126ms unfreeze=6ms saved=True
  Frame 3 saved (frame_002.jpg, t=4.5s)
  [capture-periodic] freeze=4ms shot=94ms unfreeze=5ms saved=True
  [capture-loop] iter=50 t=5.8s state={'complete': False, 'error': None, 'executedCount': 0, 'wsState': 1} eval_ms=4 ram=5.8/16.0GB (36%) swap=0.3/2.9GB (10%) cpu=29% browser_rss=0.72GB
  Node executed (1 total), capturing...
  Frame 4 saved (frame_003.jpg, t=10.1s)
  [capture-node] freeze=6ms shot=99ms unfreeze=4ms saved=True
  [capture-loop] iter=100 t=11.8s state={'complete': False, 'error': None, 'executedCount': 1, 'wsState': 1} eval_ms=5 ram=6.2/16.0GB (39%) swap=0.3/2.9GB (10%) cpu=44% browser_rss=0.72GB
  Node executed (2 total), capturing...
  Frame 5 saved (frame_004.jpg, t=16.4s)
  [capture-node] freeze=6ms shot=112ms unfreeze=0ms saved=True
  Execution complete (t=16.4s)
  Captured 5 unique frames over 16.54s
  [debug] iframes: 1
  [debug]   iframe[0]: src=http://127.0.0.1:8188/extensions/ComfyUI-GeometryPack/viewer_vtk.html?v=17782395, canvas=0x0, rafFrozen=False
  [timing] trigger_3d_previews: 0.0s
  Saved high-quality screenshot: depth_map_to_mesh_executed.png
  [timing] final_screenshot: 1.5s
    Captured 6 video frames