Capturing execution frames: fix_normals_all.json
  Frame 1 saved (frame_000.jpg, t=0.0s)
  Validating workflow...
  Queuing workflow for execution...
  Node executed (1 total), capturing...
  Frame 2 saved (frame_001.jpg, t=1.4s)
  [capture-node] freeze=9ms shot=126ms unfreeze=5ms saved=True
  Node executed (3 total), capturing...
  Frame 3 saved (frame_002.jpg, t=1.9s)
  [capture-node] freeze=4ms shot=109ms unfreeze=4ms saved=True
  Node executed (4 total), capturing...
  Frame 4 saved (frame_003.jpg, t=2.2s)
  [capture-node] freeze=38ms shot=764ms unfreeze=329ms saved=True
  Node executed (7 total), capturing...
  Frame 5 saved (frame_004.jpg, t=4.0s)
  [capture-node] freeze=4ms shot=147ms unfreeze=0ms saved=True
  Execution complete (t=4.0s)
  Captured 5 unique frames over 4.16s
  [debug] iframes: 2
  [debug]   iframe[0]: src=http://127.0.0.1:8188/extensions/ComfyUI-GeometryPack/viewer_multi.html?v=177823, canvas=368x393, rafFrozen=True
  [debug]   iframe[1]: src=http://127.0.0.1:8188/extensions/ComfyUI-GeometryPack/viewer_multi.html?v=177823, canvas=368x195, rafFrozen=True
  [timing] trigger_3d_previews: 0.0s
  Saved high-quality screenshot: fix_normals_all_executed.png
  [timing] final_screenshot: 0.2s
    Captured 6 video frames