Capturing execution frames: mesh_mesh_distance.json
  Frame 1 saved (frame_000.jpg, t=0.0s)
  Validating workflow...
  Queuing workflow for execution...
  Frame 2 saved (frame_001.jpg, t=2.3s)
  [capture-periodic] freeze=4ms shot=102ms unfreeze=4ms saved=True
  Frame 3 saved (frame_002.jpg, t=4.5s)
  [capture-periodic] freeze=4ms shot=99ms unfreeze=4ms saved=True
  [capture-loop] iter=50 t=5.8s state={'complete': False, 'error': None, 'executedCount': 0, 'wsState': 1} eval_ms=4 ram=5.7/16.0GB (36%) swap=0.3/2.9GB (10%) cpu=33% browser_rss=0.61GB
  Frame 4 saved (frame_003.jpg, t=8.8s)
  [capture-periodic] freeze=3ms shot=109ms unfreeze=4ms saved=True
  Node executed (1 total), capturing...
  Frame 5 saved (frame_004.jpg, t=9.2s)
  [capture-node] freeze=4ms shot=101ms unfreeze=4ms saved=True
  Node executed (2 total), capturing...
  [capture-node] freeze=5ms shot=113ms unfreeze=4ms saved=False
  [capture-loop] iter=100 t=12.1s state={'complete': False, 'error': None, 'executedCount': 2, 'wsState': 1} eval_ms=4 ram=5.8/16.0GB (36%) swap=0.3/2.9GB (10%) cpu=34% browser_rss=0.61GB
  Node executed (3 total), capturing...
  Frame 6 saved (frame_005.jpg, t=15.7s)
  [capture-node] freeze=5ms shot=95ms unfreeze=4ms saved=True
  Node executed (4 total), capturing...
  Frame 7 saved (frame_006.jpg, t=16.1s)
  [capture-node] freeze=4ms shot=94ms unfreeze=0ms saved=True
  Execution complete (t=16.1s)
  Captured 7 unique frames over 16.21s
  [debug] iframes: 0
  [timing] trigger_3d_previews: 0.0s
  Saved high-quality screenshot: mesh_mesh_distance_executed.png
  [timing] final_screenshot: 0.2s
    Captured 8 video frames