Capturing execution frames: reconstruct_all.json
  Frame 1 saved (frame_000.jpg, t=0.0s)
  Validating workflow...
  Queuing workflow for execution...
  Node executed (1 total), capturing...
  Frame 2 saved (frame_001.jpg, t=1.3s)
  [capture-node] freeze=48ms shot=228ms unfreeze=4ms saved=True
  Node executed (2 total), capturing...
  Frame 3 saved (frame_002.jpg, t=3.8s)
  [capture-node] freeze=4ms shot=118ms unfreeze=5ms saved=True
  Node executed (4 total), capturing...
  Frame 4 saved (frame_003.jpg, t=4.2s)
  [capture-node] freeze=15ms shot=157ms unfreeze=5ms saved=True
  Node executed (5 total), capturing...
  Frame 5 saved (frame_004.jpg, t=6.3s)
  [capture-node] freeze=5ms shot=133ms unfreeze=6ms saved=True
  Node executed (6 total), capturing...
  Frame 6 saved (frame_005.jpg, t=7.0s)
  [capture-node] freeze=4ms shot=129ms unfreeze=0ms saved=True
  Execution complete (t=7.0s)
  Captured 6 unique frames over 7.19s
  [debug] iframes: 2
  [debug]   iframe[0]: src=http://127.0.0.1:8188/extensions/ComfyUI-GeometryPack/viewer_vtk.html?v=17782398, canvas=486x384, rafFrozen=True
  [debug]   iframe[1]: src=http://127.0.0.1:8188/extensions/ComfyUI-GeometryPack/viewer_multi.html?v=177823, canvas=368x195, rafFrozen=True
  [timing] trigger_3d_previews: 1.2s
  Saved high-quality screenshot: reconstruct_all_executed.png
  [timing] final_screenshot: 0.2s
    Captured 7 video frames