Capturing execution frames: remesh_intersections.json
  Frame 1 saved (frame_000.jpg, t=0.0s)
  Validating workflow...
  Queuing workflow for execution...
  Node executed (1 total), capturing...
  Frame 2 saved (frame_001.jpg, t=0.8s)
  [capture-node] freeze=4ms shot=102ms unfreeze=6ms saved=True
  Node executed (3 total), capturing...
  Frame 3 saved (frame_002.jpg, t=1.2s)
  [capture-node] freeze=4ms shot=94ms unfreeze=11ms saved=True
  Node executed (4 total), capturing...
  Frame 4 saved (frame_003.jpg, t=1.6s)
  [capture-node] freeze=140ms shot=286ms unfreeze=0ms saved=True
  Execution complete (t=1.6s)
  Captured 4 unique frames over 2.03s
  [debug] iframes: 1
  [debug]   iframe[0]: src=http://127.0.0.1:8188/extensions/ComfyUI-GeometryPack/viewer_dual.html?v=1778239, canvas=370x485, rafFrozen=True
  [timing] trigger_3d_previews: 0.0s
  Saved high-quality screenshot: remesh_intersections_executed.png
  [timing] final_screenshot: 0.2s
    Captured 5 video frames