Capturing execution frames: remeshing.json
  Frame 1 saved (frame_000.jpg, t=0.0s)
  Validating workflow...
  Queuing workflow for execution...
  Frame 2 saved (frame_001.jpg, t=2.3s)
  [capture-periodic] freeze=3ms shot=94ms unfreeze=5ms saved=True
  Frame 3 saved (frame_002.jpg, t=4.4s)
  [capture-periodic] freeze=4ms shot=110ms unfreeze=5ms saved=True
  [capture-loop] iter=50 t=5.8s state={'complete': False, 'error': None, 'executedCount': 0, 'wsState': 1} eval_ms=6 ram=5.4/16.0GB (34%) swap=0.5/2.9GB (19%) cpu=28% browser_rss=0.77GB
  Frame 4 saved (frame_003.jpg, t=6.6s)
  [capture-periodic] freeze=4ms shot=90ms unfreeze=6ms saved=True
  [capture-loop] iter=100 t=11.5s state={'complete': False, 'error': None, 'executedCount': 0, 'wsState': 1} eval_ms=4 ram=5.3/16.0GB (33%) swap=0.5/2.9GB (19%) cpu=36% browser_rss=0.65GB
  [capture-loop] iter=150 t=17.1s state={'complete': False, 'error': None, 'executedCount': 0, 'wsState': 1} eval_ms=4 ram=5.3/16.0GB (33%) swap=0.5/2.9GB (19%) cpu=35% browser_rss=0.65GB
  [capture-loop] iter=200 t=22.8s state={'complete': False, 'error': None, 'executedCount': 0, 'wsState': 1} eval_ms=4 ram=5.3/16.0GB (33%) swap=0.5/2.9GB (19%) cpu=34% browser_rss=0.64GB
  [capture-loop] iter=250 t=28.5s state={'complete': False, 'error': None, 'executedCount': 0, 'wsState': 1} eval_ms=4 ram=5.2/16.0GB (33%) swap=0.5/2.9GB (19%) cpu=35% browser_rss=0.64GB
  [capture-loop] iter=300 t=34.1s state={'complete': False, 'error': None, 'executedCount': 0, 'wsState': 1} eval_ms=4 ram=5.2/16.0GB (32%) swap=0.5/2.9GB (19%) cpu=34% browser_rss=0.64GB
  [capture-loop] iter=350 t=39.8s state={'complete': False, 'error': None, 'executedCount': 0, 'wsState': 1} eval_ms=4 ram=5.2/16.0GB (32%) swap=0.5/2.9GB (19%) cpu=37% browser_rss=0.63GB
  Node executed (1 total), capturing...
  Frame 5 saved (frame_004.jpg, t=45.3s)
  [capture-node] freeze=4ms shot=89ms unfreeze=3ms saved=True
  [capture-loop] iter=400 t=45.7s state={'complete': False, 'error': None, 'executedCount': 1, 'wsState': 1} eval_ms=4 ram=5.2/16.0GB (32%) swap=0.5/2.9GB (19%) cpu=34% browser_rss=0.63GB
  Node executed (2 total), capturing...
  Frame 6 saved (frame_005.jpg, t=45.9s)
  [capture-node] freeze=5ms shot=79ms unfreeze=0ms saved=True
  Execution complete (t=45.9s)
  Captured 6 unique frames over 46.05s
  [debug] iframes: 1
  [debug]   iframe[0]: src=http://127.0.0.1:8188/extensions/ComfyUI-GeometryPack/viewer_dual.html?v=1778239, canvas=0x0, rafFrozen=True
  [timing] trigger_3d_previews: 0.0s
  Saved high-quality screenshot: remeshing_executed.png
  [timing] final_screenshot: 0.3s
    Captured 7 video frames