Capturing execution frames: sharpen_all.json
  Frame 1 saved (frame_000.jpg, t=0.0s)
  Validating workflow...
  Queuing workflow for execution...
  Frame 2 saved (frame_001.jpg, t=2.3s)
  [capture-periodic] freeze=5ms shot=116ms unfreeze=5ms saved=True
  Frame 3 saved (frame_002.jpg, t=4.5s)
  [capture-periodic] freeze=4ms shot=105ms unfreeze=4ms saved=True
  Node executed (1 total), capturing...
  Frame 4 saved (frame_003.jpg, t=5.2s)
  [capture-node] freeze=4ms shot=120ms unfreeze=6ms saved=True
  [capture-loop] iter=50 t=6.1s state={'complete': False, 'error': None, 'executedCount': 1, 'wsState': 1} eval_ms=4 ram=6.0/16.0GB (37%) swap=0.8/2.9GB (29%) cpu=35% browser_rss=0.81GB
  Frame 5 saved (frame_004.jpg, t=7.5s)
  [capture-periodic] freeze=4ms shot=142ms unfreeze=6ms saved=True
  [capture-loop] iter=100 t=11.9s state={'complete': False, 'error': None, 'executedCount': 1, 'wsState': 1} eval_ms=5 ram=5.8/16.0GB (36%) swap=0.8/2.9GB (29%) cpu=36% browser_rss=0.67GB
  Node executed (2 total), capturing...
  Frame 6 saved (frame_005.jpg, t=16.3s)
  [capture-node] freeze=5ms shot=136ms unfreeze=22ms saved=True
  [capture-loop] iter=150 t=17.9s state={'complete': False, 'error': None, 'executedCount': 2, 'wsState': 1} eval_ms=4 ram=5.8/16.0GB (36%) swap=0.8/2.9GB (29%) cpu=36% browser_rss=0.61GB
  [capture-loop] iter=200 t=23.6s state={'complete': False, 'error': None, 'executedCount': 2, 'wsState': 1} eval_ms=4 ram=5.8/16.0GB (36%) swap=0.8/2.9GB (29%) cpu=35% browser_rss=0.60GB
  Node executed (3 total), capturing...
  Frame 7 saved (frame_006.jpg, t=25.8s)
  [capture-node] freeze=5ms shot=113ms unfreeze=6ms saved=True
  Node executed (4 total), capturing...
  Frame 8 saved (frame_007.jpg, t=26.4s)
  [capture-node] freeze=4ms shot=102ms unfreeze=3ms saved=True
  Node executed (6 total), capturing...
  Frame 9 saved (frame_008.jpg, t=26.8s)
  [capture-node] freeze=5ms shot=220ms unfreeze=679ms saved=True
  Node executed (7 total), capturing...
  Frame 10 saved (frame_009.jpg, t=28.1s)
  [capture-node] freeze=4ms shot=145ms unfreeze=4ms saved=True
  Frame 11 saved (frame_010.jpg, t=30.3s)
  [capture-periodic] freeze=3ms shot=152ms unfreeze=4ms saved=True
  [capture-loop] iter=250 t=31.5s state={'complete': False, 'error': None, 'executedCount': 7, 'wsState': 1} eval_ms=5 ram=5.8/16.0GB (36%) swap=0.8/2.9GB (29%) cpu=43% browser_rss=0.70GB
  [capture-loop] iter=300 t=37.3s state={'complete': False, 'error': None, 'executedCount': 7, 'wsState': 1} eval_ms=4 ram=5.8/16.0GB (36%) swap=0.8/2.9GB (29%) cpu=35% browser_rss=0.69GB
  [capture-loop] iter=350 t=43.0s state={'complete': False, 'error': None, 'executedCount': 7, 'wsState': 1} eval_ms=4 ram=5.8/16.0GB (36%) swap=0.8/2.9GB (29%) cpu=34% browser_rss=0.69GB
  [capture-loop] iter=400 t=48.9s state={'complete': False, 'error': None, 'executedCount': 7, 'wsState': 1} eval_ms=4 ram=5.8/16.0GB (36%) swap=0.8/2.9GB (29%) cpu=36% browser_rss=0.66GB
  [capture-loop] iter=450 t=54.6s state={'complete': False, 'error': None, 'executedCount': 7, 'wsState': 1} eval_ms=4 ram=5.8/16.0GB (36%) swap=0.8/2.9GB (29%) cpu=35% browser_rss=0.65GB
  Node executed (8 total), capturing...
  Frame 12 saved (frame_011.jpg, t=59.9s)
  [capture-node] freeze=4ms shot=137ms unfreeze=3ms saved=True
  Node executed (9 total), capturing...
  Frame 13 saved (frame_012.jpg, t=60.4s)
  [capture-node] freeze=5ms shot=131ms unfreeze=0ms saved=True
  Execution complete (t=60.4s)
  Captured 13 unique frames over 60.56s
  [debug] iframes: 2
  [debug]   iframe[0]: src=http://127.0.0.1:8188/extensions/ComfyUI-GeometryPack/viewer_multi.html?v=177823, canvas=368x195, rafFrozen=True
  [debug]   iframe[1]: src=http://127.0.0.1:8188/extensions/ComfyUI-GeometryPack/viewer_multi.html?v=177823, canvas=368x195, rafFrozen=True
  [timing] trigger_3d_previews: 0.0s
  Saved high-quality screenshot: sharpen_all_executed.png
  [timing] final_screenshot: 0.3s
    Captured 14 video frames