Capturing execution frames: uv_unwrap.json
  Frame 1 saved (frame_000.jpg, t=0.0s)
  Validating workflow...
  Queuing workflow for execution...
  Frame 2 saved (frame_001.jpg, t=2.2s)
  [capture-periodic] freeze=7ms shot=110ms unfreeze=4ms saved=True
  Frame 3 saved (frame_002.jpg, t=4.4s)
  [capture-periodic] freeze=6ms shot=98ms unfreeze=4ms saved=True
  [capture-loop] iter=50 t=6.0s state={'complete': False, 'error': None, 'executedCount': 0, 'wsState': 1} eval_ms=5 ram=5.5/16.0GB (34%) swap=1.1/2.9GB (40%) cpu=33% browser_rss=0.66GB
  Node executed (1 total), capturing...
  Frame 4 saved (frame_003.jpg, t=6.5s)
  [capture-node] freeze=4ms shot=95ms unfreeze=4ms saved=True
  Node executed (2 total), capturing...
  Frame 5 saved (frame_004.jpg, t=7.1s)
  [capture-node] freeze=5ms shot=96ms unfreeze=0ms saved=True
  Execution complete (t=7.1s)
  Captured 5 unique frames over 7.25s
  [debug] iframes: 1
  [debug]   iframe[0]: src=http://127.0.0.1:8188/extensions/ComfyUI-GeometryPack/viewer_uv.html?v=177824000, canvas=287x287, rafFrozen=True
  [timing] trigger_3d_previews: 0.0s
  Saved high-quality screenshot: uv_unwrap_executed.png
  [timing] final_screenshot: 0.2s
    Captured 6 video frames