[00:00] Crash dump logging enabled: D:\a\comfy-gpu-ci\comfy-gpu-ci\comfy-test-logs\GeometryPack-1124\windows-portable-cpu\crash_dump.log
[00:00] 
[00:00] [1/3] REGISTRATION
[00:00] ----------------------------------------
[00:00] 
[DEBUG] server=None, server_url=http://127.0.0.1:8188, api=None
[00:00] 
Connecting to existing server at http://127.0.0.1:8188...
[00:00] Connecting to existing server at http://127.0.0.1:8188...
[00:00] Connected to server! (attempt 1, 0.0s)
[00:00] Checking for import errors in server logs...
[00:00] No import errors detected
[00:00] Found 814 registered nodes
[00:00] [REGISTRATION] PASSED
[00:00] 
[00:00] [2/3] INSTANTIATION
[00:00] ----------------------------------------
[00:00] 
[DEBUG] server=<comfy_test.comfyui.server.ExternalComfyUIServer object at 0x000002CBCDAC5400>, server_url=http://127.0.0.1:8188, api=<comfy_test.comfyui.api.ComfyUIAPI object at 0x000002CBCDAC5550>
[00:00] Testing node constructors...
[00:04] All 125 node(s) instantiated successfully!
[00:04] [INSTANTIATION] PASSED
[00:04] 
[00:04] [3/3] EXECUTION
[00:04] ----------------------------------------
[00:04] 
[DEBUG] server=<comfy_test.comfyui.server.ExternalComfyUIServer object at 0x000002CBCDAC5400>, server_url=http://127.0.0.1:8188, api=<comfy_test.comfyui.api.ComfyUIAPI object at 0x000002CBCDAC5550>
[00:04] CPU runner - will execute 30 workflow(s)
[00:04] Running 33 workflow(s) (all with videos)...
[00:05] Starting headless browser...
[00:06]   Downloading Mesa llvmpipe for Windows...
[00:10]   Copied opengl32.dll to Chromium dir
[00:10]   Copied libgallium_wgl.dll to Chromium dir
[00:10]   Using Mesa llvmpipe (desktop GL) — multithreaded CPU rendering
[00:11] Capturing execution frames: alpha_wrap.json
[00:20]   Frame 1 saved (frame_000.jpg, t=0.0s)
[00:20]   Validating workflow...
[00:20]   Queuing workflow for execution...
[00:22]   Frame 2 saved (frame_001.jpg, t=2.3s)
[00:22]   [capture-periodic] freeze=5ms shot=117ms unfreeze=5ms saved=True
[00:24]   Frame 3 saved (frame_002.jpg, t=4.6s)
[00:24]   [capture-periodic] freeze=4ms shot=110ms unfreeze=5ms saved=True
[00:26]   [capture-loop] iter=50 t=5.9s state={'complete': False, 'error': None, 'executedCount': 0, 'wsState': 1} eval_ms=4 ram=6.0/16.0GB (37%) swap=0.3/2.9GB (10%) cpu=43% browser_rss=0.68GB
[00:27]   Frame 4 saved (frame_003.jpg, t=6.7s)
[00:27]   [capture-periodic] freeze=3ms shot=103ms unfreeze=5ms saved=True
[00:31]   Node executed (1 total), capturing...
[00:32]   Frame 5 saved (frame_004.jpg, t=11.7s)
[00:32]   [capture-node] freeze=5ms shot=116ms unfreeze=5ms saved=True
[00:32]   Node executed (2 total), capturing...
[00:33]   Frame 6 saved (frame_005.jpg, t=12.1s)
[00:33]   [capture-node] freeze=16ms shot=707ms unfreeze=8ms saved=True
[00:33]   [capture-loop] iter=100 t=13.6s state={'complete': False, 'error': None, 'executedCount': 2, 'wsState': 1} eval_ms=4 ram=6.1/16.0GB (38%) swap=0.3/2.9GB (10%) cpu=48% browser_rss=0.79GB
[00:34]   Node executed (3 total), capturing...
[00:35]   Frame 7 saved (frame_006.jpg, t=14.8s)
[00:35]   [capture-node] freeze=5ms shot=146ms unfreeze=5ms saved=True
[00:35]   Node executed (4 total), capturing...
[00:35]   Frame 8 saved (frame_007.jpg, t=15.4s)
[00:35]   [capture-node] freeze=5ms shot=136ms unfreeze=0ms saved=True
[00:35]   Execution complete (t=15.4s)
[00:35]   Captured 8 unique frames over 15.55s
[00:35]   [debug] iframes: 2
[00:35]   [debug]   iframe[0]: src=http://127.0.0.1:8188/extensions/ComfyUI-GeometryPack/viewer_dual.html?v=1778239, canvas=370x485, rafFrozen=True
[00:35]   [debug]   iframe[1]: src=http://127.0.0.1:8188/extensions/ComfyUI-GeometryPack/viewer_multi.html?v=177823, canvas=244x393, rafFrozen=True
[00:35]   [timing] trigger_3d_previews: 0.0s
[00:38]   Saved high-quality screenshot: alpha_wrap_executed.png
[00:38]   [timing] final_screenshot: 0.3s
[00:38] Capturing execution frames: batch_remesh.json
[00:44]   Frame 1 saved (frame_000.jpg, t=0.0s)
[00:44]   Validating workflow...
[00:44]   Queuing workflow for execution...
[00:45]   Node executed (1 total), capturing...
[00:46]   Frame 2 saved (frame_001.jpg, t=1.8s)
[00:46]   [capture-node] freeze=5ms shot=125ms unfreeze=5ms saved=True
[00:48]   Node executed (2 total), capturing...
[00:49]   Frame 3 saved (frame_002.jpg, t=4.7s)
[00:49]   [capture-node] freeze=4ms shot=128ms unfreeze=5ms saved=True
[00:50]   [capture-loop] iter=50 t=6.3s state={'complete': False, 'error': None, 'executedCount': 2, 'wsState': 1} eval_ms=4 ram=6.5/16.0GB (41%) swap=0.3/2.9GB (10%) cpu=40% browser_rss=0.74GB
[00:56]   [capture-loop] iter=100 t=12.0s state={'complete': False, 'error': None, 'executedCount': 2, 'wsState': 1} eval_ms=4 ram=6.5/16.0GB (41%) swap=0.3/2.9GB (10%) cpu=35% browser_rss=0.73GB
[00:56]   Node executed (3 total), capturing...
[00:56]   Frame 4 saved (frame_003.jpg, t=12.6s)
[00:56]   [capture-node] freeze=4ms shot=100ms unfreeze=4ms saved=True
[00:57]   Node executed (4 total), capturing...
[00:57]   Frame 5 saved (frame_004.jpg, t=13.5s)
[00:57]   [capture-node] freeze=5ms shot=95ms unfreeze=4ms saved=True
[00:58]   Node executed (5 total), capturing...
[00:59]   Frame 6 saved (frame_005.jpg, t=14.8s)
[00:59]   [capture-node] freeze=7ms shot=109ms unfreeze=4ms saved=True
[00:59]   Node executed (6 total), capturing...
[00:59]   Frame 7 saved (frame_006.jpg, t=15.2s)
[00:59]   [capture-node] freeze=41ms shot=100ms unfreeze=0ms saved=True
[00:59]   Execution complete (t=15.2s)
[00:59]   Captured 7 unique frames over 15.36s
[00:59]   [debug] iframes: 1
[00:59]   [debug]   iframe[0]: src=http://127.0.0.1:8188/extensions/ComfyUI-GeometryPack/viewer_vtk.html?v=17782395, canvas=622x373, rafFrozen=True
[00:59]   [timing] trigger_3d_previews: 0.0s
[01:01]   Saved high-quality screenshot: batch_remesh_executed.png
[01:01]   [timing] final_screenshot: 0.2s
[01:02] Capturing execution frames: boolean_ops.json
[01:07]   Frame 1 saved (frame_000.jpg, t=0.0s)
[01:07]   Validating workflow...
[01:07]   Queuing workflow for execution...
[01:08]   Node executed (1 total), capturing...
[01:08]   Frame 2 saved (frame_001.jpg, t=0.6s)
[01:08]   [capture-node] freeze=34ms shot=190ms unfreeze=5ms saved=True
[01:08]   Node executed (2 total), capturing...
[01:09]   Frame 3 saved (frame_002.jpg, t=1.1s)
[01:09]   [capture-node] freeze=9ms shot=206ms unfreeze=4ms saved=True
[01:09]   Node executed (3 total), capturing...
[01:09]   Frame 4 saved (frame_003.jpg, t=1.6s)
[01:09]   [capture-node] freeze=4ms shot=114ms unfreeze=0ms saved=True
[01:09]   Execution complete (t=1.6s)
[01:09]   Captured 4 unique frames over 1.78s
[01:09]   [debug] iframes: 2
[01:09]   [debug]   iframe[0]: src=http://127.0.0.1:8188/extensions/ComfyUI-GeometryPack/viewer_dual.html?v=1778239, canvas=370x485, rafFrozen=True
[01:09]   [debug]   iframe[1]: src=http://127.0.0.1:8188/extensions/ComfyUI-GeometryPack/viewer_vtk.html?v=17782395, canvas=486x348, rafFrozen=True
[01:09]   [timing] trigger_3d_previews: 0.0s
[01:11]   Saved high-quality screenshot: boolean_ops_executed.png
[01:11]   [timing] final_screenshot: 0.2s
[01:12] Capturing execution frames: decimate.json
[01:17]   Frame 1 saved (frame_000.jpg, t=0.0s)
[01:17]   Validating workflow...
[01:17]   Queuing workflow for execution...
[01:18]   Node executed (1 total), capturing...
[01:18]   Frame 2 saved (frame_001.jpg, t=0.7s)
[01:18]   [capture-node] freeze=6ms shot=109ms unfreeze=11ms saved=True
[01:18]   Node executed (2 total), capturing...
[01:19]   Frame 3 saved (frame_002.jpg, t=1.2s)
[01:19]   [capture-node] freeze=4ms shot=136ms unfreeze=0ms saved=True
[01:19]   Execution complete (t=1.2s)
[01:19]   Captured 3 unique frames over 1.39s
[01:19]   [debug] iframes: 1
[01:19]   [debug]   iframe[0]: src=http://127.0.0.1:8188/extensions/ComfyUI-GeometryPack/viewer_dual.html?v=1778239, canvas=370x485, rafFrozen=True
[01:19]   [timing] trigger_3d_previews: 0.0s
[01:21]   Saved high-quality screenshot: decimate_executed.png
[01:21]   [timing] final_screenshot: 0.2s
[01:21] Capturing execution frames: depth_map_to_mesh.json
[01:27]   Frame 1 saved (frame_000.jpg, t=0.0s)
[01:27]   Validating workflow...
[01:27]   Queuing workflow for execution...
[01:30]   Frame 2 saved (frame_001.jpg, t=2.3s)
[01:30]   [capture-periodic] freeze=5ms shot=126ms unfreeze=6ms saved=True
[01:32]   Frame 3 saved (frame_002.jpg, t=4.5s)
[01:32]   [capture-periodic] freeze=4ms shot=94ms unfreeze=5ms saved=True
[01:33]   [capture-loop] iter=50 t=5.8s state={'complete': False, 'error': None, 'executedCount': 0, 'wsState': 1} eval_ms=4 ram=5.8/16.0GB (36%) swap=0.3/2.9GB (10%) cpu=29% browser_rss=0.72GB
[01:37]   Node executed (1 total), capturing...
[01:37]   Frame 4 saved (frame_003.jpg, t=10.1s)
[01:37]   [capture-node] freeze=6ms shot=99ms unfreeze=4ms saved=True
[01:39]   [capture-loop] iter=100 t=11.8s state={'complete': False, 'error': None, 'executedCount': 1, 'wsState': 1} eval_ms=5 ram=6.2/16.0GB (39%) swap=0.3/2.9GB (10%) cpu=44% browser_rss=0.72GB
[01:43]   Node executed (2 total), capturing...
[01:44]   Frame 5 saved (frame_004.jpg, t=16.4s)
[01:44]   [capture-node] freeze=6ms shot=112ms unfreeze=0ms saved=True
[01:44]   Execution complete (t=16.4s)
[01:44]   Captured 5 unique frames over 16.54s
[01:44]   [debug] iframes: 1
[01:44]   [debug]   iframe[0]: src=http://127.0.0.1:8188/extensions/ComfyUI-GeometryPack/viewer_vtk.html?v=17782395, canvas=0x0, rafFrozen=False
[01:44]   [timing] trigger_3d_previews: 0.0s
[01:47]   Saved high-quality screenshot: depth_map_to_mesh_executed.png
[01:47]   [timing] final_screenshot: 1.5s
[01:48] Capturing execution frames: fix_self_intersection.json
[01:54]   Frame 1 saved (frame_000.jpg, t=0.0s)
[01:54]   Validating workflow...
[01:54]   Queuing workflow for execution...
[01:54]   Node executed (1 total), capturing...
[01:54]   Frame 2 saved (frame_001.jpg, t=0.7s)
[01:54]   [capture-node] freeze=5ms shot=110ms unfreeze=4ms saved=True
[01:54]   Node executed (2 total), capturing...
[01:55]   Frame 3 saved (frame_002.jpg, t=1.1s)
[01:55]   [capture-node] freeze=4ms shot=112ms unfreeze=4ms saved=True
[01:55]   Node executed (4 total), capturing...
[01:56]   Frame 4 saved (frame_003.jpg, t=1.5s)
[01:56]   [capture-node] freeze=331ms shot=407ms unfreeze=0ms saved=True
[01:56]   Execution complete (t=1.5s)
[01:56]   Captured 4 unique frames over 2.32s
[01:56]   [debug] iframes: 1
[01:56]   [debug]   iframe[0]: src=http://127.0.0.1:8188/extensions/ComfyUI-GeometryPack/viewer_dual.html?v=1778239, canvas=370x485, rafFrozen=True
[01:56]   [timing] trigger_3d_previews: 0.0s
[01:58]   Saved high-quality screenshot: fix_self_intersection_executed.png
[01:58]   [timing] final_screenshot: 0.3s
[01:58] Capturing execution frames: mesh_info.json
[02:04]   Frame 1 saved (frame_000.jpg, t=0.0s)
[02:04]   Validating workflow...
[02:04]   Queuing workflow for execution...
[02:04]   Node executed (1 total), capturing...
[02:05]   Frame 2 saved (frame_001.jpg, t=0.5s)
[02:05]   [capture-node] freeze=4ms shot=74ms unfreeze=4ms saved=True
[02:05]   Node executed (2 total), capturing...
[02:05]   [capture-node] freeze=3ms shot=82ms unfreeze=0ms saved=False
[02:05]   Execution complete (t=0.8s)
[02:05]   Captured 2 unique frames over 0.89s
[02:05]   [debug] iframes: 0
[02:05]   [timing] trigger_3d_previews: 0.0s
[02:07]   Saved high-quality screenshot: mesh_info_executed.png
[02:07]   [timing] final_screenshot: 0.2s
[02:08] Capturing execution frames: mesh_mesh_distance.json
[02:13]   Frame 1 saved (frame_000.jpg, t=0.0s)
[02:13]   Validating workflow...
[02:13]   Queuing workflow for execution...
[02:15]   Frame 2 saved (frame_001.jpg, t=2.3s)
[02:15]   [capture-periodic] freeze=4ms shot=102ms unfreeze=4ms saved=True
[02:18]   Frame 3 saved (frame_002.jpg, t=4.5s)
[02:18]   [capture-periodic] freeze=4ms shot=99ms unfreeze=4ms saved=True
[02:19]   [capture-loop] iter=50 t=5.8s state={'complete': False, 'error': None, 'executedCount': 0, 'wsState': 1} eval_ms=4 ram=5.7/16.0GB (36%) swap=0.3/2.9GB (10%) cpu=33% browser_rss=0.61GB
[02:22]   Frame 4 saved (frame_003.jpg, t=8.8s)
[02:22]   [capture-periodic] freeze=3ms shot=109ms unfreeze=4ms saved=True
[02:22]   Node executed (1 total), capturing...
[02:22]   Frame 5 saved (frame_004.jpg, t=9.2s)
[02:22]   [capture-node] freeze=4ms shot=101ms unfreeze=4ms saved=True
[02:23]   Node executed (2 total), capturing...
[02:23]   [capture-node] freeze=5ms shot=113ms unfreeze=4ms saved=False
[02:25]   [capture-loop] iter=100 t=12.1s state={'complete': False, 'error': None, 'executedCount': 2, 'wsState': 1} eval_ms=4 ram=5.8/16.0GB (36%) swap=0.3/2.9GB (10%) cpu=34% browser_rss=0.61GB
[02:29]   Node executed (3 total), capturing...
[02:29]   Frame 6 saved (frame_005.jpg, t=15.7s)
[02:29]   [capture-node] freeze=5ms shot=95ms unfreeze=4ms saved=True
[02:29]   Node executed (4 total), capturing...
[02:29]   Frame 7 saved (frame_006.jpg, t=16.1s)
[02:29]   [capture-node] freeze=4ms shot=94ms unfreeze=0ms saved=True
[02:29]   Execution complete (t=16.1s)
[02:29]   Captured 7 unique frames over 16.21s
[02:29]   [debug] iframes: 0
[02:29]   [timing] trigger_3d_previews: 0.0s
[02:31]   Saved high-quality screenshot: mesh_mesh_distance_executed.png
[02:31]   [timing] final_screenshot: 0.2s
[02:32] Capturing execution frames: normals.json
[02:37]   Frame 1 saved (frame_000.jpg, t=0.0s)
[02:37]   Validating workflow...
[02:37]   Queuing workflow for execution...
[02:38]   Node executed (1 total), capturing...
[02:38]   Frame 2 saved (frame_001.jpg, t=0.9s)
[02:38]   [capture-node] freeze=4ms shot=100ms unfreeze=4ms saved=True
[02:39]   Node executed (2 total), capturing...
[02:40]   Frame 3 saved (frame_002.jpg, t=1.9s)
[02:40]   [capture-node] freeze=700ms shot=198ms unfreeze=0ms saved=True
[02:40]   Execution complete (t=1.9s)
[02:40]   Captured 3 unique frames over 2.88s
[02:40]   [debug] iframes: 1
[02:40]   [debug]   iframe[0]: src=http://127.0.0.1:8188/extensions/ComfyUI-GeometryPack/viewer_vtk.html?v=17782396, canvas=486x348, rafFrozen=True
[02:40]   [timing] trigger_3d_previews: 0.0s
[02:42]   Saved high-quality screenshot: normals_executed.png
[02:42]   [timing] final_screenshot: 0.2s
[02:43] Capturing execution frames: point_mesh_distance.json
[02:48]   Frame 1 saved (frame_000.jpg, t=0.0s)
[02:48]   Validating workflow...
[02:48]   Queuing workflow for execution...
[02:49]   Node executed (1 total), capturing...
[02:49]   Frame 2 saved (frame_001.jpg, t=0.6s)
[02:49]   [capture-node] freeze=4ms shot=109ms unfreeze=4ms saved=True
[02:49]   Node executed (2 total), capturing...
[02:50]   Frame 3 saved (frame_002.jpg, t=1.1s)
[02:50]   [capture-node] freeze=9ms shot=124ms unfreeze=7ms saved=True
[02:50]   Node executed (3 total), capturing...
[02:50]   Frame 4 saved (frame_003.jpg, t=1.6s)
[02:50]   [capture-node] freeze=4ms shot=98ms unfreeze=0ms saved=True
[02:50]   Execution complete (t=1.6s)
[02:50]   Captured 4 unique frames over 1.68s
[02:50]   [debug] iframes: 1
[02:50]   [debug]   iframe[0]: src=http://127.0.0.1:8188/extensions/ComfyUI-GeometryPack/viewer_dual.html?v=1778239, canvas=370x485, rafFrozen=True
[02:50]   [timing] trigger_3d_previews: 0.0s
[02:52]   Saved high-quality screenshot: point_mesh_distance_executed.png
[02:52]   [timing] final_screenshot: 0.2s
[02:53] Capturing execution frames: preview_mesh_threejs.json
[02:58]   Frame 1 saved (frame_000.jpg, t=0.0s)
[02:58]   Validating workflow...
[02:58]   Queuing workflow for execution...
[02:59]   Node executed (1 total), capturing...
[02:59]   Frame 2 saved (frame_001.jpg, t=0.9s)
[02:59]   [capture-node] freeze=56ms shot=143ms unfreeze=0ms saved=True
[02:59]   Execution complete (t=0.9s)
[02:59]   Captured 2 unique frames over 1.13s
[02:59]   [debug] iframes: 1
[02:59]   [debug]   iframe[0]: src=http://127.0.0.1:8188/extensions/ComfyUI-GeometryPack/viewer.html?v=177823966369, canvas=486x486, rafFrozen=True
[02:59]   [timing] trigger_3d_previews: 0.0s
[03:01]   Saved high-quality screenshot: preview_mesh_threejs_executed.png
[03:01]   [timing] final_screenshot: 0.1s
[03:02] Capturing execution frames: refine_mesh.json
[03:07]   Frame 1 saved (frame_000.jpg, t=0.0s)
[03:07]   Validating workflow...
[03:07]   Queuing workflow for execution...
[03:08]   Node executed (1 total), capturing...
[03:08]   Frame 2 saved (frame_001.jpg, t=0.9s)
[03:08]   [capture-node] freeze=5ms shot=87ms unfreeze=7ms saved=True
[03:09]   Node executed (2 total), capturing...
[03:10]   Frame 3 saved (frame_002.jpg, t=1.5s)
[03:10]   [capture-node] freeze=246ms shot=682ms unfreeze=0ms saved=True
[03:10]   Execution complete (t=1.5s)
[03:10]   Captured 3 unique frames over 2.47s
[03:10]   [debug] iframes: 1
[03:10]   [debug]   iframe[0]: src=http://127.0.0.1:8188/extensions/ComfyUI-GeometryPack/viewer_dual.html?v=1778239, canvas=387x485, rafFrozen=True
[03:10]   [timing] trigger_3d_previews: 0.0s
[03:12]   Saved high-quality screenshot: refine_mesh_executed.png
[03:12]   [timing] final_screenshot: 0.2s
[03:12] Capturing execution frames: remesh_intersections.json
[03:18]   Frame 1 saved (frame_000.jpg, t=0.0s)
[03:18]   Validating workflow...
[03:18]   Queuing workflow for execution...
[03:18]   Node executed (1 total), capturing...
[03:19]   Frame 2 saved (frame_001.jpg, t=0.8s)
[03:19]   [capture-node] freeze=4ms shot=102ms unfreeze=6ms saved=True
[03:19]   Node executed (3 total), capturing...
[03:19]   Frame 3 saved (frame_002.jpg, t=1.2s)
[03:19]   [capture-node] freeze=4ms shot=94ms unfreeze=11ms saved=True
[03:19]   Node executed (4 total), capturing...
[03:20]   Frame 4 saved (frame_003.jpg, t=1.6s)
[03:20]   [capture-node] freeze=140ms shot=286ms unfreeze=0ms saved=True
[03:20]   Execution complete (t=1.6s)
[03:20]   Captured 4 unique frames over 2.03s
[03:20]   [debug] iframes: 1
[03:20]   [debug]   iframe[0]: src=http://127.0.0.1:8188/extensions/ComfyUI-GeometryPack/viewer_dual.html?v=1778239, canvas=370x485, rafFrozen=True
[03:20]   [timing] trigger_3d_previews: 0.0s
[03:22]   Saved high-quality screenshot: remesh_intersections_executed.png
[03:22]   [timing] final_screenshot: 0.2s
[03:22] Capturing execution frames: remeshing.json
[03:28]   Frame 1 saved (frame_000.jpg, t=0.0s)
[03:28]   Validating workflow...
[03:28]   Queuing workflow for execution...
[03:30]   Frame 2 saved (frame_001.jpg, t=2.3s)
[03:30]   [capture-periodic] freeze=3ms shot=94ms unfreeze=5ms saved=True
[03:33]   Frame 3 saved (frame_002.jpg, t=4.4s)
[03:33]   [capture-periodic] freeze=4ms shot=110ms unfreeze=5ms saved=True
[03:34]   [capture-loop] iter=50 t=5.8s state={'complete': False, 'error': None, 'executedCount': 0, 'wsState': 1} eval_ms=6 ram=5.4/16.0GB (34%) swap=0.5/2.9GB (19%) cpu=28% browser_rss=0.77GB
[03:35]   Frame 4 saved (frame_003.jpg, t=6.6s)
[03:35]   [capture-periodic] freeze=4ms shot=90ms unfreeze=6ms saved=True
[03:40]   [capture-loop] iter=100 t=11.5s state={'complete': False, 'error': None, 'executedCount': 0, 'wsState': 1} eval_ms=4 ram=5.3/16.0GB (33%) swap=0.5/2.9GB (19%) cpu=36% browser_rss=0.65GB
[03:45]   [capture-loop] iter=150 t=17.1s state={'complete': False, 'error': None, 'executedCount': 0, 'wsState': 1} eval_ms=4 ram=5.3/16.0GB (33%) swap=0.5/2.9GB (19%) cpu=35% browser_rss=0.65GB
[03:51]   [capture-loop] iter=200 t=22.8s state={'complete': False, 'error': None, 'executedCount': 0, 'wsState': 1} eval_ms=4 ram=5.3/16.0GB (33%) swap=0.5/2.9GB (19%) cpu=34% browser_rss=0.64GB
[03:57]   [capture-loop] iter=250 t=28.5s state={'complete': False, 'error': None, 'executedCount': 0, 'wsState': 1} eval_ms=4 ram=5.2/16.0GB (33%) swap=0.5/2.9GB (19%) cpu=35% browser_rss=0.64GB
[04:02]   [capture-loop] iter=300 t=34.1s state={'complete': False, 'error': None, 'executedCount': 0, 'wsState': 1} eval_ms=4 ram=5.2/16.0GB (32%) swap=0.5/2.9GB (19%) cpu=34% browser_rss=0.64GB
[04:08]   [capture-loop] iter=350 t=39.8s state={'complete': False, 'error': None, 'executedCount': 0, 'wsState': 1} eval_ms=4 ram=5.2/16.0GB (32%) swap=0.5/2.9GB (19%) cpu=37% browser_rss=0.63GB
[04:13]   Node executed (1 total), capturing...
[04:13]   Frame 5 saved (frame_004.jpg, t=45.3s)
[04:13]   [capture-node] freeze=4ms shot=89ms unfreeze=3ms saved=True
[04:14]   [capture-loop] iter=400 t=45.7s state={'complete': False, 'error': None, 'executedCount': 1, 'wsState': 1} eval_ms=4 ram=5.2/16.0GB (32%) swap=0.5/2.9GB (19%) cpu=34% browser_rss=0.63GB
[04:14]   Node executed (2 total), capturing...
[04:14]   Frame 6 saved (frame_005.jpg, t=45.9s)
[04:14]   [capture-node] freeze=5ms shot=79ms unfreeze=0ms saved=True
[04:14]   Execution complete (t=45.9s)
[04:14]   Captured 6 unique frames over 46.05s
[04:14]   [debug] iframes: 1
[04:14]   [debug]   iframe[0]: src=http://127.0.0.1:8188/extensions/ComfyUI-GeometryPack/viewer_dual.html?v=1778239, canvas=0x0, rafFrozen=True
[04:14]   [timing] trigger_3d_previews: 0.0s
[04:16]   Saved high-quality screenshot: remeshing_executed.png
[04:16]   [timing] final_screenshot: 0.3s
[04:17] Capturing execution frames: sharpen.json
[04:22]   Frame 1 saved (frame_000.jpg, t=0.0s)
[04:22]   Validating workflow...
[04:22]   Queuing workflow for execution...
[04:23]   Node executed (1 total), capturing...
[04:23]   Frame 2 saved (frame_001.jpg, t=0.9s)
[04:23]   [capture-node] freeze=4ms shot=99ms unfreeze=5ms saved=True
[04:23]   Node executed (2 total), capturing...
[04:24]   Frame 3 saved (frame_002.jpg, t=1.3s)
[04:24]   [capture-node] freeze=385ms shot=311ms unfreeze=0ms saved=True
[04:24]   Execution complete (t=1.3s)
[04:24]   Captured 3 unique frames over 2.06s
[04:24]   [debug] iframes: 1
[04:24]   [debug]   iframe[0]: src=http://127.0.0.1:8188/extensions/ComfyUI-GeometryPack/viewer_multi.html?v=177823, canvas=244x393, rafFrozen=True
[04:24]   [timing] trigger_3d_previews: 0.0s
[04:26]   Saved high-quality screenshot: sharpen_executed.png
[04:26]   [timing] final_screenshot: 0.2s
[04:27] Capturing execution frames: side_by_side_viewer.json
[04:32]   Frame 1 saved (frame_000.jpg, t=0.0s)
[04:32]   Validating workflow...
[04:32]   Queuing workflow for execution...
[04:35]   Frame 2 saved (frame_001.jpg, t=2.3s)
[04:35]   [capture-periodic] freeze=3ms shot=86ms unfreeze=4ms saved=True
[04:37]   Frame 3 saved (frame_002.jpg, t=4.4s)
[04:37]   [capture-periodic] freeze=4ms shot=115ms unfreeze=5ms saved=True
[04:37]   Node executed (1 total), capturing...
[04:37]   Frame 4 saved (frame_003.jpg, t=5.1s)
[04:37]   [capture-node] freeze=5ms shot=96ms unfreeze=0ms saved=True
[04:37]   Execution complete (t=5.1s)
[04:37]   Captured 4 unique frames over 5.23s
[04:37]   [debug] iframes: 1
[04:37]   [debug]   iframe[0]: src=http://127.0.0.1:8188/extensions/ComfyUI-GeometryPack/viewer_dual.html?v=1778239, canvas=0x0, rafFrozen=True
[04:37]   [timing] trigger_3d_previews: 0.0s
[04:40]   Saved high-quality screenshot: side_by_side_viewer_executed.png
[04:40]   [timing] final_screenshot: 0.2s
[04:40] Capturing execution frames: skeleton_extraction.json
[04:46]   Frame 1 saved (frame_000.jpg, t=0.0s)
[04:46]   Validating workflow...
[04:46]   Queuing workflow for execution...
[04:48]   Frame 2 saved (frame_001.jpg, t=2.2s)
[04:48]   [capture-periodic] freeze=4ms shot=91ms unfreeze=5ms saved=True
[04:50]   Frame 3 saved (frame_002.jpg, t=4.4s)
[04:50]   [capture-periodic] freeze=3ms shot=93ms unfreeze=3ms saved=True
[04:51]   [capture-loop] iter=50 t=5.7s state={'complete': False, 'error': None, 'executedCount': 0, 'wsState': 1} eval_ms=4 ram=5.1/16.0GB (32%) swap=0.7/2.9GB (25%) cpu=30% browser_rss=0.70GB
[04:52]   Frame 4 saved (frame_003.jpg, t=6.6s)
[04:52]   [capture-periodic] freeze=4ms shot=93ms unfreeze=3ms saved=True
[04:52]   Node executed (1 total), capturing...
[04:53]   Frame 5 saved (frame_004.jpg, t=7.2s)
[04:53]   [capture-node] freeze=4ms shot=104ms unfreeze=0ms saved=True
[04:53]   Execution complete (t=7.2s)
[04:53]   Captured 5 unique frames over 7.32s
[04:53]   [debug] iframes: 1
[04:53]   [debug]   iframe[0]: src=http://127.0.0.1:8188/extensions/ComfyUI-GeometryPack/viewer_dual.html?v=1778239, canvas=0x0, rafFrozen=False
[04:53]   [timing] trigger_3d_previews: 0.0s
[04:55]   Saved high-quality screenshot: skeleton_extraction_executed.png
[04:55]   [timing] final_screenshot: 0.2s
[04:55] Capturing execution frames: sMOOth.json
[05:01]   Frame 1 saved (frame_000.jpg, t=0.0s)
[05:01]   Validating workflow...
[05:01]   Queuing workflow for execution...
[05:02]   Node executed (1 total), capturing...
[05:02]   Frame 2 saved (frame_001.jpg, t=0.8s)
[05:02]   [capture-node] freeze=5ms shot=265ms unfreeze=6ms saved=True
[05:02]   Node executed (2 total), capturing...
[05:02]   Frame 3 saved (frame_002.jpg, t=1.4s)
[05:02]   [capture-node] freeze=4ms shot=114ms unfreeze=0ms saved=True
[05:02]   Execution complete (t=1.4s)
[05:02]   Captured 3 unique frames over 1.55s
[05:03]   [debug] iframes: 1
[05:03]   [debug]   iframe[0]: src=http://127.0.0.1:8188/extensions/ComfyUI-GeometryPack/viewer_dual.html?v=1778239, canvas=370x485, rafFrozen=True
[05:03]   [timing] trigger_3d_previews: 0.0s
[05:05]   Saved high-quality screenshot: sMOOth_executed.png
[05:05]   [timing] final_screenshot: 0.2s
[05:05] Capturing execution frames: surface_reconstruction.json
[05:11]   Frame 1 saved (frame_000.jpg, t=0.0s)
[05:11]   Validating workflow...
[05:11]   Queuing workflow for execution...
[05:13]   Frame 2 saved (frame_001.jpg, t=2.2s)
[05:13]   [capture-periodic] freeze=4ms shot=110ms unfreeze=5ms saved=True
[05:13]   Node executed (1 total), capturing...
[05:14]   Frame 3 saved (frame_002.jpg, t=2.9s)
[05:14]   [capture-node] freeze=5ms shot=106ms unfreeze=5ms saved=True
[05:14]   Node executed (2 total), capturing...
[05:16]   Frame 4 saved (frame_003.jpg, t=3.7s)
[05:16]   [capture-node] freeze=205ms shot=1061ms unfreeze=0ms saved=True
[05:16]   Execution complete (t=3.7s)
[05:16]   Captured 4 unique frames over 4.98s
[05:16]   [debug] iframes: 1
[05:16]   [debug]   iframe[0]: src=http://127.0.0.1:8188/extensions/ComfyUI-GeometryPack/viewer_dual.html?v=1778239, canvas=370x485, rafFrozen=True
[05:16]   [timing] trigger_3d_previews: 0.0s
[05:18]   Saved high-quality screenshot: surface_reconstruction_executed.png
[05:18]   [timing] final_screenshot: 0.2s
[05:18] Capturing execution frames: test_loading.json
[05:24]   Frame 1 saved (frame_000.jpg, t=0.0s)
[05:24]   Validating workflow...
[05:24]   Queuing workflow for execution...
[05:26]   Frame 2 saved (frame_001.jpg, t=2.2s)
[05:26]   [capture-periodic] freeze=3ms shot=90ms unfreeze=4ms saved=True
[05:28]   Frame 3 saved (frame_002.jpg, t=4.4s)
[05:28]   [capture-periodic] freeze=3ms shot=81ms unfreeze=5ms saved=True
[05:30]   [capture-loop] iter=50 t=5.7s state={'complete': False, 'error': None, 'executedCount': 0, 'wsState': 1} eval_ms=4 ram=5.8/16.0GB (36%) swap=0.7/2.9GB (25%) cpu=31% browser_rss=0.70GB
[05:35]   [capture-loop] iter=100 t=11.4s state={'complete': False, 'error': None, 'executedCount': 0, 'wsState': 1} eval_ms=4 ram=5.9/16.0GB (37%) swap=0.7/2.9GB (24%) cpu=33% browser_rss=0.56GB
[05:38]   Node executed (1 total), capturing...
[05:38]   Frame 4 saved (frame_003.jpg, t=14.0s)
[05:38]   [capture-node] freeze=4ms shot=95ms unfreeze=5ms saved=True
[05:38]   Node executed (2 total), capturing...
[05:38]   Frame 5 saved (frame_004.jpg, t=14.5s)
[05:38]   [capture-node] freeze=4ms shot=90ms unfreeze=5ms saved=True
[05:42]   [capture-loop] iter=150 t=17.6s state={'complete': False, 'error': None, 'executedCount': 2, 'wsState': 1} eval_ms=6 ram=5.7/16.0GB (36%) swap=0.7/2.9GB (24%) cpu=40% browser_rss=0.56GB
[05:43]   Node executed (3 total), capturing...
[05:43]   Frame 6 saved (frame_005.jpg, t=19.3s)
[05:43]   [capture-node] freeze=5ms shot=102ms unfreeze=0ms saved=True
[05:43]   Execution complete (t=19.3s)
[05:43]   Captured 6 unique frames over 19.45s
[05:43]   [debug] iframes: 1
[05:43]   [debug]   iframe[0]: src=http://127.0.0.1:8188/extensions/ComfyUI-GeometryPack/viewer_dual.html?v=1778239, canvas=0x0, rafFrozen=True
[05:43]   [timing] trigger_3d_previews: 0.0s
[05:45]   Saved high-quality screenshot: test_loading_executed.png
[05:46]   [timing] final_screenshot: 0.2s
[05:46] Capturing execution frames: boolean_ops_all.json
[05:52]   Frame 1 saved (frame_000.jpg, t=0.0s)
[05:52]   Validating workflow...
[05:52]   Queuing workflow for execution...
[05:52]   Node executed (1 total), capturing...
[05:53]   Frame 2 saved (frame_001.jpg, t=1.0s)
[05:53]   [capture-node] freeze=4ms shot=92ms unfreeze=3ms saved=True
[05:53]   Node executed (2 total), capturing...
[05:54]   Frame 3 saved (frame_002.jpg, t=1.8s)
[05:54]   [capture-node] freeze=57ms shot=430ms unfreeze=4ms saved=True
[05:54]   Node executed (3 total), capturing...
[05:54]   [capture-node] freeze=4ms shot=146ms unfreeze=0ms saved=False
[05:54]   Execution complete (t=2.7s)
[05:54]   Captured 3 unique frames over 2.81s
[05:54]   [debug] iframes: 1
[05:54]   [debug]   iframe[0]: src=http://127.0.0.1:8188/extensions/ComfyUI-GeometryPack/viewer_multi.html?v=177823, canvas=368x393, rafFrozen=True
[05:54]   [timing] trigger_3d_previews: 0.0s
[05:57]   Saved high-quality screenshot: boolean_ops_all_executed.png
[05:57]   [timing] final_screenshot: 0.3s
[05:57] Capturing execution frames: decimate_all.json
[06:03]   Frame 1 saved (frame_000.jpg, t=0.0s)
[06:03]   Validating workflow...
[06:03]   Queuing workflow for execution...
[06:04]   Node executed (1 total), capturing...
[06:04]   Frame 2 saved (frame_001.jpg, t=1.4s)
[06:04]   [capture-node] freeze=5ms shot=97ms unfreeze=5ms saved=True
[06:06]   Node executed (2 total), capturing...
[06:06]   Frame 3 saved (frame_002.jpg, t=3.7s)
[06:06]   [capture-node] freeze=4ms shot=128ms unfreeze=5ms saved=True
[06:07]   Node executed (3 total), capturing...
[06:09]   Frame 4 saved (frame_003.jpg, t=4.6s)
[06:09]   [capture-node] freeze=1189ms shot=691ms unfreeze=5ms saved=True
[06:09]   Node executed (4 total), capturing...
[06:10]   [capture-node] freeze=5ms shot=157ms unfreeze=5ms saved=False
[06:10]   Node executed (5 total), capturing...
[06:11]   Frame 5 saved (frame_004.jpg, t=7.8s)
[06:11]   [capture-node] freeze=4ms shot=153ms unfreeze=4ms saved=True
[06:11]   Node executed (6 total), capturing...
[06:11]   Frame 6 saved (frame_005.jpg, t=8.6s)
[06:11]   [capture-node] freeze=4ms shot=212ms unfreeze=0ms saved=True
[06:11]   Execution complete (t=8.6s)
[06:13]   Captured 6 unique frames over 9.94s
[06:13]   [debug] iframes: 2
[06:13]   [debug]   iframe[0]: src=http://127.0.0.1:8188/extensions/ComfyUI-GeometryPack/viewer_multi.html?v=177823, canvas=244x393, rafFrozen=True
[06:13]   [debug]   iframe[1]: src=http://127.0.0.1:8188/extensions/ComfyUI-GeometryPack/viewer_multi.html?v=177823, canvas=244x393, rafFrozen=True
[06:13]   [timing] trigger_3d_previews: 0.0s
[06:15]   Saved high-quality screenshot: decimate_all_executed.png
[06:15]   [timing] final_screenshot: 0.3s
[06:15]   [23/33] SKIPPED (not in cpu list) fill_holes_all.json
[06:15] Capturing execution frames: fix_normals_all.json
[06:22]   Frame 1 saved (frame_000.jpg, t=0.0s)
[06:22]   Validating workflow...
[06:22]   Queuing workflow for execution...
[06:23]   Node executed (1 total), capturing...
[06:23]   Frame 2 saved (frame_001.jpg, t=1.4s)
[06:23]   [capture-node] freeze=9ms shot=126ms unfreeze=5ms saved=True
[06:23]   Node executed (3 total), capturing...
[06:24]   Frame 3 saved (frame_002.jpg, t=1.9s)
[06:24]   [capture-node] freeze=4ms shot=109ms unfreeze=4ms saved=True
[06:24]   Node executed (4 total), capturing...
[06:25]   Frame 4 saved (frame_003.jpg, t=2.2s)
[06:25]   [capture-node] freeze=38ms shot=764ms unfreeze=329ms saved=True
[06:25]   Node executed (7 total), capturing...
[06:26]   Frame 5 saved (frame_004.jpg, t=4.0s)
[06:26]   [capture-node] freeze=4ms shot=147ms unfreeze=0ms saved=True
[06:26]   Execution complete (t=4.0s)
[06:26]   Captured 5 unique frames over 4.16s
[06:26]   [debug] iframes: 2
[06:26]   [debug]   iframe[0]: src=http://127.0.0.1:8188/extensions/ComfyUI-GeometryPack/viewer_multi.html?v=177823, canvas=368x393, rafFrozen=True
[06:26]   [debug]   iframe[1]: src=http://127.0.0.1:8188/extensions/ComfyUI-GeometryPack/viewer_multi.html?v=177823, canvas=368x195, rafFrozen=True
[06:26]   [timing] trigger_3d_previews: 0.0s
[06:28]   Saved high-quality screenshot: fix_normals_all_executed.png
[06:28]   [timing] final_screenshot: 0.2s
[06:28] Capturing execution frames: reconstruct_all.json
[06:34]   Frame 1 saved (frame_000.jpg, t=0.0s)
[06:34]   Validating workflow...
[06:34]   Queuing workflow for execution...
[06:35]   Node executed (1 total), capturing...
[06:36]   Frame 2 saved (frame_001.jpg, t=1.3s)
[06:36]   [capture-node] freeze=48ms shot=228ms unfreeze=4ms saved=True
[06:38]   Node executed (2 total), capturing...
[06:38]   Frame 3 saved (frame_002.jpg, t=3.8s)
[06:38]   [capture-node] freeze=4ms shot=118ms unfreeze=5ms saved=True
[06:38]   Node executed (4 total), capturing...
[06:39]   Frame 4 saved (frame_003.jpg, t=4.2s)
[06:39]   [capture-node] freeze=15ms shot=157ms unfreeze=5ms saved=True
[06:40]   Node executed (5 total), capturing...
[06:41]   Frame 5 saved (frame_004.jpg, t=6.3s)
[06:41]   [capture-node] freeze=5ms shot=133ms unfreeze=6ms saved=True
[06:41]   Node executed (6 total), capturing...
[06:41]   Frame 6 saved (frame_005.jpg, t=7.0s)
[06:41]   [capture-node] freeze=4ms shot=129ms unfreeze=0ms saved=True
[06:41]   Execution complete (t=7.0s)
[06:41]   Captured 6 unique frames over 7.19s
[06:41]   [debug] iframes: 2
[06:41]   [debug]   iframe[0]: src=http://127.0.0.1:8188/extensions/ComfyUI-GeometryPack/viewer_vtk.html?v=17782398, canvas=486x384, rafFrozen=True
[06:41]   [debug]   iframe[1]: src=http://127.0.0.1:8188/extensions/ComfyUI-GeometryPack/viewer_multi.html?v=177823, canvas=368x195, rafFrozen=True
[06:42]   [timing] trigger_3d_previews: 1.2s
[06:45]   Saved high-quality screenshot: reconstruct_all_executed.png
[06:45]   [timing] final_screenshot: 0.2s
[06:45]   [26/33] SKIPPED (not in cpu list) remeshing_all.json
[06:45] Capturing execution frames: sharpen_all.json
[06:51]   Frame 1 saved (frame_000.jpg, t=0.0s)
[06:51]   Validating workflow...
[06:51]   Queuing workflow for execution...
[06:54]   Frame 2 saved (frame_001.jpg, t=2.3s)
[06:54]   [capture-periodic] freeze=5ms shot=116ms unfreeze=5ms saved=True
[06:56]   Frame 3 saved (frame_002.jpg, t=4.5s)
[06:56]   [capture-periodic] freeze=4ms shot=105ms unfreeze=4ms saved=True
[06:56]   Node executed (1 total), capturing...
[06:57]   Frame 4 saved (frame_003.jpg, t=5.2s)
[06:57]   [capture-node] freeze=4ms shot=120ms unfreeze=6ms saved=True
[06:57]   [capture-loop] iter=50 t=6.1s state={'complete': False, 'error': None, 'executedCount': 1, 'wsState': 1} eval_ms=4 ram=6.0/16.0GB (37%) swap=0.8/2.9GB (29%) cpu=35% browser_rss=0.81GB
[06:59]   Frame 5 saved (frame_004.jpg, t=7.5s)
[06:59]   [capture-periodic] freeze=4ms shot=142ms unfreeze=6ms saved=True
[07:03]   [capture-loop] iter=100 t=11.9s state={'complete': False, 'error': None, 'executedCount': 1, 'wsState': 1} eval_ms=5 ram=5.8/16.0GB (36%) swap=0.8/2.9GB (29%) cpu=36% browser_rss=0.67GB
[07:07]   Node executed (2 total), capturing...
[07:08]   Frame 6 saved (frame_005.jpg, t=16.3s)
[07:08]   [capture-node] freeze=5ms shot=136ms unfreeze=22ms saved=True
[07:09]   [capture-loop] iter=150 t=17.9s state={'complete': False, 'error': None, 'executedCount': 2, 'wsState': 1} eval_ms=4 ram=5.8/16.0GB (36%) swap=0.8/2.9GB (29%) cpu=36% browser_rss=0.61GB
[07:15]   [capture-loop] iter=200 t=23.6s state={'complete': False, 'error': None, 'executedCount': 2, 'wsState': 1} eval_ms=4 ram=5.8/16.0GB (36%) swap=0.8/2.9GB (29%) cpu=35% browser_rss=0.60GB
[07:17]   Node executed (3 total), capturing...
[07:17]   Frame 7 saved (frame_006.jpg, t=25.8s)
[07:17]   [capture-node] freeze=5ms shot=113ms unfreeze=6ms saved=True
[07:17]   Node executed (4 total), capturing...
[07:18]   Frame 8 saved (frame_007.jpg, t=26.4s)
[07:18]   [capture-node] freeze=4ms shot=102ms unfreeze=3ms saved=True
[07:18]   Node executed (6 total), capturing...
[07:19]   Frame 9 saved (frame_008.jpg, t=26.8s)
[07:19]   [capture-node] freeze=5ms shot=220ms unfreeze=679ms saved=True
[07:19]   Node executed (7 total), capturing...
[07:19]   Frame 10 saved (frame_009.jpg, t=28.1s)
[07:19]   [capture-node] freeze=4ms shot=145ms unfreeze=4ms saved=True
[07:22]   Frame 11 saved (frame_010.jpg, t=30.3s)
[07:22]   [capture-periodic] freeze=3ms shot=152ms unfreeze=4ms saved=True
[07:23]   [capture-loop] iter=250 t=31.5s state={'complete': False, 'error': None, 'executedCount': 7, 'wsState': 1} eval_ms=5 ram=5.8/16.0GB (36%) swap=0.8/2.9GB (29%) cpu=43% browser_rss=0.70GB
[07:28]   [capture-loop] iter=300 t=37.3s state={'complete': False, 'error': None, 'executedCount': 7, 'wsState': 1} eval_ms=4 ram=5.8/16.0GB (36%) swap=0.8/2.9GB (29%) cpu=35% browser_rss=0.69GB
[07:34]   [capture-loop] iter=350 t=43.0s state={'complete': False, 'error': None, 'executedCount': 7, 'wsState': 1} eval_ms=4 ram=5.8/16.0GB (36%) swap=0.8/2.9GB (29%) cpu=34% browser_rss=0.69GB
[07:40]   [capture-loop] iter=400 t=48.9s state={'complete': False, 'error': None, 'executedCount': 7, 'wsState': 1} eval_ms=4 ram=5.8/16.0GB (36%) swap=0.8/2.9GB (29%) cpu=36% browser_rss=0.66GB
[07:46]   [capture-loop] iter=450 t=54.6s state={'complete': False, 'error': None, 'executedCount': 7, 'wsState': 1} eval_ms=4 ram=5.8/16.0GB (36%) swap=0.8/2.9GB (29%) cpu=35% browser_rss=0.65GB
[07:51]   Node executed (8 total), capturing...
[07:51]   Frame 12 saved (frame_011.jpg, t=59.9s)
[07:51]   [capture-node] freeze=4ms shot=137ms unfreeze=3ms saved=True
[07:51]   Node executed (9 total), capturing...
[07:52]   Frame 13 saved (frame_012.jpg, t=60.4s)
[07:52]   [capture-node] freeze=5ms shot=131ms unfreeze=0ms saved=True
[07:52]   Execution complete (t=60.4s)
[07:52]   Captured 13 unique frames over 60.56s
[07:52]   [debug] iframes: 2
[07:52]   [debug]   iframe[0]: src=http://127.0.0.1:8188/extensions/ComfyUI-GeometryPack/viewer_multi.html?v=177823, canvas=368x195, rafFrozen=True
[07:52]   [debug]   iframe[1]: src=http://127.0.0.1:8188/extensions/ComfyUI-GeometryPack/viewer_multi.html?v=177823, canvas=368x195, rafFrozen=True
[07:52]   [timing] trigger_3d_previews: 0.0s
[07:55]   Saved high-quality screenshot: sharpen_all_executed.png
[07:55]   [timing] final_screenshot: 0.3s
[07:55] Capturing execution frames: skeleton_all.json
[08:01]   Frame 1 saved (frame_000.jpg, t=0.0s)
[08:01]   Validating workflow...
[08:01]   Queuing workflow for execution...
[08:04]   Frame 2 saved (frame_001.jpg, t=2.2s)
[08:04]   [capture-periodic] freeze=4ms shot=112ms unfreeze=5ms saved=True
[08:06]   Node executed (1 total), capturing...
[08:07]   Frame 3 saved (frame_002.jpg, t=4.4s)
[08:07]   [capture-node] freeze=493ms shot=368ms unfreeze=6ms saved=True
[08:07]   Node executed (2 total), capturing...
[08:07]   Frame 4 saved (frame_003.jpg, t=5.5s)
[08:07]   [capture-node] freeze=6ms shot=399ms unfreeze=0ms saved=True
[08:07]   Execution complete (t=5.5s)
[08:07]   Captured 4 unique frames over 5.97s
[08:07]   [debug] iframes: 2
[08:07]   [debug]   iframe[0]: src=http://127.0.0.1:8188/extensions/ComfyUI-GeometryPack/viewer_multi.html?v=177823, canvas=368x393, rafFrozen=True
[08:07]   [debug]   iframe[1]: src=http://127.0.0.1:8188/extensions/ComfyUI-GeometryPack/viewer_multi.html?v=177823, canvas=368x195, rafFrozen=True
[08:07]   [timing] trigger_3d_previews: 0.0s
[08:09]   Saved high-quality screenshot: skeleton_all_executed.png
[08:10]   [timing] final_screenshot: 0.2s
[08:10] Capturing execution frames: smooth_all.json
[08:15]   Frame 1 saved (frame_000.jpg, t=0.0s)
[08:15]   Validating workflow...
[08:15]   Queuing workflow for execution...
[08:16]   Node executed (1 total), capturing...
[08:16]   Frame 2 saved (frame_001.jpg, t=0.8s)
[08:16]   [capture-node] freeze=4ms shot=111ms unfreeze=9ms saved=True
[08:16]   Node executed (4 total), capturing...
[08:17]   Frame 3 saved (frame_002.jpg, t=1.2s)
[08:17]   [capture-node] freeze=18ms shot=777ms unfreeze=4ms saved=True
[08:18]   Node executed (7 total), capturing...
[08:18]   Frame 4 saved (frame_003.jpg, t=2.4s)
[08:18]   [capture-node] freeze=4ms shot=133ms unfreeze=0ms saved=True
[08:18]   Execution complete (t=2.4s)
[08:18]   Captured 4 unique frames over 2.52s
[08:18]   [debug] iframes: 2
[08:18]   [debug]   iframe[0]: src=http://127.0.0.1:8188/extensions/ComfyUI-GeometryPack/viewer_multi.html?v=177823, canvas=368x393, rafFrozen=True
[08:18]   [debug]   iframe[1]: src=http://127.0.0.1:8188/extensions/ComfyUI-GeometryPack/viewer_multi.html?v=177823, canvas=368x195, rafFrozen=True
[08:18]   [timing] trigger_3d_previews: 0.0s
[08:20]   Saved high-quality screenshot: smooth_all_executed.png
[08:20]   [timing] final_screenshot: 0.3s
[08:20]   [30/33] SKIPPED (not in cpu list) uv_unwrap_all.json
[08:21] Capturing execution frames: transform.json
[08:27]   Frame 1 saved (frame_000.jpg, t=0.0s)
[08:27]   Validating workflow...
[08:27]   Queuing workflow for execution...
[08:27]   Node executed (1 total), capturing...
[08:27]   Frame 2 saved (frame_001.jpg, t=0.5s)
[08:27]   [capture-node] freeze=17ms shot=174ms unfreeze=4ms saved=True
[08:27]   Node executed (2 total), capturing...
[08:28]   [capture-node] freeze=4ms shot=92ms unfreeze=0ms saved=False
[08:28]   Execution complete (t=1.0s)
[08:28]   Captured 2 unique frames over 1.08s
[08:28]   [debug] iframes: 1
[08:28]   [debug]   iframe[0]: src=http://127.0.0.1:8188/extensions/ComfyUI-GeometryPack/viewer_dual.html?v=1778239, canvas=742x485, rafFrozen=True
[08:28]   [timing] trigger_3d_previews: 0.0s
[08:30]   Saved high-quality screenshot: transform_executed.png
[08:30]   [timing] final_screenshot: 0.2s
[08:30] Capturing execution frames: uv_unwrap.json
[08:36]   Frame 1 saved (frame_000.jpg, t=0.0s)
[08:36]   Validating workflow...
[08:36]   Queuing workflow for execution...
[08:38]   Frame 2 saved (frame_001.jpg, t=2.2s)
[08:38]   [capture-periodic] freeze=7ms shot=110ms unfreeze=4ms saved=True
[08:40]   Frame 3 saved (frame_002.jpg, t=4.4s)
[08:40]   [capture-periodic] freeze=6ms shot=98ms unfreeze=4ms saved=True
[08:42]   [capture-loop] iter=50 t=6.0s state={'complete': False, 'error': None, 'executedCount': 0, 'wsState': 1} eval_ms=5 ram=5.5/16.0GB (34%) swap=1.1/2.9GB (40%) cpu=33% browser_rss=0.66GB
[08:42]   Node executed (1 total), capturing...
[08:43]   Frame 4 saved (frame_003.jpg, t=6.5s)
[08:43]   [capture-node] freeze=4ms shot=95ms unfreeze=4ms saved=True
[08:43]   Node executed (2 total), capturing...
[08:43]   Frame 5 saved (frame_004.jpg, t=7.1s)
[08:43]   [capture-node] freeze=5ms shot=96ms unfreeze=0ms saved=True
[08:43]   Execution complete (t=7.1s)
[08:43]   Captured 5 unique frames over 7.25s
[08:43]   [debug] iframes: 1
[08:43]   [debug]   iframe[0]: src=http://127.0.0.1:8188/extensions/ComfyUI-GeometryPack/viewer_uv.html?v=177824000, canvas=287x287, rafFrozen=True
[08:43]   [timing] trigger_3d_previews: 0.0s
[08:45]   Saved high-quality screenshot: uv_unwrap_executed.png
[08:45]   [timing] final_screenshot: 0.2s
[08:46] Capturing execution frames: view_texture.json
[08:51]   Frame 1 saved (frame_000.jpg, t=0.0s)
[08:51]   Validating workflow...
[08:51]   Queuing workflow for execution...
[08:52]   Node executed (1 total), capturing...
[08:53]   Frame 2 saved (frame_001.jpg, t=1.0s)
[08:53]   [capture-node] freeze=14ms shot=230ms unfreeze=0ms saved=True
[08:53]   Execution complete (t=1.0s)
[08:53]   Captured 2 unique frames over 1.26s
[08:53]   [debug] iframes: 1
[08:53]   [debug]   iframe[0]: src=http://127.0.0.1:8188/extensions/ComfyUI-GeometryPack/viewer_vtk_textured.html?v, canvas=221x262, rafFrozen=True
[08:53]   [timing] trigger_3d_previews: 0.0s
[08:55]   Saved high-quality screenshot: view_texture_executed.png
[08:55]   [timing] final_screenshot: 0.2s
[08:55] Results saved to D:\a\comfy-gpu-ci\comfy-gpu-ci\comfy-test-logs\GeometryPack-1124\windows-portable-cpu\results.json
[08:55] Model report: 8 files, 18.7 MB -> D:\a\comfy-gpu-ci\comfy-gpu-ci\comfy-test-logs\GeometryPack-1124\windows-portable-cpu\models.json
[08:55] Saved: D:\a\comfy-gpu-ci\comfy-gpu-ci\comfy-test-logs\GeometryPack-1124\windows-portable-cpu\index.html
[08:55] [EXECUTION] PASSED
[08:55] 
windows_portable: PASSED
