[2026-05-18 19:03:10.526] [info]  setup plugin alembic.autogenerate.schemas
setup plugin alembic.autogenerate.tables

[2026-05-18 19:03:10.530] [info]  setup plugin alembic.autogenerate.types

[2026-05-18 19:03:10.532] [info]  setup plugin alembic.autogenerate.constraints

[2026-05-18 19:03:10.533] [info]  setup plugin alembic.autogenerate.defaults
setup plugin alembic.autogenerate.comments

[2026-05-18 19:03:10.641] [info]  Could not autodetect AIMDO implementation, assuming Nvidia

[2026-05-18 19:03:10.643] [info]  comfy-aimdo unsupported operating system: Darwin

[2026-05-18 19:03:10.645] [info]  NOTE: comfy-aimdo currently only supports Windows and Linux

[2026-05-18 19:03:10.984] [info]  Adding extra search path custom_nodes /Users/runner/Documents/ComfyUI/custom_nodes
Adding extra search path download_model_base /Users/runner/Documents/ComfyUI/models
Adding extra search path custom_nodes /Users/runner/.comfy-test-cache/desktop/ComfyUI.app/Contents/Resources/ComfyUI/custom_nodes
Setting output directory to: /Users/runner/Documents/ComfyUI/output

[2026-05-18 19:03:10.989] [info]  Setting input directory to: /Users/runner/Documents/ComfyUI/input

[2026-05-18 19:03:10.992] [info]  Setting user directory to: /Users/runner/Documents/ComfyUI/user

[2026-05-18 19:03:11.482] [info]  [START] Security scan
[ComfyUI-Manager] Using uv as Python module for pip operations.

[2026-05-18 19:03:11.672] [info]  [DONE] Security scan
** ComfyUI startup time: 2026-05-18 19:03:11.671
[2026-05-18 19:03:11.675] [info]  

[2026-05-18 19:03:11.677] [info]  ** Platform: Darwin

[2026-05-18 19:03:11.678] [info]  ** Python version:
[2026-05-18 19:03:11.679] [info]   
[2026-05-18 19:03:11.680] [info]  3.12.11 (main, Aug 18 2025, 19:02:39) [Clang 20.1.4 ]
[2026-05-18 19:03:11.681] [info]  
** Python executable:
[2026-05-18 19:03:11.682] [info]   
[2026-05-18 19:03:11.686] [info]  /Users/runner/Documents/ComfyUI/.venv/bin/python
[2026-05-18 19:03:11.688] [info]  

[2026-05-18 19:03:11.693] [info]  ** ComfyUI Path:
[2026-05-18 19:03:11.695] [info]   
[2026-05-18 19:03:11.697] [info]  /Users/runner/.comfy-test-cache/desktop/ComfyUI.app/Contents/Resources/ComfyUI
[2026-05-18 19:03:11.705] [info]  

[2026-05-18 19:03:11.706] [info]  ** ComfyUI Base Folder Path: /Users/runner/.comfy-test-cache/desktop/ComfyUI.app/Contents/Resources/ComfyUI
[2026-05-18 19:03:11.708] [info]  

[2026-05-18 19:03:11.709] [info]  ** User directory:
[2026-05-18 19:03:11.711] [info]   /Users/runner/Documents/ComfyUI/user
** ComfyUI-Manager config path:
[2026-05-18 19:03:11.712] [info]   
[2026-05-18 19:03:11.713] [info]  /Users/runner/Documents/ComfyUI/user/__manager/config.ini
[2026-05-18 19:03:11.714] [info]  

[2026-05-18 19:03:11.715] [info]  ** Log path:
[2026-05-18 19:03:11.715] [info]   
[2026-05-18 19:03:11.716] [info]  /Users/runner/Documents/ComfyUI/user/comfyui.log
[2026-05-18 19:03:11.726] [info]  

[2026-05-18 19:03:11.852] [info]  [ComfyUI-Manager] Skipped fixing the 'comfyui-frontend-package' dependency because the ComfyUI is outdated.

[2026-05-18 19:03:11.854] [info]  [PRE] ComfyUI-Manager

[2026-05-18 19:03:15.774] [info]  Found comfy_kitchen backend triton: {'available': False, 'disabled': True, 'unavailable_reason': "ImportError: No module named 'triton'", 'capabilities': []}

[2026-05-18 19:03:15.777] [info]  Found comfy_kitchen backend cuda: {'available': False, 'disabled': True, 'unavailable_reason': 'Extension file not found: /Users/runner/Documents/ComfyUI/.venv/lib/python3.12/site-packages/comfy_kitchen/backends/cuda/_C.abi3.so', 'capabilities': []}

[2026-05-18 19:03:15.780] [info]  Found comfy_kitchen backend eager: {'available': True, 'disabled': False, 'unavailable_reason': None, 'capabilities': ['apply_rope', 'apply_rope1', 'dequantize_mxfp8', 'dequantize_nvfp4', 'dequantize_per_tensor_fp8', 'quantize_mxfp8', 'quantize_nvfp4', 'quantize_per_tensor_fp8', 'scaled_mm_mxfp8', 'scaled_mm_nvfp4']}

[2026-05-18 19:03:15.856] [info]  Checkpoint files will always be loaded safely.

[2026-05-18 19:03:15.916] [info]  Total VRAM 7168 MB, total RAM 7168 MB

[2026-05-18 19:03:15.921] [info]  pytorch version: 2.10.0

[2026-05-18 19:03:15.932] [info]  Mac Version (15, 7, 4)

[2026-05-18 19:03:15.938] [info]  Set vram state to: SHARED
Device: mps

[2026-05-18 19:03:16.639] [info]  Using sub quadratic optimization for attention, if you have memory or speed issues try using: --use-split-cross-attention

[2026-05-18 19:03:22.617] [info]  Python version: 3.12.11 (main, Aug 18 2025, 19:02:39) [Clang 20.1.4 ]

[2026-05-18 19:03:22.622] [info]  ComfyUI version: 0.21.1

[2026-05-18 19:03:22.624] [info]  comfy-aimdo version: 0.3.0

[2026-05-18 19:03:22.627] [info]  comfy-kitchen version: 0.2.8

[2026-05-18 19:03:22.630] [info]  [Prompt Server] web root: /Users/runner/.comfy-test-cache/desktop/ComfyUI.app/Contents/Resources/ComfyUI/web_custom_versions/desktop_app

[2026-05-18 19:03:22.632] [info]  Asset seeder disabled

[2026-05-18 19:03:22.639] [info]  [START] ComfyUI-Manager

[2026-05-18 19:03:22.844] [info]  [ComfyUI-Manager] Using GitPython backend
[2026-05-18 19:03:22.846] [info]  

[2026-05-18 19:03:22.938] [info]  [ComfyUI-Manager] network_mode: public

[2026-05-18 19:03:22.945] [info]  [ComfyUI-Manager] The matrix sharing feature has been disabled because the `matrix-nio` dependency is not installed.
	To use this feature, please run the following command:
	/Users/runner/Documents/ComfyUI/.venv/bin/python -m pip install matrix-nio


[2026-05-18 19:03:25.329] [info]  
Import times for custom nodes:

[2026-05-18 19:03:25.331] [info]     0.0 seconds: /Users/runner/.comfy-test-cache/desktop/ComfyUI.app/Contents/Resources/ComfyUI/custom_nodes/websocket_image_save.py

[2026-05-18 19:03:25.337] [info]  

[2026-05-18 19:03:25.346] [info]  Context impl SQLiteImpl.

[2026-05-18 19:03:25.355] [info]  Will assume non-transactional DDL.

[2026-05-18 19:03:25.471] [info]  Starting server


[2026-05-18 19:03:25.477] [info]  To see the GUI go to: http://127.0.0.1:8000

