[2026-05-10 22:51:37.530] [info]  setup plugin alembic.autogenerate.schemas
setup plugin alembic.autogenerate.tables
setup plugin alembic.autogenerate.types
setup plugin alembic.autogenerate.constraints
setup plugin alembic.autogenerate.defaults

[2026-05-10 22:51:37.532] [info]  setup plugin alembic.autogenerate.comments

[2026-05-10 22:51:37.582] [info]  comfy-aimdo os not supported Darwin
NOTE: comfy-aimdo is currently only support for Windows and Linux

[2026-05-10 22:51:37.692] [info]  Adding extra search path custom_nodes /Users/runner/Documents/ComfyUI/custom_nodes
Adding extra search path download_model_base /Users/runner/Documents/ComfyUI/models
Adding extra search path custom_nodes /Users/runner/.comfy-test-cache/desktop/ComfyUI.app/Contents/Resources/ComfyUI/custom_nodes
Setting output directory to: /Users/runner/Documents/ComfyUI/output

[2026-05-10 22:51:37.693] [info]  Setting input directory to: /Users/runner/Documents/ComfyUI/input
Setting user directory to: /Users/runner/Documents/ComfyUI/user

[2026-05-10 22:51:37.921] [info]  [START] Security scan
[ComfyUI-Manager] Using uv as Python module for pip operations.

[2026-05-10 22:51:38.048] [info]  [DONE] Security scan
** ComfyUI startup time: 2026-05-10 22:51:38.048
** Platform:
[2026-05-10 22:51:38.049] [info]   Darwin
** Python version: 3.12.11 (main, Aug 18 2025, 19:02:39) [Clang 20.1.4 ]
** Python executable: /Users/runner/Documents/ComfyUI/.venv/bin/python
** ComfyUI Path: /Users/runner/.comfy-test-cache/desktop/ComfyUI.app/Contents/Resources/ComfyUI
** ComfyUI Base Folder Path: /Users/runner/.comfy-test-cache/desktop/ComfyUI.app/Contents/Resources/ComfyUI
** User directory: /Users/runner/Documents/ComfyUI/user
** ComfyUI-Manager config path: /Users/runner/Documents/ComfyUI/user/__manager/config.ini
** Log path: /Users/runner/Documents/ComfyUI/user/comfyui.log

[2026-05-10 22:51:38.130] [info]  [ComfyUI-Manager] Skipped fixing the 'comfyui-frontend-package' dependency because the ComfyUI is outdated.

[2026-05-10 22:51:38.132] [info]  [PRE] ComfyUI-Manager

[2026-05-10 22:51:38.295] [error] [comfy-env] comfyui-geometrypack: 1 isolation env(s):

[2026-05-10 22:51:38.296] [error] [comfy-env]   nodes -> /Users/runner/Documents/ComfyUI/custom_nodes/comfyui-geometrypack/nodes

[2026-05-10 22:51:39.237] [error] [comfy-env] prestartup complete
[2026-05-10 22:51:39.239] [error] 

[2026-05-10 22:51:39.251] [info]  WARNING: Potential Error in code: Torch already imported, torch should never be imported before this point.

[2026-05-10 22:51:40.214] [info]  Found comfy_kitchen backend eager: {'available': True, 'disabled': False, 'unavailable_reason': None, 'capabilities': ['apply_rope', 'apply_rope1', 'dequantize_mxfp8', 'dequantize_nvfp4', 'dequantize_per_tensor_fp8', 'quantize_mxfp8', 'quantize_nvfp4', 'quantize_per_tensor_fp8', 'scaled_mm_mxfp8', 'scaled_mm_nvfp4']}
Found comfy_kitchen backend cuda: {'available': False, 'disabled': True, 'unavailable_reason': 'Extension file not found: /Users/runner/Documents/ComfyUI/.venv/lib/python3.12/site-packages/comfy_kitchen/backends/cuda/_C.abi3.so', 'capabilities': []}
Found comfy_kitchen backend triton: {'available': False, 'disabled': True, 'unavailable_reason': "ImportError: No module named 'triton'", 'capabilities': []}

[2026-05-10 22:51:40.221] [info]  Checkpoint files will always be loaded safely.

[2026-05-10 22:51:40.248] [info]  Total VRAM 7168 MB, total RAM 7168 MB
pytorch version: 2.10.0

[2026-05-10 22:51:40.251] [info]  Mac Version (15, 7, 4)

[2026-05-10 22:51:40.252] [info]  Set vram state to: SHARED
Device: mps

[2026-05-10 22:51:40.538] [info]  Using sub quadratic optimization for attention, if you have memory or speed issues try using: --use-split-cross-attention

[2026-05-10 22:51:42.665] [info]  Python version: 3.12.11 (main, Aug 18 2025, 19:02:39) [Clang 20.1.4 ]
ComfyUI version: 0.20.1

[2026-05-10 22:51:42.666] [info]  comfy-aimdo version: 0.2.14
comfy-kitchen version: 0.2.8

[2026-05-10 22:51:42.667] [info]  [Prompt Server] web root: /Users/runner/.comfy-test-cache/desktop/ComfyUI.app/Contents/Resources/ComfyUI/web_custom_versions/desktop_app

[2026-05-10 22:51:42.668] [info]  Asset seeder disabled

[2026-05-10 22:51:42.668] [info]  [START] ComfyUI-Manager

[2026-05-10 22:51:42.743] [info]  [ComfyUI-Manager] Using GitPython backend

[2026-05-10 22:51:42.773] [info]  [ComfyUI-Manager] network_mode: public

[2026-05-10 22:51:42.778] [info]  [ComfyUI-Manager] The matrix sharing feature has been disabled because the `matrix-nio` dependency is not installed.
	To use this feature, please run the following command:
	/Users/runner/Documents/ComfyUI/.venv/bin/python -m pip install matrix-nio


[2026-05-10 22:51:43.592] [info]  loading...
calling register_nodes

[2026-05-10 22:51:43.594] [error] [comfy-env] Version: 0.3.82
[2026-05-10 22:51:43.594] [error] 

[2026-05-10 22:51:43.594] [info]  [comfy-env] Removed stale socket: /var/folders/tb/y368xp_x10s3ty1b_mtl5mxr0000gn/T/comfy_worker_69efd8c81460.sock

[2026-05-10 22:51:43.631] [info]  [comfy-env] Removed stale temp dir: /var/folders/tb/y368xp_x10s3ty1b_mtl5mxr0000gn/T/comfyui_pvenv_nytn0s9r

[2026-05-10 22:51:43.725] [error] [comfy-env] register_nodes: comfyui-geometrypack

[2026-05-10 22:51:43.730] [error] [comfy-env] ComfyUI source dir: /Users/runner/.comfy-test-cache/desktop/ComfyUI.app/Contents/Resources/ComfyUI
[2026-05-10 22:51:43.731] [error] 

[2026-05-10 22:51:43.741] [error] [comfy-env] Scanning nodes metadata (isolation root)...

[2026-05-10 22:51:43.750] [error] [comfy-env] Cache hit for nodes: 125 nodes

[2026-05-10 22:51:43.751] [error] [comfy-env] Scanned nodes root: 125 nodes (0.0s)

[2026-05-10 22:51:43.752] [error] [comfy-env] Imported nodes root: 125 nodes (isolation)
[2026-05-10 22:51:43.752] [error] 
[comfy-env] Registered 125 total nodes

[2026-05-10 22:51:43.754] [info]  
Import times for custom nodes:
   0.0 seconds: /Users/runner/.comfy-test-cache/desktop/ComfyUI.app/Contents/Resources/ComfyUI/custom_nodes/websocket_image_save.py

[2026-05-10 22:51:43.755] [info]     0.2 seconds: /Users/runner/Documents/ComfyUI/custom_nodes/comfyui-geometrypack


[2026-05-10 22:51:43.758] [info]  Context impl SQLiteImpl.
Will assume non-transactional DDL.

[2026-05-10 22:51:43.797] [info]  Starting server


[2026-05-10 22:51:43.798] [info]  To see the GUI go to: http://127.0.0.1:8000

[2026-05-10 22:51:45.102] [info]  [ComfyUI-Manager] The ComfyRegistry cache update is still in progress, so an outdated cache is being used.

[2026-05-10 22:51:45.187] [info]  FETCH DATA from: /Users/runner/Documents/ComfyUI/.venv/lib/python3.12/site-packages/comfyui_manager/custom-node-list.json
[2026-05-10 22:51:45.204] [info]   [DONE]

[2026-05-10 22:51:46.770] [info]  [ComfyUI-Manager] The ComfyRegistry cache update is still in progress, so an outdated cache is being used.

[2026-05-10 22:51:46.815] [info]  FETCH DATA from: /Users/runner/Documents/ComfyUI/.venv/lib/python3.12/site-packages/comfyui_manager/custom-node-list.json
[2026-05-10 22:51:46.831] [info]   [DONE]

