[2026-05-10 03:52:46.294] [info]  setup plugin alembic.autogenerate.schemas

[2026-05-10 03:52:46.296] [info]  setup plugin alembic.autogenerate.tables

[2026-05-10 03:52:46.299] [info]  setup plugin alembic.autogenerate.types

[2026-05-10 03:52:46.301] [info]  setup plugin alembic.autogenerate.constraints
setup plugin alembic.autogenerate.defaults

[2026-05-10 03:52:46.303] [info]  setup plugin alembic.autogenerate.comments

[2026-05-10 03:52:46.411] [info]  comfy-aimdo os not supported Darwin

[2026-05-10 03:52:46.412] [info]  NOTE: comfy-aimdo is currently only support for Windows and Linux

[2026-05-10 03:52:46.628] [info]  Adding extra search path custom_nodes /Users/runner/Documents/ComfyUI/custom_nodes

[2026-05-10 03:52:46.631] [info]  Adding extra search path download_model_base /Users/runner/Documents/ComfyUI/models

[2026-05-10 03:52:46.634] [info]  Adding extra search path custom_nodes /Users/runner/.comfy-test-cache/desktop/ComfyUI.app/Contents/Resources/ComfyUI/custom_nodes

[2026-05-10 03:52:46.636] [info]  Setting output directory to: /Users/runner/Documents/ComfyUI/output
Setting input directory to: /Users/runner/Documents/ComfyUI/input
Setting user directory to: /Users/runner/Documents/ComfyUI/user

[2026-05-10 03:52:47.090] [info]  [START] Security scan
[ComfyUI-Manager] Using uv as Python module for pip operations.

[2026-05-10 03:52:47.306] [info]  [DONE] Security scan
** ComfyUI startup time:
[2026-05-10 03:52:47.315] [info]   2026-05-10 03:52:47.304

[2026-05-10 03:52:47.317] [info]  ** Platform: 
[2026-05-10 03:52:47.320] [info]  Darwin
** Python version: 3.12.11 (main, Aug 18 2025, 19:02:39) [Clang 20.1.4 ]
** Python executable: /Users/runner/Documents/ComfyUI/.venv/bin/python
** ComfyUI Path: /Users/runner/.comfy-test-cache/desktop/ComfyUI.app/Contents/Resources/ComfyUI
** ComfyUI Base Folder Path: /Users/runner/.comfy-test-cache/desktop/ComfyUI.app/Contents/Resources/ComfyUI
** User directory: /Users/runner/Documents/ComfyUI/user
** ComfyUI-Manager config path: /Users/runner/Documents/ComfyUI/user/__manager/config.ini
** Log path: /Users/runner/Documents/ComfyUI/user/comfyui.log

[2026-05-10 03:52:47.581] [info]  [ComfyUI-Manager] Skipped fixing the 'comfyui-frontend-package' dependency because the ComfyUI is outdated.

[2026-05-10 03:52:47.584] [info]  [PRE] ComfyUI-Manager

[2026-05-10 03:52:47.899] [error] [comfy-env] comfyui-geometrypack: 1 isolation env(s):
[2026-05-10 03:52:47.901] [error] 

[2026-05-10 03:52:47.902] [error] [comfy-env]   nodes -> /Users/runner/Documents/ComfyUI/custom_nodes/comfyui-geometrypack/nodes
[2026-05-10 03:52:47.903] [error] 

[2026-05-10 03:52:49.499] [error] [comfy-env] prestartup complete
[2026-05-10 03:52:49.501] [error] 

[2026-05-10 03:52:49.531] [info]  WARNING: Potential Error in code: Torch already imported, torch should never be imported before this point.

[2026-05-10 03:52:51.221] [info]  Found comfy_kitchen backend triton: {'available': False, 'disabled': True, 'unavailable_reason': "ImportError: No module named 'triton'", 'capabilities': []}

[2026-05-10 03:52:51.227] [info]  Found comfy_kitchen backend eager: {'available': True, 'disabled': False, 'unavailable_reason': None, 'capabilities': ['apply_rope', 'apply_rope1', 'dequantize_mxfp8', 'dequantize_nvfp4', 'dequantize_per_tensor_fp8', 'quantize_mxfp8', 'quantize_nvfp4', 'quantize_per_tensor_fp8', 'scaled_mm_mxfp8', 'scaled_mm_nvfp4']}

[2026-05-10 03:52:51.230] [info]  Found comfy_kitchen backend cuda: {'available': False, 'disabled': True, 'unavailable_reason': 'Extension file not found: /Users/runner/Documents/ComfyUI/.venv/lib/python3.12/site-packages/comfy_kitchen/backends/cuda/_C.abi3.so', 'capabilities': []}

[2026-05-10 03:52:51.239] [info]  Checkpoint files will always be loaded safely.

[2026-05-10 03:52:51.354] [info]  Total VRAM 7168 MB, total RAM 7168 MB

[2026-05-10 03:52:51.365] [info]  pytorch version: 2.10.0

[2026-05-10 03:52:51.381] [info]  Mac Version (15, 7, 4)

[2026-05-10 03:52:51.385] [info]  Set vram state to: SHARED

[2026-05-10 03:52:51.388] [info]  Device: mps

[2026-05-10 03:52:52.017] [info]  Using sub quadratic optimization for attention, if you have memory or speed issues try using: --use-split-cross-attention

[2026-05-10 03:52:56.265] [info]  Python version: 3.12.11 (main, Aug 18 2025, 19:02:39) [Clang 20.1.4 ]

[2026-05-10 03:52:56.269] [info]  ComfyUI version: 0.20.1

[2026-05-10 03:52:56.271] [info]  comfy-aimdo version: 0.2.14

[2026-05-10 03:52:56.273] [info]  comfy-kitchen version: 0.2.8

[2026-05-10 03:52:56.283] [info]  [Prompt Server] web root: /Users/runner/.comfy-test-cache/desktop/ComfyUI.app/Contents/Resources/ComfyUI/web_custom_versions/desktop_app

[2026-05-10 03:52:56.286] [info]  Asset seeder disabled

[2026-05-10 03:52:56.288] [info]  [START] ComfyUI-Manager

[2026-05-10 03:52:56.567] [info]  [ComfyUI-Manager] Using GitPython backend

[2026-05-10 03:52:56.661] [info]  [ComfyUI-Manager] network_mode: public

[2026-05-10 03:52:56.667] [info]  [ComfyUI-Manager] The matrix sharing feature has been disabled because the `matrix-nio` dependency is not installed.
	To use this feature, please run the following command:
	/Users/runner/Documents/ComfyUI/.venv/bin/python -m pip install matrix-nio


[2026-05-10 03:52:58.706] [info]  loading...

[2026-05-10 03:52:58.712] [info]  calling register_nodes

[2026-05-10 03:52:58.720] [error] [comfy-env] Version: 0.3.78
[2026-05-10 03:52:58.723] [error] 

[2026-05-10 03:52:59.132] [error] [comfy-env] register_nodes: comfyui-geometrypack
[2026-05-10 03:52:59.135] [error] 

[2026-05-10 03:52:59.215] [error] [comfy-env] ComfyUI source dir: /Users/runner/.comfy-test-cache/desktop/ComfyUI.app/Contents/Resources/ComfyUI
[2026-05-10 03:52:59.218] [error] 

[2026-05-10 03:52:59.253] [error] [comfy-env] Scanning nodes metadata (isolation root)...
[2026-05-10 03:52:59.255] [error] 

[2026-05-10 03:52:59.298] [error] [comfy-env] Cache hit for nodes: 125 nodes
[2026-05-10 03:52:59.300] [error] 

[2026-05-10 03:52:59.302] [error] [comfy-env] Scanned nodes root: 125 nodes (0.0s)
[2026-05-10 03:52:59.304] [error] 

[2026-05-10 03:52:59.317] [error] [comfy-env] Imported nodes root: 125 nodes (isolation)
[2026-05-10 03:52:59.320] [error] 

[2026-05-10 03:52:59.321] [error] [comfy-env] Registered 125 total nodes
[2026-05-10 03:52:59.323] [error] 

[2026-05-10 03:52:59.337] [info]  
Import times for custom nodes:

[2026-05-10 03:52:59.339] [info]     0.0 seconds: /Users/runner/.comfy-test-cache/desktop/ComfyUI.app/Contents/Resources/ComfyUI/custom_nodes/websocket_image_save.py

[2026-05-10 03:52:59.347] [info]     0.6 seconds: /Users/runner/Documents/ComfyUI/custom_nodes/comfyui-geometrypack


[2026-05-10 03:52:59.367] [info]  Context impl SQLiteImpl.

[2026-05-10 03:52:59.369] [info]  Will assume non-transactional DDL.

[2026-05-10 03:52:59.479] [info]  Starting server


[2026-05-10 03:52:59.482] [info]  To see the GUI go to: http://127.0.0.1:8000

[2026-05-10 03:53:00.834] [info]  [ComfyUI-Manager] The ComfyRegistry cache update is still in progress, so an outdated cache is being used.

[2026-05-10 03:53:00.905] [info]  FETCH DATA from: /Users/runner/Documents/ComfyUI/.venv/lib/python3.12/site-packages/comfyui_manager/custom-node-list.json
[2026-05-10 03:53:00.935] [info]   [DONE]

[2026-05-10 03:53:03.001] [info]  [ComfyUI-Manager] The ComfyRegistry cache update is still in progress, so an outdated cache is being used.

[2026-05-10 03:53:03.050] [info]  FETCH DATA from: /Users/runner/Documents/ComfyUI/.venv/lib/python3.12/site-packages/comfyui_manager/custom-node-list.json
[2026-05-10 03:53:03.068] [info]   [DONE]

