[2026-05-10 03:57:33.517] [info]  setup plugin alembic.autogenerate.schemas

[2026-05-10 03:57:33.520] [info]  setup plugin alembic.autogenerate.tables

[2026-05-10 03:57:33.521] [info]  setup plugin alembic.autogenerate.types

[2026-05-10 03:57:33.539] [info]  setup plugin alembic.autogenerate.constraints

[2026-05-10 03:57:33.544] [info]  setup plugin alembic.autogenerate.defaults

[2026-05-10 03:57:33.546] [info]  setup plugin alembic.autogenerate.comments

[2026-05-10 03:57:33.654] [info]  comfy-aimdo os not supported Darwin
NOTE: comfy-aimdo is currently only support for Windows and Linux

[2026-05-10 03:57:33.939] [info]  Adding extra search path custom_nodes /Users/runner/Documents/ComfyUI/custom_nodes
Adding extra search path download_model_base /Users/runner/Documents/ComfyUI/models

[2026-05-10 03:57:33.946] [info]  Adding extra search path custom_nodes /Users/runner/.comfy-test-cache/desktop/ComfyUI.app/Contents/Resources/ComfyUI/custom_nodes
Setting output directory to: /Users/runner/Documents/ComfyUI/output
Setting input directory to: /Users/runner/Documents/ComfyUI/input
Setting user directory to: /Users/runner/Documents/ComfyUI/user

[2026-05-10 03:57:34.853] [info]  [START] Security scan
[ComfyUI-Manager] Using uv as Python module for pip operations.

[2026-05-10 03:57:35.062] [info]  [DONE] Security scan
** ComfyUI startup time:
[2026-05-10 03:57:35.065] [info]   
[2026-05-10 03:57:35.066] [info]  2026-05-10 03:57:35.061
[2026-05-10 03:57:35.068] [info]  

[2026-05-10 03:57:35.068] [info]  ** Platform: 
[2026-05-10 03:57:35.069] [info]  Darwin
[2026-05-10 03:57:35.070] [info]  
** Python version:
[2026-05-10 03:57:35.071] [info]   3.12.11 (main, Aug 18 2025, 19:02:39) [Clang 20.1.4 ]
[2026-05-10 03:57:35.072] [info]  

[2026-05-10 03:57:35.073] [info]  ** Python executable:
[2026-05-10 03:57:35.078] [info]   
[2026-05-10 03:57:35.082] [info]  /Users/runner/Documents/ComfyUI/.venv/bin/python
[2026-05-10 03:57:35.087] [info]  

[2026-05-10 03:57:35.090] [info]  ** ComfyUI Path:
[2026-05-10 03:57:35.095] [info]   
[2026-05-10 03:57:35.098] [info]  /Users/runner/.comfy-test-cache/desktop/ComfyUI.app/Contents/Resources/ComfyUI
[2026-05-10 03:57:35.099] [info]  

[2026-05-10 03:57:35.100] [info]  ** ComfyUI Base Folder Path:
[2026-05-10 03:57:35.101] [info]   
[2026-05-10 03:57:35.102] [info]  /Users/runner/.comfy-test-cache/desktop/ComfyUI.app/Contents/Resources/ComfyUI
[2026-05-10 03:57:35.103] [info]  
** User directory: 
[2026-05-10 03:57:35.104] [info]  /Users/runner/Documents/ComfyUI/user

[2026-05-10 03:57:35.108] [info]  ** ComfyUI-Manager config path:
[2026-05-10 03:57:35.112] [info]   
[2026-05-10 03:57:35.115] [info]  /Users/runner/Documents/ComfyUI/user/__manager/config.ini
[2026-05-10 03:57:35.116] [info]  

[2026-05-10 03:57:35.117] [info]  ** Log path:
[2026-05-10 03:57:35.118] [info]   
[2026-05-10 03:57:35.119] [info]  /Users/runner/Documents/ComfyUI/user/comfyui.log
[2026-05-10 03:57:35.120] [info]  

[2026-05-10 03:57:35.287] [info]  [ComfyUI-Manager] Skipped fixing the 'comfyui-frontend-package' dependency because the ComfyUI is outdated.

[2026-05-10 03:57:35.294] [info]  [PRE] ComfyUI-Manager

[2026-05-10 03:57:35.671] [error] [comfy-env] comfyui-geometrypack: 1 isolation env(s):
[2026-05-10 03:57:35.678] [error] 

[2026-05-10 03:57:35.681] [error] [comfy-env]   nodes -> /Users/runner/Documents/ComfyUI/custom_nodes/comfyui-geometrypack/nodes
[2026-05-10 03:57:35.683] [error] 

[2026-05-10 03:57:37.601] [error] [comfy-env] prestartup complete
[2026-05-10 03:57:37.603] [error] 

[2026-05-10 03:57:37.634] [info]  WARNING: Potential Error in code: Torch already imported, torch should never be imported before this point.

[2026-05-10 03:57:39.294] [info]  Found comfy_kitchen backend triton: {'available': False, 'disabled': True, 'unavailable_reason': "ImportError: No module named 'triton'", 'capabilities': []}

[2026-05-10 03:57:39.296] [info]  Found comfy_kitchen backend cuda: {'available': False, 'disabled': True, 'unavailable_reason': 'Extension file not found: /Users/runner/Documents/ComfyUI/.venv/lib/python3.12/site-packages/comfy_kitchen/backends/cuda/_C.abi3.so', 'capabilities': []}

[2026-05-10 03:57:39.300] [info]  Found comfy_kitchen backend eager: {'available': True, 'disabled': False, 'unavailable_reason': None, 'capabilities': ['apply_rope', 'apply_rope1', 'dequantize_mxfp8', 'dequantize_nvfp4', 'dequantize_per_tensor_fp8', 'quantize_mxfp8', 'quantize_nvfp4', 'quantize_per_tensor_fp8', 'scaled_mm_mxfp8', 'scaled_mm_nvfp4']}

[2026-05-10 03:57:39.354] [info]  Checkpoint files will always be loaded safely.

[2026-05-10 03:57:39.426] [info]  Total VRAM 7168 MB, total RAM 7168 MB

[2026-05-10 03:57:39.429] [info]  pytorch version: 2.10.0

[2026-05-10 03:57:39.435] [info]  Mac Version (15, 7, 4)

[2026-05-10 03:57:39.437] [info]  Set vram state to: SHARED

[2026-05-10 03:57:39.445] [info]  Device: mps

[2026-05-10 03:57:40.159] [info]  Using sub quadratic optimization for attention, if you have memory or speed issues try using: --use-split-cross-attention

[2026-05-10 03:57:43.850] [info]  Python version: 3.12.11 (main, Aug 18 2025, 19:02:39) [Clang 20.1.4 ]

[2026-05-10 03:57:43.852] [info]  ComfyUI version: 0.20.1

[2026-05-10 03:57:43.854] [info]  comfy-aimdo version: 0.2.14

[2026-05-10 03:57:43.855] [info]  comfy-kitchen version: 0.2.8

[2026-05-10 03:57:43.863] [info]  [Prompt Server] web root: /Users/runner/.comfy-test-cache/desktop/ComfyUI.app/Contents/Resources/ComfyUI/web_custom_versions/desktop_app

[2026-05-10 03:57:43.868] [info]  Asset seeder disabled

[2026-05-10 03:57:43.870] [info]  [START] ComfyUI-Manager

[2026-05-10 03:57:44.036] [info]  [ComfyUI-Manager] Using GitPython backend
[2026-05-10 03:57:44.038] [info]  

[2026-05-10 03:57:44.134] [info]  [ComfyUI-Manager] network_mode: public

[2026-05-10 03:57:44.149] [info]  [ComfyUI-Manager] The matrix sharing feature has been disabled because the `matrix-nio` dependency is not installed.
	To use this feature, please run the following command:
	/Users/runner/Documents/ComfyUI/.venv/bin/python -m pip install matrix-nio


[2026-05-10 03:57:46.087] [info]  loading...

[2026-05-10 03:57:46.092] [info]  calling register_nodes

[2026-05-10 03:57:46.100] [error] [comfy-env] Version: 0.3.78
[2026-05-10 03:57:46.101] [error] 

[2026-05-10 03:57:46.103] [info]  [comfy-env] Removed stale socket: /var/folders/tb/y368xp_x10s3ty1b_mtl5mxr0000gn/T/comfy_worker_bbc5d22c9204.sock
[2026-05-10 03:57:46.104] [info]  

[2026-05-10 03:57:46.206] [info]  [comfy-env] Removed stale temp dir: /var/folders/tb/y368xp_x10s3ty1b_mtl5mxr0000gn/T/comfyui_pvenv_tpz6nh2i
[2026-05-10 03:57:46.211] [info]  

[2026-05-10 03:57:46.431] [error] [comfy-env] register_nodes: comfyui-geometrypack
[2026-05-10 03:57:46.433] [error] 

[2026-05-10 03:57:46.502] [error] [comfy-env] ComfyUI source dir: /Users/runner/.comfy-test-cache/desktop/ComfyUI.app/Contents/Resources/ComfyUI
[2026-05-10 03:57:46.504] [error] 

[2026-05-10 03:57:46.545] [error] [comfy-env] Scanning nodes metadata (isolation root)...
[2026-05-10 03:57:46.548] [error] 

[2026-05-10 03:57:46.572] [error] [comfy-env] Cache hit for nodes: 125 nodes
[2026-05-10 03:57:46.582] [error] 

[2026-05-10 03:57:46.584] [error] [comfy-env] Scanned nodes root: 125 nodes (0.0s)
[2026-05-10 03:57:46.585] [error] 

[2026-05-10 03:57:46.601] [error] [comfy-env] Imported nodes root: 125 nodes (isolation)
[2026-05-10 03:57:46.603] [error] 

[2026-05-10 03:57:46.605] [error] [comfy-env] Registered 125 total nodes
[2026-05-10 03:57:46.616] [error] 

[2026-05-10 03:57:46.622] [info]  
Import times for custom nodes:

[2026-05-10 03:57:46.633] [info]     0.0 seconds: /Users/runner/.comfy-test-cache/desktop/ComfyUI.app/Contents/Resources/ComfyUI/custom_nodes/websocket_image_save.py

[2026-05-10 03:57:46.635] [info]     0.5 seconds: /Users/runner/Documents/ComfyUI/custom_nodes/comfyui-geometrypack

[2026-05-10 03:57:46.637] [info]  

[2026-05-10 03:57:46.651] [info]  Context impl SQLiteImpl.
Will assume non-transactional DDL.

[2026-05-10 03:57:46.753] [info]  Starting server


[2026-05-10 03:57:46.754] [info]  To see the GUI go to: http://127.0.0.1:8000

[2026-05-10 03:57:47.809] [info]  [ComfyUI-Manager] The ComfyRegistry cache update is still in progress, so an outdated cache is being used.

[2026-05-10 03:57:47.859] [info]  FETCH DATA from: /Users/runner/Documents/ComfyUI/.venv/lib/python3.12/site-packages/comfyui_manager/custom-node-list.json
[2026-05-10 03:57:47.882] [info]   [DONE]

[2026-05-10 03:57:49.870] [info]  [ComfyUI-Manager] The ComfyRegistry cache update is still in progress, so an outdated cache is being used.

[2026-05-10 03:57:49.922] [info]  FETCH DATA from: /Users/runner/Documents/ComfyUI/.venv/lib/python3.12/site-packages/comfyui_manager/custom-node-list.json
[2026-05-10 03:57:49.938] [info]   [DONE]

