[2026-05-18 19:02:27.515] [info]  setup plugin alembic.autogenerate.schemas

[2026-05-18 19:02:27.525] [info]  setup plugin alembic.autogenerate.tables

[2026-05-18 19:02:27.529] [info]  setup plugin alembic.autogenerate.types
setup plugin alembic.autogenerate.constraints
setup plugin alembic.autogenerate.defaults
setup plugin alembic.autogenerate.comments

[2026-05-18 19:02:27.731] [info]  Could not autodetect AIMDO implementation, assuming Nvidia
comfy-aimdo unsupported operating system: Darwin

[2026-05-18 19:02:27.740] [info]  NOTE: comfy-aimdo currently only supports Windows and Linux

[2026-05-18 19:02:28.108] [info]  Adding extra search path custom_nodes /Users/runner/Documents/ComfyUI/custom_nodes
Adding extra search path download_model_base /Users/runner/Documents/ComfyUI/models

[2026-05-18 19:02:28.111] [info]  Adding extra search path custom_nodes /Users/runner/.comfy-test-cache/desktop/ComfyUI.app/Contents/Resources/ComfyUI/custom_nodes
Setting output directory to: /Users/runner/Documents/ComfyUI/output
Setting input directory to: /Users/runner/Documents/ComfyUI/input
Setting user directory to: /Users/runner/Documents/ComfyUI/user

[2026-05-18 19:02:29.671] [info]  [START] Security scan
[ComfyUI-Manager] Using uv as Python module for pip operations.

[2026-05-18 19:02:30.038] [info]  [DONE] Security scan
** ComfyUI startup time: 2026-05-18 19:02:30.037
** Platform: 
[2026-05-18 19:02:30.041] [info]  Darwin

[2026-05-18 19:02:30.044] [info]  ** Python version:
[2026-05-18 19:02:30.047] [info]   3.12.11 (main, Aug 18 2025, 19:02:39) [Clang 20.1.4 ]
** Python executable: 
[2026-05-18 19:02:30.048] [info]  /Users/runner/Documents/ComfyUI/.venv/bin/python
** ComfyUI Path:
[2026-05-18 19:02:30.055] [info]   
[2026-05-18 19:02:30.060] [info]  /Users/runner/.comfy-test-cache/desktop/ComfyUI.app/Contents/Resources/ComfyUI
[2026-05-18 19:02:30.077] [info]  

[2026-05-18 19:02:30.082] [info]  ** ComfyUI Base Folder Path:
[2026-05-18 19:02:30.083] [info]   
[2026-05-18 19:02:30.091] [info]  /Users/runner/.comfy-test-cache/desktop/ComfyUI.app/Contents/Resources/ComfyUI

[2026-05-18 19:02:30.093] [info]  ** User directory:
[2026-05-18 19:02:30.095] [info]   
[2026-05-18 19:02:30.096] [info]  /Users/runner/Documents/ComfyUI/user
[2026-05-18 19:02:30.097] [info]  
** ComfyUI-Manager config path: /Users/runner/Documents/ComfyUI/user/__manager/config.ini
** Log path: /Users/runner/Documents/ComfyUI/user/comfyui.log

[2026-05-18 19:02:30.328] [info]  [ComfyUI-Manager] Skipped fixing the 'comfyui-frontend-package' dependency because the ComfyUI is outdated.

[2026-05-18 19:02:30.331] [info]  [PRE] ComfyUI-Manager

[2026-05-18 19:02:34.954] [info]  Found comfy_kitchen backend triton: {'available': False, 'disabled': True, 'unavailable_reason': "ImportError: No module named 'triton'", 'capabilities': []}

[2026-05-18 19:02:34.958] [info]  Found comfy_kitchen backend eager: {'available': True, 'disabled': False, 'unavailable_reason': None, 'capabilities': ['apply_rope', 'apply_rope1', 'dequantize_mxfp8', 'dequantize_nvfp4', 'dequantize_per_tensor_fp8', 'quantize_mxfp8', 'quantize_nvfp4', 'quantize_per_tensor_fp8', 'scaled_mm_mxfp8', 'scaled_mm_nvfp4']}

[2026-05-18 19:02:34.960] [info]  Found comfy_kitchen backend cuda: {'available': False, 'disabled': True, 'unavailable_reason': 'Extension file not found: /Users/runner/Documents/ComfyUI/.venv/lib/python3.12/site-packages/comfy_kitchen/backends/cuda/_C.abi3.so', 'capabilities': []}

[2026-05-18 19:02:35.043] [info]  Checkpoint files will always be loaded safely.

[2026-05-18 19:02:35.142] [info]  Total VRAM 7168 MB, total RAM 7168 MB

[2026-05-18 19:02:35.144] [info]  pytorch version: 2.10.0

[2026-05-18 19:02:35.158] [info]  Mac Version (15, 7, 4)

[2026-05-18 19:02:35.160] [info]  Set vram state to: SHARED

[2026-05-18 19:02:35.162] [info]  Device: mps

[2026-05-18 19:02:35.723] [info]  Using sub quadratic optimization for attention, if you have memory or speed issues try using: --use-split-cross-attention

[2026-05-18 19:02:40.180] [info]  Python version: 3.12.11 (main, Aug 18 2025, 19:02:39) [Clang 20.1.4 ]

[2026-05-18 19:02:40.182] [info]  ComfyUI version: 0.21.1

[2026-05-18 19:02:40.189] [info]  comfy-aimdo version: 0.3.0

[2026-05-18 19:02:40.193] [info]  comfy-kitchen version: 0.2.8

[2026-05-18 19:02:40.196] [info]  [Prompt Server] web root: /Users/runner/.comfy-test-cache/desktop/ComfyUI.app/Contents/Resources/ComfyUI/web_custom_versions/desktop_app

[2026-05-18 19:02:40.198] [info]  Asset seeder disabled

[2026-05-18 19:02:40.199] [info]  [START] ComfyUI-Manager

[2026-05-18 19:02:40.356] [info]  [ComfyUI-Manager] Using GitPython backend

[2026-05-18 19:02:40.448] [info]  [ComfyUI-Manager] network_mode: public

[2026-05-18 19:02:40.460] [info]  [ComfyUI-Manager] The matrix sharing feature has been disabled because the `matrix-nio` dependency is not installed.
	To use this feature, please run the following command:
	/Users/runner/Documents/ComfyUI/.venv/bin/python -m pip install matrix-nio


[2026-05-18 19:02:42.615] [info]  
Import times for custom nodes:

[2026-05-18 19:02:42.621] [info]     0.0 seconds: /Users/runner/.comfy-test-cache/desktop/ComfyUI.app/Contents/Resources/ComfyUI/custom_nodes/websocket_image_save.py


[2026-05-18 19:02:42.632] [info]  Context impl SQLiteImpl.

[2026-05-18 19:02:42.644] [info]  Will assume non-transactional DDL.

[2026-05-18 19:02:42.840] [info]  Starting server


[2026-05-18 19:02:42.843] [info]  To see the GUI go to: http://127.0.0.1:8000

