[2026-05-10 03:43:07.953] [info]  setup plugin alembic.autogenerate.schemas
setup plugin alembic.autogenerate.tables

[2026-05-10 03:43:07.965] [info]  setup plugin alembic.autogenerate.types

[2026-05-10 03:43:07.977] [info]  setup plugin alembic.autogenerate.constraints

[2026-05-10 03:43:07.980] [info]  setup plugin alembic.autogenerate.defaults

[2026-05-10 03:43:07.983] [info]  setup plugin alembic.autogenerate.comments

[2026-05-10 03:43:08.079] [info]  comfy-aimdo os not supported Darwin

[2026-05-10 03:43:08.082] [info]  NOTE: comfy-aimdo is currently only support for Windows and Linux

[2026-05-10 03:43:08.295] [info]  Adding extra search path custom_nodes /Users/runner/Documents/ComfyUI/custom_nodes

[2026-05-10 03:43:08.298] [info]  Adding extra search path download_model_base /Users/runner/Documents/ComfyUI/models
Adding extra search path custom_nodes /Users/runner/.comfy-test-cache/desktop/ComfyUI.app/Contents/Resources/ComfyUI/custom_nodes
Setting output directory to: /Users/runner/Documents/ComfyUI/output
Setting input directory to: /Users/runner/Documents/ComfyUI/input

[2026-05-10 03:43:08.301] [info]  Setting user directory to: /Users/runner/Documents/ComfyUI/user

[2026-05-10 03:43:08.730] [info]  [START] Security scan
[ComfyUI-Manager] Using uv as Python module for pip operations.

[2026-05-10 03:43:08.880] [info]  [DONE] Security scan
** ComfyUI startup time:
[2026-05-10 03:43:08.882] [info]   
[2026-05-10 03:43:08.884] [info]  2026-05-10 03:43:08.880
[2026-05-10 03:43:08.885] [info]  

[2026-05-10 03:43:08.886] [info]  ** Platform:
[2026-05-10 03:43:08.886] [info]   
[2026-05-10 03:43:08.887] [info]  Darwin
[2026-05-10 03:43:08.888] [info]  

[2026-05-10 03:43:08.890] [info]  ** Python version:
[2026-05-10 03:43:08.894] [info]   
[2026-05-10 03:43:08.897] [info]  3.12.11 (main, Aug 18 2025, 19:02:39) [Clang 20.1.4 ]
[2026-05-10 03:43:08.900] [info]  

[2026-05-10 03:43:08.901] [info]  ** Python executable:
[2026-05-10 03:43:08.902] [info]   
[2026-05-10 03:43:08.902] [info]  /Users/runner/Documents/ComfyUI/.venv/bin/python
[2026-05-10 03:43:08.903] [info]  

[2026-05-10 03:43:08.904] [info]  ** ComfyUI Path:
[2026-05-10 03:43:08.904] [info]   
[2026-05-10 03:43:08.905] [info]  /Users/runner/.comfy-test-cache/desktop/ComfyUI.app/Contents/Resources/ComfyUI
[2026-05-10 03:43:08.913] [info]  

[2026-05-10 03:43:08.914] [info]  ** ComfyUI Base Folder Path: /Users/runner/.comfy-test-cache/desktop/ComfyUI.app/Contents/Resources/ComfyUI
[2026-05-10 03:43:08.916] [info]  

[2026-05-10 03:43:08.917] [info]  ** User directory: /Users/runner/Documents/ComfyUI/user

[2026-05-10 03:43:08.917] [info]  ** ComfyUI-Manager config path:
[2026-05-10 03:43:08.918] [info]   
[2026-05-10 03:43:08.919] [info]  /Users/runner/Documents/ComfyUI/user/__manager/config.ini
[2026-05-10 03:43:08.921] [info]  

[2026-05-10 03:43:08.921] [info]  ** Log path: 
[2026-05-10 03:43:08.922] [info]  /Users/runner/Documents/ComfyUI/user/comfyui.log
[2026-05-10 03:43:08.932] [info]  

[2026-05-10 03:43:09.138] [info]  [ComfyUI-Manager] Skipped fixing the 'comfyui-frontend-package' dependency because the ComfyUI is outdated.

[2026-05-10 03:43:09.144] [info]  [PRE] ComfyUI-Manager

[2026-05-10 03:43:09.534] [error] [comfy-env] comfyui-geometrypack: 1 isolation env(s):
[2026-05-10 03:43:09.536] [error] 

[2026-05-10 03:43:09.537] [error] [comfy-env]   nodes -> /Users/runner/Documents/ComfyUI/custom_nodes/comfyui-geometrypack/nodes
[2026-05-10 03:43:09.538] [error] 

[2026-05-10 03:43:11.868] [error] [comfy-env] prestartup complete
[2026-05-10 03:43:11.870] [error] 

[2026-05-10 03:43:11.905] [info]  WARNING: Potential Error in code: Torch already imported, torch should never be imported before this point.

[2026-05-10 03:43:13.648] [info]  Found comfy_kitchen backend cuda: {'available': False, 'disabled': True, 'unavailable_reason': 'Extension file not found: /Users/runner/Documents/ComfyUI/.venv/lib/python3.12/site-packages/comfy_kitchen/backends/cuda/_C.abi3.so', 'capabilities': []}

[2026-05-10 03:43:13.651] [info]  Found comfy_kitchen backend triton: {'available': False, 'disabled': True, 'unavailable_reason': "ImportError: No module named 'triton'", 'capabilities': []}

[2026-05-10 03:43:13.654] [info]  Found comfy_kitchen backend eager: {'available': True, 'disabled': False, 'unavailable_reason': None, 'capabilities': ['apply_rope', 'apply_rope1', 'dequantize_mxfp8', 'dequantize_nvfp4', 'dequantize_per_tensor_fp8', 'quantize_mxfp8', 'quantize_nvfp4', 'quantize_per_tensor_fp8', 'scaled_mm_mxfp8', 'scaled_mm_nvfp4']}

[2026-05-10 03:43:13.707] [info]  Checkpoint files will always be loaded safely.

[2026-05-10 03:43:13.780] [info]  Total VRAM 7168 MB, total RAM 7168 MB

[2026-05-10 03:43:13.784] [info]  pytorch version: 2.10.0

[2026-05-10 03:43:13.789] [info]  Mac Version (15, 7, 4)

[2026-05-10 03:43:13.791] [info]  Set vram state to: SHARED

[2026-05-10 03:43:13.799] [info]  Device: mps

[2026-05-10 03:43:14.408] [info]  Using sub quadratic optimization for attention, if you have memory or speed issues try using: --use-split-cross-attention

[2026-05-10 03:43:21.465] [info]  Python version: 3.12.11 (main, Aug 18 2025, 19:02:39) [Clang 20.1.4 ]

[2026-05-10 03:43:21.468] [info]  ComfyUI version: 0.20.1

[2026-05-10 03:43:21.470] [info]  comfy-aimdo version: 0.2.14

[2026-05-10 03:43:21.472] [info]  comfy-kitchen version: 0.2.8

[2026-05-10 03:43:21.474] [info]  [Prompt Server] web root: /Users/runner/.comfy-test-cache/desktop/ComfyUI.app/Contents/Resources/ComfyUI/web_custom_versions/desktop_app

[2026-05-10 03:43:21.477] [info]  Asset seeder disabled

[2026-05-10 03:43:21.485] [info]  [START] ComfyUI-Manager

[2026-05-10 03:43:21.724] [info]  [ComfyUI-Manager] Using GitPython backend
[2026-05-10 03:43:21.726] [info]  

[2026-05-10 03:43:21.824] [info]  [ComfyUI-Manager] network_mode: public

[2026-05-10 03:43:21.835] [info]  [ComfyUI-Manager] The matrix sharing feature has been disabled because the `matrix-nio` dependency is not installed.
	To use this feature, please run the following command:
	/Users/runner/Documents/ComfyUI/.venv/bin/python -m pip install matrix-nio


[2026-05-10 03:43:24.647] [info]  loading...

[2026-05-10 03:43:24.653] [info]  calling register_nodes

[2026-05-10 03:43:24.677] [error] [comfy-env] Version: 0.3.78
[2026-05-10 03:43:24.679] [error] 

[2026-05-10 03:43:24.694] [info]  [comfy-env] Removed stale socket: /var/folders/tb/y368xp_x10s3ty1b_mtl5mxr0000gn/T/comfy_worker_8494bf818961.sock

[2026-05-10 03:43:24.878] [info]  [comfy-env] Removed stale temp dir: /var/folders/tb/y368xp_x10s3ty1b_mtl5mxr0000gn/T/comfyui_pvenv_mvidvn1v

[2026-05-10 03:43:25.279] [error] [comfy-env] register_nodes: comfyui-geometrypack
[2026-05-10 03:43:25.285] [error] 

[2026-05-10 03:43:25.297] [error] [comfy-env] ComfyUI source dir: /Users/runner/.comfy-test-cache/desktop/ComfyUI.app/Contents/Resources/ComfyUI

[2026-05-10 03:43:25.396] [error] [comfy-env] Scanning nodes metadata (isolation root)...
[2026-05-10 03:43:25.406] [error] 

[2026-05-10 03:43:25.445] [error] [comfy-env] Cache hit for nodes: 125 nodes
[2026-05-10 03:43:25.447] [error] 

[2026-05-10 03:43:25.457] [error] [comfy-env] Scanned nodes root: 125 nodes (0.0s)
[2026-05-10 03:43:25.459] [error] 

[2026-05-10 03:43:25.474] [error] [comfy-env] Imported nodes root: 125 nodes (isolation)
[2026-05-10 03:43:25.477] [error] 
[comfy-env] Registered 125 total nodes
[2026-05-10 03:43:25.478] [error] 

[2026-05-10 03:43:25.508] [info]  
Import times for custom nodes:

[2026-05-10 03:43:25.511] [info]     0.0 seconds: /Users/runner/.comfy-test-cache/desktop/ComfyUI.app/Contents/Resources/ComfyUI/custom_nodes/websocket_image_save.py
   0.8 seconds: /Users/runner/Documents/ComfyUI/custom_nodes/comfyui-geometrypack


[2026-05-10 03:43:25.529] [info]  Context impl SQLiteImpl.

[2026-05-10 03:43:25.541] [info]  Will assume non-transactional DDL.

[2026-05-10 03:43:25.695] [info]  Starting server


[2026-05-10 03:43:25.698] [info]  To see the GUI go to: http://127.0.0.1:8000

[2026-05-10 03:43:27.578] [info]  [ComfyUI-Manager] The ComfyRegistry cache update is still in progress, so an outdated cache is being used.

[2026-05-10 03:43:27.660] [info]  FETCH DATA from: /Users/runner/Documents/ComfyUI/.venv/lib/python3.12/site-packages/comfyui_manager/custom-node-list.json
[2026-05-10 03:43:27.739] [info]   [DONE]

[2026-05-10 03:43:30.129] [info]  [ComfyUI-Manager] The ComfyRegistry cache update is still in progress, so an outdated cache is being used.

[2026-05-10 03:43:30.184] [info]  FETCH DATA from: /Users/runner/Documents/ComfyUI/.venv/lib/python3.12/site-packages/comfyui_manager/custom-node-list.json
[2026-05-10 03:43:30.201] [info]   [DONE]

[2026-05-10 03:43:54.640] [info]  got prompt

[2026-05-10 03:43:54.983] [info]  [comfyui-geometrypack] python: /Users/runner/Documents/ComfyUI/.ce/.pixi/envs/geometrypack-nodes/bin/python

[2026-05-10 03:43:54.985] [info]  [comfyui-geometrypack] sys_path sent to worker: ['/Users/runner/.comfy-test-cache/desktop/ComfyUI.app/Contents/Resources/ComfyUI', '/Users/runner/Documents/ComfyUI/custom_nodes/comfyui-geometrypack', '/Users/runner/Documents/ComfyUI/.ce/.pixi/envs/geometrypack-nodes/lib/python3.1/site-packages', '/Users/runner/Documents/ComfyUI/custom_nodes/comfyui-geometrypack']

[2026-05-10 03:44:11.675] [error] [worker:comfyui-geometrypack] INFO: Found mesh in input folder: 3d/Stanford_Bunny.stl
[2026-05-10 03:44:11.699] [error] 
[worker:comfyui-geometrypack] INFO: Loading: /Users/runner/Documents/ComfyUI/input/3d/Stanford_Bunny.stl
[2026-05-10 03:44:11.702] [error] 

[2026-05-10 03:44:12.561] [error] [worker:comfyui-geometrypack] INFO: Initial mesh: 56203 vertices, 112402 faces
[2026-05-10 03:44:12.564] [error] 

[2026-05-10 03:44:12.793] [error] [worker:comfyui-geometrypack] INFO: Successfully loaded: 56203 vertices, 112402 faces

[2026-05-10 03:44:12.798] [error] [worker:comfyui-geometrypack] INFO: Loaded: 56203 vertices, 112402 faces

[2026-05-10 03:44:15.351] [error] [comfyui-geometrypack] Health check: ping (timeout=5.0s)...
[2026-05-10 03:44:15.354] [error] 

[2026-05-10 03:44:15.413] [error] [comfyui-geometrypack] Health check: ok

[2026-05-10 03:44:15.566] [error] [worker:comfyui-geometrypack] INFO: Preparing preview: Mesh - 56203 vertices, 112402 faces
[2026-05-10 03:44:15.568] [error] 

[2026-05-10 03:44:15.599] [error] [worker:comfyui-geometrypack] INFO: Exported to: /Users/runner/Documents/ComfyUI/output/preview_710c5fd5.glb

[2026-05-10 03:44:15.742] [info]  Prompt executed in 21.03 seconds

[2026-05-10 03:44:22.908] [error] /Users/runner/Documents/ComfyUI/.ce/.pixi/envs/geometrypack-nodes/lib/python3.12/multiprocessing/resource_tracker.py:279: UserWarning: resource_tracker: There appear to be 1 leaked shared_memory objects to clean up at shutdown
  warnings.warn('resource_tracker: There appear to be %d '
/Users/runner/Documents/ComfyUI/.ce/.pixi/envs/geometrypack-nodes/lib/python3.12/multiprocessing/resource_tracker.py:292: UserWarning: resource_tracker: '/psm_f6484b22': [Errno 2] No such file or directory: '/psm_f6484b22'
  warnings.warn('resource_tracker: %r: %s' % (name, e))

