[2026-05-10 03:23:58.376] [info]  setup plugin alembic.autogenerate.schemas

[2026-05-10 03:23:58.380] [info]  setup plugin alembic.autogenerate.tables
setup plugin alembic.autogenerate.types
setup plugin alembic.autogenerate.constraints
setup plugin alembic.autogenerate.defaults
setup plugin alembic.autogenerate.comments

[2026-05-10 03:23:58.440] [info]  comfy-aimdo os not supported Darwin
NOTE: comfy-aimdo is currently only support for Windows and Linux

[2026-05-10 03:23:58.570] [info]  Adding extra search path custom_nodes /Users/runner/Documents/ComfyUI/custom_nodes
Adding extra search path download_model_base /Users/runner/Documents/ComfyUI/models
Adding extra search path custom_nodes /Users/runner/.comfy-test-cache/desktop/ComfyUI.app/Contents/Resources/ComfyUI/custom_nodes
Setting output directory to: /Users/runner/Documents/ComfyUI/output

[2026-05-10 03:23:58.571] [info]  Setting input directory to: /Users/runner/Documents/ComfyUI/input
Setting user directory to: /Users/runner/Documents/ComfyUI/user

[2026-05-10 03:23:58.871] [info]  [START] Security scan
[ComfyUI-Manager] Using uv as Python module for pip operations.

[2026-05-10 03:23:59.037] [info]  [DONE] Security scan
** ComfyUI startup time: 2026-05-10 03:23:59.036

[2026-05-10 03:23:59.038] [info]  ** Platform: Darwin
** Python version: 3.12.11 (main, Aug 18 2025, 19:02:39) [Clang 20.1.4 ]
** Python executable: /Users/runner/Documents/ComfyUI/.venv/bin/python
** ComfyUI Path: /Users/runner/.comfy-test-cache/desktop/ComfyUI.app/Contents/Resources/ComfyUI
** ComfyUI Base Folder Path: /Users/runner/.comfy-test-cache/desktop/ComfyUI.app/Contents/Resources/ComfyUI
** User directory: /Users/runner/Documents/ComfyUI/user
** ComfyUI-Manager config path: /Users/runner/Documents/ComfyUI/user/__manager/config.ini
** Log path: /Users/runner/Documents/ComfyUI/user/comfyui.log

[2026-05-10 03:23:59.152] [info]  [ComfyUI-Manager] Skipped fixing the 'comfyui-frontend-package' dependency because the ComfyUI is outdated.

[2026-05-10 03:23:59.155] [info]  [PRE] ComfyUI-Manager

[2026-05-10 03:23:59.480] [error] [comfy-env] comfyui-geometrypack: 1 isolation env(s):
[2026-05-10 03:23:59.483] [error] 
[comfy-env]   nodes -> /Users/runner/Documents/ComfyUI/custom_nodes/comfyui-geometrypack/nodes

[2026-05-10 03:24:00.599] [error] [comfy-env] prestartup complete

[2026-05-10 03:24:00.610] [info]  WARNING: Potential Error in code: Torch already imported, torch should never be imported before this point.

[2026-05-10 03:24:01.462] [info]  Found comfy_kitchen backend cuda: {'available': False, 'disabled': True, 'unavailable_reason': 'Extension file not found: /Users/runner/Documents/ComfyUI/.venv/lib/python3.12/site-packages/comfy_kitchen/backends/cuda/_C.abi3.so', 'capabilities': []}
Found comfy_kitchen backend triton: {'available': False, 'disabled': True, 'unavailable_reason': "ImportError: No module named 'triton'", 'capabilities': []}
Found comfy_kitchen backend eager: {'available': True, 'disabled': False, 'unavailable_reason': None, 'capabilities': ['apply_rope', 'apply_rope1', 'dequantize_mxfp8', 'dequantize_nvfp4', 'dequantize_per_tensor_fp8', 'quantize_mxfp8', 'quantize_nvfp4', 'quantize_per_tensor_fp8', 'scaled_mm_mxfp8', 'scaled_mm_nvfp4']}

[2026-05-10 03:24:01.476] [info]  Checkpoint files will always be loaded safely.

[2026-05-10 03:24:01.500] [info]  Total VRAM 7168 MB, total RAM 7168 MB

[2026-05-10 03:24:01.501] [info]  pytorch version: 2.10.0

[2026-05-10 03:24:01.502] [info]  Mac Version (15, 7, 4)

[2026-05-10 03:24:01.503] [info]  Set vram state to: SHARED
Device: mps

[2026-05-10 03:24:01.800] [info]  Using sub quadratic optimization for attention, if you have memory or speed issues try using: --use-split-cross-attention

[2026-05-10 03:24:03.924] [info]  Python version: 3.12.11 (main, Aug 18 2025, 19:02:39) [Clang 20.1.4 ]
ComfyUI version: 0.20.1

[2026-05-10 03:24:03.927] [info]  comfy-aimdo version: 0.2.14
comfy-kitchen version: 0.2.8
[Prompt Server] web root: /Users/runner/.comfy-test-cache/desktop/ComfyUI.app/Contents/Resources/ComfyUI/web_custom_versions/desktop_app

[2026-05-10 03:24:03.928] [info]  Asset seeder disabled
[START] ComfyUI-Manager

[2026-05-10 03:24:04.004] [info]  [ComfyUI-Manager] Using GitPython backend

[2026-05-10 03:24:04.036] [info]  [ComfyUI-Manager] network_mode: public

[2026-05-10 03:24:04.039] [info]  [ComfyUI-Manager] The matrix sharing feature has been disabled because the `matrix-nio` dependency is not installed.
	To use this feature, please run the following command:
	/Users/runner/Documents/ComfyUI/.venv/bin/python -m pip install matrix-nio


[2026-05-10 03:24:04.964] [info]  loading...
calling register_nodes

[2026-05-10 03:24:04.970] [error] [comfy-env] Version: 0.3.78
[2026-05-10 03:24:04.970] [error] 

[2026-05-10 03:24:04.971] [info]  [comfy-env] Removed stale socket: /var/folders/tb/y368xp_x10s3ty1b_mtl5mxr0000gn/T/comfy_worker_d71b7725e198.sock

[2026-05-10 03:24:05.080] [info]  [comfy-env] Removed stale temp dir: /var/folders/tb/y368xp_x10s3ty1b_mtl5mxr0000gn/T/comfyui_pvenv_kzsggegv

[2026-05-10 03:24:05.190] [error] [comfy-env] register_nodes: comfyui-geometrypack

[2026-05-10 03:24:05.194] [error] [comfy-env] ComfyUI source dir: /Users/runner/.comfy-test-cache/desktop/ComfyUI.app/Contents/Resources/ComfyUI

[2026-05-10 03:24:05.205] [error] [comfy-env] Scanning nodes metadata (isolation root)...

[2026-05-10 03:24:05.215] [error] [comfy-env] Cache hit for nodes: 125 nodes
[2026-05-10 03:24:05.216] [error] 
[comfy-env] Scanned nodes root: 125 nodes (0.0s)

[2026-05-10 03:24:05.217] [error] [comfy-env] Imported nodes root: 125 nodes (isolation)
[2026-05-10 03:24:05.220] [error] 
[comfy-env] Registered 125 total nodes

[2026-05-10 03:24:05.223] [info]  
Import times for custom nodes:
   0.0 seconds: /Users/runner/.comfy-test-cache/desktop/ComfyUI.app/Contents/Resources/ComfyUI/custom_nodes/websocket_image_save.py

[2026-05-10 03:24:05.224] [info]     0.3 seconds: /Users/runner/Documents/ComfyUI/custom_nodes/comfyui-geometrypack


[2026-05-10 03:24:05.227] [info]  Context impl SQLiteImpl.

[2026-05-10 03:24:05.227] [info]  Will assume non-transactional DDL.

[2026-05-10 03:24:05.266] [info]  Starting server


[2026-05-10 03:24:05.267] [info]  To see the GUI go to: http://127.0.0.1:8000

[2026-05-10 03:24:06.981] [info]  [ComfyUI-Manager] The ComfyRegistry cache update is still in progress, so an outdated cache is being used.

[2026-05-10 03:24:07.065] [info]  FETCH DATA from: /Users/runner/Documents/ComfyUI/.venv/lib/python3.12/site-packages/comfyui_manager/custom-node-list.json
[2026-05-10 03:24:07.092] [info]   [DONE]

[2026-05-10 03:24:09.344] [info]  [ComfyUI-Manager] The ComfyRegistry cache update is still in progress, so an outdated cache is being used.

[2026-05-10 03:24:09.430] [info]  FETCH DATA from: /Users/runner/Documents/ComfyUI/.venv/lib/python3.12/site-packages/comfyui_manager/custom-node-list.json
[2026-05-10 03:24:09.445] [info]   [DONE]

[2026-05-10 03:24:31.044] [info]  got prompt

[2026-05-10 03:24:31.070] [info]  [comfyui-geometrypack] python: /Users/runner/Documents/ComfyUI/.ce/.pixi/envs/geometrypack-nodes/bin/python
[comfyui-geometrypack] sys_path sent to worker: ['/Users/runner/.comfy-test-cache/desktop/ComfyUI.app/Contents/Resources/ComfyUI', '/Users/runner/Documents/ComfyUI/custom_nodes/comfyui-geometrypack', '/Users/runner/Documents/ComfyUI/.ce/.pixi/envs/geometrypack-nodes/lib/python3.1/site-packages', '/Users/runner/Documents/ComfyUI/custom_nodes/comfyui-geometrypack']
[2026-05-10 03:24:31.072] [info]  

[2026-05-10 03:24:35.648] [error] [worker:comfyui-geometrypack] INFO: Created sphere: 162 vertices, 320 faces

[2026-05-10 03:24:36.006] [error] [comfyui-geometrypack] Health check: ping (timeout=5.0s)...
[2026-05-10 03:24:36.010] [error] 
[comfyui-geometrypack] Health check: ok

[2026-05-10 03:24:36.015] [error] [worker:comfyui-geometrypack] INFO: Created cube: 8 vertices, 12 faces

[2026-05-10 03:24:36.016] [error] [comfyui-geometrypack] Health check: ping (timeout=5.0s)...
[2026-05-10 03:24:36.020] [error] 
[comfyui-geometrypack] Health check: ok

[2026-05-10 03:24:36.029] [error] [worker:comfyui-geometrypack] INFO: Boolean dispatch: libigl_cgal -> GeomPackBoolean_LibiglCGAL

[2026-05-10 03:24:36.039] [error] [comfyui-geometrypack] Health check: ping (timeout=5.0s)...
[2026-05-10 03:24:36.047] [error] 

[2026-05-10 03:24:36.049] [error] [comfyui-geometrypack] Health check: ok

[2026-05-10 03:24:36.055] [error] [worker:comfyui-geometrypack] INFO: Layout: side_by_side, Mode: fields
[worker:comfyui-geometrypack] INFO: Mesh 1: Mesh - 8 vertices, 12 faces

[2026-05-10 03:24:36.060] [error] [worker:comfyui-geometrypack] INFO: Mesh 2: Mesh - 162 vertices, 320 faces
[worker:comfyui-geometrypack] INFO: Mesh 1 fields: []

[2026-05-10 03:24:36.061] [error] [worker:comfyui-geometrypack] INFO: Mesh 2 fields: []
[2026-05-10 03:24:36.062] [error] 
[worker:comfyui-geometrypack] INFO: Common fields: []
[worker:comfyui-geometrypack] INFO: Mesh 1 visual: kind=None, texture=False, vertex_colors=False
[worker:comfyui-geometrypack] INFO: Mesh 2 visual: kind=None, texture=False, vertex_colors=False

[2026-05-10 03:24:36.063] [error] [worker:comfyui-geometrypack] INFO: Exported STL: /Users/runner/Documents/ComfyUI/output/preview_dual_1_7e6f76a9.stl

[2026-05-10 03:24:36.064] [error] [worker:comfyui-geometrypack] INFO: Exported STL: /Users/runner/Documents/ComfyUI/output/preview_dual_2_7e6f76a9.stl
[2026-05-10 03:24:36.065] [error] 

[2026-05-10 03:24:36.066] [error] [worker:comfyui-geometrypack] INFO: Preview ready

[2026-05-10 03:24:36.070] [error] [comfyui-geometrypack] Health check: ping (timeout=5.0s)...

[2026-05-10 03:24:36.072] [error] [comfyui-geometrypack] Health check: ok

[2026-05-10 03:24:36.087] [error] [worker:comfyui-geometrypack] INFO: Backend: libigl_cgal
[worker:comfyui-geometrypack] INFO: Mesh A: 8 vertices, 12 faces
[worker:comfyui-geometrypack] INFO: Mesh B: 162 vertices, 320 faces

[2026-05-10 03:24:36.088] [error] [worker:comfyui-geometrypack] INFO: Operation: union

[2026-05-10 03:24:36.499] [error] [worker:comfyui-geometrypack] INFO: Success: 302 vertices, 600 faces

[2026-05-10 03:24:36.503] [error] [comfyui-geometrypack] Health check: ping (timeout=5.0s)...

[2026-05-10 03:24:36.509] [error] [comfyui-geometrypack] Health check: ok

[2026-05-10 03:24:36.517] [error] [worker:comfyui-geometrypack] INFO: Preparing preview: Mesh - 302 vertices, 600 faces

[2026-05-10 03:24:36.518] [error] [worker:comfyui-geometrypack] INFO: Mode: fields
[worker:comfyui-geometrypack] INFO: Visual data - has_visual: True, kind: None, texture: False, vertex_colors: False
[worker:comfyui-geometrypack] INFO: Using fields mode - VTP export
[worker:comfyui-geometrypack] INFO: Exporting mesh to VTP: /Users/runner/Documents/ComfyUI/output/preview_vtk_ca736711.vtp

[2026-05-10 03:24:36.521] [error] [worker:comfyui-geometrypack] INFO: Adding normals field (302 vertices)

[2026-05-10 03:24:36.525] [error] [worker:comfyui-geometrypack] INFO: Export complete: 302 vertices, 600 faces

[2026-05-10 03:24:36.528] [error] [worker:comfyui-geometrypack] INFO: Exported VTP to: /Users/runner/Documents/ComfyUI/output/preview_vtk_ca736711.vtp

[2026-05-10 03:24:36.529] [error] [worker:comfyui-geometrypack] INFO: Fields mode info: watertight=True, volume=9.214489033870414, area=25.093742655540616, no fields

[2026-05-10 03:24:36.535] [info]  Prompt executed in 5.48 seconds

[2026-05-10 03:24:42.501] [error] /Users/runner/Documents/ComfyUI/.ce/.pixi/envs/geometrypack-nodes/lib/python3.12/multiprocessing/resource_tracker.py:279: UserWarning: resource_tracker: There appear to be 5 leaked shared_memory objects to clean up at shutdown
  warnings.warn('resource_tracker: There appear to be %d '
/Users/runner/Documents/ComfyUI/.ce/.pixi/envs/geometrypack-nodes/lib/python3.12/multiprocessing/resource_tracker.py:292: UserWarning: resource_tracker: '/psm_3eb3e7a1': [Errno 2] No such file or directory: '/psm_3eb3e7a1'
  warnings.warn('resource_tracker: %r: %s' % (name, e))
/Users/runner/Documents/ComfyUI/.ce/.pixi/envs/geometrypack-nodes/lib/python3.12/multiprocessing/resource_tracker.py:292: UserWarning: resource_tracker: '/psm_35434a82': [Errno 2] No such file or directory: '/psm_35434a82'
  warnings.warn('resource_tracker: %r: %s' % (name, e))
/Users/runner/Documents/ComfyUI/.ce/.pixi/envs/geometrypack-nodes/lib/python3.12/multiprocessing/resource_tracker.py:292: UserWarning: resource_tracker: '/psm_6aeae71f': [Errno 2] No such file or directory: '/psm_6aeae71f'
  warnings.warn('resource_tracker: %r: %s' % (name, e))
/Users/runner/Documents/ComfyUI/.ce/.pixi/envs/geometrypack-nodes/lib/python3.12/multiprocessing/resource_tracker.py:292: UserWarning: resource_tracker: '/psm_825235af': [Errno 2] No such file or directory: '/psm_825235af'
  warnings.warn('resource_tracker: %r: %s' % (name, e))
/Users/runner/Documents/ComfyUI/.ce/.pixi/envs/geometrypack-nodes/lib/python3.12/multiprocessing/resource_tracker.py:292: UserWarning: resource_tracker: '/psm_117dcb3a': [Errno 2] No such file or directory: '/psm_117dcb3a'
  warnings.warn('resource_tracker: %r: %s' % (name, e))

