[2026-05-10 22:44:02.128] [info]  setup plugin alembic.autogenerate.schemas
setup plugin alembic.autogenerate.tables
setup plugin alembic.autogenerate.types

[2026-05-10 22:44:02.131] [info]  setup plugin alembic.autogenerate.constraints
setup plugin alembic.autogenerate.defaults
setup plugin alembic.autogenerate.comments

[2026-05-10 22:44:02.201] [info]  comfy-aimdo os not supported Darwin
NOTE: comfy-aimdo is currently only support for Windows and Linux

[2026-05-10 22:44:02.353] [info]  Adding extra search path custom_nodes /Users/runner/Documents/ComfyUI/custom_nodes
Adding extra search path download_model_base /Users/runner/Documents/ComfyUI/models
Adding extra search path custom_nodes /Users/runner/.comfy-test-cache/desktop/ComfyUI.app/Contents/Resources/ComfyUI/custom_nodes
Setting output directory to: /Users/runner/Documents/ComfyUI/output
Setting input directory to: /Users/runner/Documents/ComfyUI/input

[2026-05-10 22:44:02.354] [info]  Setting user directory to: /Users/runner/Documents/ComfyUI/user

[2026-05-10 22:44:02.679] [info]  [START] Security scan
[ComfyUI-Manager] Using uv as Python module for pip operations.

[2026-05-10 22:44:02.830] [info]  [DONE] Security scan
** ComfyUI startup time: 2026-05-10 22:44:02.830

[2026-05-10 22:44:02.832] [info]  ** Platform: Darwin
** Python version: 3.12.11 (main, Aug 18 2025, 19:02:39) [Clang 20.1.4 ]
** Python executable: /Users/runner/Documents/ComfyUI/.venv/bin/python
** ComfyUI Path: /Users/runner/.comfy-test-cache/desktop/ComfyUI.app/Contents/Resources/ComfyUI
** ComfyUI Base Folder Path: /Users/runner/.comfy-test-cache/desktop/ComfyUI.app/Contents/Resources/ComfyUI
** User directory: /Users/runner/Documents/ComfyUI/user
** ComfyUI-Manager config path: /Users/runner/Documents/ComfyUI/user/__manager/config.ini
** Log path: /Users/runner/Documents/ComfyUI/user/comfyui.log

[2026-05-10 22:44:02.931] [info]  [ComfyUI-Manager] Skipped fixing the 'comfyui-frontend-package' dependency because the ComfyUI is outdated.

[2026-05-10 22:44:02.933] [info]  [PRE] ComfyUI-Manager

[2026-05-10 22:44:03.137] [error] [comfy-env] comfyui-geometrypack: 1 isolation env(s):
[2026-05-10 22:44:03.138] [error] 
[comfy-env]   nodes -> /Users/runner/Documents/ComfyUI/custom_nodes/comfyui-geometrypack/nodes

[2026-05-10 22:44:03.958] [error] [comfy-env] prestartup complete
[2026-05-10 22:44:03.959] [error] 

[2026-05-10 22:44:03.969] [info]  WARNING: Potential Error in code: Torch already imported, torch should never be imported before this point.

[2026-05-10 22:44:04.733] [info]  Found comfy_kitchen backend eager: {'available': True, 'disabled': False, 'unavailable_reason': None, 'capabilities': ['apply_rope', 'apply_rope1', 'dequantize_mxfp8', 'dequantize_nvfp4', 'dequantize_per_tensor_fp8', 'quantize_mxfp8', 'quantize_nvfp4', 'quantize_per_tensor_fp8', 'scaled_mm_mxfp8', 'scaled_mm_nvfp4']}
Found comfy_kitchen backend triton: {'available': False, 'disabled': True, 'unavailable_reason': "ImportError: No module named 'triton'", 'capabilities': []}

[2026-05-10 22:44:04.734] [info]  Found comfy_kitchen backend cuda: {'available': False, 'disabled': True, 'unavailable_reason': 'Extension file not found: /Users/runner/Documents/ComfyUI/.venv/lib/python3.12/site-packages/comfy_kitchen/backends/cuda/_C.abi3.so', 'capabilities': []}

[2026-05-10 22:44:04.741] [info]  Checkpoint files will always be loaded safely.

[2026-05-10 22:44:04.766] [info]  Total VRAM 7168 MB, total RAM 7168 MB

[2026-05-10 22:44:04.767] [info]  pytorch version: 2.10.0

[2026-05-10 22:44:04.769] [info]  Mac Version (15, 7, 4)

[2026-05-10 22:44:04.770] [info]  Set vram state to: SHARED
Device: mps

[2026-05-10 22:44:05.047] [info]  Using sub quadratic optimization for attention, if you have memory or speed issues try using: --use-split-cross-attention

[2026-05-10 22:44:06.728] [info]  Python version: 3.12.11 (main, Aug 18 2025, 19:02:39) [Clang 20.1.4 ]
ComfyUI version: 0.20.1

[2026-05-10 22:44:06.729] [info]  comfy-aimdo version: 0.2.14
comfy-kitchen version: 0.2.8

[2026-05-10 22:44:06.731] [info]  [Prompt Server] web root: /Users/runner/.comfy-test-cache/desktop/ComfyUI.app/Contents/Resources/ComfyUI/web_custom_versions/desktop_app

[2026-05-10 22:44:06.732] [info]  Asset seeder disabled
[START] ComfyUI-Manager

[2026-05-10 22:44:06.808] [info]  [ComfyUI-Manager] Using GitPython backend

[2026-05-10 22:44:06.836] [info]  [ComfyUI-Manager] network_mode: public

[2026-05-10 22:44:06.837] [info]  [ComfyUI-Manager] The matrix sharing feature has been disabled because the `matrix-nio` dependency is not installed.
	To use this feature, please run the following command:
	/Users/runner/Documents/ComfyUI/.venv/bin/python -m pip install matrix-nio


[2026-05-10 22:44:07.570] [info]  loading...
calling register_nodes

[2026-05-10 22:44:07.572] [error] [comfy-env] Version: 0.3.82
[2026-05-10 22:44:07.573] [error] 

[2026-05-10 22:44:07.575] [info]  [comfy-env] Removed stale socket: /var/folders/tb/y368xp_x10s3ty1b_mtl5mxr0000gn/T/comfy_worker_4f50f6af4050.sock
[2026-05-10 22:44:07.576] [info]  

[2026-05-10 22:44:07.620] [info]  [comfy-env] Removed stale temp dir: /var/folders/tb/y368xp_x10s3ty1b_mtl5mxr0000gn/T/comfyui_pvenv__2a1d4ns

[2026-05-10 22:44:07.722] [error] [comfy-env] register_nodes: comfyui-geometrypack

[2026-05-10 22:44:07.728] [error] [comfy-env] ComfyUI source dir: /Users/runner/.comfy-test-cache/desktop/ComfyUI.app/Contents/Resources/ComfyUI
[2026-05-10 22:44:07.729] [error] 

[2026-05-10 22:44:07.740] [error] [comfy-env] Scanning nodes metadata (isolation root)...

[2026-05-10 22:44:07.750] [error] [comfy-env] Cache hit for nodes: 125 nodes

[2026-05-10 22:44:07.751] [error] [comfy-env] Scanned nodes root: 125 nodes (0.0s)

[2026-05-10 22:44:07.752] [error] [comfy-env] Imported nodes root: 125 nodes (isolation)
[2026-05-10 22:44:07.753] [error] 
[comfy-env] Registered 125 total nodes

[2026-05-10 22:44:07.754] [info]  
Import times for custom nodes:

[2026-05-10 22:44:07.757] [info]     0.0 seconds: /Users/runner/.comfy-test-cache/desktop/ComfyUI.app/Contents/Resources/ComfyUI/custom_nodes/websocket_image_save.py
   0.2 seconds: /Users/runner/Documents/ComfyUI/custom_nodes/comfyui-geometrypack


[2026-05-10 22:44:07.762] [info]  Context impl SQLiteImpl.
Will assume non-transactional DDL.

[2026-05-10 22:44:07.798] [info]  Starting server


[2026-05-10 22:44:07.799] [info]  To see the GUI go to: http://127.0.0.1:8000

[2026-05-10 22:44:09.553] [info]  [ComfyUI-Manager] The ComfyRegistry cache update is still in progress, so an outdated cache is being used.

[2026-05-10 22:44:09.638] [info]  FETCH DATA from: /Users/runner/Documents/ComfyUI/.venv/lib/python3.12/site-packages/comfyui_manager/custom-node-list.json
[2026-05-10 22:44:09.656] [info]   [DONE]

[2026-05-10 22:44:11.318] [info]  [ComfyUI-Manager] The ComfyRegistry cache update is still in progress, so an outdated cache is being used.

[2026-05-10 22:44:11.427] [info]  FETCH DATA from: /Users/runner/Documents/ComfyUI/.venv/lib/python3.12/site-packages/comfyui_manager/custom-node-list.json
[2026-05-10 22:44:11.450] [info]   [DONE]

[2026-05-10 22:44:32.851] [info]  got prompt

[2026-05-10 22:44:32.863] [info]  [comfyui-geometrypack] python: /Users/runner/.ce/.pixi/envs/geometrypack-nodes/bin/python
[comfyui-geometrypack] sys_path sent to worker: ['/Users/runner/.comfy-test-cache/desktop/ComfyUI.app/Contents/Resources/ComfyUI', '/Users/runner/Documents/ComfyUI/custom_nodes/comfyui-geometrypack', '/Users/runner/.ce/.pixi/envs/geometrypack-nodes/lib/python3.1/site-packages', '/Users/runner/Documents/ComfyUI/custom_nodes/comfyui-geometrypack']
[2026-05-10 22:44:32.864] [info]  

[2026-05-10 22:44:33.936] [error] [worker:comfyui-geometrypack] ERROR: Failed to import comfy_kitchen, Error: No module named 'comfy_kitchen', fp8 and fp4 support will not be available.

[2026-05-10 22:44:35.237] [error] [worker:comfyui-geometrypack] INFO: Found mesh in input folder: 3d/camelhead.off

[2026-05-10 22:44:35.238] [error] [worker:comfyui-geometrypack] INFO: Loading: /Users/runner/Documents/ComfyUI/input/3d/camelhead.off

[2026-05-10 22:44:35.272] [error] [worker:comfyui-geometrypack] INFO: Initial mesh: 11381 vertices, 22704 faces

[2026-05-10 22:44:35.282] [error] [worker:comfyui-geometrypack] INFO: Successfully loaded: 11381 vertices, 22704 faces

[2026-05-10 22:44:35.283] [error] [worker:comfyui-geometrypack] INFO: Loaded: 11381 vertices, 22704 faces

[2026-05-10 22:44:35.634] [error] [comfyui-geometrypack] Health check: ping (timeout=5.0s)...

[2026-05-10 22:44:35.641] [error] [comfyui-geometrypack] Health check: ok

[2026-05-10 22:44:35.645] [error] [worker:comfyui-geometrypack] INFO: Processing mesh: 11381 vertices, 22704 faces

[2026-05-10 22:44:35.649] [error] [worker:comfyui-geometrypack] INFO: Options: detect_only=False, remove_unreferenced=True, extract_outer_hull=False, stitch_all=True

[2026-05-10 22:44:35.700] [error] [worker:comfyui-geometrypack] INFO: Using libigl CGAL method

[2026-05-10 22:44:35.859] [error] [worker:comfyui-geometrypack] INFO: Remeshing complete: 11385 vertices, 22720 faces

[2026-05-10 22:44:35.860] [error] [worker:comfyui-geometrypack] INFO: Removing unreferenced vertices...

[2026-05-10 22:44:35.861] [error] [worker:comfyui-geometrypack] INFO: After cleanup: 11385 vertices, 22720 faces

[2026-05-10 22:44:35.865] [error] [comfyui-geometrypack] Health check: ping (timeout=5.0s)...
[2026-05-10 22:44:35.866] [error] 
[comfyui-geometrypack] Health check: ok

[2026-05-10 22:44:35.873] [error] [worker:comfyui-geometrypack] INFO: Analyzing mesh: 11385 vertices, 22720 faces

[2026-05-10 22:44:35.876] [error] [worker:comfyui-geometrypack] INFO: Using libigl CGAL method
[2026-05-10 22:44:35.876] [error] 

[2026-05-10 22:44:35.933] [error] [worker:comfyui-geometrypack] INFO: No self-intersections detected

[2026-05-10 22:44:35.942] [error] [comfyui-geometrypack] Health check: ping (timeout=5.0s)...

[2026-05-10 22:44:35.948] [error] [comfyui-geometrypack] Health check: ok

[2026-05-10 22:44:35.959] [error] [worker:comfyui-geometrypack] INFO: Analyzing mesh: 11381 vertices, 22704 faces

[2026-05-10 22:44:35.962] [error] [worker:comfyui-geometrypack] INFO: Using libigl CGAL method

[2026-05-10 22:44:36.008] [error] [worker:comfyui-geometrypack] INFO: Found 6 intersecting faces (5 intersection pairs)

[2026-05-10 22:44:36.014] [error] [comfyui-geometrypack] Health check: ping (timeout=5.0s)...
[2026-05-10 22:44:36.016] [error] 

[2026-05-10 22:44:36.017] [error] [comfyui-geometrypack] Health check: ok

[2026-05-10 22:44:36.028] [error] [worker:comfyui-geometrypack] INFO: Layout: side_by_side, Mode: fields
[2026-05-10 22:44:36.028] [error] 
[worker:comfyui-geometrypack] INFO: Mesh 1: Mesh - 11381 vertices, 22704 faces
[worker:comfyui-geometrypack] INFO: Mesh 2: Mesh - 11385 vertices, 22720 faces
[worker:comfyui-geometrypack] INFO: Mesh 1 fields: ['intersection_flag', 'intersection_count', 'face.self_intersecting']

[2026-05-10 22:44:36.032] [error] [worker:comfyui-geometrypack] INFO: Mesh 2 fields: ['intersection_flag', 'intersection_count', 'face.self_intersecting']
[worker:comfyui-geometrypack] INFO: Common fields: ['intersection_count', 'intersection_flag', 'face.self_intersecting']
[worker:comfyui-geometrypack] INFO: Mesh 1 visual: kind=None, texture=False, vertex_colors=False
[worker:comfyui-geometrypack] INFO: Mesh 2 visual: kind=None, texture=False, vertex_colors=False

[2026-05-10 22:44:36.033] [error] [worker:comfyui-geometrypack] INFO: Exporting mesh to VTP: /Users/runner/Documents/ComfyUI/output/preview_dual_1_690cc43d.vtp

[2026-05-10 22:44:36.062] [error] [worker:comfyui-geometrypack] INFO: Adding normals field (11381 vertices)

[2026-05-10 22:44:36.075] [error] [worker:comfyui-geometrypack] INFO: Adding scalar field: intersection_flag (components: 1)

[2026-05-10 22:44:36.078] [error] [worker:comfyui-geometrypack] INFO: Adding scalar field: intersection_count (components: 1)
[2026-05-10 22:44:36.079] [error] 

[2026-05-10 22:44:36.081] [error] [worker:comfyui-geometrypack] INFO: Adding face field: self_intersecting

[2026-05-10 22:44:36.104] [error] [worker:comfyui-geometrypack] INFO: Export complete: 11381 vertices, 22704 faces

[2026-05-10 22:44:36.105] [error] [worker:comfyui-geometrypack] INFO: Exported VTP with fields: /Users/runner/Documents/ComfyUI/output/preview_dual_1_690cc43d.vtp
[worker:comfyui-geometrypack] INFO: Exporting mesh to VTP: /Users/runner/Documents/ComfyUI/output/preview_dual_2_690cc43d.vtp

[2026-05-10 22:44:36.127] [error] [worker:comfyui-geometrypack] INFO: Adding normals field (11385 vertices)

[2026-05-10 22:44:36.138] [error] [worker:comfyui-geometrypack] INFO: Adding scalar field: intersection_flag (components: 1)
[2026-05-10 22:44:36.139] [error] 

[2026-05-10 22:44:36.140] [error] [worker:comfyui-geometrypack] INFO: Adding scalar field: intersection_count (components: 1)

[2026-05-10 22:44:36.142] [error] [worker:comfyui-geometrypack] INFO: Adding face field: self_intersecting

[2026-05-10 22:44:36.162] [error] [worker:comfyui-geometrypack] INFO: Export complete: 11385 vertices, 22720 faces

[2026-05-10 22:44:36.163] [error] [worker:comfyui-geometrypack] INFO: Exported VTP with fields: /Users/runner/Documents/ComfyUI/output/preview_dual_2_690cc43d.vtp

[2026-05-10 22:44:36.176] [error] [worker:comfyui-geometrypack] INFO: Preview ready

[2026-05-10 22:44:36.177] [info]  Prompt executed in 3.32 seconds

[2026-05-10 22:44:42.554] [error] /Users/runner/.ce/.pixi/envs/geometrypack-nodes/lib/python3.12/multiprocessing/resource_tracker.py:279: UserWarning: resource_tracker: There appear to be 4 leaked shared_memory objects to clean up at shutdown
  warnings.warn('resource_tracker: There appear to be %d '
/Users/runner/.ce/.pixi/envs/geometrypack-nodes/lib/python3.12/multiprocessing/resource_tracker.py:292: UserWarning: resource_tracker: '/psm_da07ed49': [Errno 2] No such file or directory: '/psm_da07ed49'
  warnings.warn('resource_tracker: %r: %s' % (name, e))
/Users/runner/.ce/.pixi/envs/geometrypack-nodes/lib/python3.12/multiprocessing/resource_tracker.py:292: UserWarning: resource_tracker: '/psm_2118bf54': [Errno 2] No such file or directory: '/psm_2118bf54'
  warnings.warn('resource_tracker: %r: %s' % (name, e))
/Users/runner/.ce/.pixi/envs/geometrypack-nodes/lib/python3.12/multiprocessing/resource_tracker.py:292: UserWarning: resource_tracker: '/psm_c26d468e': [Errno 2] No such file or directory: '/psm_c26d468e'
  warnings.warn('resource_tracker: %r: %s' % (name, e))
/Users/runner/.ce/.pixi/envs/geometrypack-nodes/lib/python3.12/multiprocessing/resource_tracker.py:292: UserWarning: resource_tracker: '/psm_7bffdcbb': [Errno 2] No such file or directory: '/psm_7bffdcbb'
  warnings.warn('resource_tracker: %r: %s' % (name, e))

