[2026-05-10 22:46:39.713] [info]  setup plugin alembic.autogenerate.schemas
setup plugin alembic.autogenerate.tables
setup plugin alembic.autogenerate.types
setup plugin alembic.autogenerate.constraints

[2026-05-10 22:46:39.714] [info]  setup plugin alembic.autogenerate.defaults
setup plugin alembic.autogenerate.comments

[2026-05-10 22:46:39.780] [info]  comfy-aimdo os not supported Darwin
NOTE: comfy-aimdo is currently only support for Windows and Linux

[2026-05-10 22:46:39.922] [info]  Adding extra search path custom_nodes /Users/runner/Documents/ComfyUI/custom_nodes
Adding extra search path download_model_base /Users/runner/Documents/ComfyUI/models
Adding extra search path custom_nodes /Users/runner/.comfy-test-cache/desktop/ComfyUI.app/Contents/Resources/ComfyUI/custom_nodes
Setting output directory to: /Users/runner/Documents/ComfyUI/output
Setting input directory to: /Users/runner/Documents/ComfyUI/input
Setting user directory to: /Users/runner/Documents/ComfyUI/user

[2026-05-10 22:46:40.122] [info]  [START] Security scan
[ComfyUI-Manager] Using uv as Python module for pip operations.

[2026-05-10 22:46:40.202] [info]  [DONE] Security scan
** ComfyUI startup time: 2026-05-10 22:46:40.202

[2026-05-10 22:46:40.203] [info]  ** Platform: Darwin
** Python version: 3.12.11 (main, Aug 18 2025, 19:02:39) [Clang 20.1.4 ]
** Python executable: /Users/runner/Documents/ComfyUI/.venv/bin/python
** ComfyUI Path: /Users/runner/.comfy-test-cache/desktop/ComfyUI.app/Contents/Resources/ComfyUI
** ComfyUI Base Folder Path: /Users/runner/.comfy-test-cache/desktop/ComfyUI.app/Contents/Resources/ComfyUI
** User directory: /Users/runner/Documents/ComfyUI/user
** ComfyUI-Manager config path: /Users/runner/Documents/ComfyUI/user/__manager/config.ini
** Log path: /Users/runner/Documents/ComfyUI/user/comfyui.log

[2026-05-10 22:46:40.278] [info]  [ComfyUI-Manager] Skipped fixing the 'comfyui-frontend-package' dependency because the ComfyUI is outdated.

[2026-05-10 22:46:40.279] [info]  [PRE] ComfyUI-Manager

[2026-05-10 22:46:40.434] [error] [comfy-env] comfyui-geometrypack: 1 isolation env(s):
[2026-05-10 22:46:40.436] [error] 
[comfy-env]   nodes -> /Users/runner/Documents/ComfyUI/custom_nodes/comfyui-geometrypack/nodes

[2026-05-10 22:46:41.834] [error] [comfy-env] prestartup complete
[2026-05-10 22:46:41.837] [error] 

[2026-05-10 22:46:41.867] [info]  WARNING: Potential Error in code: Torch already imported, torch should never be imported before this point.

[2026-05-10 22:46:42.627] [info]  Found comfy_kitchen backend eager: {'available': True, 'disabled': False, 'unavailable_reason': None, 'capabilities': ['apply_rope', 'apply_rope1', 'dequantize_mxfp8', 'dequantize_nvfp4', 'dequantize_per_tensor_fp8', 'quantize_mxfp8', 'quantize_nvfp4', 'quantize_per_tensor_fp8', 'scaled_mm_mxfp8', 'scaled_mm_nvfp4']}
Found comfy_kitchen backend triton: {'available': False, 'disabled': True, 'unavailable_reason': "ImportError: No module named 'triton'", 'capabilities': []}

[2026-05-10 22:46:42.628] [info]  Found comfy_kitchen backend cuda: {'available': False, 'disabled': True, 'unavailable_reason': 'Extension file not found: /Users/runner/Documents/ComfyUI/.venv/lib/python3.12/site-packages/comfy_kitchen/backends/cuda/_C.abi3.so', 'capabilities': []}

[2026-05-10 22:46:42.633] [info]  Checkpoint files will always be loaded safely.

[2026-05-10 22:46:42.667] [info]  Total VRAM 7168 MB, total RAM 7168 MB
pytorch version: 2.10.0

[2026-05-10 22:46:42.669] [info]  Mac Version (15, 7, 4)

[2026-05-10 22:46:42.670] [info]  Set vram state to: SHARED
Device: mps

[2026-05-10 22:46:43.039] [info]  Using sub quadratic optimization for attention, if you have memory or speed issues try using: --use-split-cross-attention

[2026-05-10 22:46:44.910] [info]  Python version: 3.12.11 (main, Aug 18 2025, 19:02:39) [Clang 20.1.4 ]

[2026-05-10 22:46:44.912] [info]  ComfyUI version: 0.20.1
comfy-aimdo version: 0.2.14
comfy-kitchen version: 0.2.8

[2026-05-10 22:46:44.913] [info]  [Prompt Server] web root: /Users/runner/.comfy-test-cache/desktop/ComfyUI.app/Contents/Resources/ComfyUI/web_custom_versions/desktop_app

[2026-05-10 22:46:44.914] [info]  Asset seeder disabled

[2026-05-10 22:46:44.915] [info]  [START] ComfyUI-Manager

[2026-05-10 22:46:44.998] [info]  [ComfyUI-Manager] Using GitPython backend

[2026-05-10 22:46:45.030] [info]  [ComfyUI-Manager] network_mode: public

[2026-05-10 22:46:45.032] [info]  [ComfyUI-Manager] The matrix sharing feature has been disabled because the `matrix-nio` dependency is not installed.
	To use this feature, please run the following command:
	/Users/runner/Documents/ComfyUI/.venv/bin/python -m pip install matrix-nio


[2026-05-10 22:46:45.843] [info]  loading...

[2026-05-10 22:46:45.845] [info]  calling register_nodes

[2026-05-10 22:46:45.850] [error] [comfy-env] Version: 0.3.82
[2026-05-10 22:46:45.851] [error] 

[2026-05-10 22:46:45.851] [info]  [comfy-env] Removed stale socket: /var/folders/tb/y368xp_x10s3ty1b_mtl5mxr0000gn/T/comfy_worker_9c4ddec7eb87.sock

[2026-05-10 22:46:45.905] [info]  [comfy-env] Removed stale temp dir: /var/folders/tb/y368xp_x10s3ty1b_mtl5mxr0000gn/T/comfyui_pvenv_wnxl4kiw

[2026-05-10 22:46:46.022] [error] [comfy-env] register_nodes: comfyui-geometrypack

[2026-05-10 22:46:46.029] [error] [comfy-env] ComfyUI source dir: /Users/runner/.comfy-test-cache/desktop/ComfyUI.app/Contents/Resources/ComfyUI
[2026-05-10 22:46:46.030] [error] 

[2026-05-10 22:46:46.046] [error] [comfy-env] Scanning nodes metadata (isolation root)...
[2026-05-10 22:46:46.047] [error] 

[2026-05-10 22:46:46.056] [error] [comfy-env] Cache hit for nodes: 125 nodes
[2026-05-10 22:46:46.058] [error] 
[comfy-env] Scanned nodes root: 125 nodes (0.0s)

[2026-05-10 22:46:46.061] [error] [comfy-env] Imported nodes root: 125 nodes (isolation)

[2026-05-10 22:46:46.063] [error] [comfy-env] Registered 125 total nodes

[2026-05-10 22:46:46.065] [info]  
Import times for custom nodes:

[2026-05-10 22:46:46.066] [info]     0.0 seconds: /Users/runner/.comfy-test-cache/desktop/ComfyUI.app/Contents/Resources/ComfyUI/custom_nodes/websocket_image_save.py
   0.2 seconds: /Users/runner/Documents/ComfyUI/custom_nodes/comfyui-geometrypack


[2026-05-10 22:46:46.068] [info]  Context impl SQLiteImpl.

[2026-05-10 22:46:46.068] [info]  Will assume non-transactional DDL.

[2026-05-10 22:46:46.105] [info]  Starting server


[2026-05-10 22:46:46.105] [info]  To see the GUI go to: http://127.0.0.1:8000

[2026-05-10 22:46:47.584] [info]  [ComfyUI-Manager] The ComfyRegistry cache update is still in progress, so an outdated cache is being used.

[2026-05-10 22:46:47.727] [info]  FETCH DATA from: /Users/runner/Documents/ComfyUI/.venv/lib/python3.12/site-packages/comfyui_manager/custom-node-list.json
[2026-05-10 22:46:47.759] [info]   [DONE]
[2026-05-10 22:46:47.759] [info]  

[2026-05-10 22:46:49.603] [info]  [ComfyUI-Manager] The ComfyRegistry cache update is still in progress, so an outdated cache is being used.

[2026-05-10 22:46:49.679] [info]  FETCH DATA from: /Users/runner/Documents/ComfyUI/.venv/lib/python3.12/site-packages/comfyui_manager/custom-node-list.json
[2026-05-10 22:46:49.699] [info]   [DONE]

