[2026-05-18 18:56:55.845] [info]  setup plugin alembic.autogenerate.schemas
setup plugin alembic.autogenerate.tables
setup plugin alembic.autogenerate.types

[2026-05-18 18:56:55.852] [info]  setup plugin alembic.autogenerate.constraints
setup plugin alembic.autogenerate.defaults

[2026-05-18 18:56:55.855] [info]  setup plugin alembic.autogenerate.comments

[2026-05-18 18:56:56.107] [info]  Could not autodetect AIMDO implementation, assuming Nvidia

[2026-05-18 18:56:56.108] [info]  comfy-aimdo unsupported operating system: Darwin
NOTE: comfy-aimdo currently only supports Windows and Linux

[2026-05-18 18:56:56.485] [info]  Adding extra search path custom_nodes /Users/runner/Documents/ComfyUI/custom_nodes
Adding extra search path download_model_base /Users/runner/Documents/ComfyUI/models
Adding extra search path custom_nodes /Users/runner/.comfy-test-cache/desktop/ComfyUI.app/Contents/Resources/ComfyUI/custom_nodes
Setting output directory to: /Users/runner/Documents/ComfyUI/output

[2026-05-18 18:56:56.490] [info]  Setting input directory to: /Users/runner/Documents/ComfyUI/input
Setting user directory to: /Users/runner/Documents/ComfyUI/user

[2026-05-18 18:56:57.810] [info]  [START] Security scan
[ComfyUI-Manager] Using uv as Python module for pip operations.

[2026-05-18 18:56:58.108] [info]  [DONE] Security scan
** ComfyUI startup time:
[2026-05-18 18:56:58.110] [info]   2026-05-18 18:56:58.107
** Platform:
[2026-05-18 18:56:58.112] [info]   Darwin
** Python version: 3.12.11 (main, Aug 18 2025, 19:02:39) [Clang 20.1.4 ]

[2026-05-18 18:56:58.121] [info]  ** Python executable:
[2026-05-18 18:56:58.124] [info]   /Users/runner/Documents/ComfyUI/.venv/bin/python
[2026-05-18 18:56:58.126] [info]  
** ComfyUI Path: /Users/runner/.comfy-test-cache/desktop/ComfyUI.app/Contents/Resources/ComfyUI
** ComfyUI Base Folder Path: 
[2026-05-18 18:56:58.127] [info]  /Users/runner/.comfy-test-cache/desktop/ComfyUI.app/Contents/Resources/ComfyUI
** User directory: 
[2026-05-18 18:56:58.128] [info]  /Users/runner/Documents/ComfyUI/user
** ComfyUI-Manager config path: 
[2026-05-18 18:56:58.145] [info]  /Users/runner/Documents/ComfyUI/user/__manager/config.ini
** Log path: /Users/runner/Documents/ComfyUI/user/comfyui.log

[2026-05-18 18:56:58.326] [info]  [ComfyUI-Manager] Skipped fixing the 'comfyui-frontend-package' dependency because the ComfyUI is outdated.

[2026-05-18 18:56:58.329] [info]  [PRE] ComfyUI-Manager

[2026-05-18 18:57:03.732] [info]  Found comfy_kitchen backend triton: {'available': False, 'disabled': True, 'unavailable_reason': "ImportError: No module named 'triton'", 'capabilities': []}

[2026-05-18 18:57:03.738] [info]  Found comfy_kitchen backend cuda: {'available': False, 'disabled': True, 'unavailable_reason': 'Extension file not found: /Users/runner/Documents/ComfyUI/.venv/lib/python3.12/site-packages/comfy_kitchen/backends/cuda/_C.abi3.so', 'capabilities': []}

[2026-05-18 18:57:03.742] [info]  Found comfy_kitchen backend eager: {'available': True, 'disabled': False, 'unavailable_reason': None, 'capabilities': ['apply_rope', 'apply_rope1', 'dequantize_mxfp8', 'dequantize_nvfp4', 'dequantize_per_tensor_fp8', 'quantize_mxfp8', 'quantize_nvfp4', 'quantize_per_tensor_fp8', 'scaled_mm_mxfp8', 'scaled_mm_nvfp4']}

[2026-05-18 18:57:03.800] [info]  Checkpoint files will always be loaded safely.

[2026-05-18 18:57:03.916] [info]  Total VRAM 7168 MB, total RAM 7168 MB

[2026-05-18 18:57:03.924] [info]  pytorch version: 2.10.0

[2026-05-18 18:57:03.932] [info]  Mac Version (15, 7, 4)

[2026-05-18 18:57:03.943] [info]  Set vram state to: SHARED

[2026-05-18 18:57:03.945] [info]  Device: mps

[2026-05-18 18:57:04.694] [info]  Using sub quadratic optimization for attention, if you have memory or speed issues try using: --use-split-cross-attention

[2026-05-18 18:57:11.719] [info]  Python version: 3.12.11 (main, Aug 18 2025, 19:02:39) [Clang 20.1.4 ]

[2026-05-18 18:57:11.726] [info]  ComfyUI version: 0.21.1

[2026-05-18 18:57:11.731] [info]  comfy-aimdo version: 0.3.0

[2026-05-18 18:57:11.734] [info]  comfy-kitchen version: 0.2.8

[2026-05-18 18:57:11.750] [info]  [Prompt Server] web root: /Users/runner/.comfy-test-cache/desktop/ComfyUI.app/Contents/Resources/ComfyUI/web_custom_versions/desktop_app

[2026-05-18 18:57:11.767] [info]  Asset seeder disabled

[2026-05-18 18:57:11.769] [info]  [START] ComfyUI-Manager

[2026-05-18 18:57:12.034] [info]  [ComfyUI-Manager] Using GitPython backend

[2026-05-18 18:57:12.140] [info]  [ComfyUI-Manager] network_mode: public

[2026-05-18 18:57:12.151] [info]  [ComfyUI-Manager] The matrix sharing feature has been disabled because the `matrix-nio` dependency is not installed.
	To use this feature, please run the following command:
	/Users/runner/Documents/ComfyUI/.venv/bin/python -m pip install matrix-nio


[2026-05-18 18:57:15.410] [info]  
Import times for custom nodes:

[2026-05-18 18:57:15.412] [info]     0.0 seconds: /Users/runner/.comfy-test-cache/desktop/ComfyUI.app/Contents/Resources/ComfyUI/custom_nodes/websocket_image_save.py


[2026-05-18 18:57:15.416] [info]  Context impl SQLiteImpl.
Will assume non-transactional DDL.

[2026-05-18 18:57:15.520] [info]  Starting server


[2026-05-18 18:57:15.534] [info]  To see the GUI go to: http://127.0.0.1:8000

