[2026-05-18 18:47:29.804] [info]  setup plugin alembic.autogenerate.schemas

[2026-05-18 18:47:29.810] [info]  setup plugin alembic.autogenerate.tables
setup plugin alembic.autogenerate.types
setup plugin alembic.autogenerate.constraints
setup plugin alembic.autogenerate.defaults
setup plugin alembic.autogenerate.comments

[2026-05-18 18:47:30.042] [info]  Could not autodetect AIMDO implementation, assuming Nvidia
comfy-aimdo unsupported operating system: Darwin
NOTE: comfy-aimdo currently only supports Windows and Linux

[2026-05-18 18:47:30.417] [info]  Adding extra search path custom_nodes /Users/runner/Documents/ComfyUI/custom_nodes
Adding extra search path download_model_base /Users/runner/Documents/ComfyUI/models
Adding extra search path custom_nodes /Users/runner/.comfy-test-cache/desktop/ComfyUI.app/Contents/Resources/ComfyUI/custom_nodes
Setting output directory to: /Users/runner/Documents/ComfyUI/output
Setting input directory to: /Users/runner/Documents/ComfyUI/input
Setting user directory to: /Users/runner/Documents/ComfyUI/user

[2026-05-18 18:47:31.554] [info]  [START] Security scan
[ComfyUI-Manager] Using uv as Python module for pip operations.

[2026-05-18 18:47:32.039] [info]  [DONE] Security scan
** ComfyUI startup time:
[2026-05-18 18:47:32.043] [info]   2026-05-18 18:47:32.038
** Platform: Darwin
[2026-05-18 18:47:32.044] [info]  
** Python version:
[2026-05-18 18:47:32.045] [info]   
[2026-05-18 18:47:32.052] [info]  3.12.11 (main, Aug 18 2025, 19:02:39) [Clang 20.1.4 ]
[2026-05-18 18:47:32.056] [info]  

[2026-05-18 18:47:32.059] [info]  ** Python executable:
[2026-05-18 18:47:32.068] [info]   
[2026-05-18 18:47:32.073] [info]  /Users/runner/Documents/ComfyUI/.venv/bin/python
[2026-05-18 18:47:32.076] [info]  
** ComfyUI Path: /Users/runner/.comfy-test-cache/desktop/ComfyUI.app/Contents/Resources/ComfyUI
** ComfyUI Base Folder Path: /Users/runner/.comfy-test-cache/desktop/ComfyUI.app/Contents/Resources/ComfyUI
** User directory: /Users/runner/Documents/ComfyUI/user
** ComfyUI-Manager config path: /Users/runner/Documents/ComfyUI/user/__manager/config.ini
** Log path: /Users/runner/Documents/ComfyUI/user/comfyui.log

[2026-05-18 18:47:32.392] [info]  [ComfyUI-Manager] Skipped fixing the 'comfyui-frontend-package' dependency because the ComfyUI is outdated.

[2026-05-18 18:47:32.409] [info]  [PRE] ComfyUI-Manager

[2026-05-18 18:47:40.700] [info]  Found comfy_kitchen backend triton: {'available': False, 'disabled': True, 'unavailable_reason': "ImportError: No module named 'triton'", 'capabilities': []}
Found comfy_kitchen backend eager: {'available': True, 'disabled': False, 'unavailable_reason': None, 'capabilities': ['apply_rope', 'apply_rope1', 'dequantize_mxfp8', 'dequantize_nvfp4', 'dequantize_per_tensor_fp8', 'quantize_mxfp8', 'quantize_nvfp4', 'quantize_per_tensor_fp8', 'scaled_mm_mxfp8', 'scaled_mm_nvfp4']}

[2026-05-18 18:47:40.715] [info]  Found comfy_kitchen backend cuda: {'available': False, 'disabled': True, 'unavailable_reason': 'Extension file not found: /Users/runner/Documents/ComfyUI/.venv/lib/python3.12/site-packages/comfy_kitchen/backends/cuda/_C.abi3.so', 'capabilities': []}

[2026-05-18 18:47:40.837] [info]  Checkpoint files will always be loaded safely.

[2026-05-18 18:47:40.950] [info]  Total VRAM 7168 MB, total RAM 7168 MB

[2026-05-18 18:47:40.959] [info]  pytorch version: 2.10.0

[2026-05-18 18:47:40.978] [info]  Mac Version (15, 7, 4)

[2026-05-18 18:47:40.980] [info]  Set vram state to: SHARED

[2026-05-18 18:47:40.982] [info]  Device: mps

[2026-05-18 18:47:42.208] [info]  Using sub quadratic optimization for attention, if you have memory or speed issues try using: --use-split-cross-attention

[2026-05-18 18:47:48.732] [info]  Python version: 3.12.11 (main, Aug 18 2025, 19:02:39) [Clang 20.1.4 ]

[2026-05-18 18:47:48.738] [info]  ComfyUI version: 0.21.1

[2026-05-18 18:47:48.753] [info]  comfy-aimdo version: 0.3.0

[2026-05-18 18:47:48.769] [info]  comfy-kitchen version: 0.2.8

[2026-05-18 18:47:48.788] [info]  [Prompt Server] web root: /Users/runner/.comfy-test-cache/desktop/ComfyUI.app/Contents/Resources/ComfyUI/web_custom_versions/desktop_app

[2026-05-18 18:47:48.819] [info]  Asset seeder disabled

[2026-05-18 18:47:48.833] [info]  [START] ComfyUI-Manager

[2026-05-18 18:47:49.168] [info]  [ComfyUI-Manager] Using GitPython backend
[2026-05-18 18:47:49.170] [info]  

[2026-05-18 18:47:49.294] [info]  [ComfyUI-Manager] network_mode: public

[2026-05-18 18:47:49.302] [info]  [ComfyUI-Manager] The matrix sharing feature has been disabled because the `matrix-nio` dependency is not installed.
	To use this feature, please run the following command:
	/Users/runner/Documents/ComfyUI/.venv/bin/python -m pip install matrix-nio


[2026-05-18 18:47:52.967] [info]  
Import times for custom nodes:

[2026-05-18 18:47:52.970] [info]     0.0 seconds: /Users/runner/.comfy-test-cache/desktop/ComfyUI.app/Contents/Resources/ComfyUI/custom_nodes/websocket_image_save.py

[2026-05-18 18:47:52.980] [info]  

[2026-05-18 18:47:53.019] [info]  Context impl SQLiteImpl.

[2026-05-18 18:47:53.022] [info]  Will assume non-transactional DDL.

[2026-05-18 18:47:53.171] [info]  Starting server


[2026-05-18 18:47:53.183] [info]  To see the GUI go to: http://127.0.0.1:8000

