[2026-05-10 22:26:06.896] [info]  setup plugin alembic.autogenerate.schemas
setup plugin alembic.autogenerate.tables
setup plugin alembic.autogenerate.types
setup plugin alembic.autogenerate.constraints
setup plugin alembic.autogenerate.defaults
setup plugin alembic.autogenerate.comments

[2026-05-10 22:26:06.951] [info]  comfy-aimdo os not supported Darwin
NOTE: comfy-aimdo is currently only support for Windows and Linux

[2026-05-10 22:26:07.074] [info]  Adding extra search path custom_nodes /Users/runner/Documents/ComfyUI/custom_nodes
Adding extra search path download_model_base /Users/runner/Documents/ComfyUI/models
Adding extra search path custom_nodes /Users/runner/.comfy-test-cache/desktop/ComfyUI.app/Contents/Resources/ComfyUI/custom_nodes
Setting output directory to: /Users/runner/Documents/ComfyUI/output
Setting input directory to: /Users/runner/Documents/ComfyUI/input
Setting user directory to: /Users/runner/Documents/ComfyUI/user

[2026-05-10 22:26:07.265] [info]  [START] Security scan
[ComfyUI-Manager] Using uv as Python module for pip operations.

[2026-05-10 22:26:07.371] [info]  [DONE] Security scan
** ComfyUI startup time: 2026-05-10 22:26:07.370
** Platform: Darwin
** Python version: 3.12.11 (main, Aug 18 2025, 19:02:39) [Clang 20.1.4 ]
[2026-05-10 22:26:07.374] [info]  
** Python executable: /Users/runner/Documents/ComfyUI/.venv/bin/python
** ComfyUI Path: /Users/runner/.comfy-test-cache/desktop/ComfyUI.app/Contents/Resources/ComfyUI
** ComfyUI Base Folder Path: /Users/runner/.comfy-test-cache/desktop/ComfyUI.app/Contents/Resources/ComfyUI
** User directory: /Users/runner/Documents/ComfyUI/user
** ComfyUI-Manager config path: /Users/runner/Documents/ComfyUI/user/__manager/config.ini
** Log path: /Users/runner/Documents/ComfyUI/user/comfyui.log

[2026-05-10 22:26:07.485] [info]  [ComfyUI-Manager] Skipped fixing the 'comfyui-frontend-package' dependency because the ComfyUI is outdated.

[2026-05-10 22:26:07.488] [info]  [PRE] ComfyUI-Manager

[2026-05-10 22:26:07.681] [error] [comfy-env] comfyui-geometrypack: 1 isolation env(s):

[2026-05-10 22:26:07.682] [error] [comfy-env]   nodes -> /Users/runner/Documents/ComfyUI/custom_nodes/comfyui-geometrypack/nodes

[2026-05-10 22:26:08.588] [error] [comfy-env] prestartup complete

[2026-05-10 22:26:08.603] [info]  WARNING: Potential Error in code: Torch already imported, torch should never be imported before this point.

[2026-05-10 22:26:09.292] [info]  Found comfy_kitchen backend triton: {'available': False, 'disabled': True, 'unavailable_reason': "ImportError: No module named 'triton'", 'capabilities': []}
Found comfy_kitchen backend cuda: {'available': False, 'disabled': True, 'unavailable_reason': 'Extension file not found: /Users/runner/Documents/ComfyUI/.venv/lib/python3.12/site-packages/comfy_kitchen/backends/cuda/_C.abi3.so', 'capabilities': []}

[2026-05-10 22:26:09.292] [info]  Found comfy_kitchen backend eager: {'available': True, 'disabled': False, 'unavailable_reason': None, 'capabilities': ['apply_rope', 'apply_rope1', 'dequantize_mxfp8', 'dequantize_nvfp4', 'dequantize_per_tensor_fp8', 'quantize_mxfp8', 'quantize_nvfp4', 'quantize_per_tensor_fp8', 'scaled_mm_mxfp8', 'scaled_mm_nvfp4']}

[2026-05-10 22:26:09.297] [info]  Checkpoint files will always be loaded safely.

[2026-05-10 22:26:09.318] [info]  Total VRAM 7168 MB, total RAM 7168 MB
pytorch version: 2.10.0

[2026-05-10 22:26:09.320] [info]  Mac Version (15, 7, 4)

[2026-05-10 22:26:09.321] [info]  Set vram state to: SHARED
Device: mps

[2026-05-10 22:26:09.555] [info]  Using sub quadratic optimization for attention, if you have memory or speed issues try using: --use-split-cross-attention

[2026-05-10 22:26:11.552] [info]  Python version: 3.12.11 (main, Aug 18 2025, 19:02:39) [Clang 20.1.4 ]
ComfyUI version: 0.20.1

[2026-05-10 22:26:11.553] [info]  comfy-aimdo version: 0.2.14
comfy-kitchen version: 0.2.8

[2026-05-10 22:26:11.554] [info]  [Prompt Server] web root: /Users/runner/.comfy-test-cache/desktop/ComfyUI.app/Contents/Resources/ComfyUI/web_custom_versions/desktop_app

[2026-05-10 22:26:11.555] [info]  Asset seeder disabled

[2026-05-10 22:26:11.556] [info]  [START] ComfyUI-Manager

[2026-05-10 22:26:11.650] [info]  [ComfyUI-Manager] Using GitPython backend

[2026-05-10 22:26:11.689] [info]  [ComfyUI-Manager] network_mode: public

[2026-05-10 22:26:11.692] [info]  [ComfyUI-Manager] The matrix sharing feature has been disabled because the `matrix-nio` dependency is not installed.
	To use this feature, please run the following command:
	/Users/runner/Documents/ComfyUI/.venv/bin/python -m pip install matrix-nio


[2026-05-10 22:26:12.622] [info]  loading...

[2026-05-10 22:26:12.624] [info]  calling register_nodes

[2026-05-10 22:26:12.627] [error] [comfy-env] Version: 0.3.82

[2026-05-10 22:26:12.780] [error] [comfy-env] register_nodes: comfyui-geometrypack
[2026-05-10 22:26:12.781] [error] 

[2026-05-10 22:26:12.786] [error] [comfy-env] ComfyUI source dir: /Users/runner/.comfy-test-cache/desktop/ComfyUI.app/Contents/Resources/ComfyUI
[2026-05-10 22:26:12.790] [error] 

[2026-05-10 22:26:12.818] [error] [comfy-env] Scanning nodes metadata (isolation root)...

[2026-05-10 22:26:12.829] [error] [comfy-env] Cache hit for nodes: 125 nodes
[2026-05-10 22:26:12.830] [error] 
[comfy-env] Scanned nodes root: 125 nodes (0.0s)

[2026-05-10 22:26:12.832] [error] [comfy-env] Imported nodes root: 125 nodes (isolation)

[2026-05-10 22:26:12.833] [error] [comfy-env] Registered 125 total nodes

[2026-05-10 22:26:12.835] [info]  
Import times for custom nodes:

[2026-05-10 22:26:12.836] [info]     0.0 seconds: /Users/runner/.comfy-test-cache/desktop/ComfyUI.app/Contents/Resources/ComfyUI/custom_nodes/websocket_image_save.py
   0.2 seconds: /Users/runner/Documents/ComfyUI/custom_nodes/comfyui-geometrypack


[2026-05-10 22:26:12.839] [info]  Context impl SQLiteImpl.
Will assume non-transactional DDL.

[2026-05-10 22:26:12.878] [info]  Starting server


[2026-05-10 22:26:12.878] [info]  To see the GUI go to: http://127.0.0.1:8000

[2026-05-10 22:26:14.620] [info]  [ComfyUI-Manager] The ComfyRegistry cache update is still in progress, so an outdated cache is being used.

[2026-05-10 22:26:14.710] [info]  FETCH DATA from: /Users/runner/Documents/ComfyUI/.venv/lib/python3.12/site-packages/comfyui_manager/custom-node-list.json
[2026-05-10 22:26:14.730] [info]   [DONE]

[2026-05-10 22:26:17.197] [info]  [ComfyUI-Manager] The ComfyRegistry cache update is still in progress, so an outdated cache is being used.

[2026-05-10 22:26:17.293] [info]  FETCH DATA from: /Users/runner/Documents/ComfyUI/.venv/lib/python3.12/site-packages/comfyui_manager/custom-node-list.json
[2026-05-10 22:26:17.314] [info]   [DONE]

[2026-05-10 22:26:38.909] [info]  got prompt

[2026-05-10 22:26:38.953] [info]  [comfyui-geometrypack] python: /Users/runner/.ce/.pixi/envs/geometrypack-nodes/bin/python
[comfyui-geometrypack] sys_path sent to worker: ['/Users/runner/.comfy-test-cache/desktop/ComfyUI.app/Contents/Resources/ComfyUI', '/Users/runner/Documents/ComfyUI/custom_nodes/comfyui-geometrypack', '/Users/runner/.ce/.pixi/envs/geometrypack-nodes/lib/python3.1/site-packages', '/Users/runner/Documents/ComfyUI/custom_nodes/comfyui-geometrypack']

[2026-05-10 22:26:40.242] [error] [worker:comfyui-geometrypack] ERROR: Failed to import comfy_kitchen, Error: No module named 'comfy_kitchen', fp8 and fp4 support will not be available.

[2026-05-10 22:26:41.741] [error] [worker:comfyui-geometrypack] INFO: Found mesh in input folder: 3d/Stanford_Bunny.stl

[2026-05-10 22:26:41.743] [error] [worker:comfyui-geometrypack] INFO: Loading: /Users/runner/Documents/ComfyUI/input/3d/Stanford_Bunny.stl

[2026-05-10 22:26:41.911] [error] [worker:comfyui-geometrypack] INFO: Initial mesh: 56203 vertices, 112402 faces

[2026-05-10 22:26:41.959] [error] [worker:comfyui-geometrypack] INFO: Successfully loaded: 56203 vertices, 112402 faces

[2026-05-10 22:26:41.960] [error] [worker:comfyui-geometrypack] INFO: Loaded: 56203 vertices, 112402 faces

[2026-05-10 22:26:42.447] [error] [comfyui-geometrypack] Health check: ping (timeout=5.0s)...

[2026-05-10 22:26:42.455] [error] [comfyui-geometrypack] Health check: ok

[2026-05-10 22:26:42.475] [error] [worker:comfyui-geometrypack] INFO: Decimate dispatch: fast_simplification -> GeomPackDecimate_FastSimplification

[2026-05-10 22:26:42.494] [error] [comfyui-geometrypack] Health check: ping (timeout=5.0s)...
[2026-05-10 22:26:42.498] [error] 
[comfyui-geometrypack] Health check: ok

[2026-05-10 22:26:42.503] [error] [worker:comfyui-geometrypack] INFO: Decimate dispatch: decimate_pro -> GeomPackDecimate_DecimatePro

[2026-05-10 22:26:42.516] [error] [comfyui-geometrypack] Health check: ping (timeout=5.0s)...

[2026-05-10 22:26:42.519] [error] [comfyui-geometrypack] Health check: ok

[2026-05-10 22:26:42.537] [error] [worker:comfyui-geometrypack] INFO: Decimate dispatch: vertex_clustering -> GeomPackDecimate_VertexClustering

[2026-05-10 22:26:42.557] [error] [comfyui-geometrypack] Health check: ping (timeout=5.0s)...

[2026-05-10 22:26:42.561] [error] [comfyui-geometrypack] Health check: ok

[2026-05-10 22:26:42.573] [error] [worker:comfyui-geometrypack] INFO: Decimate dispatch: quadric_edge_collapse -> GeomPackDecimate_QuadricEdgeCollapse

[2026-05-10 22:26:42.589] [error] [comfyui-geometrypack] Health check: ping (timeout=5.0s)...
[2026-05-10 22:26:42.590] [error] 
[comfyui-geometrypack] Health check: ok

[2026-05-10 22:26:42.598] [error] [worker:comfyui-geometrypack] INFO: Backend: fast_simplification
[worker:comfyui-geometrypack] INFO: Input: 56,203 vertices, 112,402 faces
[2026-05-10 22:26:42.599] [error] 

[2026-05-10 22:26:42.734] [error] [comfyui-geometrypack] Health check: ping (timeout=5.0s)...
[2026-05-10 22:26:42.770] [error] 
[comfyui-geometrypack] Health check: ok
[worker:comfyui-geometrypack] INFO: Backend: decimate_pro
[worker:comfyui-geometrypack] INFO: Input: 56,203 vertices, 112,402 faces

[2026-05-10 22:26:44.732] [error] [comfyui-geometrypack] Health check: ping (timeout=5.0s)...
[2026-05-10 22:26:44.740] [error] 
[comfyui-geometrypack] Health check: ok

[2026-05-10 22:26:44.756] [error] [worker:comfyui-geometrypack] INFO: Backend: vertex_clustering

[2026-05-10 22:26:44.758] [error] [worker:comfyui-geometrypack] INFO: Input: 56,203 vertices, 112,402 faces
[2026-05-10 22:26:44.760] [error] 

[2026-05-10 22:26:47.204] [error] [comfyui-geometrypack] Health check: ping (timeout=5.0s)...

[2026-05-10 22:26:47.210] [error] [comfyui-geometrypack] Health check: ok

[2026-05-10 22:26:47.225] [error] [worker:comfyui-geometrypack] INFO: Mode: fields, Meshes: 3

[2026-05-10 22:26:47.226] [error] [worker:comfyui-geometrypack] INFO: Mesh 1: Mesh - 56203 vertices, 112402 faces
[worker:comfyui-geometrypack] INFO: Exporting mesh to VTP: /Users/runner/Documents/ComfyUI/output/preview_multi_1_0fb271d4.vtp

[2026-05-10 22:26:47.432] [error] [worker:comfyui-geometrypack] INFO: Adding normals field (56203 vertices)
[2026-05-10 22:26:47.434] [error] 

[2026-05-10 22:26:47.519] [error] [worker:comfyui-geometrypack] INFO: Adding face field: stl

[2026-05-10 22:26:47.660] [error] [worker:comfyui-geometrypack] INFO: Export complete: 56203 vertices, 112402 faces

[2026-05-10 22:26:47.663] [error] [worker:comfyui-geometrypack] INFO: Exported VTP: /Users/runner/Documents/ComfyUI/output/preview_multi_1_0fb271d4.vtp

[2026-05-10 22:26:47.704] [error] [worker:comfyui-geometrypack] INFO: Mesh 2: Mesh - 11242 vertices, 22480 faces

[2026-05-10 22:26:47.705] [error] [worker:comfyui-geometrypack] INFO: Exporting mesh to VTP: /Users/runner/Documents/ComfyUI/output/preview_multi_2_0fb271d4.vtp

[2026-05-10 22:26:47.733] [error] [worker:comfyui-geometrypack] INFO: Adding normals field (11242 vertices)

[2026-05-10 22:26:47.764] [error] [worker:comfyui-geometrypack] INFO: Export complete: 11242 vertices, 22480 faces

[2026-05-10 22:26:47.766] [error] [worker:comfyui-geometrypack] INFO: Exported VTP: /Users/runner/Documents/ComfyUI/output/preview_multi_2_0fb271d4.vtp

[2026-05-10 22:26:47.774] [error] [worker:comfyui-geometrypack] INFO: Mesh 3: Mesh - 1272 vertices, 2582 faces
[worker:comfyui-geometrypack] INFO: Exporting mesh to VTP: /Users/runner/Documents/ComfyUI/output/preview_multi_3_0fb271d4.vtp

[2026-05-10 22:26:47.780] [error] [worker:comfyui-geometrypack] INFO: Adding normals field (1272 vertices)

[2026-05-10 22:26:47.790] [error] [worker:comfyui-geometrypack] INFO: Export complete: 1272 vertices, 2582 faces
[worker:comfyui-geometrypack] INFO: Exported VTP: /Users/runner/Documents/ComfyUI/output/preview_multi_3_0fb271d4.vtp

[2026-05-10 22:26:47.792] [error] [worker:comfyui-geometrypack] INFO: Grid: 3x1, Preview ready

[2026-05-10 22:26:47.794] [error] [comfyui-geometrypack] Health check: ping (timeout=5.0s)...

[2026-05-10 22:26:47.797] [error] [comfyui-geometrypack] Health check: ok

[2026-05-10 22:26:47.812] [error] [worker:comfyui-geometrypack] INFO: Backend: quadric_edge_collapse

[2026-05-10 22:26:47.815] [error] [worker:comfyui-geometrypack] INFO: Input: 56,203 vertices, 112,402 faces

[2026-05-10 22:26:49.822] [error] [comfyui-geometrypack] Health check: ping (timeout=5.0s)...
[2026-05-10 22:26:49.827] [error] 
[comfyui-geometrypack] Health check: ok

[2026-05-10 22:26:49.854] [error] [worker:comfyui-geometrypack] INFO: Mode: fields, Meshes: 3
[worker:comfyui-geometrypack] INFO: Mesh 1: Mesh - 56203 vertices, 112402 faces

[2026-05-10 22:26:49.857] [error] [worker:comfyui-geometrypack] INFO: Exporting mesh to VTP: /Users/runner/Documents/ComfyUI/output/preview_multi_1_d971ebd9.vtp

[2026-05-10 22:26:50.022] [error] [worker:comfyui-geometrypack] INFO: Adding normals field (56203 vertices)

[2026-05-10 22:26:50.099] [error] [worker:comfyui-geometrypack] INFO: Adding face field: stl

[2026-05-10 22:26:50.208] [error] [worker:comfyui-geometrypack] INFO: Export complete: 56203 vertices, 112402 faces

[2026-05-10 22:26:50.212] [error] [worker:comfyui-geometrypack] INFO: Exported VTP: /Users/runner/Documents/ComfyUI/output/preview_multi_1_d971ebd9.vtp

[2026-05-10 22:26:50.253] [error] [worker:comfyui-geometrypack] INFO: Mesh 2: Mesh - 2502 vertices, 5000 faces

[2026-05-10 22:26:50.255] [error] [worker:comfyui-geometrypack] INFO: Exporting mesh to VTP: /Users/runner/Documents/ComfyUI/output/preview_multi_2_d971ebd9.vtp

[2026-05-10 22:26:50.263] [error] [worker:comfyui-geometrypack] INFO: Adding normals field (2502 vertices)

[2026-05-10 22:26:50.273] [error] [worker:comfyui-geometrypack] INFO: Export complete: 2502 vertices, 5000 faces

[2026-05-10 22:26:50.275] [error] [worker:comfyui-geometrypack] INFO: Exported VTP: /Users/runner/Documents/ComfyUI/output/preview_multi_2_d971ebd9.vtp

[2026-05-10 22:26:50.276] [error] [worker:comfyui-geometrypack] INFO: Mesh 3: Mesh - 11242 vertices, 22480 faces
[worker:comfyui-geometrypack] INFO: Exporting mesh to VTP: /Users/runner/Documents/ComfyUI/output/preview_multi_3_d971ebd9.vtp

[2026-05-10 22:26:50.303] [error] [worker:comfyui-geometrypack] INFO: Adding normals field (11242 vertices)

[2026-05-10 22:26:50.334] [error] [worker:comfyui-geometrypack] INFO: Export complete: 11242 vertices, 22480 faces
[2026-05-10 22:26:50.335] [error] 
[worker:comfyui-geometrypack] INFO: Exported VTP: /Users/runner/Documents/ComfyUI/output/preview_multi_3_d971ebd9.vtp

[2026-05-10 22:26:50.342] [error] [worker:comfyui-geometrypack] INFO: Grid: 3x1, Preview ready

[2026-05-10 22:26:50.348] [info]  Prompt executed in 11.43 seconds

