[2026-05-10 22:48:43.286] [info]  setup plugin alembic.autogenerate.schemas
setup plugin alembic.autogenerate.tables
setup plugin alembic.autogenerate.types
setup plugin alembic.autogenerate.constraints
setup plugin alembic.autogenerate.defaults

[2026-05-10 22:48:43.288] [info]  setup plugin alembic.autogenerate.comments

[2026-05-10 22:48:43.359] [info]  comfy-aimdo os not supported Darwin
NOTE: comfy-aimdo is currently only support for Windows and Linux

[2026-05-10 22:48:43.510] [info]  Adding extra search path custom_nodes /Users/runner/Documents/ComfyUI/custom_nodes
Adding extra search path download_model_base /Users/runner/Documents/ComfyUI/models
Adding extra search path custom_nodes /Users/runner/.comfy-test-cache/desktop/ComfyUI.app/Contents/Resources/ComfyUI/custom_nodes
Setting output directory to: /Users/runner/Documents/ComfyUI/output

[2026-05-10 22:48:43.512] [info]  Setting input directory to: /Users/runner/Documents/ComfyUI/input
Setting user directory to: /Users/runner/Documents/ComfyUI/user

[2026-05-10 22:48:43.824] [info]  [START] Security scan
[ComfyUI-Manager] Using uv as Python module for pip operations.

[2026-05-10 22:48:43.945] [info]  [DONE] Security scan
** ComfyUI startup time: 2026-05-10 22:48:43.944
** Platform: 
[2026-05-10 22:48:43.946] [info]  Darwin
** Python version: 3.12.11 (main, Aug 18 2025, 19:02:39) [Clang 20.1.4 ]
** Python executable: /Users/runner/Documents/ComfyUI/.venv/bin/python
** ComfyUI Path: /Users/runner/.comfy-test-cache/desktop/ComfyUI.app/Contents/Resources/ComfyUI
** ComfyUI Base Folder Path: /Users/runner/.comfy-test-cache/desktop/ComfyUI.app/Contents/Resources/ComfyUI
** User directory: /Users/runner/Documents/ComfyUI/user
** ComfyUI-Manager config path: /Users/runner/Documents/ComfyUI/user/__manager/config.ini
** Log path: /Users/runner/Documents/ComfyUI/user/comfyui.log

[2026-05-10 22:48:44.057] [info]  [ComfyUI-Manager] Skipped fixing the 'comfyui-frontend-package' dependency because the ComfyUI is outdated.
[PRE] ComfyUI-Manager

[2026-05-10 22:48:44.227] [error] [comfy-env] comfyui-geometrypack: 1 isolation env(s):
[2026-05-10 22:48:44.228] [error] 
[comfy-env]   nodes -> /Users/runner/Documents/ComfyUI/custom_nodes/comfyui-geometrypack/nodes

[2026-05-10 22:48:45.096] [error] [comfy-env] prestartup complete

[2026-05-10 22:48:45.110] [info]  WARNING: Potential Error in code: Torch already imported, torch should never be imported before this point.

[2026-05-10 22:48:46.079] [info]  Found comfy_kitchen backend eager: {'available': True, 'disabled': False, 'unavailable_reason': None, 'capabilities': ['apply_rope', 'apply_rope1', 'dequantize_mxfp8', 'dequantize_nvfp4', 'dequantize_per_tensor_fp8', 'quantize_mxfp8', 'quantize_nvfp4', 'quantize_per_tensor_fp8', 'scaled_mm_mxfp8', 'scaled_mm_nvfp4']}

[2026-05-10 22:48:46.080] [info]  Found comfy_kitchen backend cuda: {'available': False, 'disabled': True, 'unavailable_reason': 'Extension file not found: /Users/runner/Documents/ComfyUI/.venv/lib/python3.12/site-packages/comfy_kitchen/backends/cuda/_C.abi3.so', 'capabilities': []}
Found comfy_kitchen backend triton: {'available': False, 'disabled': True, 'unavailable_reason': "ImportError: No module named 'triton'", 'capabilities': []}

[2026-05-10 22:48:46.086] [info]  Checkpoint files will always be loaded safely.

[2026-05-10 22:48:46.128] [info]  Total VRAM 7168 MB, total RAM 7168 MB

[2026-05-10 22:48:46.129] [info]  pytorch version: 2.10.0

[2026-05-10 22:48:46.131] [info]  Mac Version (15, 7, 4)

[2026-05-10 22:48:46.132] [info]  Set vram state to: SHARED
Device: mps

[2026-05-10 22:48:46.446] [info]  Using sub quadratic optimization for attention, if you have memory or speed issues try using: --use-split-cross-attention

[2026-05-10 22:48:48.777] [info]  Python version: 3.12.11 (main, Aug 18 2025, 19:02:39) [Clang 20.1.4 ]
ComfyUI version: 0.20.1
comfy-aimdo version: 0.2.14
comfy-kitchen version: 0.2.8

[2026-05-10 22:48:48.779] [info]  [Prompt Server] web root: /Users/runner/.comfy-test-cache/desktop/ComfyUI.app/Contents/Resources/ComfyUI/web_custom_versions/desktop_app

[2026-05-10 22:48:48.781] [info]  Asset seeder disabled
[START] ComfyUI-Manager

[2026-05-10 22:48:48.870] [info]  [ComfyUI-Manager] Using GitPython backend

[2026-05-10 22:48:48.899] [info]  [ComfyUI-Manager] network_mode: public

[2026-05-10 22:48:48.901] [info]  [ComfyUI-Manager] The matrix sharing feature has been disabled because the `matrix-nio` dependency is not installed.
	To use this feature, please run the following command:
	/Users/runner/Documents/ComfyUI/.venv/bin/python -m pip install matrix-nio


[2026-05-10 22:48:49.763] [info]  loading...
calling register_nodes

[2026-05-10 22:48:49.767] [error] [comfy-env] Version: 0.3.82
[2026-05-10 22:48:49.768] [error] 

[2026-05-10 22:48:49.769] [info]  [comfy-env] Removed stale socket: /var/folders/tb/y368xp_x10s3ty1b_mtl5mxr0000gn/T/comfy_worker_bc4676b9a122.sock

[2026-05-10 22:48:49.847] [info]  [comfy-env] Removed stale temp dir: /var/folders/tb/y368xp_x10s3ty1b_mtl5mxr0000gn/T/comfyui_pvenv_1_m0xbw8

[2026-05-10 22:48:49.997] [error] [comfy-env] register_nodes: comfyui-geometrypack
[2026-05-10 22:48:49.998] [error] 

[2026-05-10 22:48:50.003] [error] [comfy-env] ComfyUI source dir: /Users/runner/.comfy-test-cache/desktop/ComfyUI.app/Contents/Resources/ComfyUI

[2026-05-10 22:48:50.021] [error] [comfy-env] Scanning nodes metadata (isolation root)...

[2026-05-10 22:48:50.035] [error] [comfy-env] Cache hit for nodes: 125 nodes

[2026-05-10 22:48:50.036] [error] [comfy-env] Scanned nodes root: 125 nodes (0.0s)

[2026-05-10 22:48:50.039] [error] [comfy-env] Imported nodes root: 125 nodes (isolation)
[comfy-env] Registered 125 total nodes

[2026-05-10 22:48:50.042] [info]  
Import times for custom nodes:

[2026-05-10 22:48:50.043] [info]     0.0 seconds: /Users/runner/.comfy-test-cache/desktop/ComfyUI.app/Contents/Resources/ComfyUI/custom_nodes/websocket_image_save.py
   0.3 seconds: /Users/runner/Documents/ComfyUI/custom_nodes/comfyui-geometrypack


[2026-05-10 22:48:50.046] [info]  Context impl SQLiteImpl.

[2026-05-10 22:48:50.048] [info]  Will assume non-transactional DDL.

[2026-05-10 22:48:50.102] [info]  Starting server


[2026-05-10 22:48:50.104] [info]  To see the GUI go to: http://127.0.0.1:8000

[2026-05-10 22:48:52.138] [info]  [ComfyUI-Manager] The ComfyRegistry cache update is still in progress, so an outdated cache is being used.

[2026-05-10 22:48:52.249] [info]  FETCH DATA from: /Users/runner/Documents/ComfyUI/.venv/lib/python3.12/site-packages/comfyui_manager/custom-node-list.json
[2026-05-10 22:48:52.283] [info]   [DONE]

[2026-05-10 22:48:53.612] [info]  [ComfyUI-Manager] The ComfyRegistry cache update is still in progress, so an outdated cache is being used.

[2026-05-10 22:48:53.700] [info]  FETCH DATA from: /Users/runner/Documents/ComfyUI/.venv/lib/python3.12/site-packages/comfyui_manager/custom-node-list.json
[2026-05-10 22:48:53.717] [info]   [DONE]

[2026-05-10 22:49:15.552] [info]  got prompt

[2026-05-10 22:49:15.579] [info]  [comfyui-geometrypack] python: /Users/runner/.ce/.pixi/envs/geometrypack-nodes/bin/python
[comfyui-geometrypack] sys_path sent to worker: ['/Users/runner/.comfy-test-cache/desktop/ComfyUI.app/Contents/Resources/ComfyUI', '/Users/runner/Documents/ComfyUI/custom_nodes/comfyui-geometrypack', '/Users/runner/.ce/.pixi/envs/geometrypack-nodes/lib/python3.1/site-packages', '/Users/runner/Documents/ComfyUI/custom_nodes/comfyui-geometrypack']

[2026-05-10 22:49:16.814] [error] [worker:comfyui-geometrypack] ERROR: Failed to import comfy_kitchen, Error: No module named 'comfy_kitchen', fp8 and fp4 support will not be available.

[2026-05-10 22:49:18.475] [error] [worker:comfyui-geometrypack] INFO: Found mesh in input folder: 3d/cow.off

[2026-05-10 22:49:18.476] [error] [worker:comfyui-geometrypack] INFO: Loading: /Users/runner/Documents/ComfyUI/input/3d/cow.off

[2026-05-10 22:49:18.485] [error] [worker:comfyui-geometrypack] INFO: Initial mesh: 2761 vertices, 5520 faces

[2026-05-10 22:49:18.488] [error] [worker:comfyui-geometrypack] INFO: Successfully loaded: 2761 vertices, 5520 faces
[2026-05-10 22:49:18.489] [error] 
[worker:comfyui-geometrypack] INFO: Loaded: 2761 vertices, 5520 faces

[2026-05-10 22:49:19.048] [error] [comfyui-geometrypack] Health check: ping (timeout=5.0s)...
[comfyui-geometrypack] Health check: ok
[worker:comfyui-geometrypack] INFO: Extract Skeleton dispatch: wavefront -> GeomPackSkeleton_Wavefront

[2026-05-10 22:49:19.056] [error] [comfyui-geometrypack] Health check: ping (timeout=5.0s)...

[2026-05-10 22:49:19.059] [error] [comfyui-geometrypack] Health check: ok

[2026-05-10 22:49:20.076] [error] [worker:comfyui-geometrypack] INFO: Backend: wavefront

[2026-05-10 22:49:20.105] [error] Skeletonizing:   0%|          | 0/2761 [00:00<?, ?it/s]
[2026-05-10 22:49:20.113] [error] Skeletonizing: 100%|██████████| 2761/2761 [00:00<00:00, 365268.53it/s]

[2026-05-10 22:49:20.135] [error] [comfyui-geometrypack] Health check: ping (timeout=5.0s)...
[2026-05-10 22:49:20.139] [error] 
[comfyui-geometrypack] Health check: ok

[2026-05-10 22:49:20.144] [error] [worker:comfyui-geometrypack] INFO: Creating solid mesh: 96 joints, 95 bones

[2026-05-10 22:49:20.145] [error] [worker:comfyui-geometrypack] INFO: Skeleton metadata: scale=0.515, normalized=False
[worker:comfyui-geometrypack] INFO: Input skeleton bounding box:
[worker:comfyui-geometrypack] INFO:   Min: [-0.512, -0.315, -0.154]
[worker:comfyui-geometrypack] INFO:   Max: [0.519, 0.320, 0.138]
[worker:comfyui-geometrypack] INFO:   Size: [1.031, 0.635, 0.292]
[2026-05-10 22:49:20.145] [error] 
[worker:comfyui-geometrypack] INFO:   Center: [0.003, 0.002, -0.008]

[2026-05-10 22:49:20.213] [error] [worker:comfyui-geometrypack] INFO: Created mesh: 11118 vertices, 21472 faces

[2026-05-10 22:49:20.216] [error] [worker:comfyui-geometrypack] INFO: Output mesh bounding box:

[2026-05-10 22:49:20.216] [error] [worker:comfyui-geometrypack] INFO:   Min: [-0.531, -0.334, -0.174]
[worker:comfyui-geometrypack] INFO:   Max: [0.538, 0.339, 0.158]
[worker:comfyui-geometrypack] INFO:   Size: [1.070, 0.674, 0.332]
[worker:comfyui-geometrypack] INFO:   Center: [0.003, 0.002, -0.008]

[2026-05-10 22:49:20.220] [error] [comfyui-geometrypack] Health check: ping (timeout=5.0s)...

[2026-05-10 22:49:20.223] [error] [comfyui-geometrypack] Health check: ok

[2026-05-10 22:49:20.228] [error] [worker:comfyui-geometrypack] INFO: Layout: overlay, Mode: fields
[worker:comfyui-geometrypack] INFO: Mesh 1: Mesh - 11118 vertices, 21472 faces

[2026-05-10 22:49:20.232] [error] [worker:comfyui-geometrypack] INFO: Mesh 2: Mesh - 2761 vertices, 5520 faces
[worker:comfyui-geometrypack] INFO: Mesh 1 fields: []

[2026-05-10 22:49:20.234] [error] [worker:comfyui-geometrypack] INFO: Mesh 2 fields: []
[worker:comfyui-geometrypack] INFO: Common fields: []
[worker:comfyui-geometrypack] INFO: Mesh 1 visual: kind=None, texture=False, vertex_colors=False

[2026-05-10 22:49:20.235] [error] [worker:comfyui-geometrypack] INFO: Mesh 2 visual: kind=None, texture=False, vertex_colors=False

[2026-05-10 22:49:20.239] [error] [worker:comfyui-geometrypack] INFO: Added mesh_id field and red/blue colors for overlay

[2026-05-10 22:49:20.243] [error] [worker:comfyui-geometrypack] INFO: Exporting mesh to VTP: /Users/runner/Documents/ComfyUI/output/preview_dual_overlay_9ec08857.vtp

[2026-05-10 22:49:20.274] [error] [worker:comfyui-geometrypack] INFO: Adding normals field (13879 vertices)

[2026-05-10 22:49:20.287] [error] [worker:comfyui-geometrypack] INFO: Adding scalar field: mesh_id (components: 1)

[2026-05-10 22:49:20.312] [error] [worker:comfyui-geometrypack] INFO: Export complete: 13879 vertices, 26992 faces

[2026-05-10 22:49:20.626] [error] [worker:comfyui-geometrypack] INFO: Exported combined VTP: /Users/runner/Documents/ComfyUI/output/preview_dual_overlay_9ec08857.vtp

[2026-05-10 22:49:20.628] [error] [worker:comfyui-geometrypack] INFO: Combined Mesh: 13879 vertices, 26992 faces
[worker:comfyui-geometrypack] INFO: Preview ready

[2026-05-10 22:49:20.629] [info]  Prompt executed in 5.07 seconds

