[2026-05-18 18:48:24.514] [info]  setup plugin alembic.autogenerate.schemas

[2026-05-18 18:48:24.519] [info]  setup plugin alembic.autogenerate.tables
setup plugin alembic.autogenerate.types
setup plugin alembic.autogenerate.constraints
setup plugin alembic.autogenerate.defaults
setup plugin alembic.autogenerate.comments

[2026-05-18 18:48:24.744] [info]  Could not autodetect AIMDO implementation, assuming Nvidia

[2026-05-18 18:48:24.748] [info]  comfy-aimdo unsupported operating system: Darwin
NOTE: comfy-aimdo currently only supports Windows and Linux

[2026-05-18 18:48:25.077] [info]  Adding extra search path custom_nodes /Users/runner/Documents/ComfyUI/custom_nodes

[2026-05-18 18:48:25.079] [info]  Adding extra search path download_model_base /Users/runner/Documents/ComfyUI/models
Adding extra search path custom_nodes /Users/runner/.comfy-test-cache/desktop/ComfyUI.app/Contents/Resources/ComfyUI/custom_nodes

[2026-05-18 18:48:25.080] [info]  Setting output directory to: /Users/runner/Documents/ComfyUI/output
Setting input directory to: /Users/runner/Documents/ComfyUI/input
Setting user directory to: /Users/runner/Documents/ComfyUI/user

[2026-05-18 18:48:25.788] [info]  [START] Security scan
[ComfyUI-Manager] Using uv as Python module for pip operations.

[2026-05-18 18:48:26.146] [info]  [DONE] Security scan
** ComfyUI startup time:
[2026-05-18 18:48:26.152] [info]   2026-05-18 18:48:26.143
** Platform: Darwin
** Python version: 3.12.11 (main, Aug 18 2025, 19:02:39) [Clang 20.1.4 ]
** Python executable: /Users/runner/Documents/ComfyUI/.venv/bin/python
** ComfyUI Path: /Users/runner/.comfy-test-cache/desktop/ComfyUI.app/Contents/Resources/ComfyUI
** ComfyUI Base Folder Path: /Users/runner/.comfy-test-cache/desktop/ComfyUI.app/Contents/Resources/ComfyUI
** User directory:
[2026-05-18 18:48:26.154] [info]   /Users/runner/Documents/ComfyUI/user
** ComfyUI-Manager config path: /Users/runner/Documents/ComfyUI/user/__manager/config.ini
[2026-05-18 18:48:26.155] [info]  
** Log path: /Users/runner/Documents/ComfyUI/user/comfyui.log

[2026-05-18 18:48:26.350] [info]  [ComfyUI-Manager] Skipped fixing the 'comfyui-frontend-package' dependency because the ComfyUI is outdated.

[2026-05-18 18:48:26.352] [info]  [PRE] ComfyUI-Manager

[2026-05-18 18:48:31.779] [info]  Found comfy_kitchen backend eager: {'available': True, 'disabled': False, 'unavailable_reason': None, 'capabilities': ['apply_rope', 'apply_rope1', 'dequantize_mxfp8', 'dequantize_nvfp4', 'dequantize_per_tensor_fp8', 'quantize_mxfp8', 'quantize_nvfp4', 'quantize_per_tensor_fp8', 'scaled_mm_mxfp8', 'scaled_mm_nvfp4']}

[2026-05-18 18:48:31.782] [info]  Found comfy_kitchen backend triton: {'available': False, 'disabled': True, 'unavailable_reason': "ImportError: No module named 'triton'", 'capabilities': []}

[2026-05-18 18:48:31.784] [info]  Found comfy_kitchen backend cuda: {'available': False, 'disabled': True, 'unavailable_reason': 'Extension file not found: /Users/runner/Documents/ComfyUI/.venv/lib/python3.12/site-packages/comfy_kitchen/backends/cuda/_C.abi3.so', 'capabilities': []}

[2026-05-18 18:48:31.866] [info]  Checkpoint files will always be loaded safely.

[2026-05-18 18:48:31.996] [info]  Total VRAM 7168 MB, total RAM 7168 MB

[2026-05-18 18:48:32.001] [info]  pytorch version: 2.10.0

[2026-05-18 18:48:32.011] [info]  Mac Version (15, 7, 4)

[2026-05-18 18:48:32.018] [info]  Set vram state to: SHARED
Device: mps

[2026-05-18 18:48:32.796] [info]  Using sub quadratic optimization for attention, if you have memory or speed issues try using: --use-split-cross-attention

[2026-05-18 18:48:40.428] [info]  Python version: 3.12.11 (main, Aug 18 2025, 19:02:39) [Clang 20.1.4 ]

[2026-05-18 18:48:40.442] [info]  ComfyUI version: 0.21.1

[2026-05-18 18:48:40.445] [info]  comfy-aimdo version: 0.3.0

[2026-05-18 18:48:40.478] [info]  comfy-kitchen version: 0.2.8

[2026-05-18 18:48:40.525] [info]  [Prompt Server] web root: /Users/runner/.comfy-test-cache/desktop/ComfyUI.app/Contents/Resources/ComfyUI/web_custom_versions/desktop_app

[2026-05-18 18:48:40.530] [info]  Asset seeder disabled

[2026-05-18 18:48:40.537] [info]  [START] ComfyUI-Manager

[2026-05-18 18:48:40.847] [info]  [ComfyUI-Manager] Using GitPython backend
[2026-05-18 18:48:40.852] [info]  

[2026-05-18 18:48:41.019] [info]  [ComfyUI-Manager] network_mode: public

[2026-05-18 18:48:41.029] [info]  [ComfyUI-Manager] The matrix sharing feature has been disabled because the `matrix-nio` dependency is not installed.
	To use this feature, please run the following command:
	/Users/runner/Documents/ComfyUI/.venv/bin/python -m pip install matrix-nio


[2026-05-18 18:48:44.997] [info]  
Import times for custom nodes:

[2026-05-18 18:48:45.005] [info]     0.0 seconds: /Users/runner/.comfy-test-cache/desktop/ComfyUI.app/Contents/Resources/ComfyUI/custom_nodes/websocket_image_save.py


[2026-05-18 18:48:45.041] [info]  Context impl SQLiteImpl.

[2026-05-18 18:48:45.046] [info]  Will assume non-transactional DDL.

[2026-05-18 18:48:45.183] [info]  Starting server


[2026-05-18 18:48:45.189] [info]  To see the GUI go to: http://127.0.0.1:8000

