[2026-05-10 22:47:38.568] [info]  setup plugin alembic.autogenerate.schemas
setup plugin alembic.autogenerate.tables
setup plugin alembic.autogenerate.types
setup plugin alembic.autogenerate.constraints

[2026-05-10 22:47:38.569] [info]  setup plugin alembic.autogenerate.defaults
setup plugin alembic.autogenerate.comments

[2026-05-10 22:47:38.612] [info]  comfy-aimdo os not supported Darwin
NOTE: comfy-aimdo is currently only support for Windows and Linux

[2026-05-10 22:47:38.707] [info]  Adding extra search path custom_nodes /Users/runner/Documents/ComfyUI/custom_nodes
Adding extra search path download_model_base /Users/runner/Documents/ComfyUI/models
Adding extra search path custom_nodes /Users/runner/.comfy-test-cache/desktop/ComfyUI.app/Contents/Resources/ComfyUI/custom_nodes
Setting output directory to: /Users/runner/Documents/ComfyUI/output
Setting input directory to: /Users/runner/Documents/ComfyUI/input
Setting user directory to: /Users/runner/Documents/ComfyUI/user

[2026-05-10 22:47:38.872] [info]  [START] Security scan
[ComfyUI-Manager] Using uv as Python module for pip operations.

[2026-05-10 22:47:38.943] [info]  [DONE] Security scan
** ComfyUI startup time: 2026-05-10 22:47:38.943
** Platform: Darwin
[2026-05-10 22:47:38.944] [info]  
** Python version: 3.12.11 (main, Aug 18 2025, 19:02:39) [Clang 20.1.4 ]
** Python executable: /Users/runner/Documents/ComfyUI/.venv/bin/python
** ComfyUI Path: /Users/runner/.comfy-test-cache/desktop/ComfyUI.app/Contents/Resources/ComfyUI
** ComfyUI Base Folder Path: /Users/runner/.comfy-test-cache/desktop/ComfyUI.app/Contents/Resources/ComfyUI
** User directory: /Users/runner/Documents/ComfyUI/user
** ComfyUI-Manager config path: /Users/runner/Documents/ComfyUI/user/__manager/config.ini
** Log path: /Users/runner/Documents/ComfyUI/user/comfyui.log

[2026-05-10 22:47:39.016] [info]  [ComfyUI-Manager] Skipped fixing the 'comfyui-frontend-package' dependency because the ComfyUI is outdated.

[2026-05-10 22:47:39.017] [info]  [PRE] ComfyUI-Manager

[2026-05-10 22:47:39.159] [error] [comfy-env] comfyui-geometrypack: 1 isolation env(s):

[2026-05-10 22:47:39.160] [error] [comfy-env]   nodes -> /Users/runner/Documents/ComfyUI/custom_nodes/comfyui-geometrypack/nodes

[2026-05-10 22:47:39.946] [error] [comfy-env] prestartup complete
[2026-05-10 22:47:39.948] [error] 

[2026-05-10 22:47:39.960] [info]  WARNING: Potential Error in code: Torch already imported, torch should never be imported before this point.

[2026-05-10 22:47:40.569] [info]  Found comfy_kitchen backend eager: {'available': True, 'disabled': False, 'unavailable_reason': None, 'capabilities': ['apply_rope', 'apply_rope1', 'dequantize_mxfp8', 'dequantize_nvfp4', 'dequantize_per_tensor_fp8', 'quantize_mxfp8', 'quantize_nvfp4', 'quantize_per_tensor_fp8', 'scaled_mm_mxfp8', 'scaled_mm_nvfp4']}
Found comfy_kitchen backend triton: {'available': False, 'disabled': True, 'unavailable_reason': "ImportError: No module named 'triton'", 'capabilities': []}
Found comfy_kitchen backend cuda: {'available': False, 'disabled': True, 'unavailable_reason': 'Extension file not found: /Users/runner/Documents/ComfyUI/.venv/lib/python3.12/site-packages/comfy_kitchen/backends/cuda/_C.abi3.so', 'capabilities': []}

[2026-05-10 22:47:40.578] [info]  Checkpoint files will always be loaded safely.

[2026-05-10 22:47:40.603] [info]  Total VRAM 7168 MB, total RAM 7168 MB

[2026-05-10 22:47:40.604] [info]  pytorch version: 2.10.0

[2026-05-10 22:47:40.607] [info]  Mac Version (15, 7, 4)

[2026-05-10 22:47:40.607] [info]  Set vram state to: SHARED
Device: mps

[2026-05-10 22:47:40.836] [info]  Using sub quadratic optimization for attention, if you have memory or speed issues try using: --use-split-cross-attention

[2026-05-10 22:47:42.545] [info]  Python version: 3.12.11 (main, Aug 18 2025, 19:02:39) [Clang 20.1.4 ]
ComfyUI version: 0.20.1

[2026-05-10 22:47:42.546] [info]  comfy-aimdo version: 0.2.14
comfy-kitchen version: 0.2.8

[2026-05-10 22:47:42.547] [info]  [Prompt Server] web root: /Users/runner/.comfy-test-cache/desktop/ComfyUI.app/Contents/Resources/ComfyUI/web_custom_versions/desktop_app

[2026-05-10 22:47:42.548] [info]  Asset seeder disabled

[2026-05-10 22:47:42.548] [info]  [START] ComfyUI-Manager

[2026-05-10 22:47:42.621] [info]  [ComfyUI-Manager] Using GitPython backend

[2026-05-10 22:47:42.653] [info]  [ComfyUI-Manager] network_mode: public

[2026-05-10 22:47:42.656] [info]  [ComfyUI-Manager] The matrix sharing feature has been disabled because the `matrix-nio` dependency is not installed.
	To use this feature, please run the following command:
	/Users/runner/Documents/ComfyUI/.venv/bin/python -m pip install matrix-nio


[2026-05-10 22:47:43.544] [info]  loading...
calling register_nodes

[2026-05-10 22:47:43.547] [error] [comfy-env] Version: 0.3.82

[2026-05-10 22:47:43.671] [error] [comfy-env] register_nodes: comfyui-geometrypack

[2026-05-10 22:47:43.677] [error] [comfy-env] ComfyUI source dir: /Users/runner/.comfy-test-cache/desktop/ComfyUI.app/Contents/Resources/ComfyUI

[2026-05-10 22:47:43.687] [error] [comfy-env] Scanning nodes metadata (isolation root)...

[2026-05-10 22:47:43.698] [error] [comfy-env] Cache hit for nodes: 125 nodes
[2026-05-10 22:47:43.699] [error] 
[comfy-env] Scanned nodes root: 125 nodes (0.0s)

[2026-05-10 22:47:43.701] [error] [comfy-env] Imported nodes root: 125 nodes (isolation)
[2026-05-10 22:47:43.701] [error] 
[comfy-env] Registered 125 total nodes

[2026-05-10 22:47:43.703] [info]  
Import times for custom nodes:

[2026-05-10 22:47:43.704] [info]     0.0 seconds: /Users/runner/.comfy-test-cache/desktop/ComfyUI.app/Contents/Resources/ComfyUI/custom_nodes/websocket_image_save.py
   0.2 seconds: /Users/runner/Documents/ComfyUI/custom_nodes/comfyui-geometrypack


[2026-05-10 22:47:43.705] [info]  Context impl SQLiteImpl.

[2026-05-10 22:47:43.708] [info]  Will assume non-transactional DDL.

[2026-05-10 22:47:43.745] [info]  Starting server


[2026-05-10 22:47:43.746] [info]  To see the GUI go to: http://127.0.0.1:8000

[2026-05-10 22:47:45.302] [info]  [ComfyUI-Manager] The ComfyRegistry cache update is still in progress, so an outdated cache is being used.

[2026-05-10 22:47:45.404] [info]  FETCH DATA from: /Users/runner/Documents/ComfyUI/.venv/lib/python3.12/site-packages/comfyui_manager/custom-node-list.json
[2026-05-10 22:47:45.436] [info]   [DONE]

[2026-05-10 22:47:47.113] [info]  [ComfyUI-Manager] The ComfyRegistry cache update is still in progress, so an outdated cache is being used.

[2026-05-10 22:47:47.225] [info]  FETCH DATA from: /Users/runner/Documents/ComfyUI/.venv/lib/python3.12/site-packages/comfyui_manager/custom-node-list.json
[2026-05-10 22:47:47.252] [info]   [DONE]

[2026-05-10 22:48:08.956] [info]  got prompt

[2026-05-10 22:48:08.982] [info]  [comfyui-geometrypack] python: /Users/runner/.ce/.pixi/envs/geometrypack-nodes/bin/python
[comfyui-geometrypack] sys_path sent to worker: ['/Users/runner/.comfy-test-cache/desktop/ComfyUI.app/Contents/Resources/ComfyUI', '/Users/runner/Documents/ComfyUI/custom_nodes/comfyui-geometrypack', '/Users/runner/.ce/.pixi/envs/geometrypack-nodes/lib/python3.1/site-packages', '/Users/runner/Documents/ComfyUI/custom_nodes/comfyui-geometrypack']

[2026-05-10 22:48:10.114] [error] [worker:comfyui-geometrypack] ERROR: Failed to import comfy_kitchen, Error: No module named 'comfy_kitchen', fp8 and fp4 support will not be available.

[2026-05-10 22:48:11.498] [error] [worker:comfyui-geometrypack] INFO: Found mesh in input folder: 3d/cow.off
[worker:comfyui-geometrypack] INFO: Loading: /Users/runner/Documents/ComfyUI/input/3d/cow.off

[2026-05-10 22:48:11.507] [error] [worker:comfyui-geometrypack] INFO: Initial mesh: 2761 vertices, 5520 faces

[2026-05-10 22:48:11.511] [error] [worker:comfyui-geometrypack] INFO: Successfully loaded: 2761 vertices, 5520 faces

[2026-05-10 22:48:11.511] [error] [worker:comfyui-geometrypack] INFO: Loaded: 2761 vertices, 5520 faces

[2026-05-10 22:48:12.118] [error] [comfyui-geometrypack] Health check: ping (timeout=5.0s)...

[2026-05-10 22:48:12.123] [error] [comfyui-geometrypack] Health check: ok

[2026-05-10 22:48:12.132] [error] [worker:comfyui-geometrypack] INFO: Extract Skeleton dispatch: edge_collapse -> GeomPackSkeleton_EdgeCollapse

[2026-05-10 22:48:12.136] [error] [comfyui-geometrypack] Health check: ping (timeout=5.0s)...

[2026-05-10 22:48:12.143] [error] [comfyui-geometrypack] Health check: ok
[2026-05-10 22:48:12.146] [error] 

[2026-05-10 22:48:19.009] [error] [worker:comfyui-geometrypack] WARNING: Matplotlib is building the font cache; this may take a moment.

[2026-05-10 22:48:27.951] [error] [worker:comfyui-geometrypack] INFO: Backend: edge_collapse

[2026-05-10 22:48:28.029] [error] Collapsing edges:   0%|          | 0/5520 [00:00<?, ?it/s]
[2026-05-10 22:48:28.130] [error] Collapsing edges:   9%|▉         | 492/5520 [00:00<00:01, 4917.39it/s]
[2026-05-10 22:48:28.230] [error] Collapsing edges:  18%|█▊        | 1000/5520 [00:00<00:00, 5011.91it/s]
[2026-05-10 22:48:28.341] [error] Collapsing edges:  27%|██▋       | 1502/5520 [00:00<00:00, 4757.75it/s]
[2026-05-10 22:48:28.442] [error] Collapsing edges:  37%|███▋      | 2026/5520 [00:00<00:00, 4933.43it/s]
[2026-05-10 22:48:28.542] [error] Collapsing edges:  46%|████▋     | 2554/5520 [00:00<00:00, 5050.70it/s]
[2026-05-10 22:48:28.647] [error] Collapsing edges:  56%|█████▌    | 3064/5520 [00:00<00:00, 4992.96it/s]
[2026-05-10 22:48:28.754] [error] Collapsing edges:  65%|██████▍   | 3566/5520 [00:00<00:00, 4884.33it/s]
[2026-05-10 22:48:28.854] [error] Collapsing edges:  74%|███████▍  | 4090/5520 [00:00<00:00, 4990.44it/s]
[2026-05-10 22:48:28.955] [error] Collapsing edges:  84%|████████▍ | 4634/5520 [00:00<00:00, 5123.17it/s]
[2026-05-10 22:48:29.055] [error] Collapsing edges:  94%|█████████▍| 5176/5520 [00:01<00:00, 5210.49it/s]
[2026-05-10 22:48:29.130] [error] Collapsing edges: 100%|█████████▉| 5518/5520 [00:01<00:00, 5016.20it/s]

[2026-05-10 22:48:29.174] [error] [comfyui-geometrypack] Health check: ping (timeout=5.0s)...
[2026-05-10 22:48:29.182] [error] 
[comfyui-geometrypack] Health check: ok

[2026-05-10 22:48:29.205] [error] [worker:comfyui-geometrypack] INFO: Creating solid mesh: 55 joints, 54 bones
[worker:comfyui-geometrypack] INFO: Skeleton metadata: scale=0.505, normalized=False

[2026-05-10 22:48:29.209] [error] [worker:comfyui-geometrypack] INFO: Input skeleton bounding box:

[2026-05-10 22:48:29.210] [error] [worker:comfyui-geometrypack] INFO:   Min: [-0.507, -0.308, -0.140]
[worker:comfyui-geometrypack] INFO:   Max: [0.503, 0.319, 0.138]

[2026-05-10 22:48:29.211] [error] [worker:comfyui-geometrypack] INFO:   Size: [1.010, 0.627, 0.277]

[2026-05-10 22:48:29.212] [error] [worker:comfyui-geometrypack] INFO:   Center: [-0.002, 0.005, -0.001]

[2026-05-10 22:48:29.257] [error] [worker:comfyui-geometrypack] INFO: Created mesh: 6362 vertices, 12288 faces
[2026-05-10 22:48:29.258] [error] 

[2026-05-10 22:48:29.259] [error] [worker:comfyui-geometrypack] INFO: Output mesh bounding box:

[2026-05-10 22:48:29.260] [error] [worker:comfyui-geometrypack] INFO:   Min: [-0.527, -0.328, -0.160]
[worker:comfyui-geometrypack] INFO:   Max: [0.522, 0.338, 0.158]

[2026-05-10 22:48:29.261] [error] [worker:comfyui-geometrypack] INFO:   Size: [1.049, 0.666, 0.317]
[worker:comfyui-geometrypack] INFO:   Center: [-0.002, 0.005, -0.001]

[2026-05-10 22:48:29.263] [error] [comfyui-geometrypack] Health check: ping (timeout=5.0s)...

[2026-05-10 22:48:29.266] [error] [comfyui-geometrypack] Health check: ok

[2026-05-10 22:48:29.270] [error] [worker:comfyui-geometrypack] INFO: Extract Skeleton dispatch: teasar -> GeomPackSkeleton_Teasar

[2026-05-10 22:48:29.271] [error] [comfyui-geometrypack] Health check: ping (timeout=5.0s)...

[2026-05-10 22:48:29.272] [error] [comfyui-geometrypack] Health check: ok

[2026-05-10 22:48:29.275] [error] [worker:comfyui-geometrypack] INFO: Backend: teasar

[2026-05-10 22:48:29.312] [error] Invalidating:   0%|          | 0/2761 [00:00<?, ?it/s]
[2026-05-10 22:48:29.327] [error]                                                       
[2026-05-10 22:48:29.352] [error] [comfyui-geometrypack] Health check: ping (timeout=5.0s)...
[comfyui-geometrypack] Health check: ok
[worker:comfyui-geometrypack] INFO: Creating solid mesh: 37 joints, 36 bones
[worker:comfyui-geometrypack] INFO: Skeleton metadata: scale=0.325, normalized=False
[worker:comfyui-geometrypack] INFO: Input skeleton bounding box:
[worker:comfyui-geometrypack] INFO:   Min: [-0.498, -0.152, -0.129]
[worker:comfyui-geometrypack] INFO:   Max: [0.152, 0.231, 0.017]
[worker:comfyui-geometrypack] INFO:   Size: [0.650, 0.383, 0.146]
[worker:comfyui-geometrypack] INFO:   Center: [-0.173, 0.040, -0.056]

[2026-05-10 22:48:29.400] [error] [worker:comfyui-geometrypack] INFO: Created mesh: 4274 vertices, 8256 faces

[2026-05-10 22:48:29.401] [error] [worker:comfyui-geometrypack] INFO: Output mesh bounding box:

[2026-05-10 22:48:29.402] [error] [worker:comfyui-geometrypack] INFO:   Min: [-0.518, -0.171, -0.149]
[worker:comfyui-geometrypack] INFO:   Max: [0.171, 0.251, 0.037]
[worker:comfyui-geometrypack] INFO:   Size: [0.689, 0.422, 0.186]

[2026-05-10 22:48:29.402] [error] [worker:comfyui-geometrypack] INFO:   Center: [-0.173, 0.040, -0.056]

[2026-05-10 22:48:29.404] [error] [comfyui-geometrypack] Health check: ping (timeout=5.0s)...

[2026-05-10 22:48:29.404] [error] [comfyui-geometrypack] Health check: ok

[2026-05-10 22:48:29.409] [error] [worker:comfyui-geometrypack] INFO: Mode: fields, Meshes: 2

[2026-05-10 22:48:29.410] [error] [worker:comfyui-geometrypack] INFO: Mesh 1: Mesh - 4274 vertices, 8256 faces
[worker:comfyui-geometrypack] INFO: Exporting mesh to VTP: /Users/runner/Documents/ComfyUI/output/preview_multi_1_1550a7d2.vtp

[2026-05-10 22:48:29.434] [error] [worker:comfyui-geometrypack] INFO: Adding normals field (4274 vertices)

[2026-05-10 22:48:29.448] [error] [worker:comfyui-geometrypack] INFO: Export complete: 4274 vertices, 8256 faces

[2026-05-10 22:48:29.450] [error] [worker:comfyui-geometrypack] INFO: Exported VTP: /Users/runner/Documents/ComfyUI/output/preview_multi_1_1550a7d2.vtp

[2026-05-10 22:48:29.452] [error] [worker:comfyui-geometrypack] INFO: Mesh 2: Mesh - 6362 vertices, 12288 faces

[2026-05-10 22:48:29.453] [error] [worker:comfyui-geometrypack] INFO: Exporting mesh to VTP: /Users/runner/Documents/ComfyUI/output/preview_multi_2_1550a7d2.vtp

[2026-05-10 22:48:29.468] [error] [worker:comfyui-geometrypack] INFO: Adding normals field (6362 vertices)

[2026-05-10 22:48:29.484] [error] [worker:comfyui-geometrypack] INFO: Export complete: 6362 vertices, 12288 faces

[2026-05-10 22:48:29.485] [error] [worker:comfyui-geometrypack] INFO: Exported VTP: /Users/runner/Documents/ComfyUI/output/preview_multi_2_1550a7d2.vtp

[2026-05-10 22:48:29.488] [error] [worker:comfyui-geometrypack] INFO: Grid: 2x1, Preview ready

[2026-05-10 22:48:29.490] [error] [comfyui-geometrypack] Health check: ping (timeout=5.0s)...
[2026-05-10 22:48:29.491] [error] 

[2026-05-10 22:48:29.492] [error] [comfyui-geometrypack] Health check: ok

[2026-05-10 22:48:29.500] [error] [worker:comfyui-geometrypack] INFO: Extract Skeleton dispatch: vertex_clusters -> GeomPackSkeleton_VertexClusters

[2026-05-10 22:48:29.502] [error] [comfyui-geometrypack] Health check: ping (timeout=5.0s)...
[2026-05-10 22:48:29.503] [error] 
[comfyui-geometrypack] Health check: ok

[2026-05-10 22:48:29.506] [error] [worker:comfyui-geometrypack] INFO: Backend: vertex_clusters

[2026-05-10 22:48:29.561] [error] Clustering:   0%|          | 0/2761 [00:00<?, ?it/s]
[2026-05-10 22:48:29.658] [error] Clustering: 100%|██████████| 2761/2761 [00:00<00:00, 28626.77it/s]

[2026-05-10 22:48:29.706] [error] [comfyui-geometrypack] Health check: ping (timeout=5.0s)...
[2026-05-10 22:48:29.708] [error] 

[2026-05-10 22:48:29.711] [error] [comfyui-geometrypack] Health check: ok

[2026-05-10 22:48:29.717] [error] [worker:comfyui-geometrypack] INFO: Creating solid mesh: 25 joints, 24 bones
[worker:comfyui-geometrypack] INFO: Skeleton metadata: scale=0.453, normalized=False
[worker:comfyui-geometrypack] INFO: Input skeleton bounding box:

[2026-05-10 22:48:29.718] [error] [worker:comfyui-geometrypack] INFO:   Min: [-0.481, -0.320, -0.111]
[worker:comfyui-geometrypack] INFO:   Max: [0.425, 0.308, 0.123]
[worker:comfyui-geometrypack] INFO:   Size: [0.906, 0.628, 0.234]
[worker:comfyui-geometrypack] INFO:   Center: [-0.028, -0.006, 0.006]

[2026-05-10 22:48:29.745] [error] [worker:comfyui-geometrypack] INFO: Created mesh: 2882 vertices, 5568 faces

[2026-05-10 22:48:29.745] [error] [worker:comfyui-geometrypack] INFO: Output mesh bounding box:

[2026-05-10 22:48:29.748] [error] [worker:comfyui-geometrypack] INFO:   Min: [-0.500, -0.339, -0.131]
[worker:comfyui-geometrypack] INFO:   Max: [0.445, 0.328, 0.143]

[2026-05-10 22:48:29.750] [error] [worker:comfyui-geometrypack] INFO:   Size: [0.945, 0.667, 0.274]

[2026-05-10 22:48:29.751] [error] [worker:comfyui-geometrypack] INFO:   Center: [-0.028, -0.006, 0.006]

[2026-05-10 22:48:29.755] [error] [comfyui-geometrypack] Health check: ping (timeout=5.0s)...
[2026-05-10 22:48:29.756] [error] 
[comfyui-geometrypack] Health check: ok

[2026-05-10 22:48:29.762] [error] [worker:comfyui-geometrypack] INFO: Extract Skeleton dispatch: wavefront -> GeomPackSkeleton_Wavefront

[2026-05-10 22:48:29.766] [error] [comfyui-geometrypack] Health check: ping (timeout=5.0s)...

[2026-05-10 22:48:29.769] [error] [comfyui-geometrypack] Health check: ok

[2026-05-10 22:48:29.783] [error] [worker:comfyui-geometrypack] INFO: Backend: wavefront

[2026-05-10 22:48:29.881] [error] Skeletonizing:   0%|          | 0/2761 [00:00<?, ?it/s]
[2026-05-10 22:48:29.887] [error] Skeletonizing: 100%|██████████| 2761/2761 [00:00<00:00, 441834.16it/s]

[2026-05-10 22:48:29.902] [error] [comfyui-geometrypack] Health check: ping (timeout=5.0s)...
[2026-05-10 22:48:29.903] [error] 

[2026-05-10 22:48:29.905] [error] [comfyui-geometrypack] Health check: ok

[2026-05-10 22:48:29.911] [error] [worker:comfyui-geometrypack] INFO: Creating solid mesh: 96 joints, 95 bones
[worker:comfyui-geometrypack] INFO: Skeleton metadata: scale=0.515, normalized=False
[2026-05-10 22:48:29.911] [error] 
[worker:comfyui-geometrypack] INFO: Input skeleton bounding box:
[worker:comfyui-geometrypack] INFO:   Min: [-0.512, -0.315, -0.154]

[2026-05-10 22:48:29.912] [error] [worker:comfyui-geometrypack] INFO:   Max: [0.519, 0.320, 0.138]
[worker:comfyui-geometrypack] INFO:   Size: [1.031, 0.635, 0.292]
[worker:comfyui-geometrypack] INFO:   Center: [0.003, 0.002, -0.008]

[2026-05-10 22:48:29.996] [error] [worker:comfyui-geometrypack] INFO: Created mesh: 11118 vertices, 21472 faces
[2026-05-10 22:48:29.997] [error] 

[2026-05-10 22:48:29.999] [error] [worker:comfyui-geometrypack] INFO: Output mesh bounding box:
[2026-05-10 22:48:30.000] [error] 
[worker:comfyui-geometrypack] INFO:   Min: [-0.531, -0.334, -0.174]
[worker:comfyui-geometrypack] INFO:   Max: [0.538, 0.339, 0.158]
[worker:comfyui-geometrypack] INFO:   Size: [1.070, 0.674, 0.332]
[worker:comfyui-geometrypack] INFO:   Center: [0.003, 0.002, -0.008]

[2026-05-10 22:48:30.005] [error] [comfyui-geometrypack] Health check: ping (timeout=5.0s)...

[2026-05-10 22:48:30.009] [error] [comfyui-geometrypack] Health check: ok

[2026-05-10 22:48:30.017] [error] [worker:comfyui-geometrypack] INFO: Mode: fields, Meshes: 4

[2026-05-10 22:48:30.018] [error] [worker:comfyui-geometrypack] INFO: Mesh 1: Mesh - 2761 vertices, 5520 faces
[worker:comfyui-geometrypack] INFO: Exporting mesh to VTP: /Users/runner/Documents/ComfyUI/output/preview_multi_1_d2768f79.vtp

[2026-05-10 22:48:30.023] [error] [worker:comfyui-geometrypack] INFO: Adding normals field (2761 vertices)

[2026-05-10 22:48:30.057] [error] [worker:comfyui-geometrypack] INFO: Export complete: 2761 vertices, 5520 faces
[worker:comfyui-geometrypack] INFO: Exported VTP: /Users/runner/Documents/ComfyUI/output/preview_multi_1_d2768f79.vtp
[worker:comfyui-geometrypack] INFO: Mesh 2: Mesh - 11118 vertices, 21472 faces
[worker:comfyui-geometrypack] INFO: Exporting mesh to VTP: /Users/runner/Documents/ComfyUI/output/preview_multi_2_d2768f79.vtp

[2026-05-10 22:48:30.084] [error] [worker:comfyui-geometrypack] INFO: Adding normals field (11118 vertices)

[2026-05-10 22:48:30.116] [error] [worker:comfyui-geometrypack] INFO: Export complete: 11118 vertices, 21472 faces

[2026-05-10 22:48:30.118] [error] [worker:comfyui-geometrypack] INFO: Exported VTP: /Users/runner/Documents/ComfyUI/output/preview_multi_2_d2768f79.vtp

[2026-05-10 22:48:30.125] [error] [worker:comfyui-geometrypack] INFO: Mesh 3: Mesh - 2882 vertices, 5568 faces
[worker:comfyui-geometrypack] INFO: Exporting mesh to VTP: /Users/runner/Documents/ComfyUI/output/preview_multi_3_d2768f79.vtp

[2026-05-10 22:48:30.132] [error] [worker:comfyui-geometrypack] INFO: Adding normals field (2882 vertices)

[2026-05-10 22:48:30.140] [error] [worker:comfyui-geometrypack] INFO: Export complete: 2882 vertices, 5568 faces

[2026-05-10 22:48:30.141] [error] [worker:comfyui-geometrypack] INFO: Exported VTP: /Users/runner/Documents/ComfyUI/output/preview_multi_3_d2768f79.vtp

[2026-05-10 22:48:30.143] [error] [worker:comfyui-geometrypack] INFO: Mesh 4: Mesh - 6362 vertices, 12288 faces

[2026-05-10 22:48:30.143] [error] [worker:comfyui-geometrypack] INFO: Exporting mesh to VTP: /Users/runner/Documents/ComfyUI/output/preview_multi_4_d2768f79.vtp

[2026-05-10 22:48:30.158] [error] [worker:comfyui-geometrypack] INFO: Adding normals field (6362 vertices)

[2026-05-10 22:48:30.176] [error] [worker:comfyui-geometrypack] INFO: Export complete: 6362 vertices, 12288 faces

[2026-05-10 22:48:30.177] [error] [worker:comfyui-geometrypack] INFO: Exported VTP: /Users/runner/Documents/ComfyUI/output/preview_multi_4_d2768f79.vtp

[2026-05-10 22:48:30.180] [error] [worker:comfyui-geometrypack] INFO: Grid: 2x2, Preview ready

[2026-05-10 22:48:30.190] [info]  Prompt executed in 21.23 seconds

