[2026-05-10 03:46:35.810] [info]  setup plugin alembic.autogenerate.schemas

[2026-05-10 03:46:35.814] [info]  setup plugin alembic.autogenerate.tables
setup plugin alembic.autogenerate.types
setup plugin alembic.autogenerate.constraints
setup plugin alembic.autogenerate.defaults
setup plugin alembic.autogenerate.comments

[2026-05-10 03:46:35.968] [info]  comfy-aimdo os not supported Darwin

[2026-05-10 03:46:35.970] [info]  NOTE: comfy-aimdo is currently only support for Windows and Linux

[2026-05-10 03:46:36.261] [info]  Adding extra search path custom_nodes /Users/runner/Documents/ComfyUI/custom_nodes

[2026-05-10 03:46:36.265] [info]  Adding extra search path download_model_base /Users/runner/Documents/ComfyUI/models

[2026-05-10 03:46:36.267] [info]  Adding extra search path custom_nodes /Users/runner/.comfy-test-cache/desktop/ComfyUI.app/Contents/Resources/ComfyUI/custom_nodes
Setting output directory to: /Users/runner/Documents/ComfyUI/output

[2026-05-10 03:46:36.270] [info]  Setting input directory to: /Users/runner/Documents/ComfyUI/input
Setting user directory to: /Users/runner/Documents/ComfyUI/user

[2026-05-10 03:46:36.809] [info]  [START] Security scan
[ComfyUI-Manager] Using uv as Python module for pip operations.

[2026-05-10 03:46:37.076] [info]  [DONE] Security scan
** ComfyUI startup time: 2026-05-10 03:46:37.072

[2026-05-10 03:46:37.079] [info]  ** Platform:
[2026-05-10 03:46:37.081] [info]   
[2026-05-10 03:46:37.083] [info]  Darwin
[2026-05-10 03:46:37.084] [info]  

[2026-05-10 03:46:37.085] [info]  ** Python version:
[2026-05-10 03:46:37.086] [info]   
[2026-05-10 03:46:37.087] [info]  3.12.11 (main, Aug 18 2025, 19:02:39) [Clang 20.1.4 ]
[2026-05-10 03:46:37.088] [info]  

[2026-05-10 03:46:37.089] [info]  ** Python executable:
[2026-05-10 03:46:37.094] [info]   
[2026-05-10 03:46:37.099] [info]  /Users/runner/Documents/ComfyUI/.venv/bin/python
[2026-05-10 03:46:37.102] [info]  

[2026-05-10 03:46:37.106] [info]  ** ComfyUI Path:
[2026-05-10 03:46:37.112] [info]   /Users/runner/.comfy-test-cache/desktop/ComfyUI.app/Contents/Resources/ComfyUI
** ComfyUI Base Folder Path: /Users/runner/.comfy-test-cache/desktop/ComfyUI.app/Contents/Resources/ComfyUI
[2026-05-10 03:46:37.115] [info]  

[2026-05-10 03:46:37.117] [info]  ** User directory: /Users/runner/Documents/ComfyUI/user
[2026-05-10 03:46:37.118] [info]  
** ComfyUI-Manager config path:
[2026-05-10 03:46:37.119] [info]   
[2026-05-10 03:46:37.120] [info]  /Users/runner/Documents/ComfyUI/user/__manager/config.ini
[2026-05-10 03:46:37.121] [info]  
** Log path:
[2026-05-10 03:46:37.122] [info]   
[2026-05-10 03:46:37.123] [info]  /Users/runner/Documents/ComfyUI/user/comfyui.log
[2026-05-10 03:46:37.132] [info]  

[2026-05-10 03:46:37.311] [info]  [ComfyUI-Manager] Skipped fixing the 'comfyui-frontend-package' dependency because the ComfyUI is outdated.

[2026-05-10 03:46:37.315] [info]  [PRE] ComfyUI-Manager

[2026-05-10 03:46:37.710] [error] [comfy-env] comfyui-geometrypack: 1 isolation env(s):
[2026-05-10 03:46:37.715] [error] 

[2026-05-10 03:46:37.717] [error] [comfy-env]   nodes -> /Users/runner/Documents/ComfyUI/custom_nodes/comfyui-geometrypack/nodes
[2026-05-10 03:46:37.719] [error] 

[2026-05-10 03:46:39.969] [error] [comfy-env] prestartup complete
[2026-05-10 03:46:39.971] [error] 

[2026-05-10 03:46:40.015] [info]  WARNING: Potential Error in code: Torch already imported, torch should never be imported before this point.

[2026-05-10 03:46:42.087] [info]  Found comfy_kitchen backend triton: {'available': False, 'disabled': True, 'unavailable_reason': "ImportError: No module named 'triton'", 'capabilities': []}
Found comfy_kitchen backend cuda: {'available': False, 'disabled': True, 'unavailable_reason': 'Extension file not found: /Users/runner/Documents/ComfyUI/.venv/lib/python3.12/site-packages/comfy_kitchen/backends/cuda/_C.abi3.so', 'capabilities': []}
Found comfy_kitchen backend eager: {'available': True, 'disabled': False, 'unavailable_reason': None, 'capabilities': ['apply_rope', 'apply_rope1', 'dequantize_mxfp8', 'dequantize_nvfp4', 'dequantize_per_tensor_fp8', 'quantize_mxfp8', 'quantize_nvfp4', 'quantize_per_tensor_fp8', 'scaled_mm_mxfp8', 'scaled_mm_nvfp4']}

[2026-05-10 03:46:42.155] [info]  Checkpoint files will always be loaded safely.

[2026-05-10 03:46:42.230] [info]  Total VRAM 7168 MB, total RAM 7168 MB

[2026-05-10 03:46:42.232] [info]  pytorch version: 2.10.0

[2026-05-10 03:46:42.238] [info]  Mac Version (15, 7, 4)

[2026-05-10 03:46:42.249] [info]  Set vram state to: SHARED

[2026-05-10 03:46:42.251] [info]  Device: mps

[2026-05-10 03:46:42.909] [info]  Using sub quadratic optimization for attention, if you have memory or speed issues try using: --use-split-cross-attention

[2026-05-10 03:46:50.324] [info]  Python version: 3.12.11 (main, Aug 18 2025, 19:02:39) [Clang 20.1.4 ]

[2026-05-10 03:46:50.350] [info]  ComfyUI version: 0.20.1
comfy-aimdo version: 0.2.14

[2026-05-10 03:46:50.371] [info]  comfy-kitchen version: 0.2.8

[2026-05-10 03:46:50.411] [info]  [Prompt Server] web root: /Users/runner/.comfy-test-cache/desktop/ComfyUI.app/Contents/Resources/ComfyUI/web_custom_versions/desktop_app

[2026-05-10 03:46:50.419] [info]  Asset seeder disabled

[2026-05-10 03:46:50.431] [info]  [START] ComfyUI-Manager

[2026-05-10 03:46:50.737] [info]  [ComfyUI-Manager] Using GitPython backend

[2026-05-10 03:46:50.985] [info]  [ComfyUI-Manager] network_mode: public

[2026-05-10 03:46:51.003] [info]  [ComfyUI-Manager] The matrix sharing feature has been disabled because the `matrix-nio` dependency is not installed.
	To use this feature, please run the following command:
	/Users/runner/Documents/ComfyUI/.venv/bin/python -m pip install matrix-nio


[2026-05-10 03:46:53.607] [info]  loading...

[2026-05-10 03:46:53.610] [info]  calling register_nodes

[2026-05-10 03:46:53.641] [error] [comfy-env] Version: 0.3.78
[2026-05-10 03:46:53.642] [error] 

[2026-05-10 03:46:53.643] [info]  [comfy-env] Removed stale socket: /var/folders/tb/y368xp_x10s3ty1b_mtl5mxr0000gn/T/comfy_worker_fca644ffd679.sock

[2026-05-10 03:46:53.778] [info]  [comfy-env] Removed stale temp dir: /var/folders/tb/y368xp_x10s3ty1b_mtl5mxr0000gn/T/comfyui_pvenv_e1qrind2

[2026-05-10 03:46:54.097] [error] [comfy-env] register_nodes: comfyui-geometrypack
[2026-05-10 03:46:54.101] [error] 

[2026-05-10 03:46:54.138] [error] [comfy-env] ComfyUI source dir: /Users/runner/.comfy-test-cache/desktop/ComfyUI.app/Contents/Resources/ComfyUI

[2026-05-10 03:46:54.563] [error] [comfy-env] Scanning nodes metadata (isolation root)...
[2026-05-10 03:46:54.567] [error] 

[2026-05-10 03:46:54.618] [error] [comfy-env] Cache hit for nodes: 125 nodes
[2026-05-10 03:46:54.621] [error] 

[2026-05-10 03:46:54.622] [error] [comfy-env] Scanned nodes root: 125 nodes (0.1s)
[2026-05-10 03:46:54.635] [error] 

[2026-05-10 03:46:54.653] [error] [comfy-env] Imported nodes root: 125 nodes (isolation)
[2026-05-10 03:46:54.663] [error] 
[comfy-env] Registered 125 total nodes

[2026-05-10 03:46:54.682] [info]  
Import times for custom nodes:

[2026-05-10 03:46:54.685] [info]     0.0 seconds: /Users/runner/.comfy-test-cache/desktop/ComfyUI.app/Contents/Resources/ComfyUI/custom_nodes/websocket_image_save.py
   1.1 seconds: /Users/runner/Documents/ComfyUI/custom_nodes/comfyui-geometrypack

[2026-05-10 03:46:54.688] [info]  

[2026-05-10 03:46:54.718] [info]  Context impl SQLiteImpl.

[2026-05-10 03:46:54.721] [info]  Will assume non-transactional DDL.

[2026-05-10 03:46:54.900] [info]  Starting server


[2026-05-10 03:46:54.903] [info]  To see the GUI go to: http://127.0.0.1:8000

[2026-05-10 03:46:56.821] [info]  [ComfyUI-Manager] The ComfyRegistry cache update is still in progress, so an outdated cache is being used.

[2026-05-10 03:46:56.915] [info]  FETCH DATA from: /Users/runner/Documents/ComfyUI/.venv/lib/python3.12/site-packages/comfyui_manager/custom-node-list.json
[2026-05-10 03:46:57.011] [info]   [DONE]
[2026-05-10 03:46:57.015] [info]  

[2026-05-10 03:47:00.305] [info]  [ComfyUI-Manager] The ComfyRegistry cache update is still in progress, so an outdated cache is being used.

[2026-05-10 03:47:00.422] [info]  FETCH DATA from: /Users/runner/Documents/ComfyUI/.venv/lib/python3.12/site-packages/comfyui_manager/custom-node-list.json
[2026-05-10 03:47:00.454] [info]   [DONE]

[2026-05-10 03:47:29.497] [info]  got prompt

[2026-05-10 03:47:29.896] [info]  [comfyui-geometrypack] python: /Users/runner/Documents/ComfyUI/.ce/.pixi/envs/geometrypack-nodes/bin/python
[2026-05-10 03:47:29.900] [info]  

[2026-05-10 03:47:29.902] [info]  [comfyui-geometrypack] sys_path sent to worker: ['/Users/runner/.comfy-test-cache/desktop/ComfyUI.app/Contents/Resources/ComfyUI', '/Users/runner/Documents/ComfyUI/custom_nodes/comfyui-geometrypack', '/Users/runner/Documents/ComfyUI/.ce/.pixi/envs/geometrypack-nodes/lib/python3.1/site-packages', '/Users/runner/Documents/ComfyUI/custom_nodes/comfyui-geometrypack']

[2026-05-10 03:47:46.663] [error] [worker:comfyui-geometrypack] INFO: Found mesh in input folder: 3d/camelhead.off

[2026-05-10 03:47:46.671] [error] [worker:comfyui-geometrypack] INFO: Loading: /Users/runner/Documents/ComfyUI/input/3d/camelhead.off

[2026-05-10 03:47:46.926] [error] [worker:comfyui-geometrypack] INFO: Initial mesh: 11381 vertices, 22704 faces

[2026-05-10 03:47:46.957] [error] [worker:comfyui-geometrypack] INFO: Successfully loaded: 11381 vertices, 22704 faces
[2026-05-10 03:47:46.965] [error] 
[worker:comfyui-geometrypack] INFO: Loaded: 11381 vertices, 22704 faces

[2026-05-10 03:47:49.207] [error] [comfyui-geometrypack] Health check: ping (timeout=5.0s)...
[2026-05-10 03:47:49.265] [error] 

[2026-05-10 03:47:49.327] [error] [comfyui-geometrypack] Health check: ok

[2026-05-10 03:47:49.404] [error] [worker:comfyui-geometrypack] INFO: Processing mesh: 11381 vertices, 22704 faces

[2026-05-10 03:47:49.409] [error] [worker:comfyui-geometrypack] INFO: Options: detect_only=False, remove_unreferenced=True, extract_outer_hull=False, stitch_all=True
[2026-05-10 03:47:49.411] [error] 

[2026-05-10 03:47:49.587] [error] [worker:comfyui-geometrypack] INFO: Using libigl CGAL method
[2026-05-10 03:47:49.588] [error] 

[2026-05-10 03:47:50.280] [error] [worker:comfyui-geometrypack] INFO: Remeshing complete: 11385 vertices, 22720 faces

[2026-05-10 03:47:50.284] [error] [worker:comfyui-geometrypack] INFO: Removing unreferenced vertices...

[2026-05-10 03:47:50.286] [error] [worker:comfyui-geometrypack] INFO: After cleanup: 11385 vertices, 22720 faces

[2026-05-10 03:47:50.306] [error] [comfyui-geometrypack] Health check: ping (timeout=5.0s)...

[2026-05-10 03:47:50.318] [error] [comfyui-geometrypack] Health check: ok

[2026-05-10 03:47:50.449] [error] [worker:comfyui-geometrypack] INFO: Analyzing mesh: 11385 vertices, 22720 faces

[2026-05-10 03:47:50.454] [error] [worker:comfyui-geometrypack] INFO: Using libigl CGAL method

[2026-05-10 03:47:50.622] [error] [worker:comfyui-geometrypack] INFO: No self-intersections detected

[2026-05-10 03:47:50.654] [error] [comfyui-geometrypack] Health check: ping (timeout=5.0s)...
[2026-05-10 03:47:50.738] [error] 

[2026-05-10 03:47:50.799] [error] [comfyui-geometrypack] Health check: ok

[2026-05-10 03:47:50.849] [error] [worker:comfyui-geometrypack] INFO: Analyzing mesh: 11381 vertices, 22704 faces

[2026-05-10 03:47:50.861] [error] [worker:comfyui-geometrypack] INFO: Using libigl CGAL method
[2026-05-10 03:47:50.863] [error] 

[2026-05-10 03:47:50.952] [error] [worker:comfyui-geometrypack] INFO: Found 6 intersecting faces (5 intersection pairs)

[2026-05-10 03:47:50.964] [error] [comfyui-geometrypack] Health check: ping (timeout=5.0s)...
[2026-05-10 03:47:50.966] [error] 

[2026-05-10 03:47:51.077] [error] [comfyui-geometrypack] Health check: ok
[2026-05-10 03:47:51.083] [error] 

[2026-05-10 03:47:51.186] [error] [worker:comfyui-geometrypack] INFO: Layout: side_by_side, Mode: fields
[2026-05-10 03:47:51.188] [error] 

[2026-05-10 03:47:51.191] [error] [worker:comfyui-geometrypack] INFO: Mesh 1: Mesh - 11381 vertices, 22704 faces

[2026-05-10 03:47:51.193] [error] [worker:comfyui-geometrypack] INFO: Mesh 2: Mesh - 11385 vertices, 22720 faces

[2026-05-10 03:47:51.195] [error] [worker:comfyui-geometrypack] INFO: Mesh 1 fields: ['intersection_flag', 'intersection_count', 'face.self_intersecting']
[2026-05-10 03:47:51.202] [error] 

[2026-05-10 03:47:51.203] [error] [worker:comfyui-geometrypack] INFO: Mesh 2 fields: ['intersection_flag', 'intersection_count', 'face.self_intersecting']

[2026-05-10 03:47:51.208] [error] [worker:comfyui-geometrypack] INFO: Common fields: ['intersection_count', 'face.self_intersecting', 'intersection_flag']

[2026-05-10 03:47:51.209] [error] [worker:comfyui-geometrypack] INFO: Mesh 1 visual: kind=None, texture=False, vertex_colors=False

[2026-05-10 03:47:51.211] [error] [worker:comfyui-geometrypack] INFO: Mesh 2 visual: kind=None, texture=False, vertex_colors=False
[2026-05-10 03:47:51.214] [error] 

[2026-05-10 03:47:51.215] [error] [worker:comfyui-geometrypack] INFO: Exporting mesh to VTP: /Users/runner/Documents/ComfyUI/output/preview_dual_1_c1854d9f.vtp

[2026-05-10 03:47:51.253] [error] [worker:comfyui-geometrypack] INFO: Adding normals field (11381 vertices)

[2026-05-10 03:47:51.270] [error] [worker:comfyui-geometrypack] INFO: Adding scalar field: intersection_flag (components: 1)
[2026-05-10 03:47:51.272] [error] 

[2026-05-10 03:47:51.279] [error] [worker:comfyui-geometrypack] INFO: Adding scalar field: intersection_count (components: 1)
[2026-05-10 03:47:51.284] [error] 

[2026-05-10 03:47:51.293] [error] [worker:comfyui-geometrypack] INFO: Adding face field: self_intersecting

[2026-05-10 03:47:51.421] [error] [worker:comfyui-geometrypack] INFO: Export complete: 11381 vertices, 22704 faces
[worker:comfyui-geometrypack] INFO: Exported VTP with fields: /Users/runner/Documents/ComfyUI/output/preview_dual_1_c1854d9f.vtp

[2026-05-10 03:47:51.429] [error] [worker:comfyui-geometrypack] INFO: Exporting mesh to VTP: /Users/runner/Documents/ComfyUI/output/preview_dual_2_c1854d9f.vtp

[2026-05-10 03:47:51.498] [error] [worker:comfyui-geometrypack] INFO: Adding normals field (11385 vertices)

[2026-05-10 03:47:51.519] [error] [worker:comfyui-geometrypack] INFO: Adding scalar field: intersection_flag (components: 1)
[2026-05-10 03:47:51.520] [error] 

[2026-05-10 03:47:51.527] [error] [worker:comfyui-geometrypack] INFO: Adding scalar field: intersection_count (components: 1)

[2026-05-10 03:47:51.532] [error] [worker:comfyui-geometrypack] INFO: Adding face field: self_intersecting
[2026-05-10 03:47:51.533] [error] 

[2026-05-10 03:47:51.582] [error] [worker:comfyui-geometrypack] INFO: Export complete: 11385 vertices, 22720 faces

[2026-05-10 03:47:51.585] [error] [worker:comfyui-geometrypack] INFO: Exported VTP with fields: /Users/runner/Documents/ComfyUI/output/preview_dual_2_c1854d9f.vtp

[2026-05-10 03:47:51.635] [error] [worker:comfyui-geometrypack] INFO: Preview ready

[2026-05-10 03:47:51.768] [info]  Prompt executed in 22.04 seconds

[2026-05-10 03:47:58.918] [error] /Users/runner/Documents/ComfyUI/.ce/.pixi/envs/geometrypack-nodes/lib/python3.12/multiprocessing/resource_tracker.py:279: UserWarning: resource_tracker: There appear to be 4 leaked shared_memory objects to clean up at shutdown
  warnings.warn('resource_tracker: There appear to be %d '
/Users/runner/Documents/ComfyUI/.ce/.pixi/envs/geometrypack-nodes/lib/python3.12/multiprocessing/resource_tracker.py:292: UserWarning: resource_tracker: '/psm_1ec64dd5': [Errno 2] No such file or directory: '/psm_1ec64dd5'
  warnings.warn('resource_tracker: %r: %s' % (name, e))
/Users/runner/Documents/ComfyUI/.ce/.pixi/envs/geometrypack-nodes/lib/python3.12/multiprocessing/resource_tracker.py:292: UserWarning: resource_tracker: '/psm_5bb8a6b4': [Errno 2] No such file or directory: '/psm_5bb8a6b4'
  warnings.warn('resource_tracker: %r: %s' % (name, e))
/Users/runner/Documents/ComfyUI/.ce/.pixi/envs/geometrypack-nodes/lib/python3.12/multiprocessing/resource_tracker.py:292: UserWarning: resource_tracker: '/psm_4e592270': [Errno 2] No such file or directory: '/psm_4e592270'
  warnings.warn('resource_tracker: %r: %s' % (name, e))
/Users/runner/Documents/ComfyUI/.ce/.pixi/envs/geometrypack-nodes/lib/python3.12/multiprocessing/resource_tracker.py:292: UserWarning: resource_tracker: '/psm_23977987': [Errno 2] No such file or directory: '/psm_23977987'
  warnings.warn('resource_tracker: %r: %s' % (name, e))

