** ComfyUI startup time: 2026-05-09 14:59:08.116
[2026-05-09 14:59:08.117] ** Platform: Darwin
[2026-05-09 14:59:08.117] ** Python version: 3.12.11 (main, Aug 18 2025, 19:02:39) [Clang 20.1.4 ]
[2026-05-09 14:59:08.118] ** Python executable: /Users/runner/Documents/ComfyUI/.venv/bin/python
[2026-05-09 14:59:08.118] ** ComfyUI Path: /Users/runner/work/comfy-gpu-ci/comfy-gpu-ci/ComfyUI.app/Contents/Resources/ComfyUI
[2026-05-09 14:59:08.118] ** ComfyUI Base Folder Path: /Users/runner/work/comfy-gpu-ci/comfy-gpu-ci/ComfyUI.app/Contents/Resources/ComfyUI
[2026-05-09 14:59:08.118] ** User directory: /Users/runner/Documents/ComfyUI/user
[2026-05-09 14:59:08.118] ** ComfyUI-Manager config path: /Users/runner/Documents/ComfyUI/user/__manager/config.ini
[2026-05-09 14:59:08.118] ** Log path: /Users/runner/Documents/ComfyUI/user/comfyui.log
[ComfyUI-Manager] Skipped fixing the 'comfyui-frontend-package' dependency because the ComfyUI is outdated.
[2026-05-09 14:59:09.031] [PRE] ComfyUI-Manager
[2026-05-09 14:59:19.374] Found comfy_kitchen backend triton: {'available': False, 'disabled': True, 'unavailable_reason': "ImportError: No module named 'triton'", 'capabilities': []}
[2026-05-09 14:59:19.374] Found comfy_kitchen backend eager: {'available': True, 'disabled': False, 'unavailable_reason': None, 'capabilities': ['apply_rope', 'apply_rope1', 'dequantize_mxfp8', 'dequantize_nvfp4', 'dequantize_per_tensor_fp8', 'quantize_mxfp8', 'quantize_nvfp4', 'quantize_per_tensor_fp8', 'scaled_mm_mxfp8', 'scaled_mm_nvfp4']}
[2026-05-09 14:59:19.374] Found comfy_kitchen backend cuda: {'available': False, 'disabled': True, 'unavailable_reason': 'Extension file not found: /Users/runner/Documents/ComfyUI/.venv/lib/python3.12/site-packages/comfy_kitchen/backends/cuda/_C.abi3.so', 'capabilities': []}
[2026-05-09 14:59:19.570] Checkpoint files will always be loaded safely.
[2026-05-09 14:59:19.671] Total VRAM 7168 MB, total RAM 7168 MB
[2026-05-09 14:59:19.671] pytorch version: 2.10.0
[2026-05-09 14:59:19.680] Mac Version (15, 7, 4)
[2026-05-09 14:59:19.681] Set vram state to: SHARED
[2026-05-09 14:59:19.681] Device: mps
[2026-05-09 14:59:21.497] Using sub quadratic optimization for attention, if you have memory or speed issues try using: --use-split-cross-attention
[2026-05-09 14:59:31.387] Python version: 3.12.11 (main, Aug 18 2025, 19:02:39) [Clang 20.1.4 ]
[2026-05-09 14:59:31.387] ComfyUI version: 0.20.1
[2026-05-09 14:59:31.389] comfy-aimdo version: 0.2.14
[2026-05-09 14:59:31.395] comfy-kitchen version: 0.2.8
[2026-05-09 14:59:31.399] [Prompt Server] web root: /Users/runner/work/comfy-gpu-ci/comfy-gpu-ci/ComfyUI.app/Contents/Resources/ComfyUI/web_custom_versions/desktop_app
[2026-05-09 14:59:31.400] Asset seeder disabled
[2026-05-09 14:59:31.401] [START] ComfyUI-Manager
[2026-05-09 14:59:31.801] [ComfyUI-Manager] Using GitPython backend
[2026-05-09 14:59:31.914] [ComfyUI-Manager] network_mode: public
[2026-05-09 14:59:31.927] [ComfyUI-Manager] The matrix sharing feature has been disabled because the `matrix-nio` dependency is not installed.
	To use this feature, please run the following command:
	/Users/runner/Documents/ComfyUI/.venv/bin/python -m pip install matrix-nio

[2026-05-09 14:59:37.101] 
Import times for custom nodes:
[2026-05-09 14:59:37.102]    0.0 seconds: /Users/runner/work/comfy-gpu-ci/comfy-gpu-ci/ComfyUI.app/Contents/Resources/ComfyUI/custom_nodes/websocket_image_save.py
[2026-05-09 14:59:37.102] 
[2026-05-09 14:59:37.255] Context impl SQLiteImpl.
[2026-05-09 14:59:37.256] Will assume non-transactional DDL.
[2026-05-09 14:59:37.288] Context impl SQLiteImpl.
[2026-05-09 14:59:37.288] Will assume non-transactional DDL.
[2026-05-09 14:59:37.304] Running upgrade  -> 0001_assets, Initial assets schema
Revision ID: 0001_assets
Revises: None
Create Date: 2025-12-10 00:00:00
[2026-05-09 14:59:37.476] Running upgrade 0001_assets -> 0002_merge_to_asset_references, Merge AssetInfo and AssetCacheState into unified asset_references table.
[2026-05-09 14:59:37.642] Running upgrade 0002_merge_to_asset_references -> 0003_add_metadata_job_id, Add system_metadata and job_id columns to asset_references.
Change preview_id FK from assets.id to asset_references.id.
[2026-05-09 14:59:37.748] Database upgraded from None to 0003_add_metadata_job_id
[2026-05-09 14:59:38.021] Starting server

[2026-05-09 14:59:38.021] To see the GUI go to: http://127.0.0.1:8000
[2026-05-09 15:00:59.453] [ComfyUI-Manager] Using uv as Python module for pip operations.
[2026-05-09 15:01:02.299] 100%|██████████| 55.3M/55.3M [00:01<00:00, 32.8MB/s]
[2026-05-09 15:01:02.770] Extracted zip file to /Users/runner/Documents/ComfyUI/custom_nodes/comfyui-geometrypack
[2026-05-09 15:01:02.786] Install: pip packages
[2026-05-09 15:01:02.923] 
## ComfyUI-Manager: EXECUTE => 
['/Users/runner/Documents/ComfyUI/.venv/bin/python', '-m', 'uv', 'pip', 
'install', 'comfy-env==0.3.78']
[2026-05-09 15:01:03.151] [!] Using Python 3.12.11 environment at: /Users/runner/Documents/ComfyUI/.venv
[2026-05-09 15:01:03.153] [!] Resolved 16 packages in 318ms
[2026-05-09 15:01:03.524] [!] Downloading virtualenv (7.2MiB)
[2026-05-09 15:01:03.551] [!]  Downloaded virtualenv
[2026-05-09 15:01:04.051] [!] Prepared 12 packages in 523ms
[2026-05-09 15:01:04.051] [!] Uninstalled 1 package in 166ms
[2026-05-09 15:01:04.219] [!] Installed 12 packages in 74ms
[2026-05-09 15:01:04.294] [!]  + cfgv==3.5.0
[2026-05-09 15:01:04.308] [!]  + comfy-env==0.3.78
[2026-05-09 15:01:04.308] [!]  + distlib==0.4.0
[2026-05-09 15:01:04.308] [!]  - filelock==3.20.3
[2026-05-09 15:01:04.309] [!]  + filelock==3.29.0
[2026-05-09 15:01:04.310] [!]  + identify==2.6.19
[2026-05-09 15:01:04.310] [!]  + nodeenv==1.10.0
[2026-05-09 15:01:04.310] [!]  + platformdirs==4.9.6
[2026-05-09 15:01:04.313] [!]  + pre-commit==4.6.0
[2026-05-09 15:01:04.313] [!]  + python-discovery==1.3.0
[2026-05-09 15:01:04.313] [!]  + tomli==2.4.1
[2026-05-09 15:01:04.313] [!]  + tomli-w==1.2.0
[2026-05-09 15:01:04.313] [!]  + virtualenv==21.3.1
[2026-05-09 15:01:04.314] [2026-05-09 15:01:04.344] 
## ComfyUI-Manager: EXECUTE => 
['/Users/runner/Documents/ComfyUI/.venv/bin/python', '-m', 'uv', 'pip', 
'install', 'comfy-3d-viewers==0.2.44']
[!] Using Python 3.12.11 environment at: /Users/runner/Documents/ComfyUI/.venv
[2026-05-09 15:01:04.492] [!] Resolved 1 package in 111ms
[2026-05-09 15:01:04.617] [!] Downloading comfy-3d-viewers (1.2MiB)
[2026-05-09 15:01:04.631] [!]  Downloaded comfy-3d-viewers
[2026-05-09 15:01:04.702] [!] Prepared 1 package in 85ms
[2026-05-09 15:01:04.703] [!] Installed 1 package in 6ms
[2026-05-09 15:01:04.710] [!]  + comfy-3d-viewers==0.2.44
[2026-05-09 15:01:04.714] [2026-05-09 15:01:04.752] 
## ComfyUI-Manager: EXECUTE => 
['/Users/runner/Documents/ComfyUI/.venv/bin/python', '-m', 'uv', 'pip', 
'install', 'trimesh>=4.0.0']
[!] Using Python 3.12.11 environment at: /Users/runner/Documents/ComfyUI/.venv
[2026-05-09 15:01:04.820] [!] Resolved 31 packages in 399ms
[2026-05-09 15:01:05.228] [!] Downloading lxml (8.2MiB)
[2026-05-09 15:01:05.251] [!] Downloading shapely (1.6MiB)
[2026-05-09 15:01:05.253] [!] Downloading embreex (4.9MiB)
[2026-05-09 15:01:05.256] [!]  Downloaded embreex
[2026-05-09 15:01:05.633] [!]  Downloaded shapely
[2026-05-09 15:01:05.844] [!]  Downloaded lxml
[2026-05-09 15:01:05.866] [!] Prepared 18 packages in 633ms
[2026-05-09 15:01:05.867] [!] Installed 18 packages in 50ms
[2026-05-09 15:01:05.917] [!]  + colorlog==6.10.1
[2026-05-09 15:01:05.917] [!]  + embreex==4.4.0
[2026-05-09 15:01:05.917] [!]  + jsonschema==4.26.0
[2026-05-09 15:01:05.917] [!]  + jsonschema-specifications==2025.9.1
[2026-05-09 15:01:05.917] [!]  + lxml==6.1.0
[2026-05-09 15:01:05.918] [!]  + manifold3d==3.4.1
[2026-05-09 15:01:05.918] [!]  + mapbox-earcut==2.0.0
[2026-05-09 15:01:05.918] [!]  + pycollada==0.9.3
[2026-05-09 15:01:05.918] [!]  + python-dateutil==2.9.0.post0
[2026-05-09 15:01:05.919] [!]  + referencing==0.37.0
[2026-05-09 15:01:05.919] [!]  + rpds-py==0.30.0
[2026-05-09 15:01:05.919] [!]  + rtree==1.4.1
[2026-05-09 15:01:05.921] [!]  + shapely==2.1.2
[2026-05-09 15:01:05.921] [!]  + six==1.17.0
[2026-05-09 15:01:05.921] [!]  + svg-path==7.0
[2026-05-09 15:01:05.923] [!]  + trimesh==4.12.2
[2026-05-09 15:01:05.923] [!]  + vhacdx==0.0.10
[2026-05-09 15:01:05.923] [!]  + xxhash==3.7.0
[2026-05-09 15:01:05.923] [ComfyUI-Manager] Skipped fixing the 'comfyui-frontend-package' dependency because the ComfyUI is outdated.
[2026-05-09 15:01:06.093] Install: install script
[2026-05-09 15:01:06.093] 
## ComfyUI-Manager: EXECUTE => 
['/Users/runner/Documents/ComfyUI/.venv/bin/python', 'install.py']
[2026-05-09 15:01:06.651] [!] [comfy-env] pixi not found, downloading...
[2026-05-09 15:01:06.652] [!] [comfy-env] pixi installed: /Users/runner/.pixi/bin/pixi
[2026-05-09 15:01:07.617] [2026-05-09 15:01:07.637]  [comfy-env] Workspace: /Users/runner/Documents/ComfyUI/.ce
[2026-05-09 15:01:07.639]  [comfy-env] ComfyUI: /Users/runner/Documents/ComfyUI
[2026-05-09 15:01:07.639]  [comfy-env] Found 1 node config(s):
[2026-05-09 15:01:07.640]    - geometrypack-nodes <- custom_nodes/comfyui-geometrypack/nodes/comfy-env.toml (python=host)
[2026-05-09 15:01:07.645]  [comfy-env] Bootstrap interpreter has python 3.12 + torch 2.10.0 (cpu). Looking for cuda-only wheels matching cpu/torch2.10/cp312.
[2026-05-09 15:01:07.650]  [comfy-env] Root conda deps from comfyui-geometrypack: ['av', 'ffmpeg']
[2026-05-09 15:01:07.652]  [comfy-env] Desktop app detected: source=/Users/runner/work/comfy-gpu-ci/comfy-gpu-ci/ComfyUI.app/Contents/Resources/ComfyUI, data=/Users/runner/Documents/ComfyUI
[2026-05-09 15:01:07.654]  [comfy-env] Comfyui feature pin: torch ==2.10.0, torchvision ==0.25.*, torchaudio ==2.10.*
[2026-05-09 15:01:07.684]  [comfy-env] Root conda deps: ['av', 'ffmpeg']
[2026-05-09 15:01:07.684]  [comfy-env] comfyui312: python 3.12, torch from https://download.pytorch.org/whl/cpu
[2026-05-09 15:01:07.684]  Generated /Users/runner/Documents/ComfyUI/.ce/pixi.toml
[2026-05-09 15:01:07.685]  [comfy-env] Installing 1 environment(s):
[2026-05-09 15:01:07.686]    - geometrypack-nodes (python=host, 13 pypi deps, 1 cuda wheels)
[2026-05-09 15:01:07.687]  [comfy-env] Running `pixi install --all`...
[2026-05-09 15:01:07.687] FETCH ComfyRegistry Data [DONE]
[2026-05-09 15:01:17.208] [ComfyUI-Manager] default cache updated: https://api.comfy.org/nodes
FETCH DATA from: /Users/runner/Documents/ComfyUI/user/__manager/cache/1514988643_custom-node-list.json [DONE]
[2026-05-09 15:01:17.327] [ComfyUI-Manager] All startup tasks have been completed.
[2026-05-09 15:01:30.894]     WARN Skipped running the post-link scripts because `run-post-link-scripts` = `false`
[2026-05-09 15:01:30.914]    	- bin/.librsvg-pre-unlink.sh
[2026-05-09 15:01:30.914]    To enable them, run:
[2026-05-09 15:01:30.915]    	pixi config set --local run-post-link-scripts insecure
[2026-05-09 15:01:30.916]    More info:
[2026-05-09 15:01:30.918]    	https://pixi.sh/latest/reference/pixi_configuration/#run-post-link-scripts
[2026-05-09 15:01:30.920]     WARN Skipped running the post-link scripts because `run-post-link-scripts` = `false`
[2026-05-09 15:02:14.350]    	- bin/.librsvg-pre-unlink.sh
[2026-05-09 15:02:14.350]    To enable them, run:
[2026-05-09 15:02:14.350]    	pixi config set --local run-post-link-scripts insecure
[2026-05-09 15:02:14.351]    More info:
[2026-05-09 15:02:14.351]    	https://pixi.sh/latest/reference/pixi_configuration/#run-post-link-scripts
[2026-05-09 15:02:14.351]    ✔ The following environments have been installed: default, comfyui, geometrypack-nodes.
[2026-05-09 15:02:24.115]  [comfy-env] Note: env `default` is on disk but no node declares it in this run. Leaving as-is. Remove via `pixi clean --environment default` if intended.
[2026-05-09 15:02:24.282]  [comfy-env] geometrypack-nodes: deduped libomp
[2026-05-09 15:02:24.472]  [comfy-env] Install log: /Users/runner/Documents/ComfyUI/.ce/install.log
[2026-05-09 15:02:24.472]  
[2026-05-09 15:02:24.474]  Installation complete!
[2026-05-09 15:02:24.474] 