[2026-05-08 04:27:34.718] [info]  setup plugin alembic.autogenerate.schemas
setup plugin alembic.autogenerate.tables
setup plugin alembic.autogenerate.types

[2026-05-08 04:27:34.720] [info]  setup plugin alembic.autogenerate.constraints
setup plugin alembic.autogenerate.defaults
setup plugin alembic.autogenerate.comments

[2026-05-08 04:27:34.888] [info]  comfy-aimdo os not supported Darwin
NOTE: comfy-aimdo is currently only support for Windows and Linux

[2026-05-08 04:27:35.176] [info]  Adding extra search path custom_nodes /Users/runner/Documents/ComfyUI/custom_nodes
Adding extra search path download_model_base /Users/runner/Documents/ComfyUI/models
Adding extra search path custom_nodes /Users/runner/work/comfy-gpu-ci/comfy-gpu-ci/ComfyUI.app/Contents/Resources/ComfyUI/custom_nodes
Setting output directory to: /Users/runner/Documents/ComfyUI/output

[2026-05-08 04:27:35.177] [info]  Setting input directory to: /Users/runner/Documents/ComfyUI/input
Setting user directory to: /Users/runner/Documents/ComfyUI/user

[2026-05-08 04:27:36.343] [info]  [START] Security scan
[DONE] Security scan
** ComfyUI startup time: 2026-05-08 04:27:36.342
** Platform: Darwin
[2026-05-08 04:27:36.344] [info]  
** Python version: 3.12.11 (main, Aug 18 2025, 19:02:39) [Clang 20.1.4 ]
** Python executable: /Users/runner/Documents/ComfyUI/.venv/bin/python
** ComfyUI Path: /Users/runner/work/comfy-gpu-ci/comfy-gpu-ci/ComfyUI.app/Contents/Resources/ComfyUI
** ComfyUI Base Folder Path: /Users/runner/work/comfy-gpu-ci/comfy-gpu-ci/ComfyUI.app/Contents/Resources/ComfyUI
** User directory: /Users/runner/Documents/ComfyUI/user
** ComfyUI-Manager config path: /Users/runner/Documents/ComfyUI/user/__manager/config.ini
** Log path: /Users/runner/Documents/ComfyUI/user/comfyui.log

[2026-05-08 04:27:36.712] [info]  [ComfyUI-Manager] Skipped fixing the 'comfyui-frontend-package' dependency because the ComfyUI is outdated.

[2026-05-08 04:27:36.712] [info]  [PRE] ComfyUI-Manager

[2026-05-08 04:27:42.130] [info]  Found comfy_kitchen backend eager: {'available': True, 'disabled': False, 'unavailable_reason': None, 'capabilities': ['apply_rope', 'apply_rope1', 'dequantize_mxfp8', 'dequantize_nvfp4', 'dequantize_per_tensor_fp8', 'quantize_mxfp8', 'quantize_nvfp4', 'quantize_per_tensor_fp8', 'scaled_mm_mxfp8', 'scaled_mm_nvfp4']}
Found comfy_kitchen backend cuda: {'available': False, 'disabled': True, 'unavailable_reason': 'Extension file not found: /Users/runner/Documents/ComfyUI/.venv/lib/python3.12/site-packages/comfy_kitchen/backends/cuda/_C.abi3.so', 'capabilities': []}
Found comfy_kitchen backend triton: {'available': False, 'disabled': True, 'unavailable_reason': "ImportError: No module named 'triton'", 'capabilities': []}

[2026-05-08 04:27:42.156] [info]  Checkpoint files will always be loaded safely.

[2026-05-08 04:27:42.216] [info]  Total VRAM 7168 MB, total RAM 7168 MB
pytorch version: 2.10.0

[2026-05-08 04:27:42.218] [info]  Mac Version (15, 7, 4)

[2026-05-08 04:27:42.219] [info]  Set vram state to: SHARED
Device: mps

[2026-05-08 04:27:42.968] [info]  Using sub quadratic optimization for attention, if you have memory or speed issues try using: --use-split-cross-attention

[2026-05-08 04:27:46.928] [info]  Python version: 3.12.11 (main, Aug 18 2025, 19:02:39) [Clang 20.1.4 ]
ComfyUI version: 0.20.1

[2026-05-08 04:27:46.929] [info]  comfy-aimdo version: 0.2.14
comfy-kitchen version: 0.2.8

[2026-05-08 04:27:46.929] [info]  [Prompt Server] web root: /Users/runner/work/comfy-gpu-ci/comfy-gpu-ci/ComfyUI.app/Contents/Resources/ComfyUI/web_custom_versions/desktop_app

[2026-05-08 04:27:46.931] [info]  Asset seeder disabled
[START] ComfyUI-Manager

[2026-05-08 04:27:47.150] [info]  [ComfyUI-Manager] Using GitPython backend

[2026-05-08 04:27:47.201] [info]  [ComfyUI-Manager] network_mode: public

[2026-05-08 04:27:47.209] [info]  [ComfyUI-Manager] The matrix sharing feature has been disabled because the `matrix-nio` dependency is not installed.
	To use this feature, please run the following command:
	/Users/runner/Documents/ComfyUI/.venv/bin/python -m pip install matrix-nio


[2026-05-08 04:27:49.121] [info]  
Import times for custom nodes:

[2026-05-08 04:27:49.122] [info]     0.0 seconds: /Users/runner/work/comfy-gpu-ci/comfy-gpu-ci/ComfyUI.app/Contents/Resources/ComfyUI/custom_nodes/websocket_image_save.py


[2026-05-08 04:27:49.134] [info]  Context impl SQLiteImpl.
Will assume non-transactional DDL.

[2026-05-08 04:27:49.142] [info]  Context impl SQLiteImpl.
Will assume non-transactional DDL.

[2026-05-08 04:27:49.146] [info]  Running upgrade  -> 0001_assets, Initial assets schema
Revision ID: 0001_assets
Revises: None
Create Date: 2025-12-10 00:00:00

[2026-05-08 04:27:49.168] [info]  Running upgrade 0001_assets -> 0002_merge_to_asset_references, Merge AssetInfo and AssetCacheState into unified asset_references table.

[2026-05-08 04:27:49.189] [info]  Running upgrade 0002_merge_to_asset_references -> 0003_add_metadata_job_id, Add system_metadata and job_id columns to asset_references.
Change preview_id FK from assets.id to asset_references.id.

[2026-05-08 04:27:49.210] [info]  Database upgraded from None to 0003_add_metadata_job_id

[2026-05-08 04:27:49.250] [info]  Starting server


[2026-05-08 04:27:49.251] [info]  To see the GUI go to: http://127.0.0.1:8000

[2026-05-08 04:28:32.088] [info]  [ComfyUI-Manager] Using uv as Python module for pip operations.

[2026-05-08 04:28:32.777] [error]   0%|          | 0.00/55.3M [00:00<?, ?B/s]
[2026-05-08 04:28:32.891] [error]  15%|█▌        | 8.39M/55.3M [00:00<00:00, 74.2MB/s]
[2026-05-08 04:28:33.057] [error]  30%|███       | 16.8M/55.3M [00:00<00:00, 60.5MB/s]
[2026-05-08 04:28:33.150] [error]  42%|████▏     | 23.1M/55.3M [00:00<00:00, 60.5MB/s]
[2026-05-08 04:28:33.280] [error]  53%|█████▎    | 29.4M/55.3M [00:00<00:00, 55.6MB/s]
[2026-05-08 04:28:33.406] [error]  64%|██████▍   | 35.7M/55.3M [00:00<00:00, 56.6MB/s]
[2026-05-08 04:28:33.490] [error]  77%|███████▋  | 42.5M/55.3M [00:00<00:00, 59.8MB/s]
[2026-05-08 04:28:33.591] [error]  99%|█████████▉| 54.8M/55.3M [00:00<00:00, 78.4MB/s]
[2026-05-08 04:28:33.594] [error] 100%|██████████| 55.3M/55.3M [00:00<00:00, 67.7MB/s]
[2026-05-08 04:28:33.621] [error] 

[2026-05-08 04:28:33.914] [info]  Extracted zip file to /Users/runner/Documents/ComfyUI/custom_nodes/comfyui-geometrypack

[2026-05-08 04:28:33.919] [info]  Install: pip packages

[2026-05-08 04:28:33.966] [info]  
## ComfyUI-Manager: EXECUTE => 
['/Users/runner/Documents/ComfyUI/.venv/bin/python', '-m', 'uv', 'pip', 
'install', 'comfy-env==0.3.69']

[2026-05-08 04:28:34.021] [error] [!]
[2026-05-08 04:28:34.022] [error]  Using Python 3.12.11 environment at: /Users/runner/Documents/ComfyUI/.venv

[2026-05-08 04:28:34.182] [error] [!] 
[2026-05-08 04:28:34.183] [error] Resolved 16 packages in 138ms

[2026-05-08 04:28:34.197] [error] [!] 
[2026-05-08 04:28:34.198] [error] Downloading virtualenv (7.2MiB)

[2026-05-08 04:28:34.334] [error] [!]  Downloaded virtualenv

[2026-05-08 04:28:34.337] [error] [!] Prepared 12 packages in 153ms

[2026-05-08 04:28:34.343] [error] [!] Uninstalled 1 package in 6ms

[2026-05-08 04:28:34.364] [error] [!]
[2026-05-08 04:28:34.365] [error]  Installed 12 packages in 19ms
[!] 
[2026-05-08 04:28:34.366] [error]  + cfgv==3.5.0
[!]  + comfy-env==0.3.69
[!]  + distlib==0.4.0
[!]  - filelock==3.20.3
[!]  + filelock==3.29.0
[!]  + identify==2.6.19

[2026-05-08 04:28:34.367] [error] [!]  + nodeenv==1.10.0
[!]  + platformdirs==4.9.6
[!] 
[2026-05-08 04:28:34.370] [error]  + pre-commit==4.6.0
[!]  + python-discovery==1.3.0
[!]  + tomli==2.4.1
[!]  + tomli-w==1.2.0
[!]  + virtualenv==21.3.1

[2026-05-08 04:28:34.376] [info]  
## ComfyUI-Manager: EXECUTE => 
['/Users/runner/Documents/ComfyUI/.venv/bin/python', '-m', 'uv', 'pip', 
'install', 'comfy-3d-viewers==0.2.44']

[2026-05-08 04:28:34.446] [error] [!] Using Python 3.12.11 environment at: /Users/runner/Documents/ComfyUI/.venv

[2026-05-08 04:28:34.527] [error] [!] Resolved 1 package in 69ms

[2026-05-08 04:28:34.534] [error] [!]
[2026-05-08 04:28:34.536] [error]  Downloading comfy-3d-viewers (1.2MiB)

[2026-05-08 04:28:34.599] [error] [!]  Downloaded comfy-3d-viewers

[2026-05-08 04:28:34.601] [error] [!] Prepared 1 package in 72ms

[2026-05-08 04:28:34.617] [error] [!] Installed 1 package in 15ms
[!]  + comfy-3d-viewers==0.2.44

[2026-05-08 04:28:34.624] [info]  
## ComfyUI-Manager: EXECUTE => 
['/Users/runner/Documents/ComfyUI/.venv/bin/python', '-m', 'uv', 'pip', 
'install', 'trimesh>=4.0.0']

[2026-05-08 04:28:34.768] [error] [!] Using Python 3.12.11 environment at: /Users/runner/Documents/ComfyUI/.venv

[2026-05-08 04:28:35.040] [error] [!]
[2026-05-08 04:28:35.041] [error]  Resolved 31 packages in 277ms

[2026-05-08 04:28:35.080] [error] [!]
[2026-05-08 04:28:35.081] [error]  Downloading embreex (4.9MiB)
[!] Downloading shapely (1.6MiB)
[!] Downloading lxml (8.2MiB)

[2026-05-08 04:28:35.410] [error] [!] 
[2026-05-08 04:28:35.411] [error]  Downloaded embreex

[2026-05-08 04:28:35.543] [error] [!] 
[2026-05-08 04:28:35.544] [error]  Downloaded shapely

[2026-05-08 04:28:35.565] [error] [!] 
[2026-05-08 04:28:35.565] [error]  Downloaded lxml
[!] Prepared 18 packages in 523ms

[2026-05-08 04:28:35.614] [error] [!] Installed 18 packages in 48ms
[!]  + colorlog==6.10.1
[!] 
[2026-05-08 04:28:35.615] [error]  + embreex==4.4.0
[!]  + jsonschema==4.26.0
[!]  + jsonschema-specifications==2025.9.1
[!]  + lxml==6.1.0
[!]  + manifold3d==3.4.1
[!]  + mapbox-earcut==2.0.0
[!]  + pycollada==0.9.3
[!]  + python-dateutil==2.9.0.post0
[!]  + referencing==0.37.0
[!]  + rpds-py==0.30.0

[2026-05-08 04:28:35.616] [error] [!]  + rtree==1.4.1
[!]  + shapely==2.1.2
[!]  + six==1.17.0
[!]  + svg-path==7.0
[!]  + trimesh==4.12.2
[!]  + vhacdx==0.0.10
[!]  + xxhash==3.7.0

[2026-05-08 04:28:35.713] [info]  [ComfyUI-Manager] Skipped fixing the 'comfyui-frontend-package' dependency because the ComfyUI is outdated.

[2026-05-08 04:28:35.714] [info]  Install: install script

[2026-05-08 04:28:35.715] [info]  
## ComfyUI-Manager: EXECUTE => 
['/Users/runner/Documents/ComfyUI/.venv/bin/python', 'install.py']

[2026-05-08 04:28:35.976] [error] [!]
[2026-05-08 04:28:35.978] [error]  [comfy-env] pixi not found, downloading...

[2026-05-08 04:28:37.002] [error] [!] [comfy-env] pixi installed: /Users/runner/.pixi/bin/pixi

[2026-05-08 04:28:37.008] [info]   [comfy-env] Workspace: /Users/runner/Documents/ComfyUI/.ce
 [comfy-env] ComfyUI: /Users/runner/Documents/ComfyUI
 [comfy-env] Found 3 node config(s):
   - geometrypack-blender <- custom_nodes/comfyui-geometrypack/nodes/blender/comfy-env.toml (python=3.11)
   - geometrypack-gpu <- custom_nodes/comfyui-geometrypack/nodes/gpu/comfy-env.toml (python=host)
   - geometrypack-main <- custom_nodes/comfyui-geometrypack/nodes/main/comfy-env.toml (python=host)

[2026-05-08 04:28:37.009] [info]   [comfy-env] Bootstrap interpreter has python 3.12 + torch 2.10.0 (cpu). Looking for cuda-only wheels matching cpu/torch2.10/cp312.

[2026-05-08 04:28:37.012] [info]   [comfy-env] Root conda deps from comfyui-geometrypack: ['av', 'ffmpeg']

[2026-05-08 04:28:37.016] [info]   [comfy-env] WARNING: /Users/runner/Documents/ComfyUI/requirements.txt not found -- comfyui feature will be empty
 [comfy-env] Root conda deps injected into comfyui feature: ['av', 'ffmpeg']

[2026-05-08 04:28:37.020] [info]   Generated /Users/runner/Documents/ComfyUI/.ce/pixi.toml
 [comfy-env] Installing 3 environment(s):
   - geometrypack-blender (python=3.11, 2 pypi deps)
   - geometrypack-gpu (python=host, 2 pypi deps, 1 cuda wheels)
   - geometrypack-main (python=host, 12 pypi deps)
 [comfy-env] Running `pixi install --all`...

[2026-05-08 04:28:46.429] [info]      WARN Skipped running the post-link scripts because `run-post-link-scripts` = `false`
   	- bin/.librsvg-pre-unlink.sh

[2026-05-08 04:28:46.430] [info]     To enable them, run:
   	pixi config set --local run-post-link-scripts insecure
   More info:
   	https://pixi.sh/latest/reference/pixi_configuration/#run-post-link-scripts

[2026-05-08 04:28:48.593] [info]      WARN Skipped running the post-link scripts because `run-post-link-scripts` = `false`

[2026-05-08 04:28:48.596] [info]     	- bin/.librsvg-pre-unlink.sh
   To enable them, run:
   	pixi config set --local run-post-link-scripts insecure
   More info:
   	https://pixi.sh/latest/reference/pixi_configuration/#run-post-link-scripts

[2026-05-08 04:28:50.238] [info]      WARN Skipped running the post-link scripts because `run-post-link-scripts` = `false`
   	- bin/.librsvg-pre-unlink.sh
   To enable them, run:
   	pixi config set --local run-post-link-scripts insecure
   More info:
   	https://pixi.sh/latest/reference/pixi_configuration/#run-post-link-scripts

[2026-05-08 04:29:06.600] [error] /Users/runner/.local/share/uv/python/cpython-3.12.11-macos-aarch64-none/lib/python3.12/multiprocessing/resource_tracker.py:279: UserWarning: resource_tracker: There appear to be 1 leaked semaphore objects to clean up at shutdown
  warnings.warn('resource_tracker: There appear to be %d '

