[2026-05-10 03:50:27.112] [info]  setup plugin alembic.autogenerate.schemas

[2026-05-10 03:50:27.120] [info]  setup plugin alembic.autogenerate.tables
setup plugin alembic.autogenerate.types
setup plugin alembic.autogenerate.constraints
setup plugin alembic.autogenerate.defaults
setup plugin alembic.autogenerate.comments

[2026-05-10 03:50:27.362] [info]  comfy-aimdo os not supported Darwin

[2026-05-10 03:50:27.366] [info]  NOTE: comfy-aimdo is currently only support for Windows and Linux

[2026-05-10 03:50:28.007] [info]  Adding extra search path custom_nodes /Users/runner/Documents/ComfyUI/custom_nodes
Adding extra search path download_model_base /Users/runner/Documents/ComfyUI/models
Adding extra search path custom_nodes /Users/runner/.comfy-test-cache/desktop/ComfyUI.app/Contents/Resources/ComfyUI/custom_nodes
Setting output directory to: /Users/runner/Documents/ComfyUI/output
Setting input directory to: /Users/runner/Documents/ComfyUI/input
Setting user directory to: /Users/runner/Documents/ComfyUI/user

[2026-05-10 03:50:29.211] [info]  [START] Security scan
[ComfyUI-Manager] Using uv as Python module for pip operations.

[2026-05-10 03:50:29.582] [info]  [DONE] Security scan
** ComfyUI startup time:
[2026-05-10 03:50:29.589] [info]   
[2026-05-10 03:50:29.604] [info]  2026-05-10 03:50:29.579
** Platform: Darwin
** Python version: 3.12.11 (main, Aug 18 2025, 19:02:39) [Clang 20.1.4 ]
** Python executable: /Users/runner/Documents/ComfyUI/.venv/bin/python
** ComfyUI Path: /Users/runner/.comfy-test-cache/desktop/ComfyUI.app/Contents/Resources/ComfyUI
** ComfyUI Base Folder Path: /Users/runner/.comfy-test-cache/desktop/ComfyUI.app/Contents/Resources/ComfyUI
** User directory: /Users/runner/Documents/ComfyUI/user
** ComfyUI-Manager config path: /Users/runner/Documents/ComfyUI/user/__manager/config.ini
** Log path: /Users/runner/Documents/ComfyUI/user/comfyui.log

[2026-05-10 03:50:29.947] [info]  [ComfyUI-Manager] Skipped fixing the 'comfyui-frontend-package' dependency because the ComfyUI is outdated.

[2026-05-10 03:50:29.951] [info]  [PRE] ComfyUI-Manager

[2026-05-10 03:50:30.633] [error] [comfy-env] comfyui-geometrypack: 1 isolation env(s):
[comfy-env]   nodes -> /Users/runner/Documents/ComfyUI/custom_nodes/comfyui-geometrypack/nodes

[2026-05-10 03:50:33.941] [error] [comfy-env] prestartup complete

[2026-05-10 03:50:34.003] [info]  WARNING: Potential Error in code: Torch already imported, torch should never be imported before this point.

[2026-05-10 03:50:37.370] [info]  Found comfy_kitchen backend cuda: {'available': False, 'disabled': True, 'unavailable_reason': 'Extension file not found: /Users/runner/Documents/ComfyUI/.venv/lib/python3.12/site-packages/comfy_kitchen/backends/cuda/_C.abi3.so', 'capabilities': []}
Found comfy_kitchen backend triton: {'available': False, 'disabled': True, 'unavailable_reason': "ImportError: No module named 'triton'", 'capabilities': []}
Found comfy_kitchen backend eager: {'available': True, 'disabled': False, 'unavailable_reason': None, 'capabilities': ['apply_rope', 'apply_rope1', 'dequantize_mxfp8', 'dequantize_nvfp4', 'dequantize_per_tensor_fp8', 'quantize_mxfp8', 'quantize_nvfp4', 'quantize_per_tensor_fp8', 'scaled_mm_mxfp8', 'scaled_mm_nvfp4']}

[2026-05-10 03:50:37.472] [info]  Checkpoint files will always be loaded safely.

[2026-05-10 03:50:37.598] [info]  Total VRAM 7168 MB, total RAM 7168 MB

[2026-05-10 03:50:37.601] [info]  pytorch version: 2.10.0

[2026-05-10 03:50:37.619] [info]  Mac Version (15, 7, 4)

[2026-05-10 03:50:37.622] [info]  Set vram state to: SHARED

[2026-05-10 03:50:37.628] [info]  Device: mps

[2026-05-10 03:50:38.893] [info]  Using sub quadratic optimization for attention, if you have memory or speed issues try using: --use-split-cross-attention

[2026-05-10 03:50:46.889] [info]  Python version: 3.12.11 (main, Aug 18 2025, 19:02:39) [Clang 20.1.4 ]

[2026-05-10 03:50:46.896] [info]  ComfyUI version: 0.20.1

[2026-05-10 03:50:46.901] [info]  comfy-aimdo version: 0.2.14

[2026-05-10 03:50:46.905] [info]  comfy-kitchen version: 0.2.8

[2026-05-10 03:50:46.921] [info]  [Prompt Server] web root: /Users/runner/.comfy-test-cache/desktop/ComfyUI.app/Contents/Resources/ComfyUI/web_custom_versions/desktop_app

[2026-05-10 03:50:47.024] [info]  Asset seeder disabled
[START] ComfyUI-Manager

[2026-05-10 03:50:47.303] [info]  [ComfyUI-Manager] Using GitPython backend
[2026-05-10 03:50:47.304] [info]  

[2026-05-10 03:50:47.389] [info]  [ComfyUI-Manager] network_mode: public

[2026-05-10 03:50:47.404] [info]  [ComfyUI-Manager] The matrix sharing feature has been disabled because the `matrix-nio` dependency is not installed.
	To use this feature, please run the following command:
	/Users/runner/Documents/ComfyUI/.venv/bin/python -m pip install matrix-nio


[2026-05-10 03:50:50.331] [info]  loading...

[2026-05-10 03:50:50.333] [info]  calling register_nodes

[2026-05-10 03:50:50.353] [error] [comfy-env] Version: 0.3.78
[2026-05-10 03:50:50.362] [error] 

[2026-05-10 03:50:50.368] [info]  [comfy-env] Removed stale socket: /var/folders/tb/y368xp_x10s3ty1b_mtl5mxr0000gn/T/comfy_worker_949601dc13c7.sock
[2026-05-10 03:50:50.370] [info]  

[2026-05-10 03:50:50.546] [info]  [comfy-env] Removed stale temp dir: /var/folders/tb/y368xp_x10s3ty1b_mtl5mxr0000gn/T/comfyui_pvenv_rvo3j9dq

[2026-05-10 03:50:50.863] [error] [comfy-env] register_nodes: comfyui-geometrypack
[2026-05-10 03:50:50.866] [error] 

[2026-05-10 03:50:50.955] [error] [comfy-env] ComfyUI source dir: /Users/runner/.comfy-test-cache/desktop/ComfyUI.app/Contents/Resources/ComfyUI
[2026-05-10 03:50:50.962] [error] 

[2026-05-10 03:50:51.272] [error] [comfy-env] Scanning nodes metadata (isolation root)...
[2026-05-10 03:50:51.279] [error] 

[2026-05-10 03:50:51.345] [error] [comfy-env] Cache hit for nodes: 125 nodes
[2026-05-10 03:50:51.349] [error] 

[2026-05-10 03:50:51.352] [error] [comfy-env] Scanned nodes root: 125 nodes (0.1s)
[2026-05-10 03:50:51.366] [error] 

[2026-05-10 03:50:51.383] [error] [comfy-env] Imported nodes root: 125 nodes (isolation)
[2026-05-10 03:50:51.385] [error] 

[2026-05-10 03:50:51.389] [error] [comfy-env] Registered 125 total nodes

[2026-05-10 03:50:51.403] [info]  
Import times for custom nodes:

[2026-05-10 03:50:51.405] [info]     0.0 seconds: /Users/runner/.comfy-test-cache/desktop/ComfyUI.app/Contents/Resources/ComfyUI/custom_nodes/websocket_image_save.py

[2026-05-10 03:50:51.412] [info]     1.1 seconds: /Users/runner/Documents/ComfyUI/custom_nodes/comfyui-geometrypack


[2026-05-10 03:50:51.422] [info]  Context impl SQLiteImpl.

[2026-05-10 03:50:51.445] [info]  Will assume non-transactional DDL.

[2026-05-10 03:50:51.632] [info]  Starting server


[2026-05-10 03:50:51.654] [info]  To see the GUI go to: http://127.0.0.1:8000

[2026-05-10 03:50:53.662] [info]  [ComfyUI-Manager] The ComfyRegistry cache update is still in progress, so an outdated cache is being used.

[2026-05-10 03:50:53.772] [info]  FETCH DATA from: /Users/runner/Documents/ComfyUI/.venv/lib/python3.12/site-packages/comfyui_manager/custom-node-list.json
[2026-05-10 03:50:54.151] [info]   [DONE]

[2026-05-10 03:50:56.254] [info]  [ComfyUI-Manager] The ComfyRegistry cache update is still in progress, so an outdated cache is being used.

[2026-05-10 03:50:56.318] [info]  FETCH DATA from: /Users/runner/Documents/ComfyUI/.venv/lib/python3.12/site-packages/comfyui_manager/custom-node-list.json
[2026-05-10 03:50:56.330] [info]   [DONE]

[2026-05-10 03:51:22.456] [info]  got prompt

[2026-05-10 03:51:22.771] [info]  [comfyui-geometrypack] python: /Users/runner/Documents/ComfyUI/.ce/.pixi/envs/geometrypack-nodes/bin/python
[2026-05-10 03:51:22.774] [info]  
[comfyui-geometrypack] sys_path sent to worker: ['/Users/runner/.comfy-test-cache/desktop/ComfyUI.app/Contents/Resources/ComfyUI', '/Users/runner/Documents/ComfyUI/custom_nodes/comfyui-geometrypack', '/Users/runner/Documents/ComfyUI/.ce/.pixi/envs/geometrypack-nodes/lib/python3.1/site-packages', '/Users/runner/Documents/ComfyUI/custom_nodes/comfyui-geometrypack']

[2026-05-10 03:51:39.118] [error] [worker:comfyui-geometrypack] INFO: Found mesh in input folder: 3d/cow.off
[2026-05-10 03:51:39.122] [error] 
[worker:comfyui-geometrypack] INFO: Loading: /Users/runner/Documents/ComfyUI/input/3d/cow.off

[2026-05-10 03:51:39.145] [error] [worker:comfyui-geometrypack] INFO: Initial mesh: 2761 vertices, 5520 faces
[2026-05-10 03:51:39.146] [error] 

[2026-05-10 03:51:39.152] [error] [worker:comfyui-geometrypack] INFO: Successfully loaded: 2761 vertices, 5520 faces
[2026-05-10 03:51:39.154] [error] 

[2026-05-10 03:51:39.159] [error] [worker:comfyui-geometrypack] INFO: Loaded: 2761 vertices, 5520 faces
[2026-05-10 03:51:39.160] [error] 

[2026-05-10 03:51:40.671] [error] [comfyui-geometrypack] Health check: ping (timeout=5.0s)...
[2026-05-10 03:51:40.802] [error] 

[2026-05-10 03:51:40.807] [error] [comfyui-geometrypack] Health check: ok
[2026-05-10 03:51:40.812] [error] 

[2026-05-10 03:51:40.832] [error] [worker:comfyui-geometrypack] INFO: Smooth dispatch: taubin -> GeomPackSmooth_Taubin

[2026-05-10 03:51:40.846] [error] [comfyui-geometrypack] Health check: ping (timeout=5.0s)...
[2026-05-10 03:51:40.863] [error] 

[2026-05-10 03:51:40.867] [error] [comfyui-geometrypack] Health check: ok
[2026-05-10 03:51:40.868] [error] 

[2026-05-10 03:51:40.879] [error] [worker:comfyui-geometrypack] INFO: Backend: taubin
[2026-05-10 03:51:40.882] [error] 

[2026-05-10 03:51:40.883] [error] [worker:comfyui-geometrypack] INFO: Input: 2761 vertices, 5520 faces
[worker:comfyui-geometrypack] INFO: Parameters: iterations=5, lambda=1.000, mu=-0.800
[2026-05-10 03:51:40.886] [error] 

[2026-05-10 03:51:44.505] [error] [worker:comfyui-geometrypack] INFO: Output: 2761 vertices, 5520 faces
[2026-05-10 03:51:44.510] [error] 

[2026-05-10 03:51:44.512] [error] [worker:comfyui-geometrypack] INFO: Avg vertex displacement: 0.007834, max: 0.047218

[2026-05-10 03:51:44.519] [error] [comfyui-geometrypack] Health check: ping (timeout=5.0s)...
[2026-05-10 03:51:44.520] [error] 

[2026-05-10 03:51:44.585] [error] [comfyui-geometrypack] Health check: ok

[2026-05-10 03:51:44.705] [error] [worker:comfyui-geometrypack] INFO: Layout: side_by_side, Mode: fields
[2026-05-10 03:51:44.707] [error] 

[2026-05-10 03:51:44.710] [error] [worker:comfyui-geometrypack] INFO: Mesh 1: Mesh - 2761 vertices, 5520 faces

[2026-05-10 03:51:44.737] [error] [worker:comfyui-geometrypack] INFO: Mesh 2: Mesh - 2761 vertices, 5520 faces

[2026-05-10 03:51:44.739] [error] [worker:comfyui-geometrypack] INFO: Mesh 1 fields: []
[2026-05-10 03:51:44.741] [error] 

[2026-05-10 03:51:44.741] [error] [worker:comfyui-geometrypack] INFO: Mesh 2 fields: []
[2026-05-10 03:51:44.744] [error] 

[2026-05-10 03:51:44.747] [error] [worker:comfyui-geometrypack] INFO: Common fields: []
[2026-05-10 03:51:44.748] [error] 

[2026-05-10 03:51:44.755] [error] [worker:comfyui-geometrypack] INFO: Mesh 1 visual: kind=None, texture=False, vertex_colors=False

[2026-05-10 03:51:44.758] [error] [worker:comfyui-geometrypack] INFO: Mesh 2 visual: kind=None, texture=False, vertex_colors=False

[2026-05-10 03:51:44.767] [error] [worker:comfyui-geometrypack] INFO: Exported STL: /Users/runner/Documents/ComfyUI/output/preview_dual_1_a829ceaf.stl

[2026-05-10 03:51:44.775] [error] [worker:comfyui-geometrypack] INFO: Exported STL: /Users/runner/Documents/ComfyUI/output/preview_dual_2_a829ceaf.stl

[2026-05-10 03:51:44.783] [error] [worker:comfyui-geometrypack] INFO: Preview ready
[2026-05-10 03:51:44.785] [error] 

[2026-05-10 03:51:44.994] [info]  Prompt executed in 22.47 seconds

[2026-05-10 03:51:50.697] [error] /Users/runner/Documents/ComfyUI/.ce/.pixi/envs/geometrypack-nodes/lib/python3.12/multiprocessing/resource_tracker.py:279: UserWarning: resource_tracker: There appear to be 3 leaked shared_memory objects to clean up at shutdown
  warnings.warn('resource_tracker: There appear to be %d '
/Users/runner/Documents/ComfyUI/.ce/.pixi/envs/geometrypack-nodes/lib/python3.12/multiprocessing/resource_tracker.py:292: UserWarning: resource_tracker: '/psm_9652252a': [Errno 2] No such file or directory: '/psm_9652252a'
  warnings.warn('resource_tracker: %r: %s' % (name, e))
/Users/runner/Documents/ComfyUI/.ce/.pixi/envs/geometrypack-nodes/lib/python3.12/multiprocessing/resource_tracker.py:292: UserWarning: resource_tracker: '/psm_208cfe0d': [Errno 2] No such file or directory: '/psm_208cfe0d'
  warnings.warn('resource_tracker: %r: %s' % (name, e))
/Users/runner/Documents/ComfyUI/.ce/.pixi/envs/geometrypack-nodes/lib/python3.12/multiprocessing/resource_tracker.py:292: UserWarning: resource_tracker: '/psm_f3398d2f': [Errno 2] No such file or directory: '/psm_f3398d2f'
  warnings.warn('resource_tracker: %r: %s' % (name, e))

