[2026-05-10 22:50:51.937] [info]  setup plugin alembic.autogenerate.schemas
setup plugin alembic.autogenerate.tables

[2026-05-10 22:50:51.938] [info]  setup plugin alembic.autogenerate.types
setup plugin alembic.autogenerate.constraints
setup plugin alembic.autogenerate.defaults
setup plugin alembic.autogenerate.comments

[2026-05-10 22:50:51.981] [info]  comfy-aimdo os not supported Darwin
NOTE: comfy-aimdo is currently only support for Windows and Linux

[2026-05-10 22:50:52.075] [info]  Adding extra search path custom_nodes /Users/runner/Documents/ComfyUI/custom_nodes
Adding extra search path download_model_base /Users/runner/Documents/ComfyUI/models
Adding extra search path custom_nodes /Users/runner/.comfy-test-cache/desktop/ComfyUI.app/Contents/Resources/ComfyUI/custom_nodes
Setting output directory to: /Users/runner/Documents/ComfyUI/output
Setting input directory to: /Users/runner/Documents/ComfyUI/input
Setting user directory to: /Users/runner/Documents/ComfyUI/user

[2026-05-10 22:50:52.249] [info]  [START] Security scan
[ComfyUI-Manager] Using uv as Python module for pip operations.

[2026-05-10 22:50:52.318] [info]  [DONE] Security scan
** ComfyUI startup time: 2026-05-10 22:50:52.317
** Platform: 
[2026-05-10 22:50:52.319] [info]  Darwin
** Python version: 3.12.11 (main, Aug 18 2025, 19:02:39) [Clang 20.1.4 ]
** Python executable: /Users/runner/Documents/ComfyUI/.venv/bin/python
** ComfyUI Path: /Users/runner/.comfy-test-cache/desktop/ComfyUI.app/Contents/Resources/ComfyUI
** ComfyUI Base Folder Path: /Users/runner/.comfy-test-cache/desktop/ComfyUI.app/Contents/Resources/ComfyUI
** User directory: /Users/runner/Documents/ComfyUI/user
** ComfyUI-Manager config path: /Users/runner/Documents/ComfyUI/user/__manager/config.ini
** Log path: /Users/runner/Documents/ComfyUI/user/comfyui.log

[2026-05-10 22:50:52.386] [info]  [ComfyUI-Manager] Skipped fixing the 'comfyui-frontend-package' dependency because the ComfyUI is outdated.

[2026-05-10 22:50:52.387] [info]  [PRE] ComfyUI-Manager

[2026-05-10 22:50:52.520] [error] [comfy-env] comfyui-geometrypack: 1 isolation env(s):

[2026-05-10 22:50:52.522] [error] [comfy-env]   nodes -> /Users/runner/Documents/ComfyUI/custom_nodes/comfyui-geometrypack/nodes

[2026-05-10 22:50:53.233] [error] [comfy-env] prestartup complete

[2026-05-10 22:50:53.245] [info]  WARNING: Potential Error in code: Torch already imported, torch should never be imported before this point.

[2026-05-10 22:50:53.843] [info]  Found comfy_kitchen backend eager: {'available': True, 'disabled': False, 'unavailable_reason': None, 'capabilities': ['apply_rope', 'apply_rope1', 'dequantize_mxfp8', 'dequantize_nvfp4', 'dequantize_per_tensor_fp8', 'quantize_mxfp8', 'quantize_nvfp4', 'quantize_per_tensor_fp8', 'scaled_mm_mxfp8', 'scaled_mm_nvfp4']}
Found comfy_kitchen backend cuda: {'available': False, 'disabled': True, 'unavailable_reason': 'Extension file not found: /Users/runner/Documents/ComfyUI/.venv/lib/python3.12/site-packages/comfy_kitchen/backends/cuda/_C.abi3.so', 'capabilities': []}

[2026-05-10 22:50:53.844] [info]  Found comfy_kitchen backend triton: {'available': False, 'disabled': True, 'unavailable_reason': "ImportError: No module named 'triton'", 'capabilities': []}

[2026-05-10 22:50:53.848] [info]  Checkpoint files will always be loaded safely.

[2026-05-10 22:50:53.868] [info]  Total VRAM 7168 MB, total RAM 7168 MB
pytorch version: 2.10.0

[2026-05-10 22:50:53.870] [info]  Mac Version (15, 7, 4)

[2026-05-10 22:50:53.873] [info]  Set vram state to: SHARED
Device: mps

[2026-05-10 22:50:54.112] [info]  Using sub quadratic optimization for attention, if you have memory or speed issues try using: --use-split-cross-attention

[2026-05-10 22:50:55.861] [info]  Python version: 3.12.11 (main, Aug 18 2025, 19:02:39) [Clang 20.1.4 ]

[2026-05-10 22:50:55.863] [info]  ComfyUI version: 0.20.1
comfy-aimdo version: 0.2.14

[2026-05-10 22:50:55.863] [info]  comfy-kitchen version: 0.2.8

[2026-05-10 22:50:55.865] [info]  [Prompt Server] web root: /Users/runner/.comfy-test-cache/desktop/ComfyUI.app/Contents/Resources/ComfyUI/web_custom_versions/desktop_app

[2026-05-10 22:50:55.865] [info]  Asset seeder disabled

[2026-05-10 22:50:55.866] [info]  [START] ComfyUI-Manager

[2026-05-10 22:50:55.938] [info]  [ComfyUI-Manager] Using GitPython backend

[2026-05-10 22:50:55.971] [info]  [ComfyUI-Manager] network_mode: public

[2026-05-10 22:50:55.974] [info]  [ComfyUI-Manager] The matrix sharing feature has been disabled because the `matrix-nio` dependency is not installed.
	To use this feature, please run the following command:
	/Users/runner/Documents/ComfyUI/.venv/bin/python -m pip install matrix-nio


[2026-05-10 22:50:56.745] [info]  loading...
calling register_nodes

[2026-05-10 22:50:56.747] [error] [comfy-env] Version: 0.3.82
[2026-05-10 22:50:56.748] [error] 

[2026-05-10 22:50:56.864] [error] [comfy-env] register_nodes: comfyui-geometrypack

[2026-05-10 22:50:56.869] [error] [comfy-env] ComfyUI source dir: /Users/runner/.comfy-test-cache/desktop/ComfyUI.app/Contents/Resources/ComfyUI
[2026-05-10 22:50:56.870] [error] 

[2026-05-10 22:50:56.881] [error] [comfy-env] Scanning nodes metadata (isolation root)...

[2026-05-10 22:50:56.890] [error] [comfy-env] Cache hit for nodes: 125 nodes
[2026-05-10 22:50:56.891] [error] 
[comfy-env] Scanned nodes root: 125 nodes (0.0s)

[2026-05-10 22:50:56.894] [error] [comfy-env] Imported nodes root: 125 nodes (isolation)
[2026-05-10 22:50:56.895] [error] 
[comfy-env] Registered 125 total nodes

[2026-05-10 22:50:56.896] [info]  
Import times for custom nodes:

[2026-05-10 22:50:56.898] [info]     0.0 seconds: /Users/runner/.comfy-test-cache/desktop/ComfyUI.app/Contents/Resources/ComfyUI/custom_nodes/websocket_image_save.py
   0.2 seconds: /Users/runner/Documents/ComfyUI/custom_nodes/comfyui-geometrypack


[2026-05-10 22:50:56.903] [info]  Context impl SQLiteImpl.
Will assume non-transactional DDL.

[2026-05-10 22:50:56.940] [info]  Starting server


[2026-05-10 22:50:56.941] [info]  To see the GUI go to: http://127.0.0.1:8000

[2026-05-10 22:50:58.611] [info]  [ComfyUI-Manager] The ComfyRegistry cache update is still in progress, so an outdated cache is being used.

[2026-05-10 22:50:58.726] [info]  FETCH DATA from: /Users/runner/Documents/ComfyUI/.venv/lib/python3.12/site-packages/comfyui_manager/custom-node-list.json
[2026-05-10 22:50:58.746] [info]   [DONE]

[2026-05-10 22:51:00.201] [info]  [ComfyUI-Manager] The ComfyRegistry cache update is still in progress, so an outdated cache is being used.

[2026-05-10 22:51:00.285] [info]  FETCH DATA from: /Users/runner/Documents/ComfyUI/.venv/lib/python3.12/site-packages/comfyui_manager/custom-node-list.json
[2026-05-10 22:51:00.305] [info]   [DONE]

[2026-05-10 22:51:21.124] [info]  got prompt

[2026-05-10 22:51:21.152] [info]  [comfyui-geometrypack] python: /Users/runner/.ce/.pixi/envs/geometrypack-nodes/bin/python
[comfyui-geometrypack] sys_path sent to worker: ['/Users/runner/.comfy-test-cache/desktop/ComfyUI.app/Contents/Resources/ComfyUI', '/Users/runner/Documents/ComfyUI/custom_nodes/comfyui-geometrypack', '/Users/runner/.ce/.pixi/envs/geometrypack-nodes/lib/python3.1/site-packages', '/Users/runner/Documents/ComfyUI/custom_nodes/comfyui-geometrypack']

[2026-05-10 22:51:22.138] [error] [worker:comfyui-geometrypack] ERROR: Failed to import comfy_kitchen, Error: No module named 'comfy_kitchen', fp8 and fp4 support will not be available.

[2026-05-10 22:51:23.413] [error] [worker:comfyui-geometrypack] INFO: Found FBX in input folder: 3d/rigged_human.fbx

[2026-05-10 22:51:23.414] [error] [worker:comfyui-geometrypack] INFO: Loading via bpy: /Users/runner/Documents/ComfyUI/input/3d/rigged_human.fbx

[2026-05-10 22:51:23.549] [error] [worker:comfyui-geometrypack] FBX version: 7400

[2026-05-10 22:51:23.846] [error] [worker:comfyui-geometrypack] INFO: Loaded: 32327 vertices, 50000 faces

[2026-05-10 22:51:24.511] [error] [comfyui-geometrypack] Health check: ping (timeout=5.0s)...

[2026-05-10 22:51:24.513] [error] [comfyui-geometrypack] Health check: ok

[2026-05-10 22:51:24.519] [error] [worker:comfyui-geometrypack] INFO: Found .blend in input folder: 3d/coca_cola.blend

[2026-05-10 22:51:24.522] [error] [worker:comfyui-geometrypack] INFO: Loading via bpy: /Users/runner/Documents/ComfyUI/input/3d/coca_cola.blend

[2026-05-10 22:51:24.752] [error] [worker:comfyui-geometrypack] INFO: Loaded: 36696 vertices, 73216 faces

[2026-05-10 22:51:24.765] [error] [comfyui-geometrypack] Health check: ping (timeout=5.0s)...
[2026-05-10 22:51:24.766] [error] 
[comfyui-geometrypack] Health check: ok

[2026-05-10 22:51:24.786] [error] [worker:comfyui-geometrypack] INFO: Layout: side_by_side, Mode: fields

[2026-05-10 22:51:24.788] [error] [worker:comfyui-geometrypack] INFO: Mesh 1: Mesh - 36696 vertices, 73216 faces
[worker:comfyui-geometrypack] INFO: Mesh 2: Mesh - 32327 vertices, 50000 faces

[2026-05-10 22:51:24.789] [error] [worker:comfyui-geometrypack] INFO: Mesh 1 fields: []
[worker:comfyui-geometrypack] INFO: Mesh 2 fields: []
[worker:comfyui-geometrypack] INFO: Common fields: []
[worker:comfyui-geometrypack] INFO: Mesh 1 visual: kind=None, texture=False, vertex_colors=False
[worker:comfyui-geometrypack] INFO: Mesh 2 visual: kind=None, texture=False, vertex_colors=False

[2026-05-10 22:51:24.814] [error] [worker:comfyui-geometrypack] INFO: Exported STL: /Users/runner/Documents/ComfyUI/output/preview_dual_1_a886b9a5.stl

[2026-05-10 22:51:24.830] [error] [worker:comfyui-geometrypack] INFO: Exported STL: /Users/runner/Documents/ComfyUI/output/preview_dual_2_a886b9a5.stl

[2026-05-10 22:51:24.874] [error] [worker:comfyui-geometrypack] INFO: Preview ready

[2026-05-10 22:51:24.889] [info]  Prompt executed in 3.75 seconds

[2026-05-10 22:51:31.145] [error] /Users/runner/.ce/.pixi/envs/geometrypack-nodes/lib/python3.12/multiprocessing/resource_tracker.py:279: UserWarning: resource_tracker: There appear to be 2 leaked shared_memory objects to clean up at shutdown
  warnings.warn('resource_tracker: There appear to be %d '
/Users/runner/.ce/.pixi/envs/geometrypack-nodes/lib/python3.12/multiprocessing/resource_tracker.py:292: UserWarning: resource_tracker: '/psm_5ec68d29': [Errno 2] No such file or directory: '/psm_5ec68d29'
  warnings.warn('resource_tracker: %r: %s' % (name, e))
/Users/runner/.ce/.pixi/envs/geometrypack-nodes/lib/python3.12/multiprocessing/resource_tracker.py:292: UserWarning: resource_tracker: '/psm_661e6e45': [Errno 2] No such file or directory: '/psm_661e6e45'
  warnings.warn('resource_tracker: %r: %s' % (name, e))

