[2026-05-10 22:37:52.007] [info]  setup plugin alembic.autogenerate.schemas
setup plugin alembic.autogenerate.tables

[2026-05-10 22:37:52.009] [info]  setup plugin alembic.autogenerate.types
setup plugin alembic.autogenerate.constraints
setup plugin alembic.autogenerate.defaults
setup plugin alembic.autogenerate.comments

[2026-05-10 22:37:52.052] [info]  comfy-aimdo os not supported Darwin
NOTE: comfy-aimdo is currently only support for Windows and Linux

[2026-05-10 22:37:52.144] [info]  Adding extra search path custom_nodes /Users/runner/Documents/ComfyUI/custom_nodes
Adding extra search path download_model_base /Users/runner/Documents/ComfyUI/models
Adding extra search path custom_nodes /Users/runner/.comfy-test-cache/desktop/ComfyUI.app/Contents/Resources/ComfyUI/custom_nodes
Setting output directory to: /Users/runner/Documents/ComfyUI/output
Setting input directory to: /Users/runner/Documents/ComfyUI/input

[2026-05-10 22:37:52.145] [info]  Setting user directory to: /Users/runner/Documents/ComfyUI/user

[2026-05-10 22:37:52.310] [info]  [START] Security scan
[ComfyUI-Manager] Using uv as Python module for pip operations.

[2026-05-10 22:37:52.389] [info]  [DONE] Security scan
** ComfyUI startup time: 2026-05-10 22:37:52.388
** Platform: 
[2026-05-10 22:37:52.390] [info]  Darwin
** Python version: 3.12.11 (main, Aug 18 2025, 19:02:39) [Clang 20.1.4 ]
** Python executable: /Users/runner/Documents/ComfyUI/.venv/bin/python
** ComfyUI Path: /Users/runner/.comfy-test-cache/desktop/ComfyUI.app/Contents/Resources/ComfyUI
** ComfyUI Base Folder Path: /Users/runner/.comfy-test-cache/desktop/ComfyUI.app/Contents/Resources/ComfyUI
** User directory: /Users/runner/Documents/ComfyUI/user
** ComfyUI-Manager config path: /Users/runner/Documents/ComfyUI/user/__manager/config.ini
** Log path: /Users/runner/Documents/ComfyUI/user/comfyui.log

[2026-05-10 22:37:52.479] [info]  [ComfyUI-Manager] Skipped fixing the 'comfyui-frontend-package' dependency because the ComfyUI is outdated.

[2026-05-10 22:37:52.481] [info]  [PRE] ComfyUI-Manager

[2026-05-10 22:37:52.636] [error] [comfy-env] comfyui-geometrypack: 1 isolation env(s):
[2026-05-10 22:37:52.637] [error] 
[comfy-env]   nodes -> /Users/runner/Documents/ComfyUI/custom_nodes/comfyui-geometrypack/nodes

[2026-05-10 22:37:53.359] [error] [comfy-env] prestartup complete

[2026-05-10 22:37:53.370] [info]  WARNING: Potential Error in code: Torch already imported, torch should never be imported before this point.

[2026-05-10 22:37:53.950] [info]  Found comfy_kitchen backend cuda: {'available': False, 'disabled': True, 'unavailable_reason': 'Extension file not found: /Users/runner/Documents/ComfyUI/.venv/lib/python3.12/site-packages/comfy_kitchen/backends/cuda/_C.abi3.so', 'capabilities': []}
Found comfy_kitchen backend eager: {'available': True, 'disabled': False, 'unavailable_reason': None, 'capabilities': ['apply_rope', 'apply_rope1', 'dequantize_mxfp8', 'dequantize_nvfp4', 'dequantize_per_tensor_fp8', 'quantize_mxfp8', 'quantize_nvfp4', 'quantize_per_tensor_fp8', 'scaled_mm_mxfp8', 'scaled_mm_nvfp4']}

[2026-05-10 22:37:53.951] [info]  Found comfy_kitchen backend triton: {'available': False, 'disabled': True, 'unavailable_reason': "ImportError: No module named 'triton'", 'capabilities': []}

[2026-05-10 22:37:53.955] [info]  Checkpoint files will always be loaded safely.

[2026-05-10 22:37:53.979] [info]  Total VRAM 7168 MB, total RAM 7168 MB
pytorch version: 2.10.0

[2026-05-10 22:37:53.982] [info]  Mac Version (15, 7, 4)

[2026-05-10 22:37:53.982] [info]  Set vram state to: SHARED
Device: mps

[2026-05-10 22:37:54.217] [info]  Using sub quadratic optimization for attention, if you have memory or speed issues try using: --use-split-cross-attention

[2026-05-10 22:37:55.771] [info]  Python version: 3.12.11 (main, Aug 18 2025, 19:02:39) [Clang 20.1.4 ]
ComfyUI version: 0.20.1

[2026-05-10 22:37:55.773] [info]  comfy-aimdo version: 0.2.14

[2026-05-10 22:37:55.773] [info]  comfy-kitchen version: 0.2.8

[2026-05-10 22:37:55.774] [info]  [Prompt Server] web root: /Users/runner/.comfy-test-cache/desktop/ComfyUI.app/Contents/Resources/ComfyUI/web_custom_versions/desktop_app

[2026-05-10 22:37:55.775] [info]  Asset seeder disabled

[2026-05-10 22:37:55.775] [info]  [START] ComfyUI-Manager

[2026-05-10 22:37:55.839] [info]  [ComfyUI-Manager] Using GitPython backend

[2026-05-10 22:37:55.869] [info]  [ComfyUI-Manager] network_mode: public

[2026-05-10 22:37:55.875] [info]  [ComfyUI-Manager] The matrix sharing feature has been disabled because the `matrix-nio` dependency is not installed.
	To use this feature, please run the following command:
	/Users/runner/Documents/ComfyUI/.venv/bin/python -m pip install matrix-nio


[2026-05-10 22:37:56.684] [info]  loading...
calling register_nodes

[2026-05-10 22:37:56.690] [error] [comfy-env] Version: 0.3.82
[2026-05-10 22:37:56.691] [error] 

[2026-05-10 22:37:56.832] [error] [comfy-env] register_nodes: comfyui-geometrypack

[2026-05-10 22:37:56.837] [error] [comfy-env] ComfyUI source dir: /Users/runner/.comfy-test-cache/desktop/ComfyUI.app/Contents/Resources/ComfyUI
[2026-05-10 22:37:56.837] [error] 

[2026-05-10 22:37:56.855] [error] [comfy-env] Scanning nodes metadata (isolation root)...

[2026-05-10 22:37:56.870] [error] [comfy-env] Cache hit for nodes: 125 nodes

[2026-05-10 22:37:56.871] [error] [comfy-env] Scanned nodes root: 125 nodes (0.0s)

[2026-05-10 22:37:56.872] [error] [comfy-env] Imported nodes root: 125 nodes (isolation)
[2026-05-10 22:37:56.872] [error] 
[comfy-env] Registered 125 total nodes

[2026-05-10 22:37:56.876] [info]  
Import times for custom nodes:

[2026-05-10 22:37:56.878] [info]     0.0 seconds: /Users/runner/.comfy-test-cache/desktop/ComfyUI.app/Contents/Resources/ComfyUI/custom_nodes/websocket_image_save.py
   0.2 seconds: /Users/runner/Documents/ComfyUI/custom_nodes/comfyui-geometrypack


[2026-05-10 22:37:56.880] [info]  Context impl SQLiteImpl.

[2026-05-10 22:37:56.881] [info]  Will assume non-transactional DDL.

[2026-05-10 22:37:56.915] [info]  Starting server


[2026-05-10 22:37:56.916] [info]  To see the GUI go to: http://127.0.0.1:8000

[2026-05-10 22:37:58.836] [info]  [ComfyUI-Manager] The ComfyRegistry cache update is still in progress, so an outdated cache is being used.

[2026-05-10 22:37:58.929] [info]  FETCH DATA from: /Users/runner/Documents/ComfyUI/.venv/lib/python3.12/site-packages/comfyui_manager/custom-node-list.json
[2026-05-10 22:37:58.955] [info]   [DONE]

[2026-05-10 22:38:00.517] [info]  [ComfyUI-Manager] The ComfyRegistry cache update is still in progress, so an outdated cache is being used.

[2026-05-10 22:38:00.612] [info]  FETCH DATA from: /Users/runner/Documents/ComfyUI/.venv/lib/python3.12/site-packages/comfyui_manager/custom-node-list.json
[2026-05-10 22:38:00.642] [info]   [DONE]

[2026-05-10 22:38:21.934] [info]  got prompt

[2026-05-10 22:38:21.960] [info]  [comfyui-geometrypack] python: /Users/runner/.ce/.pixi/envs/geometrypack-nodes/bin/python
[comfyui-geometrypack] sys_path sent to worker: ['/Users/runner/.comfy-test-cache/desktop/ComfyUI.app/Contents/Resources/ComfyUI', '/Users/runner/Documents/ComfyUI/custom_nodes/comfyui-geometrypack', '/Users/runner/.ce/.pixi/envs/geometrypack-nodes/lib/python3.1/site-packages', '/Users/runner/Documents/ComfyUI/custom_nodes/comfyui-geometrypack']
[2026-05-10 22:38:21.962] [info]  

[2026-05-10 22:38:23.412] [error] [worker:comfyui-geometrypack] ERROR: Failed to import comfy_kitchen, Error: No module named 'comfy_kitchen', fp8 and fp4 support will not be available.
[2026-05-10 22:38:23.414] [error] 

[2026-05-10 22:38:25.165] [error] [worker:comfyui-geometrypack] INFO: Found mesh in input folder: 3d/truck.obj

[2026-05-10 22:38:25.166] [error] [worker:comfyui-geometrypack] INFO: Loading: /Users/runner/Documents/ComfyUI/input/3d/truck.obj

[2026-05-10 22:38:25.174] [error] [worker:comfyui-geometrypack] INFO: Initial mesh: 2956 vertices, 4770 faces

[2026-05-10 22:38:25.177] [error] [worker:comfyui-geometrypack] INFO: Successfully loaded: 2956 vertices, 4770 faces

[2026-05-10 22:38:25.177] [error] [worker:comfyui-geometrypack] INFO: Loaded: 2956 vertices, 4770 faces

[2026-05-10 22:38:25.548] [error] [comfyui-geometrypack] Health check: ping (timeout=5.0s)...
[2026-05-10 22:38:25.553] [error] 
[comfyui-geometrypack] Health check: ok

[2026-05-10 22:38:25.559] [error] [worker:comfyui-geometrypack] INFO: Fix Normals dispatch: igl_bfs -> GeomPackFixNormals_IglBfs

[2026-05-10 22:38:25.560] [error] [comfyui-geometrypack] Health check: ping (timeout=5.0s)...
[2026-05-10 22:38:25.561] [error] 
[comfyui-geometrypack] Health check: ok

[2026-05-10 22:38:25.570] [error] [worker:comfyui-geometrypack] INFO: Fix Normals dispatch: igl_signed_dist -> GeomPackFixNormals_IglSignedDist

[2026-05-10 22:38:25.573] [error] [comfyui-geometrypack] Health check: ping (timeout=5.0s)...

[2026-05-10 22:38:25.574] [error] [comfyui-geometrypack] Health check: ok

[2026-05-10 22:38:25.587] [error] [worker:comfyui-geometrypack] INFO: Fix Normals dispatch: igl_winding -> GeomPackFixNormals_IglWinding

[2026-05-10 22:38:25.590] [error] [comfyui-geometrypack] Health check: ping (timeout=5.0s)...

[2026-05-10 22:38:25.591] [error] [comfyui-geometrypack] Health check: ok

[2026-05-10 22:38:25.601] [error] [worker:comfyui-geometrypack] INFO: Fix Normals dispatch: trimesh -> GeomPackFixNormals_Trimesh

[2026-05-10 22:38:25.604] [error] [comfyui-geometrypack] Health check: ping (timeout=5.0s)...
[2026-05-10 22:38:25.607] [error] 
[comfyui-geometrypack] Health check: ok

[2026-05-10 22:38:25.611] [error] [worker:comfyui-geometrypack] INFO: Fix Normals dispatch: igl_raycast -> GeomPackFixNormals_IglRaycast

[2026-05-10 22:38:25.619] [error] [comfyui-geometrypack] Health check: ping (timeout=5.0s)...
[2026-05-10 22:38:25.621] [error] 

[2026-05-10 22:38:25.623] [error] [comfyui-geometrypack] Health check: ok
[2026-05-10 22:38:25.624] [error] 

[2026-05-10 22:38:25.658] [error] [worker:comfyui-geometrypack] INFO: igl.bfs_orient: 66 orientation components

[2026-05-10 22:38:25.660] [error] [worker:comfyui-geometrypack] INFO: Normal orientation: False -> True

[2026-05-10 22:38:25.662] [error] [comfyui-geometrypack] Health check: ping (timeout=5.0s)...
[2026-05-10 22:38:25.665] [error] 

[2026-05-10 22:38:25.669] [error] [comfyui-geometrypack] Health check: ok

[2026-05-10 22:38:25.709] [error] [worker:comfyui-geometrypack] INFO: igl_signed_dist: flipped 4757/4770 faces

[2026-05-10 22:38:25.713] [error] [worker:comfyui-geometrypack] INFO: Normal orientation: False -> False

[2026-05-10 22:38:25.715] [error] [comfyui-geometrypack] Health check: ping (timeout=5.0s)...
[2026-05-10 22:38:25.716] [error] 

[2026-05-10 22:38:25.717] [error] [comfyui-geometrypack] Health check: ok

[2026-05-10 22:38:25.776] [error] [worker:comfyui-geometrypack] INFO: igl_winding: flipped 4022/4770 faces

[2026-05-10 22:38:25.779] [error] [worker:comfyui-geometrypack] INFO: Normal orientation: False -> False

[2026-05-10 22:38:25.782] [error] [comfyui-geometrypack] Health check: ping (timeout=5.0s)...

[2026-05-10 22:38:25.783] [error] [comfyui-geometrypack] Health check: ok

[2026-05-10 22:38:26.003] [error] [worker:comfyui-geometrypack] INFO: Normal orientation: False -> True

[2026-05-10 22:38:26.004] [error] [comfyui-geometrypack] Health check: ping (timeout=5.0s)...

[2026-05-10 22:38:26.005] [error] [comfyui-geometrypack] Health check: ok

[2026-05-10 22:38:26.012] [error] [worker:comfyui-geometrypack] INFO: Mode: fields, Meshes: 4
[worker:comfyui-geometrypack] INFO: Mesh 1: Mesh - 2956 vertices, 4770 faces

[2026-05-10 22:38:26.019] [error] [worker:comfyui-geometrypack] INFO: Exporting mesh to VTP: /Users/runner/Documents/ComfyUI/output/preview_multi_1_4ac4bea0.vtp
[2026-05-10 22:38:26.020] [error] 

[2026-05-10 22:38:26.026] [error] [worker:comfyui-geometrypack] INFO: Adding normals field (2956 vertices)

[2026-05-10 22:38:26.038] [error] [worker:comfyui-geometrypack] INFO: Export complete: 2956 vertices, 4770 faces

[2026-05-10 22:38:26.039] [error] [worker:comfyui-geometrypack] INFO: Exported VTP: /Users/runner/Documents/ComfyUI/output/preview_multi_1_4ac4bea0.vtp

[2026-05-10 22:38:26.041] [error] [worker:comfyui-geometrypack] INFO: Mesh 2: Mesh - 2956 vertices, 4770 faces

[2026-05-10 22:38:26.044] [error] [worker:comfyui-geometrypack] INFO: Exporting mesh to VTP: /Users/runner/Documents/ComfyUI/output/preview_multi_2_4ac4bea0.vtp

[2026-05-10 22:38:26.053] [error] [worker:comfyui-geometrypack] INFO: Adding normals field (2956 vertices)

[2026-05-10 22:38:26.064] [error] [worker:comfyui-geometrypack] INFO: Export complete: 2956 vertices, 4770 faces
[worker:comfyui-geometrypack] INFO: Exported VTP: /Users/runner/Documents/ComfyUI/output/preview_multi_2_4ac4bea0.vtp

[2026-05-10 22:38:26.067] [error] [worker:comfyui-geometrypack] INFO: Mesh 3: Mesh - 2956 vertices, 4770 faces

[2026-05-10 22:38:26.068] [error] [worker:comfyui-geometrypack] INFO: Exporting mesh to VTP: /Users/runner/Documents/ComfyUI/output/preview_multi_3_4ac4bea0.vtp

[2026-05-10 22:38:26.077] [error] [worker:comfyui-geometrypack] INFO: Adding normals field (2956 vertices)

[2026-05-10 22:38:26.085] [error] [worker:comfyui-geometrypack] INFO: Export complete: 2956 vertices, 4770 faces

[2026-05-10 22:38:26.086] [error] [worker:comfyui-geometrypack] INFO: Exported VTP: /Users/runner/Documents/ComfyUI/output/preview_multi_3_4ac4bea0.vtp

[2026-05-10 22:38:26.088] [error] [worker:comfyui-geometrypack] INFO: Mesh 4: Mesh - 2956 vertices, 4770 faces
[2026-05-10 22:38:26.088] [error] 
[worker:comfyui-geometrypack] INFO: Exporting mesh to VTP: /Users/runner/Documents/ComfyUI/output/preview_multi_4_4ac4bea0.vtp

[2026-05-10 22:38:26.097] [error] [worker:comfyui-geometrypack] INFO: Adding normals field (2956 vertices)

[2026-05-10 22:38:26.105] [error] [worker:comfyui-geometrypack] INFO: Export complete: 2956 vertices, 4770 faces
[worker:comfyui-geometrypack] INFO: Exported VTP: /Users/runner/Documents/ComfyUI/output/preview_multi_4_4ac4bea0.vtp

[2026-05-10 22:38:26.109] [error] [worker:comfyui-geometrypack] INFO: Grid: 2x2, Preview ready

[2026-05-10 22:38:26.111] [error] [comfyui-geometrypack] Health check: ping (timeout=5.0s)...
[2026-05-10 22:38:26.112] [error] 

[2026-05-10 22:38:26.116] [error] [comfyui-geometrypack] Health check: ok

[2026-05-10 22:38:26.681] [error] [worker:comfyui-geometrypack] INFO: igl_raycast: flipped 3339/4770 faces

[2026-05-10 22:38:26.683] [error] [worker:comfyui-geometrypack] INFO: Normal orientation: False -> False

[2026-05-10 22:38:26.685] [error] [comfyui-geometrypack] Health check: ping (timeout=5.0s)...

[2026-05-10 22:38:26.686] [error] [comfyui-geometrypack] Health check: ok
[2026-05-10 22:38:26.686] [error] 

[2026-05-10 22:38:26.691] [error] [worker:comfyui-geometrypack] INFO: Mode: fields, Meshes: 2
[worker:comfyui-geometrypack] INFO: Mesh 1: Mesh - 2956 vertices, 4770 faces

[2026-05-10 22:38:26.696] [error] [worker:comfyui-geometrypack] INFO: Exporting mesh to VTP: /Users/runner/Documents/ComfyUI/output/preview_multi_1_563ab8fb.vtp

[2026-05-10 22:38:26.724] [error] [worker:comfyui-geometrypack] INFO: Adding normals field (2956 vertices)

[2026-05-10 22:38:26.731] [error] [worker:comfyui-geometrypack] INFO: Export complete: 2956 vertices, 4770 faces

[2026-05-10 22:38:26.733] [error] [worker:comfyui-geometrypack] INFO: Exported VTP: /Users/runner/Documents/ComfyUI/output/preview_multi_1_563ab8fb.vtp

[2026-05-10 22:38:26.735] [error] [worker:comfyui-geometrypack] INFO: Mesh 2: Mesh - 2956 vertices, 4770 faces

[2026-05-10 22:38:26.736] [error] [worker:comfyui-geometrypack] INFO: Exporting mesh to VTP: /Users/runner/Documents/ComfyUI/output/preview_multi_2_563ab8fb.vtp

[2026-05-10 22:38:26.746] [error] [worker:comfyui-geometrypack] INFO: Adding normals field (2956 vertices)

[2026-05-10 22:38:26.756] [error] [worker:comfyui-geometrypack] INFO: Export complete: 2956 vertices, 4770 faces

[2026-05-10 22:38:26.760] [error] [worker:comfyui-geometrypack] INFO: Exported VTP: /Users/runner/Documents/ComfyUI/output/preview_multi_2_563ab8fb.vtp

[2026-05-10 22:38:26.762] [error] [worker:comfyui-geometrypack] INFO: Grid: 2x1, Preview ready

[2026-05-10 22:38:26.769] [info]  Prompt executed in 4.83 seconds

[2026-05-10 22:38:33.084] [error] /Users/runner/.ce/.pixi/envs/geometrypack-nodes/lib/python3.12/multiprocessing/resource_tracker.py:279: UserWarning: resource_tracker: There appear to be 11 leaked shared_memory objects to clean up at shutdown
  warnings.warn('resource_tracker: There appear to be %d '
/Users/runner/.ce/.pixi/envs/geometrypack-nodes/lib/python3.12/multiprocessing/resource_tracker.py:292: UserWarning: resource_tracker: '/psm_401d550e': [Errno 2] No such file or directory: '/psm_401d550e'
  warnings.warn('resource_tracker: %r: %s' % (name, e))
/Users/runner/.ce/.pixi/envs/geometrypack-nodes/lib/python3.12/multiprocessing/resource_tracker.py:292: UserWarning: resource_tracker: '/psm_ae1e5ed2': [Errno 2] No such file or directory: '/psm_ae1e5ed2'
  warnings.warn('resource_tracker: %r: %s' % (name, e))
/Users/runner/.ce/.pixi/envs/geometrypack-nodes/lib/python3.12/multiprocessing/resource_tracker.py:292: UserWarning: resource_tracker: '/psm_676481e4': [Errno 2] No such file or directory: '/psm_676481e4'
  warnings.warn('resource_tracker: %r: %s' % (name, e))
/Users/runner/.ce/.pixi/envs/geometrypack-nodes/lib/python3.12/multiprocessing/resource_tracker.py:292: UserWarning: resource_tracker: '/psm_1711ce88': [Errno 2] No such file or directory: '/psm_1711ce88'
  warnings.warn('resource_tracker: %r: %s' % (name, e))
/Users/runner/.ce/.pixi/envs/geometrypack-nodes/lib/python3.12/multiprocessing/resource_tracker.py:292: UserWarning: resource_tracker: '/psm_335fea11': [Errno 2] No such file or directory: '/psm_335fea11'
  warnings.warn('resource_tracker: %r: %s' % (name, e))
/Users/runner/.ce/.pixi/envs/geometrypack-nodes/lib/python3.12/multiprocessing/resource_tracker.py:292: UserWarning: resource_tracker: '/psm_5d3663ee': [Errno 2] No such file or directory: '/psm_5d3663ee'
  warnings.warn('resource_tracker: %r: %s' % (name, e))
/Users/runner/.ce/.pixi/envs/geometrypack-nodes/lib/python3.12/multiprocessing/resource_tracker.py:292: UserWarning: resource_tracker: '/psm_49c6784b': [Errno 2] No such file or directory: '/psm_49c6784b'
  warnings.warn('resource_tracker: %r: %s' % (name, e))
/Users/runner/.ce/.pixi/envs/geometrypack-nodes/lib/python3.12/multiprocessing/resource_tracker.py:292: UserWarning: resource_tracker: '/psm_ec2fefa9': [Errno 2] No such file or directory: '/psm_ec2fefa9'
  warnings.warn('resource_tracker: %r: %s' % (name, e))
/Users/runner/.ce/.pixi/envs/geometrypack-nodes/lib/python3.12/multiprocessing/resource_tracker.py:292: UserWarning: resource_tracker: '/psm_95959518': [Errno 2] No such file or directory: '/psm_95959518'
  warnings.warn('resource_tracker: %r: %s' % (name, e))
/Users/runner/.ce/.pixi/envs/geometrypack-nodes/lib/python3.12/multiprocessing/resource_tracker.py:292: UserWarning: resource_tracker: '/psm_7853ab81': [Errno 2] No such file or directory: '/psm_7853ab81'
  warnings.warn('resource_tracker: %r: %s' % (name, e))

[2026-05-10 22:38:33.086] [error] /Users/runner/.ce/.pixi/envs/geometrypack-nodes/lib/python3.12/multiprocessing/resource_tracker.py:292: UserWarning: resource_tracker: '/psm_614094e8': [Errno 2] No such file or directory: '/psm_614094e8'
  warnings.warn('resource_tracker: %r: %s' % (name, e))

