[2026-05-10 22:25:36.227] [info]  setup plugin alembic.autogenerate.schemas
setup plugin alembic.autogenerate.tables
setup plugin alembic.autogenerate.types
setup plugin alembic.autogenerate.constraints
setup plugin alembic.autogenerate.defaults

[2026-05-10 22:25:36.229] [info]  setup plugin alembic.autogenerate.comments

[2026-05-10 22:25:36.288] [info]  comfy-aimdo os not supported Darwin

[2026-05-10 22:25:36.289] [info]  NOTE: comfy-aimdo is currently only support for Windows and Linux

[2026-05-10 22:25:36.446] [info]  Adding extra search path custom_nodes /Users/runner/Documents/ComfyUI/custom_nodes
Adding extra search path download_model_base /Users/runner/Documents/ComfyUI/models
Adding extra search path custom_nodes /Users/runner/.comfy-test-cache/desktop/ComfyUI.app/Contents/Resources/ComfyUI/custom_nodes
Setting output directory to: /Users/runner/Documents/ComfyUI/output
Setting input directory to: /Users/runner/Documents/ComfyUI/input
Setting user directory to: /Users/runner/Documents/ComfyUI/user

[2026-05-10 22:25:36.696] [info]  [START] Security scan
[ComfyUI-Manager] Using uv as Python module for pip operations.

[2026-05-10 22:25:36.823] [info]  [DONE] Security scan
** ComfyUI startup time: 2026-05-10 22:25:36.822

[2026-05-10 22:25:36.824] [info]  ** Platform: Darwin
** Python version: 3.12.11 (main, Aug 18 2025, 19:02:39) [Clang 20.1.4 ]
** Python executable: /Users/runner/Documents/ComfyUI/.venv/bin/python
** ComfyUI Path: /Users/runner/.comfy-test-cache/desktop/ComfyUI.app/Contents/Resources/ComfyUI
** ComfyUI Base Folder Path: /Users/runner/.comfy-test-cache/desktop/ComfyUI.app/Contents/Resources/ComfyUI
** User directory: /Users/runner/Documents/ComfyUI/user
** ComfyUI-Manager config path: /Users/runner/Documents/ComfyUI/user/__manager/config.ini
** Log path: /Users/runner/Documents/ComfyUI/user/comfyui.log

[2026-05-10 22:25:36.960] [info]  [ComfyUI-Manager] Skipped fixing the 'comfyui-frontend-package' dependency because the ComfyUI is outdated.

[2026-05-10 22:25:36.963] [info]  [PRE] ComfyUI-Manager

[2026-05-10 22:25:37.198] [error] [comfy-env] comfyui-geometrypack: 1 isolation env(s):
[2026-05-10 22:25:37.201] [error] 
[comfy-env]   nodes -> /Users/runner/Documents/ComfyUI/custom_nodes/comfyui-geometrypack/nodes

[2026-05-10 22:25:38.236] [error] [comfy-env] prestartup complete

[2026-05-10 22:25:38.252] [info]  WARNING: Potential Error in code: Torch already imported, torch should never be imported before this point.

[2026-05-10 22:25:39.020] [info]  Found comfy_kitchen backend eager: {'available': True, 'disabled': False, 'unavailable_reason': None, 'capabilities': ['apply_rope', 'apply_rope1', 'dequantize_mxfp8', 'dequantize_nvfp4', 'dequantize_per_tensor_fp8', 'quantize_mxfp8', 'quantize_nvfp4', 'quantize_per_tensor_fp8', 'scaled_mm_mxfp8', 'scaled_mm_nvfp4']}
Found comfy_kitchen backend cuda: {'available': False, 'disabled': True, 'unavailable_reason': 'Extension file not found: /Users/runner/Documents/ComfyUI/.venv/lib/python3.12/site-packages/comfy_kitchen/backends/cuda/_C.abi3.so', 'capabilities': []}
Found comfy_kitchen backend triton: {'available': False, 'disabled': True, 'unavailable_reason': "ImportError: No module named 'triton'", 'capabilities': []}

[2026-05-10 22:25:39.028] [info]  Checkpoint files will always be loaded safely.

[2026-05-10 22:25:39.065] [info]  Total VRAM 7168 MB, total RAM 7168 MB
pytorch version: 2.10.0

[2026-05-10 22:25:39.068] [info]  Mac Version (15, 7, 4)

[2026-05-10 22:25:39.068] [info]  Set vram state to: SHARED
Device: mps

[2026-05-10 22:25:39.350] [info]  Using sub quadratic optimization for attention, if you have memory or speed issues try using: --use-split-cross-attention

[2026-05-10 22:25:41.187] [info]  Python version: 3.12.11 (main, Aug 18 2025, 19:02:39) [Clang 20.1.4 ]
ComfyUI version: 0.20.1

[2026-05-10 22:25:41.188] [info]  comfy-aimdo version: 0.2.14
comfy-kitchen version: 0.2.8

[2026-05-10 22:25:41.189] [info]  [Prompt Server] web root: /Users/runner/.comfy-test-cache/desktop/ComfyUI.app/Contents/Resources/ComfyUI/web_custom_versions/desktop_app

[2026-05-10 22:25:41.192] [info]  Asset seeder disabled

[2026-05-10 22:25:41.194] [info]  [START] ComfyUI-Manager

[2026-05-10 22:25:41.280] [info]  [ComfyUI-Manager] Using GitPython backend

[2026-05-10 22:25:41.313] [info]  [ComfyUI-Manager] network_mode: public

[2026-05-10 22:25:41.316] [info]  [ComfyUI-Manager] The matrix sharing feature has been disabled because the `matrix-nio` dependency is not installed.
	To use this feature, please run the following command:
	/Users/runner/Documents/ComfyUI/.venv/bin/python -m pip install matrix-nio


[2026-05-10 22:25:42.076] [info]  loading...
calling register_nodes

[2026-05-10 22:25:42.078] [error] [comfy-env] Version: 0.3.82
[2026-05-10 22:25:42.079] [error] 

[2026-05-10 22:25:42.231] [error] [comfy-env] register_nodes: comfyui-geometrypack
[2026-05-10 22:25:42.232] [error] 

[2026-05-10 22:25:42.237] [error] [comfy-env] ComfyUI source dir: /Users/runner/.comfy-test-cache/desktop/ComfyUI.app/Contents/Resources/ComfyUI
[2026-05-10 22:25:42.238] [error] 

[2026-05-10 22:25:42.250] [error] [comfy-env] Scanning nodes metadata (isolation root)...
[2026-05-10 22:25:42.252] [error] 

[2026-05-10 22:25:42.263] [error] [comfy-env] Cache hit for nodes: 125 nodes
[2026-05-10 22:25:42.264] [error] 
[comfy-env] Scanned nodes root: 125 nodes (0.0s)

[2026-05-10 22:25:42.266] [error] [comfy-env] Imported nodes root: 125 nodes (isolation)
[2026-05-10 22:25:42.267] [error] 
[comfy-env] Registered 125 total nodes

[2026-05-10 22:25:42.269] [info]  
Import times for custom nodes:

[2026-05-10 22:25:42.269] [info]     0.0 seconds: /Users/runner/.comfy-test-cache/desktop/ComfyUI.app/Contents/Resources/ComfyUI/custom_nodes/websocket_image_save.py
   0.2 seconds: /Users/runner/Documents/ComfyUI/custom_nodes/comfyui-geometrypack


[2026-05-10 22:25:42.271] [info]  Context impl SQLiteImpl.

[2026-05-10 22:25:42.272] [info]  Will assume non-transactional DDL.

[2026-05-10 22:25:42.306] [info]  Starting server


[2026-05-10 22:25:42.307] [info]  To see the GUI go to: http://127.0.0.1:8000

[2026-05-10 22:25:44.205] [info]  [ComfyUI-Manager] The ComfyRegistry cache update is still in progress, so an outdated cache is being used.

[2026-05-10 22:25:44.398] [info]  FETCH DATA from: /Users/runner/Documents/ComfyUI/.venv/lib/python3.12/site-packages/comfyui_manager/custom-node-list.json
[2026-05-10 22:25:44.440] [info]   [DONE]

[2026-05-10 22:25:45.483] [info]  [ComfyUI-Manager] The ComfyRegistry cache update is still in progress, so an outdated cache is being used.

[2026-05-10 22:25:45.666] [info]  FETCH DATA from: /Users/runner/Documents/ComfyUI/.venv/lib/python3.12/site-packages/comfyui_manager/custom-node-list.json
[2026-05-10 22:25:45.679] [info]   [DONE]

