[2026-05-18 18:38:57.266] [info]  setup plugin alembic.autogenerate.schemas

[2026-05-18 18:38:57.269] [info]  setup plugin alembic.autogenerate.tables
setup plugin alembic.autogenerate.types

[2026-05-18 18:38:57.270] [info]  setup plugin alembic.autogenerate.constraints
setup plugin alembic.autogenerate.defaults

[2026-05-18 18:38:57.271] [info]  setup plugin alembic.autogenerate.comments

[2026-05-18 18:38:57.744] [info]  Could not autodetect AIMDO implementation, assuming Nvidia

[2026-05-18 18:38:57.748] [info]  comfy-aimdo unsupported operating system: Darwin

[2026-05-18 18:38:57.750] [info]  NOTE: comfy-aimdo currently only supports Windows and Linux

[2026-05-18 18:38:58.570] [info]  Adding extra search path custom_nodes /Users/runner/Documents/ComfyUI/custom_nodes
Adding extra search path download_model_base /Users/runner/Documents/ComfyUI/models

[2026-05-18 18:38:58.576] [info]  Adding extra search path custom_nodes /Users/runner/.comfy-test-cache/desktop/ComfyUI.app/Contents/Resources/ComfyUI/custom_nodes

[2026-05-18 18:38:58.579] [info]  Setting output directory to: /Users/runner/Documents/ComfyUI/output

[2026-05-18 18:38:58.584] [info]  Setting input directory to: /Users/runner/Documents/ComfyUI/input

[2026-05-18 18:38:58.586] [info]  Setting user directory to: /Users/runner/Documents/ComfyUI/user

[2026-05-18 18:39:02.014] [info]  [START] Security scan
[DONE] Security scan
** ComfyUI startup time:
[2026-05-18 18:39:02.017] [info]   2026-05-18 18:39:02.013
** Platform: Darwin
** Python version: 3.12.11 (main, Aug 18 2025, 19:02:39) [Clang 20.1.4 ]
** Python executable: /Users/runner/Documents/ComfyUI/.venv/bin/python

[2026-05-18 18:39:02.020] [info]  ** ComfyUI Path:
[2026-05-18 18:39:02.021] [info]   
[2026-05-18 18:39:02.022] [info]  /Users/runner/.comfy-test-cache/desktop/ComfyUI.app/Contents/Resources/ComfyUI
** ComfyUI Base Folder Path:
[2026-05-18 18:39:02.023] [info]   
[2026-05-18 18:39:02.027] [info]  /Users/runner/.comfy-test-cache/desktop/ComfyUI.app/Contents/Resources/ComfyUI
** User directory: 
[2026-05-18 18:39:02.031] [info]  /Users/runner/Documents/ComfyUI/user
** ComfyUI-Manager config path: /Users/runner/Documents/ComfyUI/user/__manager/config.ini
** Log path: /Users/runner/Documents/ComfyUI/user/comfyui.log

[2026-05-18 18:39:03.101] [info]  [ComfyUI-Manager] Skipped fixing the 'comfyui-frontend-package' dependency because the ComfyUI is outdated.

[2026-05-18 18:39:03.103] [info]  [PRE] ComfyUI-Manager

[2026-05-18 18:39:15.846] [info]  Found comfy_kitchen backend eager: {'available': True, 'disabled': False, 'unavailable_reason': None, 'capabilities': ['apply_rope', 'apply_rope1', 'dequantize_mxfp8', 'dequantize_nvfp4', 'dequantize_per_tensor_fp8', 'quantize_mxfp8', 'quantize_nvfp4', 'quantize_per_tensor_fp8', 'scaled_mm_mxfp8', 'scaled_mm_nvfp4']}

[2026-05-18 18:39:15.858] [info]  Found comfy_kitchen backend triton: {'available': False, 'disabled': True, 'unavailable_reason': "ImportError: No module named 'triton'", 'capabilities': []}
Found comfy_kitchen backend cuda: {'available': False, 'disabled': True, 'unavailable_reason': 'Extension file not found: /Users/runner/Documents/ComfyUI/.venv/lib/python3.12/site-packages/comfy_kitchen/backends/cuda/_C.abi3.so', 'capabilities': []}

[2026-05-18 18:39:15.962] [info]  Checkpoint files will always be loaded safely.

[2026-05-18 18:39:16.169] [info]  Total VRAM 7168 MB, total RAM 7168 MB

[2026-05-18 18:39:16.174] [info]  pytorch version: 2.10.0

[2026-05-18 18:39:16.180] [info]  Mac Version (15, 7, 4)

[2026-05-18 18:39:16.188] [info]  Set vram state to: SHARED
Device: mps

[2026-05-18 18:39:18.120] [info]  Using sub quadratic optimization for attention, if you have memory or speed issues try using: --use-split-cross-attention

[2026-05-18 18:39:30.015] [info]  Python version: 3.12.11 (main, Aug 18 2025, 19:02:39) [Clang 20.1.4 ]

[2026-05-18 18:39:30.020] [info]  ComfyUI version: 0.21.1

[2026-05-18 18:39:30.036] [info]  comfy-aimdo version: 0.3.0

[2026-05-18 18:39:30.051] [info]  comfy-kitchen version: 0.2.8

[2026-05-18 18:39:30.082] [info]  [Prompt Server] web root: /Users/runner/.comfy-test-cache/desktop/ComfyUI.app/Contents/Resources/ComfyUI/web_custom_versions/desktop_app

[2026-05-18 18:39:30.100] [info]  Asset seeder disabled

[2026-05-18 18:39:30.103] [info]  [START] ComfyUI-Manager

[2026-05-18 18:39:30.792] [info]  [ComfyUI-Manager] Using GitPython backend
[2026-05-18 18:39:30.794] [info]  

[2026-05-18 18:39:30.927] [info]  [ComfyUI-Manager] network_mode: public

[2026-05-18 18:39:30.965] [info]  [ComfyUI-Manager] The matrix sharing feature has been disabled because the `matrix-nio` dependency is not installed.
	To use this feature, please run the following command:
	/Users/runner/Documents/ComfyUI/.venv/bin/python -m pip install matrix-nio


[2026-05-18 18:39:36.817] [info]  
Import times for custom nodes:

[2026-05-18 18:39:36.821] [info]     0.0 seconds: /Users/runner/.comfy-test-cache/desktop/ComfyUI.app/Contents/Resources/ComfyUI/custom_nodes/websocket_image_save.py

[2026-05-18 18:39:36.822] [info]  

[2026-05-18 18:39:36.880] [info]  Context impl SQLiteImpl.

[2026-05-18 18:39:36.883] [info]  Will assume non-transactional DDL.

[2026-05-18 18:39:36.934] [info]  Context impl SQLiteImpl.

[2026-05-18 18:39:36.940] [info]  Will assume non-transactional DDL.

[2026-05-18 18:39:36.956] [info]  Running upgrade  -> 0001_assets, Initial assets schema
Revision ID: 0001_assets
Revises: None
Create Date: 2025-12-10 00:00:00

[2026-05-18 18:39:37.058] [info]  Running upgrade 0001_assets -> 0002_merge_to_asset_references, Merge AssetInfo and AssetCacheState into unified asset_references table.

[2026-05-18 18:39:37.180] [info]  Running upgrade 0002_merge_to_asset_references -> 0003_add_metadata_job_id, Add system_metadata and job_id columns to asset_references.
Change preview_id FK from assets.id to asset_references.id.

[2026-05-18 18:39:37.289] [info]  Database upgraded from None to 0003_add_metadata_job_id

[2026-05-18 18:39:37.468] [info]  Starting server


[2026-05-18 18:39:37.472] [info]  To see the GUI go to: http://127.0.0.1:8000

[2026-05-18 18:40:56.018] [info]  [ComfyUI-Manager] Using uv as Python module for pip operations.

[2026-05-18 18:40:56.628] [info]  ERROR: 'comfyui-geometrypack' is not a CNR node.

[2026-05-18 18:40:56.661] [error] Cannot resolve install target: 'comfyui-geometrypack@latest'

[2026-05-18 18:41:00.763] [info]  
After restarting ComfyUI, please refresh the browser.

[2026-05-18 18:41:04.656] [info]  
Restarting... [Legacy Mode]


Command: ['/Users/runner/Documents/ComfyUI/.venv/bin/python', '/Users/runner/.comfy-test-cache/desktop/ComfyUI.app/Contents/Resources/ComfyUI/main.py', '--user-directory', '/Users/runner/Documents/ComfyUI/user', '--input-directory', '/Users/runner/Documents/ComfyUI/input', '--output-directory', '/Users/runner/Documents/ComfyUI/output', '--front-end-root', '/Users/runner/.comfy-test-cache/desktop/ComfyUI.app/Contents/Resources/ComfyUI/web_custom_versions/desktop_app', '--base-directory', '/Users/runner/Documents/ComfyUI', '--database-url', 'sqlite:////Users/runner/Documents/ComfyUI/user/comfyui.db', '--extra-model-paths-config', '/Users/runner/Library/Application Support/ComfyUI/extra_models_config.yaml', '--log-stdout', '--listen', '127.0.0.1', '--port', '8000', '--enable-manager']

[2026-05-18 18:41:06.993] [info]  setup plugin alembic.autogenerate.schemas

[2026-05-18 18:41:06.994] [info]  setup plugin alembic.autogenerate.tables

[2026-05-18 18:41:06.996] [info]  setup plugin alembic.autogenerate.types

[2026-05-18 18:41:06.997] [info]  setup plugin alembic.autogenerate.constraints

[2026-05-18 18:41:06.998] [info]  setup plugin alembic.autogenerate.defaults

[2026-05-18 18:41:06.999] [info]  setup plugin alembic.autogenerate.comments

[2026-05-18 18:41:07.149] [info]  Could not autodetect AIMDO implementation, assuming Nvidia

[2026-05-18 18:41:07.150] [info]  comfy-aimdo unsupported operating system: Darwin

[2026-05-18 18:41:07.151] [info]  NOTE: comfy-aimdo currently only supports Windows and Linux

[2026-05-18 18:41:07.551] [info]  Adding extra search path custom_nodes /Users/runner/Documents/ComfyUI/custom_nodes

[2026-05-18 18:41:07.553] [info]  Adding extra search path download_model_base /Users/runner/Documents/ComfyUI/models
Adding extra search path custom_nodes /Users/runner/.comfy-test-cache/desktop/ComfyUI.app/Contents/Resources/ComfyUI/custom_nodes

[2026-05-18 18:41:07.554] [info]  Setting output directory to: /Users/runner/Documents/ComfyUI/output

[2026-05-18 18:41:07.555] [info]  Setting input directory to: /Users/runner/Documents/ComfyUI/input

[2026-05-18 18:41:07.558] [info]  Setting user directory to: /Users/runner/Documents/ComfyUI/user

[2026-05-18 18:41:08.361] [info]  [START] Security scan
[ComfyUI-Manager] Using uv as Python module for pip operations.

[2026-05-18 18:41:08.663] [info]  [DONE] Security scan
** ComfyUI startup time: 2026-05-18 18:41:08.660
[2026-05-18 18:41:08.665] [info]  

[2026-05-18 18:41:08.666] [info]  ** Platform:
[2026-05-18 18:41:08.667] [info]   
[2026-05-18 18:41:08.668] [info]  Darwin
** Python version: 3.12.11 (main, Aug 18 2025, 19:02:39) [Clang 20.1.4 ]
** Python executable:
[2026-05-18 18:41:08.669] [info]   
[2026-05-18 18:41:08.670] [info]  /Users/runner/Documents/ComfyUI/.venv/bin/python

[2026-05-18 18:41:08.670] [info]  ** ComfyUI Path:
[2026-05-18 18:41:08.671] [info]   /Users/runner/.comfy-test-cache/desktop/ComfyUI.app/Contents/Resources/ComfyUI

[2026-05-18 18:41:08.676] [info]  ** ComfyUI Base Folder Path:
[2026-05-18 18:41:08.678] [info]   /Users/runner/.comfy-test-cache/desktop/ComfyUI.app/Contents/Resources/ComfyUI
** User directory:
[2026-05-18 18:41:08.680] [info]   
[2026-05-18 18:41:08.681] [info]  /Users/runner/Documents/ComfyUI/user
[2026-05-18 18:41:08.682] [info]  

[2026-05-18 18:41:08.683] [info]  ** ComfyUI-Manager config path: 
[2026-05-18 18:41:08.683] [info]  /Users/runner/Documents/ComfyUI/user/__manager/config.ini
[2026-05-18 18:41:08.684] [info]  

[2026-05-18 18:41:08.684] [info]  ** Log path:
[2026-05-18 18:41:08.685] [info]   
[2026-05-18 18:41:08.686] [info]  /Users/runner/Documents/ComfyUI/user/comfyui.log
[2026-05-18 18:41:08.686] [info]  

[2026-05-18 18:41:08.930] [info]  [ComfyUI-Manager] Skipped fixing the 'comfyui-frontend-package' dependency because the ComfyUI is outdated.

[2026-05-18 18:41:08.933] [info]  [PRE] ComfyUI-Manager

[2026-05-18 18:41:13.639] [info]  Found comfy_kitchen backend triton: {'available': False, 'disabled': True, 'unavailable_reason': "ImportError: No module named 'triton'", 'capabilities': []}

[2026-05-18 18:41:13.645] [info]  Found comfy_kitchen backend cuda: {'available': False, 'disabled': True, 'unavailable_reason': 'Extension file not found: /Users/runner/Documents/ComfyUI/.venv/lib/python3.12/site-packages/comfy_kitchen/backends/cuda/_C.abi3.so', 'capabilities': []}

[2026-05-18 18:41:13.646] [info]  Found comfy_kitchen backend eager: {'available': True, 'disabled': False, 'unavailable_reason': None, 'capabilities': ['apply_rope', 'apply_rope1', 'dequantize_mxfp8', 'dequantize_nvfp4', 'dequantize_per_tensor_fp8', 'quantize_mxfp8', 'quantize_nvfp4', 'quantize_per_tensor_fp8', 'scaled_mm_mxfp8', 'scaled_mm_nvfp4']}

[2026-05-18 18:41:13.661] [info]  Checkpoint files will always be loaded safely.

[2026-05-18 18:41:13.705] [info]  Total VRAM 7168 MB, total RAM 7168 MB

[2026-05-18 18:41:13.706] [info]  pytorch version: 2.10.0

[2026-05-18 18:41:13.715] [info]  Mac Version (15, 7, 4)

[2026-05-18 18:41:13.717] [info]  Set vram state to: SHARED

[2026-05-18 18:41:13.718] [info]  Device: mps

[2026-05-18 18:41:14.611] [info]  Using sub quadratic optimization for attention, if you have memory or speed issues try using: --use-split-cross-attention

[2026-05-18 18:41:21.869] [info]  Python version: 3.12.11 (main, Aug 18 2025, 19:02:39) [Clang 20.1.4 ]

[2026-05-18 18:41:21.873] [info]  ComfyUI version: 0.21.1
comfy-aimdo version: 0.3.0

[2026-05-18 18:41:21.875] [info]  comfy-kitchen version: 0.2.8

[2026-05-18 18:41:21.877] [info]  [Prompt Server] web root: /Users/runner/.comfy-test-cache/desktop/ComfyUI.app/Contents/Resources/ComfyUI/web_custom_versions/desktop_app

[2026-05-18 18:41:21.886] [info]  Asset seeder disabled

[2026-05-18 18:41:21.888] [info]  [START] ComfyUI-Manager

[2026-05-18 18:41:22.394] [info]  [ComfyUI-Manager] Using GitPython backend
[2026-05-18 18:41:22.400] [info]  

[2026-05-18 18:41:22.493] [info]  [ComfyUI-Manager] network_mode: public

[2026-05-18 18:41:22.504] [info]  [ComfyUI-Manager] The matrix sharing feature has been disabled because the `matrix-nio` dependency is not installed.
	To use this feature, please run the following command:
	/Users/runner/Documents/ComfyUI/.venv/bin/python -m pip install matrix-nio


[2026-05-18 18:41:26.551] [info]  
Import times for custom nodes:

[2026-05-18 18:41:26.553] [info]     0.0 seconds: /Users/runner/.comfy-test-cache/desktop/ComfyUI.app/Contents/Resources/ComfyUI/custom_nodes/websocket_image_save.py

[2026-05-18 18:41:26.556] [info]  

[2026-05-18 18:41:26.579] [info]  Context impl SQLiteImpl.

[2026-05-18 18:41:26.580] [info]  Will assume non-transactional DDL.

[2026-05-18 18:41:26.799] [info]  Starting server


[2026-05-18 18:41:26.803] [info]  To see the GUI go to: http://127.0.0.1:8000

