[2026-05-10 22:40:28.311] [info]  setup plugin alembic.autogenerate.schemas
setup plugin alembic.autogenerate.tables

[2026-05-10 22:40:28.313] [info]  setup plugin alembic.autogenerate.types
setup plugin alembic.autogenerate.constraints
setup plugin alembic.autogenerate.defaults
setup plugin alembic.autogenerate.comments

[2026-05-10 22:40:28.383] [info]  comfy-aimdo os not supported Darwin
NOTE: comfy-aimdo is currently only support for Windows and Linux

[2026-05-10 22:40:28.558] [info]  Adding extra search path custom_nodes /Users/runner/Documents/ComfyUI/custom_nodes

[2026-05-10 22:40:28.560] [info]  Adding extra search path download_model_base /Users/runner/Documents/ComfyUI/models
Adding extra search path custom_nodes /Users/runner/.comfy-test-cache/desktop/ComfyUI.app/Contents/Resources/ComfyUI/custom_nodes
Setting output directory to: /Users/runner/Documents/ComfyUI/output
Setting input directory to: /Users/runner/Documents/ComfyUI/input
Setting user directory to: /Users/runner/Documents/ComfyUI/user

[2026-05-10 22:40:28.921] [info]  [START] Security scan
[ComfyUI-Manager] Using uv as Python module for pip operations.

[2026-05-10 22:40:29.075] [info]  [DONE] Security scan
** ComfyUI startup time: 2026-05-10 22:40:29.075
** Platform: 
[2026-05-10 22:40:29.076] [info]  Darwin
** Python version: 3.12.11 (main, Aug 18 2025, 19:02:39) [Clang 20.1.4 ]
** Python executable: /Users/runner/Documents/ComfyUI/.venv/bin/python
** ComfyUI Path: /Users/runner/.comfy-test-cache/desktop/ComfyUI.app/Contents/Resources/ComfyUI
** ComfyUI Base Folder Path: /Users/runner/.comfy-test-cache/desktop/ComfyUI.app/Contents/Resources/ComfyUI
** User directory: /Users/runner/Documents/ComfyUI/user
** ComfyUI-Manager config path: /Users/runner/Documents/ComfyUI/user/__manager/config.ini
** Log path: /Users/runner/Documents/ComfyUI/user/comfyui.log

[2026-05-10 22:40:29.163] [info]  [ComfyUI-Manager] Skipped fixing the 'comfyui-frontend-package' dependency because the ComfyUI is outdated.

[2026-05-10 22:40:29.164] [info]  [PRE] ComfyUI-Manager

[2026-05-10 22:40:29.344] [error] [comfy-env] comfyui-geometrypack: 1 isolation env(s):

[2026-05-10 22:40:29.345] [error] [comfy-env]   nodes -> /Users/runner/Documents/ComfyUI/custom_nodes/comfyui-geometrypack/nodes

[2026-05-10 22:40:30.103] [error] [comfy-env] prestartup complete

[2026-05-10 22:40:30.138] [info]  WARNING: Potential Error in code: Torch already imported, torch should never be imported before this point.

[2026-05-10 22:40:30.767] [info]  Found comfy_kitchen backend eager: {'available': True, 'disabled': False, 'unavailable_reason': None, 'capabilities': ['apply_rope', 'apply_rope1', 'dequantize_mxfp8', 'dequantize_nvfp4', 'dequantize_per_tensor_fp8', 'quantize_mxfp8', 'quantize_nvfp4', 'quantize_per_tensor_fp8', 'scaled_mm_mxfp8', 'scaled_mm_nvfp4']}
Found comfy_kitchen backend triton: {'available': False, 'disabled': True, 'unavailable_reason': "ImportError: No module named 'triton'", 'capabilities': []}

[2026-05-10 22:40:30.769] [info]  Found comfy_kitchen backend cuda: {'available': False, 'disabled': True, 'unavailable_reason': 'Extension file not found: /Users/runner/Documents/ComfyUI/.venv/lib/python3.12/site-packages/comfy_kitchen/backends/cuda/_C.abi3.so', 'capabilities': []}

[2026-05-10 22:40:30.773] [info]  Checkpoint files will always be loaded safely.

[2026-05-10 22:40:30.804] [info]  Total VRAM 7168 MB, total RAM 7168 MB
pytorch version: 2.10.0

[2026-05-10 22:40:30.807] [info]  Mac Version (15, 7, 4)

[2026-05-10 22:40:30.808] [info]  Set vram state to: SHARED
Device: mps

[2026-05-10 22:40:31.057] [info]  Using sub quadratic optimization for attention, if you have memory or speed issues try using: --use-split-cross-attention

[2026-05-10 22:40:32.684] [info]  Python version: 3.12.11 (main, Aug 18 2025, 19:02:39) [Clang 20.1.4 ]
ComfyUI version: 0.20.1

[2026-05-10 22:40:32.685] [info]  comfy-aimdo version: 0.2.14
comfy-kitchen version: 0.2.8

[2026-05-10 22:40:32.685] [info]  [Prompt Server] web root: /Users/runner/.comfy-test-cache/desktop/ComfyUI.app/Contents/Resources/ComfyUI/web_custom_versions/desktop_app

[2026-05-10 22:40:32.686] [info]  Asset seeder disabled

[2026-05-10 22:40:32.687] [info]  [START] ComfyUI-Manager

[2026-05-10 22:40:32.750] [info]  [ComfyUI-Manager] Using GitPython backend

[2026-05-10 22:40:32.781] [info]  [ComfyUI-Manager] network_mode: public

[2026-05-10 22:40:32.783] [info]  [ComfyUI-Manager] The matrix sharing feature has been disabled because the `matrix-nio` dependency is not installed.
	To use this feature, please run the following command:
	/Users/runner/Documents/ComfyUI/.venv/bin/python -m pip install matrix-nio


[2026-05-10 22:40:33.541] [info]  loading...
calling register_nodes

[2026-05-10 22:40:33.543] [error] [comfy-env] Version: 0.3.82
[2026-05-10 22:40:33.544] [error] 

[2026-05-10 22:40:33.544] [info]  [comfy-env] Removed stale socket: /var/folders/tb/y368xp_x10s3ty1b_mtl5mxr0000gn/T/comfy_worker_0a6fb65a96e8.sock

[2026-05-10 22:40:33.588] [info]  [comfy-env] Removed stale temp dir: /var/folders/tb/y368xp_x10s3ty1b_mtl5mxr0000gn/T/comfyui_pvenv_r2_ozf25

[2026-05-10 22:40:33.679] [error] [comfy-env] register_nodes: comfyui-geometrypack

[2026-05-10 22:40:33.684] [error] [comfy-env] ComfyUI source dir: /Users/runner/.comfy-test-cache/desktop/ComfyUI.app/Contents/Resources/ComfyUI

[2026-05-10 22:40:33.701] [error] [comfy-env] Scanning nodes metadata (isolation root)...

[2026-05-10 22:40:33.712] [error] [comfy-env] Cache hit for nodes: 125 nodes
[2026-05-10 22:40:33.712] [error] 
[comfy-env] Scanned nodes root: 125 nodes (0.0s)

[2026-05-10 22:40:33.714] [error] [comfy-env] Imported nodes root: 125 nodes (isolation)
[2026-05-10 22:40:33.714] [error] 
[comfy-env] Registered 125 total nodes

[2026-05-10 22:40:33.716] [info]  
Import times for custom nodes:

[2026-05-10 22:40:33.717] [info]     0.0 seconds: /Users/runner/.comfy-test-cache/desktop/ComfyUI.app/Contents/Resources/ComfyUI/custom_nodes/websocket_image_save.py
   0.2 seconds: /Users/runner/Documents/ComfyUI/custom_nodes/comfyui-geometrypack


[2026-05-10 22:40:33.719] [info]  Context impl SQLiteImpl.

[2026-05-10 22:40:33.719] [info]  Will assume non-transactional DDL.

[2026-05-10 22:40:33.757] [info]  Starting server


[2026-05-10 22:40:33.758] [info]  To see the GUI go to: http://127.0.0.1:8000

[2026-05-10 22:40:34.798] [info]  [ComfyUI-Manager] The ComfyRegistry cache update is still in progress, so an outdated cache is being used.

[2026-05-10 22:40:34.880] [info]  FETCH DATA from: /Users/runner/Documents/ComfyUI/.venv/lib/python3.12/site-packages/comfyui_manager/custom-node-list.json
[2026-05-10 22:40:34.899] [info]   [DONE]

[2026-05-10 22:40:36.112] [info]  [ComfyUI-Manager] The ComfyRegistry cache update is still in progress, so an outdated cache is being used.

[2026-05-10 22:40:36.162] [info]  FETCH DATA from: /Users/runner/Documents/ComfyUI/.venv/lib/python3.12/site-packages/comfyui_manager/custom-node-list.json
[2026-05-10 22:40:36.180] [info]   [DONE]

[2026-05-10 22:40:57.265] [info]  got prompt

[2026-05-10 22:40:57.288] [info]  [comfyui-geometrypack] python: /Users/runner/.ce/.pixi/envs/geometrypack-nodes/bin/python
[comfyui-geometrypack] sys_path sent to worker: ['/Users/runner/.comfy-test-cache/desktop/ComfyUI.app/Contents/Resources/ComfyUI', '/Users/runner/Documents/ComfyUI/custom_nodes/comfyui-geometrypack', '/Users/runner/.ce/.pixi/envs/geometrypack-nodes/lib/python3.1/site-packages', '/Users/runner/Documents/ComfyUI/custom_nodes/comfyui-geometrypack']
[2026-05-10 22:40:57.292] [info]  

[2026-05-10 22:40:58.330] [error] [worker:comfyui-geometrypack] ERROR: Failed to import comfy_kitchen, Error: No module named 'comfy_kitchen', fp8 and fp4 support will not be available.

[2026-05-10 22:40:59.771] [error] [worker:comfyui-geometrypack] INFO: Found mesh in input folder: 3d/Stanford_Bunny.stl
[worker:comfyui-geometrypack] INFO: Loading: /Users/runner/Documents/ComfyUI/input/3d/Stanford_Bunny.stl
[2026-05-10 22:40:59.772] [error] 

[2026-05-10 22:40:59.938] [error] [worker:comfyui-geometrypack] INFO: Initial mesh: 56203 vertices, 112402 faces

[2026-05-10 22:41:00.008] [error] [worker:comfyui-geometrypack] INFO: Successfully loaded: 56203 vertices, 112402 faces

[2026-05-10 22:41:00.011] [error] [worker:comfyui-geometrypack] INFO: Loaded: 56203 vertices, 112402 faces

[2026-05-10 22:41:00.393] [error] [comfyui-geometrypack] Health check: ping (timeout=5.0s)...
[2026-05-10 22:41:00.394] [error] 

[2026-05-10 22:41:00.427] [error] [comfyui-geometrypack] Health check: ok

[2026-05-10 22:41:00.443] [error] [worker:comfyui-geometrypack] INFO: Analyzing mesh with 56203 vertices, 112402 faces

[2026-05-10 22:41:00.522] [error] [worker:comfyui-geometrypack] INFO: Winding: True, Watertight: True, Degenerate: 1

[2026-05-10 22:41:00.524] [error] [comfyui-geometrypack] Health check: ping (timeout=5.0s)...

[2026-05-10 22:41:00.525] [error] [comfyui-geometrypack] Health check: ok
[2026-05-10 22:41:00.525] [error] 

[2026-05-10 22:41:00.538] [error] [worker:comfyui-geometrypack] INFO: Processing mesh with 56203 vertices, 112402 faces

[2026-05-10 22:41:00.600] [error] [worker:comfyui-geometrypack] INFO: Computed smooth vertex normals
[2026-05-10 22:41:00.601] [error] 

[2026-05-10 22:41:00.623] [error] [comfyui-geometrypack] Health check: ping (timeout=5.0s)...
[2026-05-10 22:41:00.625] [error] 

[2026-05-10 22:41:00.628] [error] [comfyui-geometrypack] Health check: ok

[2026-05-10 22:41:00.653] [error] [worker:comfyui-geometrypack] INFO: Preparing preview: Mesh - 56203 vertices, 112402 faces

[2026-05-10 22:41:00.654] [error] [worker:comfyui-geometrypack] INFO: Mode: fields

[2026-05-10 22:41:00.656] [error] [worker:comfyui-geometrypack] INFO: Visual data - has_visual: True, kind: None, texture: False, vertex_colors: False

[2026-05-10 22:41:00.658] [error] [worker:comfyui-geometrypack] INFO: Using fields mode - VTP export

[2026-05-10 22:41:00.659] [error] [worker:comfyui-geometrypack] INFO: Exporting mesh to VTP: /Users/runner/Documents/ComfyUI/output/preview_vtk_939f38dc.vtp
[2026-05-10 22:41:00.660] [error] 

[2026-05-10 22:41:00.806] [error] [worker:comfyui-geometrypack] INFO: Adding normals field (56203 vertices)

[2026-05-10 22:41:00.859] [error] [worker:comfyui-geometrypack] INFO: Adding scalar field: normal_x (components: 1)

[2026-05-10 22:41:00.886] [error] [worker:comfyui-geometrypack] INFO: Adding scalar field: normal_y (components: 1)

[2026-05-10 22:41:00.913] [error] [worker:comfyui-geometrypack] INFO: Adding scalar field: normal_z (components: 1)

[2026-05-10 22:41:00.940] [error] [worker:comfyui-geometrypack] INFO: Adding scalar field: normal_magnitude (components: 1)

[2026-05-10 22:41:00.955] [error] [worker:comfyui-geometrypack] INFO: Adding face field: stl

[2026-05-10 22:41:01.077] [error] [worker:comfyui-geometrypack] INFO: Export complete: 56203 vertices, 112402 faces

[2026-05-10 22:41:01.080] [error] [worker:comfyui-geometrypack] INFO: Exported VTP to: /Users/runner/Documents/ComfyUI/output/preview_vtk_939f38dc.vtp

[2026-05-10 22:41:01.160] [error] [worker:comfyui-geometrypack] INFO: Vertex attributes: ['normal_x', 'normal_y', 'normal_z', 'normal_magnitude']

[2026-05-10 22:41:01.162] [error] [worker:comfyui-geometrypack] INFO: Face attributes: ['stl']
[worker:comfyui-geometrypack] INFO: Fields mode info: watertight=True, volume=279628.2991519195, area=29684.951065464225, fields=['normal_x', 'normal_y', 'normal_z', 'normal_magnitude', 'face.stl']

[2026-05-10 22:41:01.166] [info]  Prompt executed in 3.90 seconds

[2026-05-10 22:41:07.860] [error] /Users/runner/.ce/.pixi/envs/geometrypack-nodes/lib/python3.12/multiprocessing/resource_tracker.py:279: UserWarning: resource_tracker: There appear to be 2 leaked shared_memory objects to clean up at shutdown
  warnings.warn('resource_tracker: There appear to be %d '
/Users/runner/.ce/.pixi/envs/geometrypack-nodes/lib/python3.12/multiprocessing/resource_tracker.py:292: UserWarning: resource_tracker: '/psm_95ddff6b': [Errno 2] No such file or directory: '/psm_95ddff6b'
  warnings.warn('resource_tracker: %r: %s' % (name, e))
/Users/runner/.ce/.pixi/envs/geometrypack-nodes/lib/python3.12/multiprocessing/resource_tracker.py:292: UserWarning: resource_tracker: '/psm_fced02ad': [Errno 2] No such file or directory: '/psm_fced02ad'
  warnings.warn('resource_tracker: %r: %s' % (name, e))

