[2026-05-09 14:59:04.625] [info]  setup plugin alembic.autogenerate.schemas
setup plugin alembic.autogenerate.tables
setup plugin alembic.autogenerate.types
setup plugin alembic.autogenerate.constraints
setup plugin alembic.autogenerate.defaults
setup plugin alembic.autogenerate.comments

[2026-05-09 14:59:04.929] [info]  comfy-aimdo os not supported Darwin
NOTE: comfy-aimdo is currently only support for Windows and Linux

[2026-05-09 14:59:05.431] [info]  Adding extra search path custom_nodes /Users/runner/Documents/ComfyUI/custom_nodes
Adding extra search path download_model_base /Users/runner/Documents/ComfyUI/models
Adding extra search path custom_nodes /Users/runner/work/comfy-gpu-ci/comfy-gpu-ci/ComfyUI.app/Contents/Resources/ComfyUI/custom_nodes
Setting output directory to: /Users/runner/Documents/ComfyUI/output
Setting input directory to: /Users/runner/Documents/ComfyUI/input
Setting user directory to: /Users/runner/Documents/ComfyUI/user

[2026-05-09 14:59:08.118] [info]  [START] Security scan
[DONE] Security scan
** ComfyUI startup time: 2026-05-09 14:59:08.116

[2026-05-09 14:59:08.120] [info]  ** Platform: Darwin
** Python version: 3.12.11 (main, Aug 18 2025, 19:02:39) [Clang 20.1.4 ]
** Python executable: /Users/runner/Documents/ComfyUI/.venv/bin/python
** ComfyUI Path: /Users/runner/work/comfy-gpu-ci/comfy-gpu-ci/ComfyUI.app/Contents/Resources/ComfyUI
** ComfyUI Base Folder Path: /Users/runner/work/comfy-gpu-ci/comfy-gpu-ci/ComfyUI.app/Contents/Resources/ComfyUI
** User directory: /Users/runner/Documents/ComfyUI/user
** ComfyUI-Manager config path: /Users/runner/Documents/ComfyUI/user/__manager/config.ini
** Log path: /Users/runner/Documents/ComfyUI/user/comfyui.log

[2026-05-09 14:59:09.029] [info]  [ComfyUI-Manager] Skipped fixing the 'comfyui-frontend-package' dependency because the ComfyUI is outdated.

[2026-05-09 14:59:09.033] [info]  [PRE] ComfyUI-Manager

[2026-05-09 14:59:19.376] [info]  Found comfy_kitchen backend triton: {'available': False, 'disabled': True, 'unavailable_reason': "ImportError: No module named 'triton'", 'capabilities': []}
Found comfy_kitchen backend eager: {'available': True, 'disabled': False, 'unavailable_reason': None, 'capabilities': ['apply_rope', 'apply_rope1', 'dequantize_mxfp8', 'dequantize_nvfp4', 'dequantize_per_tensor_fp8', 'quantize_mxfp8', 'quantize_nvfp4', 'quantize_per_tensor_fp8', 'scaled_mm_mxfp8', 'scaled_mm_nvfp4']}

[2026-05-09 14:59:19.379] [info]  Found comfy_kitchen backend cuda: {'available': False, 'disabled': True, 'unavailable_reason': 'Extension file not found: /Users/runner/Documents/ComfyUI/.venv/lib/python3.12/site-packages/comfy_kitchen/backends/cuda/_C.abi3.so', 'capabilities': []}

[2026-05-09 14:59:19.570] [info]  Checkpoint files will always be loaded safely.

[2026-05-09 14:59:19.671] [info]  Total VRAM 7168 MB, total RAM 7168 MB
pytorch version: 2.10.0

[2026-05-09 14:59:19.680] [info]  Mac Version (15, 7, 4)

[2026-05-09 14:59:19.682] [info]  Set vram state to: SHARED
Device: mps

[2026-05-09 14:59:21.497] [info]  Using sub quadratic optimization for attention, if you have memory or speed issues try using: --use-split-cross-attention

[2026-05-09 14:59:31.388] [info]  Python version: 3.12.11 (main, Aug 18 2025, 19:02:39) [Clang 20.1.4 ]

[2026-05-09 14:59:31.395] [info]  ComfyUI version: 0.20.1
comfy-aimdo version: 0.2.14

[2026-05-09 14:59:31.397] [info]  comfy-kitchen version: 0.2.8

[2026-05-09 14:59:31.399] [info]  [Prompt Server] web root: /Users/runner/work/comfy-gpu-ci/comfy-gpu-ci/ComfyUI.app/Contents/Resources/ComfyUI/web_custom_versions/desktop_app

[2026-05-09 14:59:31.409] [info]  Asset seeder disabled
[START] ComfyUI-Manager

[2026-05-09 14:59:31.804] [info]  [ComfyUI-Manager] Using GitPython backend
[2026-05-09 14:59:31.806] [info]  

[2026-05-09 14:59:31.914] [info]  [ComfyUI-Manager] network_mode: public

[2026-05-09 14:59:31.927] [info]  [ComfyUI-Manager] The matrix sharing feature has been disabled because the `matrix-nio` dependency is not installed.
	To use this feature, please run the following command:
	/Users/runner/Documents/ComfyUI/.venv/bin/python -m pip install matrix-nio


[2026-05-09 14:59:37.102] [info]  
Import times for custom nodes:

[2026-05-09 14:59:37.120] [info]     0.0 seconds: /Users/runner/work/comfy-gpu-ci/comfy-gpu-ci/ComfyUI.app/Contents/Resources/ComfyUI/custom_nodes/websocket_image_save.py


[2026-05-09 14:59:37.256] [info]  Context impl SQLiteImpl.
Will assume non-transactional DDL.

[2026-05-09 14:59:37.289] [info]  Context impl SQLiteImpl.

[2026-05-09 14:59:37.298] [info]  Will assume non-transactional DDL.

[2026-05-09 14:59:37.304] [info]  Running upgrade  -> 0001_assets, Initial assets schema
Revision ID: 0001_assets
Revises: None
Create Date: 2025-12-10 00:00:00

[2026-05-09 14:59:37.476] [info]  Running upgrade 0001_assets -> 0002_merge_to_asset_references, Merge AssetInfo and AssetCacheState into unified asset_references table.

[2026-05-09 14:59:37.644] [info]  Running upgrade 0002_merge_to_asset_references -> 0003_add_metadata_job_id, Add system_metadata and job_id columns to asset_references.
Change preview_id FK from assets.id to asset_references.id.

[2026-05-09 14:59:37.749] [info]  Database upgraded from None to 0003_add_metadata_job_id

[2026-05-09 14:59:38.021] [info]  Starting server


[2026-05-09 14:59:38.023] [info]  To see the GUI go to: http://127.0.0.1:8000

[2026-05-09 15:00:59.454] [info]  [ComfyUI-Manager] Using uv as Python module for pip operations.

[2026-05-09 15:01:00.614] [error]   0%|          | 0.00/55.3M [00:00<?, ?B/s]
[2026-05-09 15:01:00.725] [error]   4%|▍         | 2.20M/55.3M [00:00<00:02, 20.7MB/s]
[2026-05-09 15:01:00.821] [error]  17%|█▋        | 9.60M/55.3M [00:00<00:00, 51.4MB/s]
[2026-05-09 15:01:01.013] [error]  27%|██▋       | 14.8M/55.3M [00:00<00:01, 36.5MB/s]
[2026-05-09 15:01:01.121] [error]  34%|███▍      | 19.0M/55.3M [00:00<00:00, 38.2MB/s]
[2026-05-09 15:01:01.246] [error]  42%|████▏     | 23.1M/55.3M [00:00<00:00, 35.6MB/s]
[2026-05-09 15:01:01.459] [error]  49%|████▉     | 27.3M/55.3M [00:00<00:00, 31.8MB/s]
[2026-05-09 15:01:01.515] [error]  57%|█████▋    | 31.5M/55.3M [00:00<00:00, 33.5MB/s]
[2026-05-09 15:01:01.666] [error]  63%|██████▎   | 35.0M/55.3M [00:01<00:00, 29.9MB/s]
[2026-05-09 15:01:01.876] [error]  69%|██████▉   | 38.1M/55.3M [00:01<00:00, 23.8MB/s]
[2026-05-09 15:01:01.978] [error]  78%|███████▊  | 43.2M/55.3M [00:01<00:00, 29.7MB/s]
[2026-05-09 15:01:02.145] [error]  84%|████████▍ | 46.6M/55.3M [00:01<00:00, 26.4MB/s]
[2026-05-09 15:01:02.290] [error]  91%|█████████▏| 50.5M/55.3M [00:01<00:00, 28.5MB/s]
[2026-05-09 15:01:02.301] [error] 100%|██████████| 55.3M/55.3M [00:01<00:00, 32.8MB/s]

[2026-05-09 15:01:02.770] [info]  Extracted zip file to /Users/runner/Documents/ComfyUI/custom_nodes/comfyui-geometrypack

[2026-05-09 15:01:02.787] [info]  Install: pip packages

[2026-05-09 15:01:02.924] [info]  
## ComfyUI-Manager: EXECUTE => 
['/Users/runner/Documents/ComfyUI/.venv/bin/python', '-m', 'uv', 'pip', 
'install', 'comfy-env==0.3.78']

[2026-05-09 15:01:03.153] [error] [!]
[2026-05-09 15:01:03.154] [error]  Using Python 3.12.11 environment at: /Users/runner/Documents/ComfyUI/.venv

[2026-05-09 15:01:03.524] [error] [!] 
[2026-05-09 15:01:03.525] [error] Resolved 16 packages in 318ms

[2026-05-09 15:01:03.551] [error] [!] 
[2026-05-09 15:01:03.552] [error] Downloading virtualenv (7.2MiB)

[2026-05-09 15:01:04.051] [error] [!]  Downloaded virtualenv
[!] Prepared 12 packages in 523ms

[2026-05-09 15:01:04.219] [error] [!] Uninstalled 1 package in 166ms

[2026-05-09 15:01:04.295] [error] [!] Installed 12 packages in 74ms

[2026-05-09 15:01:04.308] [error] [!]  + cfgv==3.5.0
[!]
[2026-05-09 15:01:04.309] [error]   + comfy-env==0.3.78
[!]  + distlib==0.4.0
[!]  - filelock==3.20.3

[2026-05-09 15:01:04.310] [error] [!]  + filelock==3.29.0
[!]
[2026-05-09 15:01:04.311] [error]   + identify==2.6.19
[!]  + nodeenv==1.10.0
[!]
[2026-05-09 15:01:04.314] [error]   + platformdirs==4.9.6
[!]  + pre-commit==4.6.0
[!]  + python-discovery==1.3.0
[!]  + tomli==2.4.1
[!]  + tomli-w==1.2.0
[!]  + virtualenv==21.3.1

[2026-05-09 15:01:04.350] [info]  
## ComfyUI-Manager: EXECUTE => 
['/Users/runner/Documents/ComfyUI/.venv/bin/python', '-m', 'uv', 'pip', 
'install', 'comfy-3d-viewers==0.2.44']

[2026-05-09 15:01:04.489] [error] [!]
[2026-05-09 15:01:04.493] [error]  Using Python 3.12.11 environment at: /Users/runner/Documents/ComfyUI/.venv

[2026-05-09 15:01:04.617] [error] [!] Resolved 1 package in 111ms

[2026-05-09 15:01:04.633] [error] [!] Downloading comfy-3d-viewers (1.2MiB)

[2026-05-09 15:01:04.702] [error] [!]
[2026-05-09 15:01:04.703] [error]   Downloaded comfy-3d-viewers
[!] Prepared 1 package in 85ms

[2026-05-09 15:01:04.710] [error] [!]
[2026-05-09 15:01:04.715] [error]  Installed 1 package in 6ms
[!]  + comfy-3d-viewers==0.2.44

[2026-05-09 15:01:04.754] [info]  
## ComfyUI-Manager: EXECUTE => 
['/Users/runner/Documents/ComfyUI/.venv/bin/python', '-m', 'uv', 'pip', 
'install', 'trimesh>=4.0.0']

[2026-05-09 15:01:04.820] [error] [!]
[2026-05-09 15:01:04.822] [error]  Using Python 3.12.11 environment at: /Users/runner/Documents/ComfyUI/.venv

[2026-05-09 15:01:05.228] [error] [!] Resolved 31 packages in 399ms

[2026-05-09 15:01:05.252] [error] [!] Downloading lxml (8.2MiB)
[!] 
[2026-05-09 15:01:05.253] [error] Downloading shapely (1.6MiB)

[2026-05-09 15:01:05.256] [error] [!]
[2026-05-09 15:01:05.259] [error]  Downloading embreex (4.9MiB)

[2026-05-09 15:01:05.634] [error] [!] 
[2026-05-09 15:01:05.636] [error]  Downloaded embreex

[2026-05-09 15:01:05.845] [error] [!] 
[2026-05-09 15:01:05.846] [error]  Downloaded shapely

[2026-05-09 15:01:05.866] [error] [!]
[2026-05-09 15:01:05.867] [error]   Downloaded lxml
[!]
[2026-05-09 15:01:05.869] [error]  Prepared 18 packages in 633ms

[2026-05-09 15:01:05.917] [error] [!]
[2026-05-09 15:01:05.918] [error]  Installed 18 packages in 50ms
[!]  + colorlog==6.10.1
[!]  + embreex==4.4.0
[!]  + jsonschema==4.26.0
[!]  + jsonschema-specifications==2025.9.1
[!]  + lxml==6.1.0
[!]
[2026-05-09 15:01:05.919] [error]   + manifold3d==3.4.1
[!]  + mapbox-earcut==2.0.0
[!]  + pycollada==0.9.3
[!]  + python-dateutil==2.9.0.post0
[!]  + referencing==0.37.0
[!]  + rpds-py==0.30.0
[!]
[2026-05-09 15:01:05.922] [error]   + rtree==1.4.1
[!]  + shapely==2.1.2
[!]  + six==1.17.0
[!] 
[2026-05-09 15:01:05.923] [error]  + svg-path==7.0
[!]  + trimesh==4.12.2
[!]  + vhacdx==0.0.10
[!]  + xxhash==3.7.0

[2026-05-09 15:01:06.092] [info]  [ComfyUI-Manager] Skipped fixing the 'comfyui-frontend-package' dependency because the ComfyUI is outdated.

[2026-05-09 15:01:06.093] [info]  Install: install script

[2026-05-09 15:01:06.098] [info]  
## ComfyUI-Manager: EXECUTE => 
['/Users/runner/Documents/ComfyUI/.venv/bin/python', 'install.py']

[2026-05-09 15:01:06.652] [error] [!]
[2026-05-09 15:01:06.654] [error]  [comfy-env] pixi not found, downloading...

[2026-05-09 15:01:07.618] [error] [!] [comfy-env] pixi installed: /Users/runner/.pixi/bin/pixi

[2026-05-09 15:01:07.643] [info]   [comfy-env] Workspace: /Users/runner/Documents/ComfyUI/.ce
 [comfy-env] ComfyUI: /Users/runner/Documents/ComfyUI
 [comfy-env] Found 1 node config(s):
 
[2026-05-09 15:01:07.645] [info]    - geometrypack-nodes <- custom_nodes/comfyui-geometrypack/nodes/comfy-env.toml (python=host)

[2026-05-09 15:01:07.652] [info]   [comfy-env] Bootstrap interpreter has python 3.12 + torch 2.10.0 (cpu). Looking for cuda-only wheels matching cpu/torch2.10/cp312.

[2026-05-09 15:01:07.654] [info]   [comfy-env] Root conda deps from comfyui-geometrypack: ['av', 'ffmpeg']
 [comfy-env] Desktop app detected: source=/Users/runner/work/comfy-gpu-ci/comfy-gpu-ci/ComfyUI.app/Contents/Resources/ComfyUI, data=/Users/runner/Documents/ComfyUI

[2026-05-09 15:01:07.686] [info]   [comfy-env] Comfyui feature pin: torch ==2.10.0, torchvision ==0.25.*, torchaudio ==2.10.*
 [comfy-env] Root conda deps: ['av', 'ffmpeg']
 [comfy-env] comfyui312: python 3.12, torch from https://download.pytorch.org/whl/cpu
 Generated /Users/runner/Documents/ComfyUI/.ce/pixi.toml
 [comfy-env] Installing 1 environment(s):

[2026-05-09 15:01:07.690] [info]     - geometrypack-nodes (python=host, 13 pypi deps, 1 cuda wheels)
 [comfy-env] Running `pixi install --all`...

[2026-05-09 15:01:16.763] [info]  FETCH ComfyRegistry Data [DONE]

[2026-05-09 15:01:17.212] [info]  [ComfyUI-Manager] default cache updated: https://api.comfy.org/nodes

[2026-05-09 15:01:17.282] [info]  FETCH DATA from: /Users/runner/Documents/ComfyUI/user/__manager/cache/1514988643_custom-node-list.json [DONE]

[2026-05-09 15:01:17.328] [info]  [ComfyUI-Manager] All startup tasks have been completed.

[2026-05-09 15:01:30.928] [info]      WARN Skipped running the post-link scripts because `run-post-link-scripts` = `false`
 
[2026-05-09 15:01:30.944] [info]    	- bin/.librsvg-pre-unlink.sh
   To enable them, run:
   	pixi config set --local run-post-link-scripts insecure
   More info:
   	https://pixi.sh/latest/reference/pixi_configuration/#run-post-link-scripts

[2026-05-09 15:02:14.355] [info]      WARN Skipped running the post-link scripts because `run-post-link-scripts` = `false`
   	- bin/.librsvg-pre-unlink.sh
   To enable them, run:
   	pixi config set --local run-post-link-scripts insecure
   More info:
   	https://pixi.sh/latest/reference/pixi_configuration/#run-post-link-scripts

[2026-05-09 15:02:24.121] [info]     ✔ The following environments have been installed: default, comfyui, geometrypack-nodes.

[2026-05-09 15:02:24.282] [info]   
[2026-05-09 15:02:24.284] [info]  [comfy-env] Note: env `default` is on disk but no node declares it in this run. Leaving as-is. Remove via `pixi clean --environment default` if intended.

[2026-05-09 15:02:24.472] [info]   [comfy-env] geometrypack-nodes: deduped libomp

[2026-05-09 15:02:24.475] [info]   [comfy-env] Install log: /Users/runner/Documents/ComfyUI/.ce/install.log
 
 Installation complete!

[2026-05-09 15:02:26.227] [info]  
Restarting... [Legacy Mode]


Command: ['/Users/runner/Documents/ComfyUI/.venv/bin/python', '/Users/runner/work/comfy-gpu-ci/comfy-gpu-ci/ComfyUI.app/Contents/Resources/ComfyUI/main.py', '--user-directory', '/Users/runner/Documents/ComfyUI/user', '--input-directory', '/Users/runner/Documents/ComfyUI/input', '--output-directory', '/Users/runner/Documents/ComfyUI/output', '--front-end-root', '/Users/runner/work/comfy-gpu-ci/comfy-gpu-ci/ComfyUI.app/Contents/Resources/ComfyUI/web_custom_versions/desktop_app', '--base-directory', '/Users/runner/Documents/ComfyUI', '--database-url', 'sqlite:////Users/runner/Documents/ComfyUI/user/comfyui.db', '--extra-model-paths-config', '/Users/runner/Library/Application Support/ComfyUI/extra_models_config.yaml', '--log-stdout', '--listen', '127.0.0.1', '--port', '8000', '--enable-manager']

[2026-05-09 15:02:26.360] [error] /Users/runner/.local/share/uv/python/cpython-3.12.11-macos-aarch64-none/lib/python3.12/multiprocessing/resource_tracker.py:279: UserWarning: resource_tracker: There appear to be 1 leaked semaphore objects to clean up at shutdown
  warnings.warn('resource_tracker: There appear to be %d '

[2026-05-09 15:02:27.518] [info]  setup plugin alembic.autogenerate.schemas
setup plugin alembic.autogenerate.tables
setup plugin alembic.autogenerate.types
setup plugin alembic.autogenerate.constraints
setup plugin alembic.autogenerate.defaults

[2026-05-09 15:02:27.520] [info]  setup plugin alembic.autogenerate.comments

[2026-05-09 15:02:27.676] [info]  comfy-aimdo os not supported Darwin
NOTE: comfy-aimdo is currently only support for Windows and Linux

[2026-05-09 15:02:27.972] [info]  Adding extra search path custom_nodes /Users/runner/Documents/ComfyUI/custom_nodes
Adding extra search path download_model_base /Users/runner/Documents/ComfyUI/models
Adding extra search path custom_nodes /Users/runner/work/comfy-gpu-ci/comfy-gpu-ci/ComfyUI.app/Contents/Resources/ComfyUI/custom_nodes
Setting output directory to: /Users/runner/Documents/ComfyUI/output
Setting input directory to: /Users/runner/Documents/ComfyUI/input
Setting user directory to: /Users/runner/Documents/ComfyUI/user

[2026-05-09 15:02:28.932] [info]  [START] Security scan
[ComfyUI-Manager] Using uv as Python module for pip operations.

[2026-05-09 15:02:29.232] [info]  [DONE] Security scan
** ComfyUI startup time: 2026-05-09 15:02:29.231

[2026-05-09 15:02:29.234] [info]  ** Platform: Darwin
** Python version: 3.12.11 (main, Aug 18 2025, 19:02:39) [Clang 20.1.4 ]
** Python executable: /Users/runner/Documents/ComfyUI/.venv/bin/python
** ComfyUI Path: /Users/runner/work/comfy-gpu-ci/comfy-gpu-ci/ComfyUI.app/Contents/Resources/ComfyUI
** ComfyUI Base Folder Path: /Users/runner/work/comfy-gpu-ci/comfy-gpu-ci/ComfyUI.app/Contents/Resources/ComfyUI
** User directory: /Users/runner/Documents/ComfyUI/user
** ComfyUI-Manager config path: /Users/runner/Documents/ComfyUI/user/__manager/config.ini
** Log path: /Users/runner/Documents/ComfyUI/user/comfyui.log

[2026-05-09 15:02:29.371] [info]  [ComfyUI-Manager] Skipped fixing the 'comfyui-frontend-package' dependency because the ComfyUI is outdated.

[2026-05-09 15:02:29.375] [info]  [PRE] ComfyUI-Manager

[2026-05-09 15:02:29.928] [error] [comfy-env] comfyui-geometrypack: 1 isolation env(s):
[comfy-env]   nodes -> /Users/runner/Documents/ComfyUI/custom_nodes/comfyui-geometrypack/nodes
[2026-05-09 15:02:29.929] [error] 

[2026-05-09 15:02:32.436] [error] [comfy-env] prestartup complete

[2026-05-09 15:02:32.655] [info]  WARNING: Potential Error in code: Torch already imported, torch should never be imported before this point.

[2026-05-09 15:02:34.870] [info]  Found comfy_kitchen backend cuda: {'available': False, 'disabled': True, 'unavailable_reason': 'Extension file not found: /Users/runner/Documents/ComfyUI/.venv/lib/python3.12/site-packages/comfy_kitchen/backends/cuda/_C.abi3.so', 'capabilities': []}
Found comfy_kitchen backend eager: {'available': True, 'disabled': False, 'unavailable_reason': None, 'capabilities': ['apply_rope', 'apply_rope1', 'dequantize_mxfp8', 'dequantize_nvfp4', 'dequantize_per_tensor_fp8', 'quantize_mxfp8', 'quantize_nvfp4', 'quantize_per_tensor_fp8', 'scaled_mm_mxfp8', 'scaled_mm_nvfp4']}
Found comfy_kitchen backend triton: {'available': False, 'disabled': True, 'unavailable_reason': "ImportError: No module named 'triton'", 'capabilities': []}

[2026-05-09 15:02:34.892] [info]  Checkpoint files will always be loaded safely.

[2026-05-09 15:02:34.963] [info]  Total VRAM 7168 MB, total RAM 7168 MB

[2026-05-09 15:02:34.964] [info]  pytorch version: 2.10.0

[2026-05-09 15:02:34.973] [info]  Mac Version (15, 7, 4)

[2026-05-09 15:02:34.974] [info]  Set vram state to: SHARED
Device: mps

[2026-05-09 15:02:35.773] [info]  Using sub quadratic optimization for attention, if you have memory or speed issues try using: --use-split-cross-attention

[2026-05-09 15:02:42.810] [info]  Python version: 3.12.11 (main, Aug 18 2025, 19:02:39) [Clang 20.1.4 ]
ComfyUI version: 0.20.1

[2026-05-09 15:02:42.815] [info]  comfy-aimdo version: 0.2.14
comfy-kitchen version: 0.2.8
[Prompt Server] web root: /Users/runner/work/comfy-gpu-ci/comfy-gpu-ci/ComfyUI.app/Contents/Resources/ComfyUI/web_custom_versions/desktop_app
Asset seeder disabled
[START] ComfyUI-Manager

[2026-05-09 15:02:42.989] [info]  [ComfyUI-Manager] Using GitPython backend

[2026-05-09 15:02:43.046] [info]  [ComfyUI-Manager] network_mode: public

[2026-05-09 15:02:43.050] [info]  [ComfyUI-Manager] The matrix sharing feature has been disabled because the `matrix-nio` dependency is not installed.
	To use this feature, please run the following command:
	/Users/runner/Documents/ComfyUI/.venv/bin/python -m pip install matrix-nio


[2026-05-09 15:02:45.105] [info]  loading...

[2026-05-09 15:02:45.108] [info]  calling register_nodes

[2026-05-09 15:02:45.132] [error] [comfy-env] Version: 0.3.78
[2026-05-09 15:02:45.134] [error] 

[2026-05-09 15:02:45.435] [error] [comfy-env] register_nodes: comfyui-geometrypack

[2026-05-09 15:02:45.439] [error] [comfy-env] ComfyUI source dir: /Users/runner/work/comfy-gpu-ci/comfy-gpu-ci/ComfyUI.app/Contents/Resources/ComfyUI

[2026-05-09 15:02:45.479] [error] [comfy-env] Scanning nodes metadata (isolation root)...
[2026-05-09 15:02:45.481] [error] 

[2026-05-09 15:03:10.817] [error] [comfy-env] Scanned nodes: 125 nodes (25.3s)
[2026-05-09 15:03:10.826] [error] 
[comfy-env] Scanned nodes root: 125 nodes (25.3s)

[2026-05-09 15:03:10.832] [error] [comfy-env] Imported nodes root: 125 nodes (isolation)
[2026-05-09 15:03:10.835] [error] 
[comfy-env] Registered 125 total nodes

[2026-05-09 15:03:10.849] [info]  
Import times for custom nodes:

[2026-05-09 15:03:10.851] [info]     0.0 seconds: /Users/runner/work/comfy-gpu-ci/comfy-gpu-ci/ComfyUI.app/Contents/Resources/ComfyUI/custom_nodes/websocket_image_save.py
  25.7 seconds: /Users/runner/Documents/ComfyUI/custom_nodes/comfyui-geometrypack


[2026-05-09 15:03:10.878] [info]  Context impl SQLiteImpl.

[2026-05-09 15:03:10.880] [info]  Will assume non-transactional DDL.

[2026-05-09 15:03:11.105] [info]  Starting server


[2026-05-09 15:03:11.108] [info]  To see the GUI go to: http://127.0.0.1:8000

[2026-05-09 15:03:16.650] [info]  [ComfyUI-Manager] The ComfyRegistry cache update is still in progress, so an outdated cache is being used.

[2026-05-09 15:03:16.733] [info]  FETCH DATA from: /Users/runner/Documents/ComfyUI/.venv/lib/python3.12/site-packages/comfyui_manager/custom-node-list.json
[2026-05-09 15:03:16.767] [info]   [DONE]

[2026-05-09 15:03:18.268] [info]  [ComfyUI-Manager] The ComfyRegistry cache update is still in progress, so an outdated cache is being used.

[2026-05-09 15:03:18.332] [info]  FETCH DATA from: /Users/runner/Documents/ComfyUI/.venv/lib/python3.12/site-packages/comfyui_manager/custom-node-list.json
[2026-05-09 15:03:18.366] [info]   [DONE]

[2026-05-09 15:03:23.449] [info]  [ComfyUI-Manager] The ComfyRegistry cache update is still in progress, so an outdated cache is being used.

[2026-05-09 15:03:23.509] [info]  FETCH DATA from: /Users/runner/Documents/ComfyUI/.venv/lib/python3.12/site-packages/comfyui_manager/custom-node-list.json
[2026-05-09 15:03:23.567] [info]   [DONE]

[2026-05-09 15:03:46.173] [info]  got prompt

[2026-05-09 15:03:46.286] [info]  [comfyui-geometrypack] python: /Users/runner/Documents/ComfyUI/.ce/.pixi/envs/geometrypack-nodes/bin/python
[comfyui-geometrypack] sys_path sent to worker: ['/Users/runner/work/comfy-gpu-ci/comfy-gpu-ci/ComfyUI.app/Contents/Resources/ComfyUI', '/Users/runner/Documents/ComfyUI/custom_nodes/comfyui-geometrypack', '/Users/runner/Documents/ComfyUI/.ce/.pixi/envs/geometrypack-nodes/lib/python3.1/site-packages', '/Users/runner/Documents/ComfyUI/custom_nodes/comfyui-geometrypack']

[2026-05-09 15:03:59.533] [error] [worker:comfyui-geometrypack] INFO: Found mesh in input folder: 3d/noisy/Fandisk0.3/Noisy.obj
[2026-05-09 15:03:59.538] [error] 
[worker:comfyui-geometrypack] INFO: Loading: /Users/runner/Documents/ComfyUI/input/3d/noisy/Fandisk0.3/Noisy.obj

[2026-05-09 15:03:59.573] [error] [worker:comfyui-geometrypack] INFO: Initial mesh: 6475 vertices, 12946 faces

[2026-05-09 15:03:59.592] [error] [worker:comfyui-geometrypack] INFO: Successfully loaded: 6475 vertices, 12946 faces
[2026-05-09 15:03:59.594] [error] 
[worker:comfyui-geometrypack] INFO: Loaded: 6475 vertices, 12946 faces

[2026-05-09 15:04:03.811] [error] [comfyui-geometrypack] Health check: ping (timeout=5.0s)...
[2026-05-09 15:04:03.837] [error] 
[comfyui-geometrypack] Health check: ok

[2026-05-09 15:04:03.889] [error] [worker:comfyui-geometrypack] INFO: Sharpen dispatch: two_step -> GeomPackSharpen_TwoStep

[2026-05-09 15:04:03.909] [error] [comfyui-geometrypack] Health check: ping (timeout=5.0s)...
[2026-05-09 15:04:03.909] [error] 
[comfyui-geometrypack] Health check: ok

[2026-05-09 15:04:03.933] [error] [worker:comfyui-geometrypack] INFO: Backend: two_step

[2026-05-09 15:04:03.934] [error] [worker:comfyui-geometrypack] INFO: Input: 6475 vertices, 12946 faces
[worker:comfyui-geometrypack] INFO: Parameters: smooth_steps=2, normal_threshold=60.0

[2026-05-09 15:04:07.525] [error] [worker:comfyui-geometrypack] INFO: Output: 6475 vertices, 12946 faces

[2026-05-09 15:04:07.528] [error] [worker:comfyui-geometrypack] INFO: Avg vertex displacement: 0.050268, max: 0.269867

[2026-05-09 15:04:07.534] [error] [comfyui-geometrypack] Health check: ping (timeout=5.0s)...
[2026-05-09 15:04:07.535] [error] 

[2026-05-09 15:04:07.546] [error] [comfyui-geometrypack] Health check: ok

[2026-05-09 15:04:07.572] [error] [worker:comfyui-geometrypack] INFO: Found mesh in input folder: 3d/noisy/Fandisk0.3/Original.obj

[2026-05-09 15:04:07.575] [error] [worker:comfyui-geometrypack] INFO: Loading: /Users/runner/Documents/ComfyUI/input/3d/noisy/Fandisk0.3/Original.obj

[2026-05-09 15:04:07.670] [error] [worker:comfyui-geometrypack] INFO: Initial mesh: 6475 vertices, 12946 faces

[2026-05-09 15:04:07.679] [error] [worker:comfyui-geometrypack] INFO: Successfully loaded: 6475 vertices, 12946 faces
[2026-05-09 15:04:07.680] [error] 
[worker:comfyui-geometrypack] INFO: Loaded: 6475 vertices, 12946 faces

[2026-05-09 15:04:07.692] [error] [comfyui-geometrypack] Health check: ping (timeout=5.0s)...
[2026-05-09 15:04:07.697] [error] 
[comfyui-geometrypack] Health check: ok

[2026-05-09 15:04:07.711] [error] [worker:comfyui-geometrypack] INFO: Mode: fields, Meshes: 3
[2026-05-09 15:04:07.717] [error] 

[2026-05-09 15:04:07.721] [error] [worker:comfyui-geometrypack] INFO: Mesh 1: Mesh - 6475 vertices, 12946 faces

[2026-05-09 15:04:07.724] [error] [worker:comfyui-geometrypack] INFO: Exporting mesh to VTP: /Users/runner/Documents/ComfyUI/output/preview_multi_1_71306780.vtp

[2026-05-09 15:04:07.754] [error] [worker:comfyui-geometrypack] INFO: Adding normals field (6475 vertices)

[2026-05-09 15:04:07.814] [error] [worker:comfyui-geometrypack] INFO: Export complete: 6475 vertices, 12946 faces

[2026-05-09 15:04:07.821] [error] [worker:comfyui-geometrypack] INFO: Exported VTP: /Users/runner/Documents/ComfyUI/output/preview_multi_1_71306780.vtp

[2026-05-09 15:04:07.842] [error] [worker:comfyui-geometrypack] INFO: Mesh 2: Mesh - 6475 vertices, 12946 faces

[2026-05-09 15:04:07.848] [error] [worker:comfyui-geometrypack] INFO: Exporting mesh to VTP: /Users/runner/Documents/ComfyUI/output/preview_multi_2_71306780.vtp
[2026-05-09 15:04:07.849] [error] 

[2026-05-09 15:04:07.864] [error] [worker:comfyui-geometrypack] INFO: Adding normals field (6475 vertices)

[2026-05-09 15:04:07.905] [error] [worker:comfyui-geometrypack] INFO: Export complete: 6475 vertices, 12946 faces

[2026-05-09 15:04:07.906] [error] [worker:comfyui-geometrypack] INFO: Exported VTP: /Users/runner/Documents/ComfyUI/output/preview_multi_2_71306780.vtp

[2026-05-09 15:04:07.912] [error] [worker:comfyui-geometrypack] INFO: Mesh 3: Mesh - 6475 vertices, 12946 faces

[2026-05-09 15:04:07.914] [error] [worker:comfyui-geometrypack] INFO: Exporting mesh to VTP: /Users/runner/Documents/ComfyUI/output/preview_multi_3_71306780.vtp

[2026-05-09 15:04:07.944] [error] [worker:comfyui-geometrypack] INFO: Adding normals field (6475 vertices)

[2026-05-09 15:04:07.968] [error] [worker:comfyui-geometrypack] INFO: Export complete: 6475 vertices, 12946 faces

[2026-05-09 15:04:07.969] [error] [worker:comfyui-geometrypack] INFO: Exported VTP: /Users/runner/Documents/ComfyUI/output/preview_multi_3_71306780.vtp

[2026-05-09 15:04:07.975] [error] [worker:comfyui-geometrypack] INFO: Grid: 3x1, Preview ready

[2026-05-09 15:04:07.979] [info]  Prompt executed in 21.80 seconds

[2026-05-09 15:04:19.671] [error] /Users/runner/Documents/ComfyUI/.ce/.pixi/envs/geometrypack-nodes/lib/python3.12/multiprocessing/resource_tracker.py:279: UserWarning: resource_tracker: There appear to be 4 leaked shared_memory objects to clean up at shutdown
  warnings.warn('resource_tracker: There appear to be %d '
/Users/runner/Documents/ComfyUI/.ce/.pixi/envs/geometrypack-nodes/lib/python3.12/multiprocessing/resource_tracker.py:292: UserWarning: resource_tracker: '/psm_7c651845': [Errno 2] No such file or directory: '/psm_7c651845'
  warnings.warn('resource_tracker: %r: %s' % (name, e))
/Users/runner/Documents/ComfyUI/.ce/.pixi/envs/geometrypack-nodes/lib/python3.12/multiprocessing/resource_tracker.py:292: UserWarning: resource_tracker: '/psm_a48194de': [Errno 2] No such file or directory: '/psm_a48194de'
  warnings.warn('resource_tracker: %r: %s' % (name, e))
/Users/runner/Documents/ComfyUI/.ce/.pixi/envs/geometrypack-nodes/lib/python3.12/multiprocessing/resource_tracker.py:292: UserWarning: resource_tracker: '/psm_cf223019': [Errno 2] No such file or directory: '/psm_cf223019'
  warnings.warn('resource_tracker: %r: %s' % (name, e))
/Users/runner/Documents/ComfyUI/.ce/.pixi/envs/geometrypack-nodes/lib/python3.12/multiprocessing/resource_tracker.py:292: UserWarning: resource_tracker: '/psm_daaffea3': [Errno 2] No such file or directory: '/psm_daaffea3'
  warnings.warn('resource_tracker: %r: %s' % (name, e))

