[2026-05-10 03:38:37.047] [info]  setup plugin alembic.autogenerate.schemas
setup plugin alembic.autogenerate.tables
setup plugin alembic.autogenerate.types
setup plugin alembic.autogenerate.constraints
setup plugin alembic.autogenerate.defaults
setup plugin alembic.autogenerate.comments

[2026-05-10 03:38:37.114] [info]  comfy-aimdo os not supported Darwin
NOTE: comfy-aimdo is currently only support for Windows and Linux

[2026-05-10 03:38:37.263] [info]  Adding extra search path custom_nodes /Users/runner/Documents/ComfyUI/custom_nodes
Adding extra search path download_model_base /Users/runner/Documents/ComfyUI/models
Adding extra search path custom_nodes /Users/runner/.comfy-test-cache/desktop/ComfyUI.app/Contents/Resources/ComfyUI/custom_nodes
Setting output directory to: /Users/runner/Documents/ComfyUI/output
Setting input directory to: /Users/runner/Documents/ComfyUI/input
Setting user directory to: /Users/runner/Documents/ComfyUI/user

[2026-05-10 03:38:37.580] [info]  [START] Security scan
[ComfyUI-Manager] Using uv as Python module for pip operations.

[2026-05-10 03:38:37.703] [info]  [DONE] Security scan
** ComfyUI startup time: 2026-05-10 03:38:37.702
** Platform: Darwin
[2026-05-10 03:38:37.705] [info]  
** Python version: 3.12.11 (main, Aug 18 2025, 19:02:39) [Clang 20.1.4 ]
** Python executable: /Users/runner/Documents/ComfyUI/.venv/bin/python
** ComfyUI Path: /Users/runner/.comfy-test-cache/desktop/ComfyUI.app/Contents/Resources/ComfyUI
** ComfyUI Base Folder Path: /Users/runner/.comfy-test-cache/desktop/ComfyUI.app/Contents/Resources/ComfyUI
** User directory: /Users/runner/Documents/ComfyUI/user
** ComfyUI-Manager config path: /Users/runner/Documents/ComfyUI/user/__manager/config.ini
** Log path: /Users/runner/Documents/ComfyUI/user/comfyui.log

[2026-05-10 03:38:37.797] [info]  [ComfyUI-Manager] Skipped fixing the 'comfyui-frontend-package' dependency because the ComfyUI is outdated.

[2026-05-10 03:38:37.798] [info]  [PRE] ComfyUI-Manager

[2026-05-10 03:38:37.972] [error] [comfy-env] comfyui-geometrypack: 1 isolation env(s):
[2026-05-10 03:38:37.972] [error] 
[comfy-env]   nodes -> /Users/runner/Documents/ComfyUI/custom_nodes/comfyui-geometrypack/nodes

[2026-05-10 03:38:38.852] [error] [comfy-env] prestartup complete

[2026-05-10 03:38:38.864] [info]  WARNING: Potential Error in code: Torch already imported, torch should never be imported before this point.

[2026-05-10 03:38:39.625] [info]  Found comfy_kitchen backend eager: {'available': True, 'disabled': False, 'unavailable_reason': None, 'capabilities': ['apply_rope', 'apply_rope1', 'dequantize_mxfp8', 'dequantize_nvfp4', 'dequantize_per_tensor_fp8', 'quantize_mxfp8', 'quantize_nvfp4', 'quantize_per_tensor_fp8', 'scaled_mm_mxfp8', 'scaled_mm_nvfp4']}
Found comfy_kitchen backend cuda: {'available': False, 'disabled': True, 'unavailable_reason': 'Extension file not found: /Users/runner/Documents/ComfyUI/.venv/lib/python3.12/site-packages/comfy_kitchen/backends/cuda/_C.abi3.so', 'capabilities': []}

[2026-05-10 03:38:39.627] [info]  Found comfy_kitchen backend triton: {'available': False, 'disabled': True, 'unavailable_reason': "ImportError: No module named 'triton'", 'capabilities': []}

[2026-05-10 03:38:39.632] [info]  Checkpoint files will always be loaded safely.

[2026-05-10 03:38:39.663] [info]  Total VRAM 7168 MB, total RAM 7168 MB

[2026-05-10 03:38:39.665] [info]  pytorch version: 2.10.0

[2026-05-10 03:38:39.667] [info]  Mac Version (15, 7, 4)

[2026-05-10 03:38:39.669] [info]  Set vram state to: SHARED
Device: mps

[2026-05-10 03:38:39.989] [info]  Using sub quadratic optimization for attention, if you have memory or speed issues try using: --use-split-cross-attention

[2026-05-10 03:38:42.831] [info]  Python version: 3.12.11 (main, Aug 18 2025, 19:02:39) [Clang 20.1.4 ]

[2026-05-10 03:38:42.832] [info]  ComfyUI version: 0.20.1
comfy-aimdo version: 0.2.14
comfy-kitchen version: 0.2.8

[2026-05-10 03:38:42.833] [info]  [Prompt Server] web root: /Users/runner/.comfy-test-cache/desktop/ComfyUI.app/Contents/Resources/ComfyUI/web_custom_versions/desktop_app

[2026-05-10 03:38:42.835] [info]  Asset seeder disabled

[2026-05-10 03:38:42.836] [info]  [START] ComfyUI-Manager

[2026-05-10 03:38:42.955] [info]  [ComfyUI-Manager] Using GitPython backend

[2026-05-10 03:38:43.001] [info]  [ComfyUI-Manager] network_mode: public

[2026-05-10 03:38:43.005] [info]  [ComfyUI-Manager] The matrix sharing feature has been disabled because the `matrix-nio` dependency is not installed.
	To use this feature, please run the following command:
	/Users/runner/Documents/ComfyUI/.venv/bin/python -m pip install matrix-nio


[2026-05-10 03:38:44.256] [info]  loading...
calling register_nodes

[2026-05-10 03:38:44.269] [error] [comfy-env] Version: 0.3.78
[2026-05-10 03:38:44.277] [error] 

[2026-05-10 03:38:44.277] [info]  [comfy-env] Removed stale socket: /var/folders/tb/y368xp_x10s3ty1b_mtl5mxr0000gn/T/comfy_worker_9169c81ca949.sock

[2026-05-10 03:38:44.328] [info]  [comfy-env] Removed stale temp dir: /var/folders/tb/y368xp_x10s3ty1b_mtl5mxr0000gn/T/comfyui_pvenv_v3xhy27b

[2026-05-10 03:38:44.495] [error] [comfy-env] register_nodes: comfyui-geometrypack

[2026-05-10 03:38:44.503] [error] [comfy-env] ComfyUI source dir: /Users/runner/.comfy-test-cache/desktop/ComfyUI.app/Contents/Resources/ComfyUI

[2026-05-10 03:38:44.540] [error] [comfy-env] Scanning nodes metadata (isolation root)...
[2026-05-10 03:38:44.542] [error] 

[2026-05-10 03:38:44.574] [error] [comfy-env] Cache hit for nodes: 125 nodes
[2026-05-10 03:38:44.578] [error] 
[comfy-env] Scanned nodes root: 125 nodes (0.0s)

[2026-05-10 03:38:44.582] [error] [comfy-env] Imported nodes root: 125 nodes (isolation)

[2026-05-10 03:38:44.585] [error] [comfy-env] Registered 125 total nodes

[2026-05-10 03:38:44.586] [info]  
Import times for custom nodes:
   0.0 seconds: /Users/runner/.comfy-test-cache/desktop/ComfyUI.app/Contents/Resources/ComfyUI/custom_nodes/websocket_image_save.py
   0.3 seconds: /Users/runner/Documents/ComfyUI/custom_nodes/comfyui-geometrypack


[2026-05-10 03:38:44.595] [info]  Context impl SQLiteImpl.

[2026-05-10 03:38:44.598] [info]  Will assume non-transactional DDL.

[2026-05-10 03:38:44.715] [info]  Starting server


[2026-05-10 03:38:44.716] [info]  To see the GUI go to: http://127.0.0.1:8000

[2026-05-10 03:38:47.341] [info]  [ComfyUI-Manager] The ComfyRegistry cache update is still in progress, so an outdated cache is being used.

[2026-05-10 03:38:47.433] [info]  FETCH DATA from: /Users/runner/Documents/ComfyUI/.venv/lib/python3.12/site-packages/comfyui_manager/custom-node-list.json
[2026-05-10 03:38:47.519] [info]   [DONE]

[2026-05-10 03:38:51.963] [info]  [ComfyUI-Manager] The ComfyRegistry cache update is still in progress, so an outdated cache is being used.

[2026-05-10 03:38:52.075] [info]  FETCH DATA from: /Users/runner/Documents/ComfyUI/.venv/lib/python3.12/site-packages/comfyui_manager/custom-node-list.json
[2026-05-10 03:38:52.139] [info]   [DONE]
[2026-05-10 03:38:52.141] [info]  

