[2026-05-10 03:58:13.715] [info]  setup plugin alembic.autogenerate.schemas

[2026-05-10 03:58:13.718] [info]  setup plugin alembic.autogenerate.tables

[2026-05-10 03:58:13.720] [info]  setup plugin alembic.autogenerate.types

[2026-05-10 03:58:13.721] [info]  setup plugin alembic.autogenerate.constraints

[2026-05-10 03:58:13.722] [info]  setup plugin alembic.autogenerate.defaults

[2026-05-10 03:58:13.743] [info]  setup plugin alembic.autogenerate.comments

[2026-05-10 03:58:13.821] [info]  comfy-aimdo os not supported Darwin

[2026-05-10 03:58:13.822] [info]  NOTE: comfy-aimdo is currently only support for Windows and Linux

[2026-05-10 03:58:14.054] [info]  Adding extra search path custom_nodes /Users/runner/Documents/ComfyUI/custom_nodes

[2026-05-10 03:58:14.059] [info]  Adding extra search path download_model_base /Users/runner/Documents/ComfyUI/models

[2026-05-10 03:58:14.062] [info]  Adding extra search path custom_nodes /Users/runner/.comfy-test-cache/desktop/ComfyUI.app/Contents/Resources/ComfyUI/custom_nodes

[2026-05-10 03:58:14.063] [info]  Setting output directory to: /Users/runner/Documents/ComfyUI/output

[2026-05-10 03:58:14.065] [info]  Setting input directory to: /Users/runner/Documents/ComfyUI/input

[2026-05-10 03:58:14.066] [info]  Setting user directory to: /Users/runner/Documents/ComfyUI/user

[2026-05-10 03:58:14.479] [info]  [START] Security scan
[ComfyUI-Manager] Using uv as Python module for pip operations.

[2026-05-10 03:58:14.645] [info]  [DONE] Security scan
** ComfyUI startup time:
[2026-05-10 03:58:14.648] [info]   
[2026-05-10 03:58:14.650] [info]  2026-05-10 03:58:14.645
[2026-05-10 03:58:14.651] [info]  

[2026-05-10 03:58:14.652] [info]  ** Platform:
[2026-05-10 03:58:14.653] [info]   
[2026-05-10 03:58:14.654] [info]  Darwin
[2026-05-10 03:58:14.655] [info]  

[2026-05-10 03:58:14.656] [info]  ** Python version:
[2026-05-10 03:58:14.661] [info]   
[2026-05-10 03:58:14.665] [info]  3.12.11 (main, Aug 18 2025, 19:02:39) [Clang 20.1.4 ]
[2026-05-10 03:58:14.670] [info]  

[2026-05-10 03:58:14.671] [info]  ** Python executable:
[2026-05-10 03:58:14.672] [info]   /Users/runner/Documents/ComfyUI/.venv/bin/python
** ComfyUI Path:
[2026-05-10 03:58:14.673] [info]   
[2026-05-10 03:58:14.683] [info]  /Users/runner/.comfy-test-cache/desktop/ComfyUI.app/Contents/Resources/ComfyUI
[2026-05-10 03:58:14.684] [info]  

[2026-05-10 03:58:14.685] [info]  ** ComfyUI Base Folder Path:
[2026-05-10 03:58:14.686] [info]   /Users/runner/.comfy-test-cache/desktop/ComfyUI.app/Contents/Resources/ComfyUI
[2026-05-10 03:58:14.687] [info]  

[2026-05-10 03:58:14.688] [info]  ** User directory:
[2026-05-10 03:58:14.688] [info]   
[2026-05-10 03:58:14.689] [info]  /Users/runner/Documents/ComfyUI/user
[2026-05-10 03:58:14.699] [info]  

[2026-05-10 03:58:14.702] [info]  ** ComfyUI-Manager config path:
[2026-05-10 03:58:14.703] [info]   
[2026-05-10 03:58:14.704] [info]  /Users/runner/Documents/ComfyUI/user/__manager/config.ini
[2026-05-10 03:58:14.704] [info]  

[2026-05-10 03:58:14.709] [info]  ** Log path:
[2026-05-10 03:58:14.711] [info]   
[2026-05-10 03:58:14.712] [info]  /Users/runner/Documents/ComfyUI/user/comfyui.log
[2026-05-10 03:58:14.713] [info]  

[2026-05-10 03:58:14.878] [info]  [ComfyUI-Manager] Skipped fixing the 'comfyui-frontend-package' dependency because the ComfyUI is outdated.

[2026-05-10 03:58:14.881] [info]  [PRE] ComfyUI-Manager

[2026-05-10 03:58:15.264] [error] [comfy-env] comfyui-geometrypack: 1 isolation env(s):
[2026-05-10 03:58:15.266] [error] 

[2026-05-10 03:58:15.268] [error] [comfy-env]   nodes -> /Users/runner/Documents/ComfyUI/custom_nodes/comfyui-geometrypack/nodes
[2026-05-10 03:58:15.269] [error] 

[2026-05-10 03:58:16.956] [error] [comfy-env] prestartup complete
[2026-05-10 03:58:16.961] [error] 

[2026-05-10 03:58:16.987] [info]  WARNING: Potential Error in code: Torch already imported, torch should never be imported before this point.

[2026-05-10 03:58:18.480] [info]  Found comfy_kitchen backend eager: {'available': True, 'disabled': False, 'unavailable_reason': None, 'capabilities': ['apply_rope', 'apply_rope1', 'dequantize_mxfp8', 'dequantize_nvfp4', 'dequantize_per_tensor_fp8', 'quantize_mxfp8', 'quantize_nvfp4', 'quantize_per_tensor_fp8', 'scaled_mm_mxfp8', 'scaled_mm_nvfp4']}

[2026-05-10 03:58:18.483] [info]  Found comfy_kitchen backend cuda: {'available': False, 'disabled': True, 'unavailable_reason': 'Extension file not found: /Users/runner/Documents/ComfyUI/.venv/lib/python3.12/site-packages/comfy_kitchen/backends/cuda/_C.abi3.so', 'capabilities': []}

[2026-05-10 03:58:18.485] [info]  Found comfy_kitchen backend triton: {'available': False, 'disabled': True, 'unavailable_reason': "ImportError: No module named 'triton'", 'capabilities': []}

[2026-05-10 03:58:18.535] [info]  Checkpoint files will always be loaded safely.

[2026-05-10 03:58:18.593] [info]  Total VRAM 7168 MB, total RAM 7168 MB

[2026-05-10 03:58:18.595] [info]  pytorch version: 2.10.0

[2026-05-10 03:58:18.600] [info]  Mac Version (15, 7, 4)

[2026-05-10 03:58:18.602] [info]  Set vram state to: SHARED

[2026-05-10 03:58:18.603] [info]  Device: mps

[2026-05-10 03:58:19.144] [info]  Using sub quadratic optimization for attention, if you have memory or speed issues try using: --use-split-cross-attention

[2026-05-10 03:58:22.779] [info]  Python version: 3.12.11 (main, Aug 18 2025, 19:02:39) [Clang 20.1.4 ]

[2026-05-10 03:58:22.783] [info]  ComfyUI version: 0.20.1

[2026-05-10 03:58:22.787] [info]  comfy-aimdo version: 0.2.14

[2026-05-10 03:58:22.800] [info]  comfy-kitchen version: 0.2.8

[2026-05-10 03:58:22.805] [info]  [Prompt Server] web root: /Users/runner/.comfy-test-cache/desktop/ComfyUI.app/Contents/Resources/ComfyUI/web_custom_versions/desktop_app

[2026-05-10 03:58:22.820] [info]  Asset seeder disabled

[2026-05-10 03:58:22.834] [info]  [START] ComfyUI-Manager

[2026-05-10 03:58:23.001] [info]  [ComfyUI-Manager] Using GitPython backend

[2026-05-10 03:58:23.166] [info]  [ComfyUI-Manager] network_mode: public

[2026-05-10 03:58:23.187] [info]  [ComfyUI-Manager] The matrix sharing feature has been disabled because the `matrix-nio` dependency is not installed.
	To use this feature, please run the following command:
	/Users/runner/Documents/ComfyUI/.venv/bin/python -m pip install matrix-nio


[2026-05-10 03:58:24.817] [info]  loading...

[2026-05-10 03:58:24.819] [info]  calling register_nodes

[2026-05-10 03:58:24.822] [error] [comfy-env] Version: 0.3.78
[2026-05-10 03:58:24.831] [error] 

[2026-05-10 03:58:25.112] [error] [comfy-env] register_nodes: comfyui-geometrypack
[2026-05-10 03:58:25.116] [error] 

[2026-05-10 03:58:25.137] [error] [comfy-env] ComfyUI source dir: /Users/runner/.comfy-test-cache/desktop/ComfyUI.app/Contents/Resources/ComfyUI
[2026-05-10 03:58:25.139] [error] 

[2026-05-10 03:58:25.196] [error] [comfy-env] Scanning nodes metadata (isolation root)...
[2026-05-10 03:58:25.199] [error] 

[2026-05-10 03:58:25.223] [error] [comfy-env] Cache hit for nodes: 125 nodes
[2026-05-10 03:58:25.233] [error] 

[2026-05-10 03:58:25.236] [error] [comfy-env] Scanned nodes root: 125 nodes (0.0s)
[2026-05-10 03:58:25.237] [error] 

[2026-05-10 03:58:25.249] [error] [comfy-env] Imported nodes root: 125 nodes (isolation)
[2026-05-10 03:58:25.251] [error] 

[2026-05-10 03:58:25.253] [error] [comfy-env] Registered 125 total nodes
[2026-05-10 03:58:25.254] [error] 

[2026-05-10 03:58:25.267] [info]  
Import times for custom nodes:

[2026-05-10 03:58:25.269] [info]     0.0 seconds: /Users/runner/.comfy-test-cache/desktop/ComfyUI.app/Contents/Resources/ComfyUI/custom_nodes/websocket_image_save.py

[2026-05-10 03:58:25.270] [info]     0.5 seconds: /Users/runner/Documents/ComfyUI/custom_nodes/comfyui-geometrypack

[2026-05-10 03:58:25.271] [info]  

[2026-05-10 03:58:25.283] [info]  Context impl SQLiteImpl.

[2026-05-10 03:58:25.286] [info]  Will assume non-transactional DDL.

[2026-05-10 03:58:25.378] [info]  Starting server


[2026-05-10 03:58:25.381] [info]  To see the GUI go to: http://127.0.0.1:8000

[2026-05-10 03:58:27.323] [info]  [ComfyUI-Manager] The ComfyRegistry cache update is still in progress, so an outdated cache is being used.

[2026-05-10 03:58:27.423] [info]  FETCH DATA from: /Users/runner/Documents/ComfyUI/.venv/lib/python3.12/site-packages/comfyui_manager/custom-node-list.json
[2026-05-10 03:58:27.449] [info]   [DONE]

[2026-05-10 03:58:30.412] [info]  [ComfyUI-Manager] The ComfyRegistry cache update is still in progress, so an outdated cache is being used.

[2026-05-10 03:58:30.454] [info]  FETCH DATA from: /Users/runner/Documents/ComfyUI/.venv/lib/python3.12/site-packages/comfyui_manager/custom-node-list.json
[2026-05-10 03:58:30.468] [info]   [DONE]

[2026-05-10 03:58:53.090] [info]  got prompt

[2026-05-10 03:58:53.323] [info]  [comfyui-geometrypack] python: /Users/runner/Documents/ComfyUI/.ce/.pixi/envs/geometrypack-nodes/bin/python
[2026-05-10 03:58:53.325] [info]  

[2026-05-10 03:58:53.327] [info]  [comfyui-geometrypack] sys_path sent to worker: ['/Users/runner/.comfy-test-cache/desktop/ComfyUI.app/Contents/Resources/ComfyUI', '/Users/runner/Documents/ComfyUI/custom_nodes/comfyui-geometrypack', '/Users/runner/Documents/ComfyUI/.ce/.pixi/envs/geometrypack-nodes/lib/python3.1/site-packages', '/Users/runner/Documents/ComfyUI/custom_nodes/comfyui-geometrypack']
[2026-05-10 03:58:53.328] [info]  

[2026-05-10 03:59:03.063] [error] [worker:comfyui-geometrypack] INFO: Found FBX in input folder: 3d/rigged_human.fbx
[2026-05-10 03:59:03.086] [error] 
[worker:comfyui-geometrypack] INFO: Loading via bpy: /Users/runner/Documents/ComfyUI/input/3d/rigged_human.fbx

[2026-05-10 03:59:03.529] [error] [worker:comfyui-geometrypack] FBX version: 7400
[2026-05-10 03:59:03.532] [error] 

[2026-05-10 03:59:04.438] [error] [worker:comfyui-geometrypack] INFO: Loaded: 32327 vertices, 50000 faces
[2026-05-10 03:59:04.439] [error] 

[2026-05-10 03:59:06.050] [error] [comfyui-geometrypack] Health check: ping (timeout=5.0s)...
[2026-05-10 03:59:06.069] [error] 

[2026-05-10 03:59:06.249] [error] [comfyui-geometrypack] Health check: ok
[2026-05-10 03:59:06.251] [error] 

[2026-05-10 03:59:06.259] [error] [worker:comfyui-geometrypack] INFO: Found .blend in input folder: 3d/coca_cola.blend

[2026-05-10 03:59:06.262] [error] [worker:comfyui-geometrypack] INFO: Loading via bpy: /Users/runner/Documents/ComfyUI/input/3d/coca_cola.blend

[2026-05-10 03:59:07.295] [error] [worker:comfyui-geometrypack] INFO: Loaded: 36696 vertices, 73216 faces
[2026-05-10 03:59:07.298] [error] 

[2026-05-10 03:59:07.351] [error] [comfyui-geometrypack] Health check: ping (timeout=5.0s)...
[2026-05-10 03:59:07.386] [error] 

[2026-05-10 03:59:07.531] [error] [comfyui-geometrypack] Health check: ok
[2026-05-10 03:59:07.537] [error] 

[2026-05-10 03:59:07.640] [error] [worker:comfyui-geometrypack] INFO: Layout: side_by_side, Mode: fields

[2026-05-10 03:59:07.649] [error] [worker:comfyui-geometrypack] INFO: Mesh 1: Mesh - 36696 vertices, 73216 faces

[2026-05-10 03:59:07.652] [error] [worker:comfyui-geometrypack] INFO: Mesh 2: Mesh - 32327 vertices, 50000 faces
[2026-05-10 03:59:07.654] [error] 

[2026-05-10 03:59:07.661] [error] [worker:comfyui-geometrypack] INFO: Mesh 1 fields: []
[2026-05-10 03:59:07.668] [error] 

[2026-05-10 03:59:07.670] [error] [worker:comfyui-geometrypack] INFO: Mesh 2 fields: []
[2026-05-10 03:59:07.684] [error] 

[2026-05-10 03:59:07.687] [error] [worker:comfyui-geometrypack] INFO: Common fields: []

[2026-05-10 03:59:07.695] [error] [worker:comfyui-geometrypack] INFO: Mesh 1 visual: kind=None, texture=False, vertex_colors=False
[2026-05-10 03:59:07.698] [error] 

[2026-05-10 03:59:07.699] [error] [worker:comfyui-geometrypack] INFO: Mesh 2 visual: kind=None, texture=False, vertex_colors=False
[2026-05-10 03:59:07.701] [error] 

[2026-05-10 03:59:07.767] [error] [worker:comfyui-geometrypack] INFO: Exported STL: /Users/runner/Documents/ComfyUI/output/preview_dual_1_16329b40.stl

[2026-05-10 03:59:07.793] [error] [worker:comfyui-geometrypack] INFO: Exported STL: /Users/runner/Documents/ComfyUI/output/preview_dual_2_16329b40.stl
[2026-05-10 03:59:07.794] [error] 

[2026-05-10 03:59:07.900] [error] [worker:comfyui-geometrypack] INFO: Preview ready

[2026-05-10 03:59:08.040] [info]  Prompt executed in 14.92 seconds

[2026-05-10 03:59:15.994] [error] /Users/runner/Documents/ComfyUI/.ce/.pixi/envs/geometrypack-nodes/lib/python3.12/multiprocessing/resource_tracker.py:279: UserWarning: resource_tracker: There appear to be 2 leaked shared_memory objects to clean up at shutdown
  warnings.warn('resource_tracker: There appear to be %d '
/Users/runner/Documents/ComfyUI/.ce/.pixi/envs/geometrypack-nodes/lib/python3.12/multiprocessing/resource_tracker.py:292: UserWarning: resource_tracker: '/psm_73103a4c': [Errno 2] No such file or directory: '/psm_73103a4c'
  warnings.warn('resource_tracker: %r: %s' % (name, e))
/Users/runner/Documents/ComfyUI/.ce/.pixi/envs/geometrypack-nodes/lib/python3.12/multiprocessing/resource_tracker.py:292: UserWarning: resource_tracker: '/psm_b3a2f061': [Errno 2] No such file or directory: '/psm_b3a2f061'
  warnings.warn('resource_tracker: %r: %s' % (name, e))

