[2026-05-18 19:01:38.270] [info]  setup plugin alembic.autogenerate.schemas

[2026-05-18 19:01:38.274] [info]  setup plugin alembic.autogenerate.tables
setup plugin alembic.autogenerate.types

[2026-05-18 19:01:38.277] [info]  setup plugin alembic.autogenerate.constraints

[2026-05-18 19:01:38.279] [info]  setup plugin alembic.autogenerate.defaults
setup plugin alembic.autogenerate.comments

[2026-05-18 19:01:38.413] [info]  Could not autodetect AIMDO implementation, assuming Nvidia

[2026-05-18 19:01:38.421] [info]  comfy-aimdo unsupported operating system: Darwin
NOTE: comfy-aimdo currently only supports Windows and Linux

[2026-05-18 19:01:38.706] [info]  Adding extra search path custom_nodes /Users/runner/Documents/ComfyUI/custom_nodes
Adding extra search path download_model_base /Users/runner/Documents/ComfyUI/models
Adding extra search path custom_nodes /Users/runner/.comfy-test-cache/desktop/ComfyUI.app/Contents/Resources/ComfyUI/custom_nodes

[2026-05-18 19:01:38.711] [info]  Setting output directory to: /Users/runner/Documents/ComfyUI/output
Setting input directory to: /Users/runner/Documents/ComfyUI/input

[2026-05-18 19:01:38.751] [info]  Setting user directory to: /Users/runner/Documents/ComfyUI/user

[2026-05-18 19:01:39.245] [info]  [START] Security scan
[ComfyUI-Manager] Using uv as Python module for pip operations.

[2026-05-18 19:01:39.407] [info]  [DONE] Security scan
** ComfyUI startup time: 2026-05-18 19:01:39.406

[2026-05-18 19:01:39.407] [info]  ** Platform: Darwin
** Python version: 3.12.11 (main, Aug 18 2025, 19:02:39) [Clang 20.1.4 ]
** Python executable: /Users/runner/Documents/ComfyUI/.venv/bin/python
** ComfyUI Path: /Users/runner/.comfy-test-cache/desktop/ComfyUI.app/Contents/Resources/ComfyUI
** ComfyUI Base Folder Path: /Users/runner/.comfy-test-cache/desktop/ComfyUI.app/Contents/Resources/ComfyUI
** User directory: /Users/runner/Documents/ComfyUI/user
** ComfyUI-Manager config path: /Users/runner/Documents/ComfyUI/user/__manager/config.ini
** Log path: /Users/runner/Documents/ComfyUI/user/comfyui.log

[2026-05-18 19:01:39.559] [info]  [ComfyUI-Manager] Skipped fixing the 'comfyui-frontend-package' dependency because the ComfyUI is outdated.

[2026-05-18 19:01:39.562] [info]  [PRE] ComfyUI-Manager

[2026-05-18 19:01:45.293] [info]  Found comfy_kitchen backend eager: {'available': True, 'disabled': False, 'unavailable_reason': None, 'capabilities': ['apply_rope', 'apply_rope1', 'dequantize_mxfp8', 'dequantize_nvfp4', 'dequantize_per_tensor_fp8', 'quantize_mxfp8', 'quantize_nvfp4', 'quantize_per_tensor_fp8', 'scaled_mm_mxfp8', 'scaled_mm_nvfp4']}

[2026-05-18 19:01:45.297] [info]  Found comfy_kitchen backend cuda: {'available': False, 'disabled': True, 'unavailable_reason': 'Extension file not found: /Users/runner/Documents/ComfyUI/.venv/lib/python3.12/site-packages/comfy_kitchen/backends/cuda/_C.abi3.so', 'capabilities': []}
Found comfy_kitchen backend triton: {'available': False, 'disabled': True, 'unavailable_reason': "ImportError: No module named 'triton'", 'capabilities': []}

[2026-05-18 19:01:45.444] [info]  Checkpoint files will always be loaded safely.

[2026-05-18 19:01:45.509] [info]  Total VRAM 7168 MB, total RAM 7168 MB

[2026-05-18 19:01:45.511] [info]  pytorch version: 2.10.0

[2026-05-18 19:01:45.523] [info]  Mac Version (15, 7, 4)

[2026-05-18 19:01:45.527] [info]  Set vram state to: SHARED

[2026-05-18 19:01:45.529] [info]  Device: mps

[2026-05-18 19:01:46.233] [info]  Using sub quadratic optimization for attention, if you have memory or speed issues try using: --use-split-cross-attention

[2026-05-18 19:01:53.028] [info]  Python version: 3.12.11 (main, Aug 18 2025, 19:02:39) [Clang 20.1.4 ]

[2026-05-18 19:01:53.031] [info]  ComfyUI version: 0.21.1

[2026-05-18 19:01:53.043] [info]  comfy-aimdo version: 0.3.0

[2026-05-18 19:01:53.091] [info]  comfy-kitchen version: 0.2.8

[2026-05-18 19:01:53.098] [info]  [Prompt Server] web root: /Users/runner/.comfy-test-cache/desktop/ComfyUI.app/Contents/Resources/ComfyUI/web_custom_versions/desktop_app

[2026-05-18 19:01:53.113] [info]  Asset seeder disabled

[2026-05-18 19:01:53.126] [info]  [START] ComfyUI-Manager

[2026-05-18 19:01:53.596] [info]  [ComfyUI-Manager] Using GitPython backend
[2026-05-18 19:01:53.599] [info]  

[2026-05-18 19:01:53.792] [info]  [ComfyUI-Manager] network_mode: public

[2026-05-18 19:01:53.815] [info]  [ComfyUI-Manager] The matrix sharing feature has been disabled because the `matrix-nio` dependency is not installed.
	To use this feature, please run the following command:
	/Users/runner/Documents/ComfyUI/.venv/bin/python -m pip install matrix-nio


[2026-05-18 19:01:58.295] [info]  
Import times for custom nodes:

[2026-05-18 19:01:58.298] [info]     0.0 seconds: /Users/runner/.comfy-test-cache/desktop/ComfyUI.app/Contents/Resources/ComfyUI/custom_nodes/websocket_image_save.py


[2026-05-18 19:01:58.311] [info]  Context impl SQLiteImpl.

[2026-05-18 19:01:58.312] [info]  Will assume non-transactional DDL.

[2026-05-18 19:01:58.506] [info]  Starting server


[2026-05-18 19:01:58.511] [info]  To see the GUI go to: http://127.0.0.1:8000

