** ComfyUI startup time: 2026-05-18 19:06:02.142
[2026-05-18 19:06:02.145] ** Platform: Darwin
[2026-05-18 19:06:02.148] ** Python version: 3.12.11 (main, Aug 18 2025, 19:02:39) [Clang 20.1.4 ]
[2026-05-18 19:06:02.178] ** Python executable: /Users/runner/Documents/ComfyUI/.venv/bin/python
[2026-05-18 19:06:02.178] ** ComfyUI Path: /Users/runner/.comfy-test-cache/desktop/ComfyUI.app/Contents/Resources/ComfyUI
[2026-05-18 19:06:02.178] ** ComfyUI Base Folder Path: /Users/runner/.comfy-test-cache/desktop/ComfyUI.app/Contents/Resources/ComfyUI
[2026-05-18 19:06:02.178] ** User directory: /Users/runner/Documents/ComfyUI/user
[2026-05-18 19:06:02.180] ** ComfyUI-Manager config path: /Users/runner/Documents/ComfyUI/user/__manager/config.ini
[2026-05-18 19:06:02.180] ** Log path: /Users/runner/Documents/ComfyUI/user/comfyui.log
[ComfyUI-Manager] Skipped fixing the 'comfyui-frontend-package' dependency because the ComfyUI is outdated.
[2026-05-18 19:06:02.615] [PRE] ComfyUI-Manager
[2026-05-18 19:06:12.309] Found comfy_kitchen backend eager: {'available': True, 'disabled': False, 'unavailable_reason': None, 'capabilities': ['apply_rope', 'apply_rope1', 'dequantize_mxfp8', 'dequantize_nvfp4', 'dequantize_per_tensor_fp8', 'quantize_mxfp8', 'quantize_nvfp4', 'quantize_per_tensor_fp8', 'scaled_mm_mxfp8', 'scaled_mm_nvfp4']}
[2026-05-18 19:06:12.310] Found comfy_kitchen backend triton: {'available': False, 'disabled': True, 'unavailable_reason': "ImportError: No module named 'triton'", 'capabilities': []}
[2026-05-18 19:06:12.311] Found comfy_kitchen backend cuda: {'available': False, 'disabled': True, 'unavailable_reason': 'Extension file not found: /Users/runner/Documents/ComfyUI/.venv/lib/python3.12/site-packages/comfy_kitchen/backends/cuda/_C.abi3.so', 'capabilities': []}
[2026-05-18 19:06:12.489] Checkpoint files will always be loaded safely.
[2026-05-18 19:06:12.674] Total VRAM 7168 MB, total RAM 7168 MB
[2026-05-18 19:06:12.677] pytorch version: 2.10.0
[2026-05-18 19:06:12.699] Mac Version (15, 7, 4)
[2026-05-18 19:06:12.704] Set vram state to: SHARED
[2026-05-18 19:06:12.704] Device: mps
[2026-05-18 19:06:14.778] Using sub quadratic optimization for attention, if you have memory or speed issues try using: --use-split-cross-attention
[2026-05-18 19:06:24.238] Python version: 3.12.11 (main, Aug 18 2025, 19:02:39) [Clang 20.1.4 ]
[2026-05-18 19:06:24.240] ComfyUI version: 0.21.1
[2026-05-18 19:06:24.248] comfy-aimdo version: 0.3.0
[2026-05-18 19:06:24.263] comfy-kitchen version: 0.2.8
[2026-05-18 19:06:24.424] [Prompt Server] web root: /Users/runner/.comfy-test-cache/desktop/ComfyUI.app/Contents/Resources/ComfyUI/web_custom_versions/desktop_app
[2026-05-18 19:06:24.437] Asset seeder disabled
[2026-05-18 19:06:24.442] [START] ComfyUI-Manager
[2026-05-18 19:06:24.704] [ComfyUI-Manager] Using GitPython backend
[2026-05-18 19:06:24.838] [ComfyUI-Manager] network_mode: public
[2026-05-18 19:06:24.847] [ComfyUI-Manager] The matrix sharing feature has been disabled because the `matrix-nio` dependency is not installed.
	To use this feature, please run the following command:
	/Users/runner/Documents/ComfyUI/.venv/bin/python -m pip install matrix-nio

[2026-05-18 19:06:28.455] 
Import times for custom nodes:
[2026-05-18 19:06:28.459]    0.0 seconds: /Users/runner/.comfy-test-cache/desktop/ComfyUI.app/Contents/Resources/ComfyUI/custom_nodes/websocket_image_save.py
[2026-05-18 19:06:28.459] 
[2026-05-18 19:06:28.479] Context impl SQLiteImpl.
[2026-05-18 19:06:28.481] Will assume non-transactional DDL.
[2026-05-18 19:06:28.618] Starting server

[2026-05-18 19:06:28.621] To see the GUI go to: http://127.0.0.1:8000
