[2026-05-18 18:45:50.401] [info]  setup plugin alembic.autogenerate.schemas
setup plugin alembic.autogenerate.tables

[2026-05-18 18:45:50.411] [info]  setup plugin alembic.autogenerate.types
setup plugin alembic.autogenerate.constraints
setup plugin alembic.autogenerate.defaults
setup plugin alembic.autogenerate.comments

[2026-05-18 18:45:50.587] [info]  Could not autodetect AIMDO implementation, assuming Nvidia

[2026-05-18 18:45:50.591] [info]  comfy-aimdo unsupported operating system: Darwin
NOTE: comfy-aimdo currently only supports Windows and Linux

[2026-05-18 18:45:50.904] [info]  Adding extra search path custom_nodes /Users/runner/Documents/ComfyUI/custom_nodes

[2026-05-18 18:45:50.907] [info]  Adding extra search path download_model_base /Users/runner/Documents/ComfyUI/models
Adding extra search path custom_nodes /Users/runner/.comfy-test-cache/desktop/ComfyUI.app/Contents/Resources/ComfyUI/custom_nodes
Setting output directory to: /Users/runner/Documents/ComfyUI/output
Setting input directory to: /Users/runner/Documents/ComfyUI/input
Setting user directory to: /Users/runner/Documents/ComfyUI/user

[2026-05-18 18:45:51.700] [info]  [START] Security scan
[ComfyUI-Manager] Using uv as Python module for pip operations.

[2026-05-18 18:45:51.991] [info]  [DONE] Security scan
** ComfyUI startup time: 
[2026-05-18 18:45:51.993] [info]  2026-05-18 18:45:51.989
** Platform:
[2026-05-18 18:45:51.995] [info]   
[2026-05-18 18:45:52.005] [info]  Darwin
[2026-05-18 18:45:52.009] [info]  

[2026-05-18 18:45:52.013] [info]  ** Python version: 3.12.11 (main, Aug 18 2025, 19:02:39) [Clang 20.1.4 ]
[2026-05-18 18:45:52.018] [info]  

[2026-05-18 18:45:52.021] [info]  ** Python executable: /Users/runner/Documents/ComfyUI/.venv/bin/python
[2026-05-18 18:45:52.023] [info]  

[2026-05-18 18:45:52.025] [info]  ** ComfyUI Path:
[2026-05-18 18:45:52.026] [info]   
[2026-05-18 18:45:52.027] [info]  /Users/runner/.comfy-test-cache/desktop/ComfyUI.app/Contents/Resources/ComfyUI
[2026-05-18 18:45:52.028] [info]  

[2026-05-18 18:45:52.029] [info]  ** ComfyUI Base Folder Path: 
[2026-05-18 18:45:52.040] [info]  /Users/runner/.comfy-test-cache/desktop/ComfyUI.app/Contents/Resources/ComfyUI
[2026-05-18 18:45:52.042] [info]  

[2026-05-18 18:45:52.043] [info]  ** User directory:
[2026-05-18 18:45:52.043] [info]   /Users/runner/Documents/ComfyUI/user
[2026-05-18 18:45:52.044] [info]  

[2026-05-18 18:45:52.045] [info]  ** ComfyUI-Manager config path:
[2026-05-18 18:45:52.052] [info]   
[2026-05-18 18:45:52.054] [info]  /Users/runner/Documents/ComfyUI/user/__manager/config.ini
[2026-05-18 18:45:52.056] [info]  

[2026-05-18 18:45:52.057] [info]  ** Log path:
[2026-05-18 18:45:52.058] [info]   
[2026-05-18 18:45:52.059] [info]  /Users/runner/Documents/ComfyUI/user/comfyui.log
[2026-05-18 18:45:52.060] [info]  

[2026-05-18 18:45:52.423] [info]  [ComfyUI-Manager] Skipped fixing the 'comfyui-frontend-package' dependency because the ComfyUI is outdated.

[2026-05-18 18:45:52.426] [info]  [PRE] ComfyUI-Manager

[2026-05-18 18:45:58.087] [info]  Found comfy_kitchen backend eager: {'available': True, 'disabled': False, 'unavailable_reason': None, 'capabilities': ['apply_rope', 'apply_rope1', 'dequantize_mxfp8', 'dequantize_nvfp4', 'dequantize_per_tensor_fp8', 'quantize_mxfp8', 'quantize_nvfp4', 'quantize_per_tensor_fp8', 'scaled_mm_mxfp8', 'scaled_mm_nvfp4']}

[2026-05-18 18:45:58.094] [info]  Found comfy_kitchen backend cuda: {'available': False, 'disabled': True, 'unavailable_reason': 'Extension file not found: /Users/runner/Documents/ComfyUI/.venv/lib/python3.12/site-packages/comfy_kitchen/backends/cuda/_C.abi3.so', 'capabilities': []}

[2026-05-18 18:45:58.097] [info]  Found comfy_kitchen backend triton: {'available': False, 'disabled': True, 'unavailable_reason': "ImportError: No module named 'triton'", 'capabilities': []}

[2026-05-18 18:45:58.182] [info]  Checkpoint files will always be loaded safely.

[2026-05-18 18:45:58.281] [info]  Total VRAM 7168 MB, total RAM 7168 MB

[2026-05-18 18:45:58.288] [info]  pytorch version: 2.10.0

[2026-05-18 18:45:58.316] [info]  Mac Version (15, 7, 4)

[2026-05-18 18:45:58.330] [info]  Set vram state to: SHARED

[2026-05-18 18:45:58.332] [info]  Device: mps

[2026-05-18 18:45:59.244] [info]  Using sub quadratic optimization for attention, if you have memory or speed issues try using: --use-split-cross-attention

[2026-05-18 18:46:05.632] [info]  Python version: 3.12.11 (main, Aug 18 2025, 19:02:39) [Clang 20.1.4 ]

[2026-05-18 18:46:05.635] [info]  ComfyUI version: 0.21.1

[2026-05-18 18:46:05.644] [info]  comfy-aimdo version: 0.3.0

[2026-05-18 18:46:05.647] [info]  comfy-kitchen version: 0.2.8

[2026-05-18 18:46:05.650] [info]  [Prompt Server] web root: /Users/runner/.comfy-test-cache/desktop/ComfyUI.app/Contents/Resources/ComfyUI/web_custom_versions/desktop_app

[2026-05-18 18:46:05.653] [info]  Asset seeder disabled

[2026-05-18 18:46:05.667] [info]  [START] ComfyUI-Manager

[2026-05-18 18:46:05.847] [info]  [ComfyUI-Manager] Using GitPython backend
[2026-05-18 18:46:05.849] [info]  

[2026-05-18 18:46:05.933] [info]  [ComfyUI-Manager] network_mode: public

[2026-05-18 18:46:05.943] [info]  [ComfyUI-Manager] The matrix sharing feature has been disabled because the `matrix-nio` dependency is not installed.
	To use this feature, please run the following command:
	/Users/runner/Documents/ComfyUI/.venv/bin/python -m pip install matrix-nio


[2026-05-18 18:46:08.509] [info]  
Import times for custom nodes:

[2026-05-18 18:46:08.511] [info]     0.0 seconds: /Users/runner/.comfy-test-cache/desktop/ComfyUI.app/Contents/Resources/ComfyUI/custom_nodes/websocket_image_save.py

[2026-05-18 18:46:08.513] [info]  

[2026-05-18 18:46:08.525] [info]  Context impl SQLiteImpl.

[2026-05-18 18:46:08.528] [info]  Will assume non-transactional DDL.

[2026-05-18 18:46:08.628] [info]  Starting server


[2026-05-18 18:46:08.632] [info]  To see the GUI go to: http://127.0.0.1:8000

