[2026-05-18 19:05:16.445] [info]  setup plugin alembic.autogenerate.schemas

[2026-05-18 19:05:16.448] [info]  setup plugin alembic.autogenerate.tables

[2026-05-18 19:05:16.449] [info]  setup plugin alembic.autogenerate.types

[2026-05-18 19:05:16.470] [info]  setup plugin alembic.autogenerate.constraints

[2026-05-18 19:05:16.473] [info]  setup plugin alembic.autogenerate.defaults

[2026-05-18 19:05:16.475] [info]  setup plugin alembic.autogenerate.comments

[2026-05-18 19:05:16.603] [info]  Could not autodetect AIMDO implementation, assuming Nvidia

[2026-05-18 19:05:16.605] [info]  comfy-aimdo unsupported operating system: Darwin

[2026-05-18 19:05:16.606] [info]  NOTE: comfy-aimdo currently only supports Windows and Linux

[2026-05-18 19:05:16.998] [info]  Adding extra search path custom_nodes /Users/runner/Documents/ComfyUI/custom_nodes

[2026-05-18 19:05:17.002] [info]  Adding extra search path download_model_base /Users/runner/Documents/ComfyUI/models
Adding extra search path custom_nodes /Users/runner/.comfy-test-cache/desktop/ComfyUI.app/Contents/Resources/ComfyUI/custom_nodes
Setting output directory to: /Users/runner/Documents/ComfyUI/output

[2026-05-18 19:05:17.004] [info]  Setting input directory to: /Users/runner/Documents/ComfyUI/input

[2026-05-18 19:05:17.005] [info]  Setting user directory to: /Users/runner/Documents/ComfyUI/user

[2026-05-18 19:05:17.511] [info]  [START] Security scan
[ComfyUI-Manager] Using uv as Python module for pip operations.

[2026-05-18 19:05:17.744] [info]  [DONE] Security scan
** ComfyUI startup time:
[2026-05-18 19:05:17.746] [info]   2026-05-18 19:05:17.744
[2026-05-18 19:05:17.747] [info]  

[2026-05-18 19:05:17.748] [info]  ** Platform:
[2026-05-18 19:05:17.754] [info]   
[2026-05-18 19:05:17.756] [info]  Darwin
[2026-05-18 19:05:17.760] [info]  

[2026-05-18 19:05:17.764] [info]  ** Python version:
[2026-05-18 19:05:17.765] [info]   3.12.11 (main, Aug 18 2025, 19:02:39) [Clang 20.1.4 ]
[2026-05-18 19:05:17.766] [info]  
** Python executable:
[2026-05-18 19:05:17.782] [info]   /Users/runner/Documents/ComfyUI/.venv/bin/python
[2026-05-18 19:05:17.790] [info]  
** ComfyUI Path: /Users/runner/.comfy-test-cache/desktop/ComfyUI.app/Contents/Resources/ComfyUI
[2026-05-18 19:05:17.795] [info]  
** ComfyUI Base Folder Path: 
[2026-05-18 19:05:17.804] [info]  /Users/runner/.comfy-test-cache/desktop/ComfyUI.app/Contents/Resources/ComfyUI
** User directory: /Users/runner/Documents/ComfyUI/user
** ComfyUI-Manager config path: /Users/runner/Documents/ComfyUI/user/__manager/config.ini
** Log path: /Users/runner/Documents/ComfyUI/user/comfyui.log

[2026-05-18 19:05:18.027] [info]  [ComfyUI-Manager] Skipped fixing the 'comfyui-frontend-package' dependency because the ComfyUI is outdated.

[2026-05-18 19:05:18.030] [info]  [PRE] ComfyUI-Manager

[2026-05-18 19:05:22.160] [info]  Found comfy_kitchen backend eager: {'available': True, 'disabled': False, 'unavailable_reason': None, 'capabilities': ['apply_rope', 'apply_rope1', 'dequantize_mxfp8', 'dequantize_nvfp4', 'dequantize_per_tensor_fp8', 'quantize_mxfp8', 'quantize_nvfp4', 'quantize_per_tensor_fp8', 'scaled_mm_mxfp8', 'scaled_mm_nvfp4']}

[2026-05-18 19:05:22.162] [info]  Found comfy_kitchen backend cuda: {'available': False, 'disabled': True, 'unavailable_reason': 'Extension file not found: /Users/runner/Documents/ComfyUI/.venv/lib/python3.12/site-packages/comfy_kitchen/backends/cuda/_C.abi3.so', 'capabilities': []}

[2026-05-18 19:05:22.163] [info]  Found comfy_kitchen backend triton: {'available': False, 'disabled': True, 'unavailable_reason': "ImportError: No module named 'triton'", 'capabilities': []}

[2026-05-18 19:05:22.215] [info]  Checkpoint files will always be loaded safely.

[2026-05-18 19:05:22.272] [info]  Total VRAM 7168 MB, total RAM 7168 MB

[2026-05-18 19:05:22.274] [info]  pytorch version: 2.10.0

[2026-05-18 19:05:22.279] [info]  Mac Version (15, 7, 4)

[2026-05-18 19:05:22.282] [info]  Set vram state to: SHARED

[2026-05-18 19:05:22.305] [info]  Device: mps

[2026-05-18 19:05:23.020] [info]  Using sub quadratic optimization for attention, if you have memory or speed issues try using: --use-split-cross-attention

[2026-05-18 19:05:27.566] [info]  Python version: 3.12.11 (main, Aug 18 2025, 19:02:39) [Clang 20.1.4 ]

[2026-05-18 19:05:27.573] [info]  ComfyUI version: 0.21.1

[2026-05-18 19:05:27.578] [info]  comfy-aimdo version: 0.3.0

[2026-05-18 19:05:27.581] [info]  comfy-kitchen version: 0.2.8

[2026-05-18 19:05:27.583] [info]  [Prompt Server] web root: /Users/runner/.comfy-test-cache/desktop/ComfyUI.app/Contents/Resources/ComfyUI/web_custom_versions/desktop_app

[2026-05-18 19:05:27.598] [info]  Asset seeder disabled

[2026-05-18 19:05:27.600] [info]  [START] ComfyUI-Manager

[2026-05-18 19:05:27.803] [info]  [ComfyUI-Manager] Using GitPython backend
[2026-05-18 19:05:27.805] [info]  

[2026-05-18 19:05:27.910] [info]  [ComfyUI-Manager] network_mode: public

[2026-05-18 19:05:27.916] [info]  [ComfyUI-Manager] The matrix sharing feature has been disabled because the `matrix-nio` dependency is not installed.
	To use this feature, please run the following command:
	/Users/runner/Documents/ComfyUI/.venv/bin/python -m pip install matrix-nio


[2026-05-18 19:05:30.488] [info]  
Import times for custom nodes:

[2026-05-18 19:05:30.490] [info]     0.0 seconds: /Users/runner/.comfy-test-cache/desktop/ComfyUI.app/Contents/Resources/ComfyUI/custom_nodes/websocket_image_save.py

[2026-05-18 19:05:30.493] [info]  

[2026-05-18 19:05:30.499] [info]  Context impl SQLiteImpl.

[2026-05-18 19:05:30.506] [info]  Will assume non-transactional DDL.

[2026-05-18 19:05:30.606] [info]  Starting server


[2026-05-18 19:05:30.609] [info]  To see the GUI go to: http://127.0.0.1:8000

