[2026-05-10 22:27:04.328] [info]  setup plugin alembic.autogenerate.schemas
setup plugin alembic.autogenerate.tables
setup plugin alembic.autogenerate.types

[2026-05-10 22:27:04.329] [info]  setup plugin alembic.autogenerate.constraints
setup plugin alembic.autogenerate.defaults
setup plugin alembic.autogenerate.comments

[2026-05-10 22:27:04.404] [info]  comfy-aimdo os not supported Darwin
NOTE: comfy-aimdo is currently only support for Windows and Linux

[2026-05-10 22:27:04.571] [info]  Adding extra search path custom_nodes /Users/runner/Documents/ComfyUI/custom_nodes
Adding extra search path download_model_base /Users/runner/Documents/ComfyUI/models
Adding extra search path custom_nodes /Users/runner/.comfy-test-cache/desktop/ComfyUI.app/Contents/Resources/ComfyUI/custom_nodes
Setting output directory to: /Users/runner/Documents/ComfyUI/output
Setting input directory to: /Users/runner/Documents/ComfyUI/input
Setting user directory to: /Users/runner/Documents/ComfyUI/user

[2026-05-10 22:27:04.916] [info]  [START] Security scan
[ComfyUI-Manager] Using uv as Python module for pip operations.

[2026-05-10 22:27:05.059] [info]  [DONE] Security scan
** ComfyUI startup time: 2026-05-10 22:27:05.058
** Platform:
[2026-05-10 22:27:05.061] [info]   Darwin
** Python version: 3.12.11 (main, Aug 18 2025, 19:02:39) [Clang 20.1.4 ]
** Python executable: /Users/runner/Documents/ComfyUI/.venv/bin/python
** ComfyUI Path: /Users/runner/.comfy-test-cache/desktop/ComfyUI.app/Contents/Resources/ComfyUI
** ComfyUI Base Folder Path: /Users/runner/.comfy-test-cache/desktop/ComfyUI.app/Contents/Resources/ComfyUI
** User directory: /Users/runner/Documents/ComfyUI/user
** ComfyUI-Manager config path: /Users/runner/Documents/ComfyUI/user/__manager/config.ini
** Log path: /Users/runner/Documents/ComfyUI/user/comfyui.log

[2026-05-10 22:27:05.161] [info]  [ComfyUI-Manager] Skipped fixing the 'comfyui-frontend-package' dependency because the ComfyUI is outdated.

[2026-05-10 22:27:05.162] [info]  [PRE] ComfyUI-Manager

[2026-05-10 22:27:05.401] [error] [comfy-env] comfyui-geometrypack: 1 isolation env(s):
[2026-05-10 22:27:05.403] [error] 
[comfy-env]   nodes -> /Users/runner/Documents/ComfyUI/custom_nodes/comfyui-geometrypack/nodes

[2026-05-10 22:27:06.648] [error] [comfy-env] prestartup complete

[2026-05-10 22:27:06.671] [info]  WARNING: Potential Error in code: Torch already imported, torch should never be imported before this point.

[2026-05-10 22:27:07.752] [info]  Found comfy_kitchen backend triton: {'available': False, 'disabled': True, 'unavailable_reason': "ImportError: No module named 'triton'", 'capabilities': []}
Found comfy_kitchen backend eager: {'available': True, 'disabled': False, 'unavailable_reason': None, 'capabilities': ['apply_rope', 'apply_rope1', 'dequantize_mxfp8', 'dequantize_nvfp4', 'dequantize_per_tensor_fp8', 'quantize_mxfp8', 'quantize_nvfp4', 'quantize_per_tensor_fp8', 'scaled_mm_mxfp8', 'scaled_mm_nvfp4']}
Found comfy_kitchen backend cuda: {'available': False, 'disabled': True, 'unavailable_reason': 'Extension file not found: /Users/runner/Documents/ComfyUI/.venv/lib/python3.12/site-packages/comfy_kitchen/backends/cuda/_C.abi3.so', 'capabilities': []}

[2026-05-10 22:27:07.787] [info]  Checkpoint files will always be loaded safely.

[2026-05-10 22:27:07.842] [info]  Total VRAM 7168 MB, total RAM 7168 MB
pytorch version: 2.10.0

[2026-05-10 22:27:07.849] [info]  Mac Version (15, 7, 4)

[2026-05-10 22:27:07.852] [info]  Set vram state to: SHARED
Device: mps

[2026-05-10 22:27:08.256] [info]  Using sub quadratic optimization for attention, if you have memory or speed issues try using: --use-split-cross-attention

[2026-05-10 22:27:11.265] [info]  Python version: 3.12.11 (main, Aug 18 2025, 19:02:39) [Clang 20.1.4 ]
ComfyUI version: 0.20.1

[2026-05-10 22:27:11.267] [info]  comfy-aimdo version: 0.2.14
comfy-kitchen version: 0.2.8
[Prompt Server] web root: /Users/runner/.comfy-test-cache/desktop/ComfyUI.app/Contents/Resources/ComfyUI/web_custom_versions/desktop_app
Asset seeder disabled

[2026-05-10 22:27:11.268] [info]  [START] ComfyUI-Manager

[2026-05-10 22:27:11.374] [info]  [ComfyUI-Manager] Using GitPython backend

[2026-05-10 22:27:11.420] [info]  [ComfyUI-Manager] network_mode: public

[2026-05-10 22:27:11.429] [info]  [ComfyUI-Manager] The matrix sharing feature has been disabled because the `matrix-nio` dependency is not installed.
	To use this feature, please run the following command:
	/Users/runner/Documents/ComfyUI/.venv/bin/python -m pip install matrix-nio


[2026-05-10 22:27:12.770] [info]  loading...

[2026-05-10 22:27:12.772] [info]  calling register_nodes

[2026-05-10 22:27:12.780] [error] [comfy-env] Version: 0.3.82
[2026-05-10 22:27:12.781] [error] 

[2026-05-10 22:27:12.781] [info]  [comfy-env] Removed stale socket: /var/folders/tb/y368xp_x10s3ty1b_mtl5mxr0000gn/T/comfy_worker_13a87df7d083.sock

[2026-05-10 22:27:12.857] [info]  [comfy-env] Removed stale temp dir: /var/folders/tb/y368xp_x10s3ty1b_mtl5mxr0000gn/T/comfyui_pvenv_uniy5k8h

[2026-05-10 22:27:12.988] [error] [comfy-env] register_nodes: comfyui-geometrypack

[2026-05-10 22:27:12.996] [error] [comfy-env] ComfyUI source dir: /Users/runner/.comfy-test-cache/desktop/ComfyUI.app/Contents/Resources/ComfyUI

[2026-05-10 22:27:13.025] [error] [comfy-env] Scanning nodes metadata (isolation root)...

[2026-05-10 22:27:13.039] [error] [comfy-env] Cache hit for nodes: 125 nodes
[2026-05-10 22:27:13.042] [error] 

[2026-05-10 22:27:13.044] [error] [comfy-env] Scanned nodes root: 125 nodes (0.0s)

[2026-05-10 22:27:13.049] [error] [comfy-env] Imported nodes root: 125 nodes (isolation)

[2026-05-10 22:27:13.050] [error] [comfy-env] Registered 125 total nodes

[2026-05-10 22:27:13.052] [info]  
Import times for custom nodes:
   0.0 seconds: /Users/runner/.comfy-test-cache/desktop/ComfyUI.app/Contents/Resources/ComfyUI/custom_nodes/websocket_image_save.py
   0.3 seconds: /Users/runner/Documents/ComfyUI/custom_nodes/comfyui-geometrypack


[2026-05-10 22:27:13.061] [info]  Context impl SQLiteImpl.
Will assume non-transactional DDL.

[2026-05-10 22:27:13.127] [info]  Starting server


[2026-05-10 22:27:13.129] [info]  To see the GUI go to: http://127.0.0.1:8000

[2026-05-10 22:27:15.050] [info]  [ComfyUI-Manager] The ComfyRegistry cache update is still in progress, so an outdated cache is being used.

[2026-05-10 22:27:15.188] [info]  FETCH DATA from: /Users/runner/Documents/ComfyUI/.venv/lib/python3.12/site-packages/comfyui_manager/custom-node-list.json
[2026-05-10 22:27:15.239] [info]   [DONE]

[2026-05-10 22:27:16.994] [info]  [ComfyUI-Manager] The ComfyRegistry cache update is still in progress, so an outdated cache is being used.

[2026-05-10 22:27:17.092] [info]  FETCH DATA from: /Users/runner/Documents/ComfyUI/.venv/lib/python3.12/site-packages/comfyui_manager/custom-node-list.json
[2026-05-10 22:27:17.120] [info]   [DONE]
[2026-05-10 22:27:17.121] [info]  

[2026-05-10 22:27:39.205] [info]  got prompt

[2026-05-10 22:27:39.209] [error] Failed to validate prompt for output 7:

[2026-05-10 22:27:39.211] [error] * LoadImage 1:
  - Custom validation failed for node: image - Invalid image file: example.png
Output will be ignored
Failed to validate prompt for output 4:
Output will be ignored

[2026-05-10 22:27:39.212] [info]  invalid prompt: {'type': 'prompt_outputs_failed_validation', 'message': 'Prompt outputs failed validation', 'details': '', 'extra_info': {}}

[2026-05-10 22:28:48.851] [info]  FETCH ComfyRegistry Data [DONE]

[2026-05-10 22:28:49.012] [info]  [ComfyUI-Manager] default cache updated: https://api.comfy.org/nodes

[2026-05-10 22:28:49.042] [info]  FETCH DATA from: /Users/runner/Documents/ComfyUI/user/__manager/cache/1514988643_custom-node-list.json
[2026-05-10 22:28:49.059] [info]   [DONE]

[2026-05-10 22:28:49.078] [info]  [ComfyUI-Manager] All startup tasks have been completed.

