[2026-05-18 18:49:14.037] [info]  setup plugin alembic.autogenerate.schemas

[2026-05-18 18:49:14.060] [info]  setup plugin alembic.autogenerate.tables
setup plugin alembic.autogenerate.types
setup plugin alembic.autogenerate.constraints
setup plugin alembic.autogenerate.defaults
setup plugin alembic.autogenerate.comments

[2026-05-18 18:49:14.481] [info]  Could not autodetect AIMDO implementation, assuming Nvidia
comfy-aimdo unsupported operating system: Darwin
NOTE: comfy-aimdo currently only supports Windows and Linux

[2026-05-18 18:49:15.160] [info]  Adding extra search path custom_nodes /Users/runner/Documents/ComfyUI/custom_nodes

[2026-05-18 18:49:15.163] [info]  Adding extra search path download_model_base /Users/runner/Documents/ComfyUI/models
Adding extra search path custom_nodes /Users/runner/.comfy-test-cache/desktop/ComfyUI.app/Contents/Resources/ComfyUI/custom_nodes
Setting output directory to: /Users/runner/Documents/ComfyUI/output
Setting input directory to: /Users/runner/Documents/ComfyUI/input
Setting user directory to: /Users/runner/Documents/ComfyUI/user

[2026-05-18 18:49:16.376] [info]  [START] Security scan
[ComfyUI-Manager] Using uv as Python module for pip operations.

[2026-05-18 18:49:16.774] [info]  [DONE] Security scan
** ComfyUI startup time: 
[2026-05-18 18:49:16.776] [info]  2026-05-18 18:49:16.772

[2026-05-18 18:49:16.777] [info]  ** Platform:
[2026-05-18 18:49:16.779] [info]   
[2026-05-18 18:49:16.780] [info]  Darwin
[2026-05-18 18:49:16.782] [info]  

[2026-05-18 18:49:16.787] [info]  ** Python version:
[2026-05-18 18:49:16.793] [info]   3.12.11 (main, Aug 18 2025, 19:02:39) [Clang 20.1.4 ]

[2026-05-18 18:49:16.795] [info]  ** Python executable:
[2026-05-18 18:49:16.808] [info]   
[2026-05-18 18:49:16.813] [info]  /Users/runner/Documents/ComfyUI/.venv/bin/python
** ComfyUI Path:
[2026-05-18 18:49:16.815] [info]   /Users/runner/.comfy-test-cache/desktop/ComfyUI.app/Contents/Resources/ComfyUI
[2026-05-18 18:49:16.821] [info]  
** ComfyUI Base Folder Path:
[2026-05-18 18:49:16.824] [info]   
[2026-05-18 18:49:16.825] [info]  /Users/runner/.comfy-test-cache/desktop/ComfyUI.app/Contents/Resources/ComfyUI
[2026-05-18 18:49:16.827] [info]  

[2026-05-18 18:49:16.828] [info]  ** User directory:
[2026-05-18 18:49:16.829] [info]   
[2026-05-18 18:49:16.830] [info]  /Users/runner/Documents/ComfyUI/user
[2026-05-18 18:49:16.831] [info]  

[2026-05-18 18:49:16.832] [info]  ** ComfyUI-Manager config path:
[2026-05-18 18:49:16.841] [info]   
[2026-05-18 18:49:16.844] [info]  /Users/runner/Documents/ComfyUI/user/__manager/config.ini
[2026-05-18 18:49:16.846] [info]  

[2026-05-18 18:49:16.847] [info]  ** Log path:
[2026-05-18 18:49:16.848] [info]   
[2026-05-18 18:49:16.853] [info]  /Users/runner/Documents/ComfyUI/user/comfyui.log
[2026-05-18 18:49:16.855] [info]  

[2026-05-18 18:49:17.139] [info]  [ComfyUI-Manager] Skipped fixing the 'comfyui-frontend-package' dependency because the ComfyUI is outdated.

[2026-05-18 18:49:17.143] [info]  [PRE] ComfyUI-Manager

[2026-05-18 18:49:23.121] [info]  Found comfy_kitchen backend cuda: {'available': False, 'disabled': True, 'unavailable_reason': 'Extension file not found: /Users/runner/Documents/ComfyUI/.venv/lib/python3.12/site-packages/comfy_kitchen/backends/cuda/_C.abi3.so', 'capabilities': []}

[2026-05-18 18:49:23.127] [info]  Found comfy_kitchen backend eager: {'available': True, 'disabled': False, 'unavailable_reason': None, 'capabilities': ['apply_rope', 'apply_rope1', 'dequantize_mxfp8', 'dequantize_nvfp4', 'dequantize_per_tensor_fp8', 'quantize_mxfp8', 'quantize_nvfp4', 'quantize_per_tensor_fp8', 'scaled_mm_mxfp8', 'scaled_mm_nvfp4']}

[2026-05-18 18:49:23.130] [info]  Found comfy_kitchen backend triton: {'available': False, 'disabled': True, 'unavailable_reason': "ImportError: No module named 'triton'", 'capabilities': []}

[2026-05-18 18:49:23.241] [info]  Checkpoint files will always be loaded safely.

[2026-05-18 18:49:23.341] [info]  Total VRAM 7168 MB, total RAM 7168 MB

[2026-05-18 18:49:23.349] [info]  pytorch version: 2.10.0

[2026-05-18 18:49:23.375] [info]  Mac Version (15, 7, 4)

[2026-05-18 18:49:23.377] [info]  Set vram state to: SHARED

[2026-05-18 18:49:23.381] [info]  Device: mps

[2026-05-18 18:49:24.466] [info]  Using sub quadratic optimization for attention, if you have memory or speed issues try using: --use-split-cross-attention

[2026-05-18 18:49:31.339] [info]  Python version: 3.12.11 (main, Aug 18 2025, 19:02:39) [Clang 20.1.4 ]

[2026-05-18 18:49:31.350] [info]  ComfyUI version: 0.21.1

[2026-05-18 18:49:31.352] [info]  comfy-aimdo version: 0.3.0

[2026-05-18 18:49:31.354] [info]  comfy-kitchen version: 0.2.8

[2026-05-18 18:49:31.369] [info]  [Prompt Server] web root: /Users/runner/.comfy-test-cache/desktop/ComfyUI.app/Contents/Resources/ComfyUI/web_custom_versions/desktop_app

[2026-05-18 18:49:31.390] [info]  Asset seeder disabled

[2026-05-18 18:49:31.417] [info]  [START] ComfyUI-Manager

[2026-05-18 18:49:31.735] [info]  [ComfyUI-Manager] Using GitPython backend

[2026-05-18 18:49:31.876] [info]  [ComfyUI-Manager] network_mode: public

[2026-05-18 18:49:31.882] [info]  [ComfyUI-Manager] The matrix sharing feature has been disabled because the `matrix-nio` dependency is not installed.
	To use this feature, please run the following command:
	/Users/runner/Documents/ComfyUI/.venv/bin/python -m pip install matrix-nio


[2026-05-18 18:49:35.802] [info]  
Import times for custom nodes:

[2026-05-18 18:49:35.822] [info]     0.0 seconds: /Users/runner/.comfy-test-cache/desktop/ComfyUI.app/Contents/Resources/ComfyUI/custom_nodes/websocket_image_save.py


[2026-05-18 18:49:35.885] [info]  Context impl SQLiteImpl.

[2026-05-18 18:49:35.888] [info]  Will assume non-transactional DDL.

[2026-05-18 18:49:36.154] [info]  Starting server


[2026-05-18 18:49:36.169] [info]  To see the GUI go to: http://127.0.0.1:8000

