[2026-05-10 22:24:03.495] [info]  setup plugin alembic.autogenerate.schemas
setup plugin alembic.autogenerate.tables
setup plugin alembic.autogenerate.types
setup plugin alembic.autogenerate.constraints

[2026-05-10 22:24:03.497] [info]  setup plugin alembic.autogenerate.defaults
setup plugin alembic.autogenerate.comments

[2026-05-10 22:24:03.561] [info]  comfy-aimdo os not supported Darwin
NOTE: comfy-aimdo is currently only support for Windows and Linux

[2026-05-10 22:24:03.702] [info]  Adding extra search path custom_nodes /Users/runner/Documents/ComfyUI/custom_nodes
Adding extra search path download_model_base /Users/runner/Documents/ComfyUI/models
Adding extra search path custom_nodes /Users/runner/.comfy-test-cache/desktop/ComfyUI.app/Contents/Resources/ComfyUI/custom_nodes
Setting output directory to: /Users/runner/Documents/ComfyUI/output

[2026-05-10 22:24:03.703] [info]  Setting input directory to: /Users/runner/Documents/ComfyUI/input
Setting user directory to: /Users/runner/Documents/ComfyUI/user

[2026-05-10 22:24:04.049] [info]  [START] Security scan
[ComfyUI-Manager] Using uv as Python module for pip operations.

[2026-05-10 22:24:04.222] [info]  [DONE] Security scan
** ComfyUI startup time: 2026-05-10 22:24:04.222
** Platform: 
[2026-05-10 22:24:04.224] [info]  Darwin
** Python version: 3.12.11 (main, Aug 18 2025, 19:02:39) [Clang 20.1.4 ]
** Python executable: /Users/runner/Documents/ComfyUI/.venv/bin/python
** ComfyUI Path: /Users/runner/.comfy-test-cache/desktop/ComfyUI.app/Contents/Resources/ComfyUI
** ComfyUI Base Folder Path: /Users/runner/.comfy-test-cache/desktop/ComfyUI.app/Contents/Resources/ComfyUI
** User directory: /Users/runner/Documents/ComfyUI/user
** ComfyUI-Manager config path: /Users/runner/Documents/ComfyUI/user/__manager/config.ini
** Log path: /Users/runner/Documents/ComfyUI/user/comfyui.log

[2026-05-10 22:24:04.335] [info]  [ComfyUI-Manager] Skipped fixing the 'comfyui-frontend-package' dependency because the ComfyUI is outdated.

[2026-05-10 22:24:04.336] [info]  [PRE] ComfyUI-Manager

[2026-05-10 22:24:04.648] [error] [comfy-env] comfyui-geometrypack: 1 isolation env(s):

[2026-05-10 22:24:04.650] [error] [comfy-env]   nodes -> /Users/runner/Documents/ComfyUI/custom_nodes/comfyui-geometrypack/nodes

[2026-05-10 22:24:05.704] [error] [comfy-env] prestartup complete

[2026-05-10 22:24:05.717] [info]  WARNING: Potential Error in code: Torch already imported, torch should never be imported before this point.

[2026-05-10 22:24:06.785] [info]  Found comfy_kitchen backend triton: {'available': False, 'disabled': True, 'unavailable_reason': "ImportError: No module named 'triton'", 'capabilities': []}
Found comfy_kitchen backend cuda: {'available': False, 'disabled': True, 'unavailable_reason': 'Extension file not found: /Users/runner/Documents/ComfyUI/.venv/lib/python3.12/site-packages/comfy_kitchen/backends/cuda/_C.abi3.so', 'capabilities': []}
Found comfy_kitchen backend eager: {'available': True, 'disabled': False, 'unavailable_reason': None, 'capabilities': ['apply_rope', 'apply_rope1', 'dequantize_mxfp8', 'dequantize_nvfp4', 'dequantize_per_tensor_fp8', 'quantize_mxfp8', 'quantize_nvfp4', 'quantize_per_tensor_fp8', 'scaled_mm_mxfp8', 'scaled_mm_nvfp4']}

[2026-05-10 22:24:06.793] [info]  Checkpoint files will always be loaded safely.

[2026-05-10 22:24:06.826] [info]  Total VRAM 7168 MB, total RAM 7168 MB
pytorch version: 2.10.0

[2026-05-10 22:24:06.839] [info]  Mac Version (15, 7, 4)

[2026-05-10 22:24:06.841] [info]  Set vram state to: SHARED
Device: mps

[2026-05-10 22:24:07.260] [info]  Using sub quadratic optimization for attention, if you have memory or speed issues try using: --use-split-cross-attention

[2026-05-10 22:24:10.330] [info]  Python version: 3.12.11 (main, Aug 18 2025, 19:02:39) [Clang 20.1.4 ]
ComfyUI version: 0.20.1

[2026-05-10 22:24:10.333] [info]  comfy-aimdo version: 0.2.14
comfy-kitchen version: 0.2.8
[Prompt Server] web root: /Users/runner/.comfy-test-cache/desktop/ComfyUI.app/Contents/Resources/ComfyUI/web_custom_versions/desktop_app

[2026-05-10 22:24:10.336] [info]  Asset seeder disabled
[START] ComfyUI-Manager

[2026-05-10 22:24:10.622] [info]  [ComfyUI-Manager] Using GitPython backend

[2026-05-10 22:24:10.694] [info]  [ComfyUI-Manager] network_mode: public

[2026-05-10 22:24:10.702] [info]  [ComfyUI-Manager] The matrix sharing feature has been disabled because the `matrix-nio` dependency is not installed.
	To use this feature, please run the following command:
	/Users/runner/Documents/ComfyUI/.venv/bin/python -m pip install matrix-nio


[2026-05-10 22:24:12.432] [info]  loading...

[2026-05-10 22:24:12.434] [info]  calling register_nodes

[2026-05-10 22:24:12.445] [error] [comfy-env] Version: 0.3.82

[2026-05-10 22:24:12.447] [info]  [comfy-env] Removed stale socket: /var/folders/tb/y368xp_x10s3ty1b_mtl5mxr0000gn/T/comfy_worker_bd726f64b29d.sock

[2026-05-10 22:24:12.519] [info]  [comfy-env] Removed stale temp dir: /var/folders/tb/y368xp_x10s3ty1b_mtl5mxr0000gn/T/comfyui_pvenv_95vg8z17

[2026-05-10 22:24:12.652] [error] [comfy-env] register_nodes: comfyui-geometrypack

[2026-05-10 22:24:12.661] [error] [comfy-env] ComfyUI source dir: /Users/runner/.comfy-test-cache/desktop/ComfyUI.app/Contents/Resources/ComfyUI

[2026-05-10 22:24:12.680] [error] [comfy-env] Scanning nodes metadata (isolation root)...

[2026-05-10 22:24:12.696] [error] [comfy-env] Cache hit for nodes: 125 nodes
[2026-05-10 22:24:12.697] [error] 
[comfy-env] Scanned nodes root: 125 nodes (0.0s)

[2026-05-10 22:24:12.703] [error] [comfy-env] Imported nodes root: 125 nodes (isolation)

[2026-05-10 22:24:12.704] [error] [comfy-env] Registered 125 total nodes

[2026-05-10 22:24:12.706] [info]  
Import times for custom nodes:

[2026-05-10 22:24:12.708] [info]     0.0 seconds: /Users/runner/.comfy-test-cache/desktop/ComfyUI.app/Contents/Resources/ComfyUI/custom_nodes/websocket_image_save.py
   0.3 seconds: /Users/runner/Documents/ComfyUI/custom_nodes/comfyui-geometrypack


[2026-05-10 22:24:12.714] [info]  Context impl SQLiteImpl.

[2026-05-10 22:24:12.717] [info]  Will assume non-transactional DDL.

[2026-05-10 22:24:12.808] [info]  Starting server


[2026-05-10 22:24:12.810] [info]  To see the GUI go to: http://127.0.0.1:8000

[2026-05-10 22:24:14.200] [info]  [ComfyUI-Manager] The ComfyRegistry cache update is still in progress, so an outdated cache is being used.

[2026-05-10 22:24:14.320] [info]  FETCH DATA from: /Users/runner/Documents/ComfyUI/.venv/lib/python3.12/site-packages/comfyui_manager/custom-node-list.json
[2026-05-10 22:24:14.613] [info]   [DONE]
[2026-05-10 22:24:14.614] [info]  

[2026-05-10 22:24:16.455] [info]  [ComfyUI-Manager] The ComfyRegistry cache update is still in progress, so an outdated cache is being used.

[2026-05-10 22:24:16.545] [info]  FETCH DATA from: /Users/runner/Documents/ComfyUI/.venv/lib/python3.12/site-packages/comfyui_manager/custom-node-list.json
[2026-05-10 22:24:16.569] [info]   [DONE]

[2026-05-10 22:24:38.548] [info]  got prompt

[2026-05-10 22:24:38.581] [info]  [comfyui-geometrypack] python: /Users/runner/.ce/.pixi/envs/geometrypack-nodes/bin/python
[2026-05-10 22:24:38.583] [info]  
[comfyui-geometrypack] sys_path sent to worker: ['/Users/runner/.comfy-test-cache/desktop/ComfyUI.app/Contents/Resources/ComfyUI', '/Users/runner/Documents/ComfyUI/custom_nodes/comfyui-geometrypack', '/Users/runner/.ce/.pixi/envs/geometrypack-nodes/lib/python3.1/site-packages', '/Users/runner/Documents/ComfyUI/custom_nodes/comfyui-geometrypack']

[2026-05-10 22:24:39.906] [error] [worker:comfyui-geometrypack] ERROR: Failed to import comfy_kitchen, Error: No module named 'comfy_kitchen', fp8 and fp4 support will not be available.

[2026-05-10 22:24:41.662] [error] [worker:comfyui-geometrypack] INFO: Created sphere: 162 vertices, 320 faces

[2026-05-10 22:24:42.110] [error] [comfyui-geometrypack] Health check: ping (timeout=5.0s)...

[2026-05-10 22:24:42.117] [error] [comfyui-geometrypack] Health check: ok

[2026-05-10 22:24:42.122] [error] [worker:comfyui-geometrypack] INFO: Created cube: 8 vertices, 12 faces

[2026-05-10 22:24:42.126] [error] [comfyui-geometrypack] Health check: ping (timeout=5.0s)...

[2026-05-10 22:24:42.130] [error] [comfyui-geometrypack] Health check: ok

[2026-05-10 22:24:42.159] [error] [worker:comfyui-geometrypack] INFO: Boolean dispatch: libigl_cgal -> GeomPackBoolean_LibiglCGAL

[2026-05-10 22:24:42.167] [error] [comfyui-geometrypack] Health check: ping (timeout=5.0s)...
[2026-05-10 22:24:42.175] [error] 
[comfyui-geometrypack] Health check: ok

[2026-05-10 22:24:42.189] [error] [worker:comfyui-geometrypack] INFO: Layout: side_by_side, Mode: fields

[2026-05-10 22:24:42.192] [error] [worker:comfyui-geometrypack] INFO: Mesh 1: Mesh - 8 vertices, 12 faces
[worker:comfyui-geometrypack] INFO: Mesh 2: Mesh - 162 vertices, 320 faces
[2026-05-10 22:24:42.195] [error] 
[worker:comfyui-geometrypack] INFO: Mesh 1 fields: []
[worker:comfyui-geometrypack] INFO: Mesh 2 fields: []
[worker:comfyui-geometrypack] INFO: Common fields: []

[2026-05-10 22:24:42.196] [error] [worker:comfyui-geometrypack] INFO: Mesh 1 visual: kind=None, texture=False, vertex_colors=False

[2026-05-10 22:24:42.197] [error] [worker:comfyui-geometrypack] INFO: Mesh 2 visual: kind=None, texture=False, vertex_colors=False

[2026-05-10 22:24:42.200] [error] [worker:comfyui-geometrypack] INFO: Exported STL: /Users/runner/Documents/ComfyUI/output/preview_dual_1_c96d9216.stl

[2026-05-10 22:24:42.202] [error] [worker:comfyui-geometrypack] INFO: Exported STL: /Users/runner/Documents/ComfyUI/output/preview_dual_2_c96d9216.stl

[2026-05-10 22:24:42.204] [error] [worker:comfyui-geometrypack] INFO: Preview ready
[2026-05-10 22:24:42.205] [error] 

[2026-05-10 22:24:42.208] [error] [comfyui-geometrypack] Health check: ping (timeout=5.0s)...
[2026-05-10 22:24:42.210] [error] 
[comfyui-geometrypack] Health check: ok

[2026-05-10 22:24:42.253] [error] [worker:comfyui-geometrypack] INFO: Backend: libigl_cgal

[2026-05-10 22:24:42.258] [error] [worker:comfyui-geometrypack] INFO: Mesh A: 8 vertices, 12 faces

[2026-05-10 22:24:42.260] [error] [worker:comfyui-geometrypack] INFO: Mesh B: 162 vertices, 320 faces

[2026-05-10 22:24:42.262] [error] [worker:comfyui-geometrypack] INFO: Operation: union

[2026-05-10 22:24:42.735] [error] [worker:comfyui-geometrypack] INFO: Success: 302 vertices, 600 faces

[2026-05-10 22:24:42.741] [error] [comfyui-geometrypack] Health check: ping (timeout=5.0s)...

[2026-05-10 22:24:42.743] [error] [comfyui-geometrypack] Health check: ok
[2026-05-10 22:24:42.747] [error] 

[2026-05-10 22:24:42.758] [error] [worker:comfyui-geometrypack] INFO: Preparing preview: Mesh - 302 vertices, 600 faces

[2026-05-10 22:24:42.759] [error] [worker:comfyui-geometrypack] INFO: Mode: fields

[2026-05-10 22:24:42.760] [error] [worker:comfyui-geometrypack] INFO: Visual data - has_visual: True, kind: None, texture: False, vertex_colors: False

[2026-05-10 22:24:42.761] [error] [worker:comfyui-geometrypack] INFO: Using fields mode - VTP export

[2026-05-10 22:24:42.761] [error] [worker:comfyui-geometrypack] INFO: Exporting mesh to VTP: /Users/runner/Documents/ComfyUI/output/preview_vtk_e04d22c6.vtp

[2026-05-10 22:24:42.766] [error] [worker:comfyui-geometrypack] INFO: Adding normals field (302 vertices)

[2026-05-10 22:24:42.767] [error] [worker:comfyui-geometrypack] INFO: Export complete: 302 vertices, 600 faces
[2026-05-10 22:24:42.769] [error] 
[worker:comfyui-geometrypack] INFO: Exported VTP to: /Users/runner/Documents/ComfyUI/output/preview_vtk_e04d22c6.vtp

[2026-05-10 22:24:42.770] [error] [worker:comfyui-geometrypack] INFO: Fields mode info: watertight=True, volume=9.214489033870414, area=25.093742655540616, no fields

[2026-05-10 22:24:42.775] [info]  Prompt executed in 4.22 seconds

