[2026-05-10 03:40:58.367] [info]  Using uv at /Users/runner/.comfy-test-cache/desktop/ComfyUI.app/Contents/Resources/uv/macos/uv
[2026-05-10 03:40:58.368] [info]  Install state: installed
[2026-05-10 03:40:58.370] [info]  Validating installation. Recorded state: [installed]
[2026-05-10 03:40:58.379] [info]  Running uv command directly: pip install --dry-run -r /Users/runner/.comfy-test-cache/desktop/ComfyUI.app/Contents/Resources/ComfyUI/requirements.txt
[2026-05-10 03:40:58.379] [info]  Running uv child process: uv pip install --dry-run -r /Users/runner/.comfy-test-cache/desktop/ComfyUI.app/Contents/Resources/ComfyUI/requirements.txt
[2026-05-10 03:40:58.380] [info]  Running command: /Users/runner/.comfy-test-cache/desktop/ComfyUI.app/Contents/Resources/uv/macos/uv pip install --dry-run -r /Users/runner/.comfy-test-cache/desktop/ComfyUI.app/Contents/Resources/ComfyUI/requirements.txt in /Users/runner/Documents/ComfyUI
[2026-05-10 03:40:58.731] [info]  Running uv command directly: pip install --dry-run -r /Users/runner/.comfy-test-cache/desktop/ComfyUI.app/Contents/Resources/ComfyUI/manager_requirements.txt
[2026-05-10 03:40:58.732] [info]  Running uv child process: uv pip install --dry-run -r /Users/runner/.comfy-test-cache/desktop/ComfyUI.app/Contents/Resources/ComfyUI/manager_requirements.txt
[2026-05-10 03:40:58.733] [info]  Running command: /Users/runner/.comfy-test-cache/desktop/ComfyUI.app/Contents/Resources/uv/macos/uv pip install --dry-run -r /Users/runner/.comfy-test-cache/desktop/ComfyUI.app/Contents/Resources/ComfyUI/manager_requirements.txt in /Users/runner/Documents/ComfyUI
[2026-05-10 03:40:58.876] [info]  Validation result: isValid:true, state:installed {"inProgress":false,"installState":"installed","basePath":"OK","venvDirectory":"OK","pythonInterpreter":"OK","uv":"OK","pythonPackages":"OK","git":"OK","vcRedist":"skipped"}
[2026-05-10 03:40:59.211] [info]  Server start
[2026-05-10 03:40:59.264] [info]  Running command: /Users/runner/Documents/ComfyUI/.venv/bin/python /Users/runner/.comfy-test-cache/desktop/ComfyUI.app/Contents/Resources/ComfyUI/main.py --user-directory /Users/runner/Documents/ComfyUI/user --input-directory /Users/runner/Documents/ComfyUI/input --output-directory /Users/runner/Documents/ComfyUI/output --front-end-root /Users/runner/.comfy-test-cache/desktop/ComfyUI.app/Contents/Resources/ComfyUI/web_custom_versions/desktop_app --base-directory /Users/runner/Documents/ComfyUI --database-url sqlite:////Users/runner/Documents/ComfyUI/user/comfyui.db --extra-model-paths-config /Users/runner/Library/Application Support/ComfyUI/extra_models_config.yaml --log-stdout --listen 127.0.0.1 --port 8000 --enable-manager in /Users/runner/Documents/ComfyUI
[2026-05-10 03:40:59.347] [info]  Received renderer-ready message!
[2026-05-10 03:40:59.348] [info]  Sending queued message {"channel":"validation-update","data":{"inProgress":false,"installState":"installed","basePath":"OK","venvDirectory":"OK","pythonInterpreter":"OK","uv":"OK","pythonPackages":"OK","git":"OK","vcRedist":"skipped"}}
[2026-05-10 03:40:59.349] [info]  Sending queued message {"channel":"validation-update","data":{"inProgress":false,"installState":"installed","basePath":"OK","venvDirectory":"OK","pythonInterpreter":"OK","uv":"OK","pythonPackages":"OK","git":"OK","vcRedist":"skipped"}}
[2026-05-10 03:40:59.352] [info]  Sending queued message {"channel":"validation-update","data":{"inProgress":false,"installState":"installed","basePath":"OK","venvDirectory":"OK","pythonInterpreter":"OK","uv":"OK","pythonPackages":"OK","git":"OK","vcRedist":"skipped"}}
[2026-05-10 03:40:59.354] [info]  Sending queued message {"channel":"validation-update","data":{"inProgress":false,"installState":"installed","basePath":"OK","venvDirectory":"OK","pythonInterpreter":"OK","uv":"OK","pythonPackages":"OK","git":"OK","vcRedist":"skipped"}}
[2026-05-10 03:40:59.355] [info]  Sending queued message {"channel":"validation-update","data":{"inProgress":false,"installState":"installed","basePath":"OK","venvDirectory":"OK","pythonInterpreter":"OK","uv":"OK","pythonPackages":"OK","git":"OK","vcRedist":"skipped"}}
[2026-05-10 03:40:59.355] [info]  Sending queued message {"channel":"validation-update","data":{"inProgress":false,"installState":"installed","basePath":"OK","venvDirectory":"OK","pythonInterpreter":"OK","uv":"OK","pythonPackages":"OK","git":"OK","vcRedist":"skipped"}}
[2026-05-10 03:40:59.356] [info]  Sending queued message {"channel":"validation-update","data":{"inProgress":false,"installState":"installed","basePath":"OK","venvDirectory":"OK","pythonInterpreter":"OK","uv":"OK","pythonPackages":"OK","git":"OK","vcRedist":"skipped"}}
[2026-05-10 03:40:59.358] [info]  Sending queued message {"channel":"validation-update","data":{"inProgress":false,"installState":"installed","basePath":"OK","venvDirectory":"OK","pythonInterpreter":"OK","uv":"OK","pythonPackages":"OK","git":"OK","vcRedist":"skipped"}}
[2026-05-10 03:40:59.359] [info]  Sending queued message {"channel":"validation-update","data":{"inProgress":false,"installState":"installed","basePath":"OK","venvDirectory":"OK","pythonInterpreter":"OK","uv":"OK","pythonPackages":"OK","git":"OK","vcRedist":"skipped"}}
[2026-05-10 03:40:59.360] [info]  Sending queued message {"channel":"validation-update","data":{"inProgress":false,"installState":"installed","basePath":"OK","venvDirectory":"OK","pythonInterpreter":"OK","uv":"OK","pythonPackages":"OK","git":"OK","vcRedist":"skipped"}}
[2026-05-10 03:40:59.363] [info]  Sending queued message {"channel":"loading-progress","data":{"status":"starting-server"}}
[2026-05-10 03:41:15.390] [info]  Python server is ready
[2026-05-10 03:41:29.234] [error] @todesktop/runtime: alwaysResolve: Promise timed out after 30000ms
[2026-05-10 03:41:29.329] [info]  @todesktop/runtime: Checking for update
[2026-05-10 03:41:29.329] [info]  @todesktop/runtime: AutoUpdater: checking-for-update
[2026-05-10 03:41:29.635] [info]  @todesktop/runtime: Update for version 0.8.36 is not available (latest version: 0.8.36, downgrade is allowed).
[2026-05-10 03:41:29.636] [info]  @todesktop/runtime: AutoUpdater: update-not-available {"version":"0.8.36","files":[{"url":"ComfyUI 0.8.36 - Build 260427msvfsz37n-arm64-mac.zip","sha512":"PgB37ad3AWuZq2Vo+2lQxdCXJTNFjSSvJFq931h1DD1f6gqwGJ+FbeUF3Q9OW6V9klaszZY+EMngQd0Fzx/Big==","size":166771904},{"url":"ComfyUI 0.8.36 - Build 260427msvfsz37n-arm64.dmg","sha512":"MkBzHU5deoMOMHwg7W7ywleRebal2lM3O8EMCFeS6FfA+Eye2tDyX2UNdwgcxwhjdBRpP5aThb+k/Phdbo4CZg==","size":172984899}],"path":"ComfyUI 0.8.36 - Build 260427msvfsz37n-arm64-mac.zip","sha512":"PgB37ad3AWuZq2Vo+2lQxdCXJTNFjSSvJFq931h1DD1f6gqwGJ+FbeUF3Q9OW6V9klaszZY+EMngQd0Fzx/Big==","releaseDate":"2026-04-27T21:18:44.505Z"}
[2026-05-10 03:41:58.691] [info]  Before-quit: Killing Python server
[2026-05-10 03:41:58.696] [info]  Killing ComfyUI python server.
[2026-05-10 03:41:58.724] [info]  App window closed.
[2026-05-10 03:41:58.831] [error] Python process exited with code null and signal SIGTERM
[2026-05-10 03:42:05.327] [info]  Starting app v0.8.36
