[2026-05-10 03:38:36.001] [info]  Using uv at /Users/runner/.comfy-test-cache/desktop/ComfyUI.app/Contents/Resources/uv/macos/uv
[2026-05-10 03:38:36.001] [info]  Install state: installed
[2026-05-10 03:38:36.001] [info]  Validating installation. Recorded state: [installed]
[2026-05-10 03:38:36.003] [info]  Running uv command directly: pip install --dry-run -r /Users/runner/.comfy-test-cache/desktop/ComfyUI.app/Contents/Resources/ComfyUI/requirements.txt
[2026-05-10 03:38:36.003] [info]  Running uv child process: uv pip install --dry-run -r /Users/runner/.comfy-test-cache/desktop/ComfyUI.app/Contents/Resources/ComfyUI/requirements.txt
[2026-05-10 03:38:36.003] [info]  Running command: /Users/runner/.comfy-test-cache/desktop/ComfyUI.app/Contents/Resources/uv/macos/uv pip install --dry-run -r /Users/runner/.comfy-test-cache/desktop/ComfyUI.app/Contents/Resources/ComfyUI/requirements.txt in /Users/runner/Documents/ComfyUI
[2026-05-10 03:38:36.212] [info]  Running uv command directly: pip install --dry-run -r /Users/runner/.comfy-test-cache/desktop/ComfyUI.app/Contents/Resources/ComfyUI/manager_requirements.txt
[2026-05-10 03:38:36.212] [info]  Running uv child process: uv pip install --dry-run -r /Users/runner/.comfy-test-cache/desktop/ComfyUI.app/Contents/Resources/ComfyUI/manager_requirements.txt
[2026-05-10 03:38:36.212] [info]  Running command: /Users/runner/.comfy-test-cache/desktop/ComfyUI.app/Contents/Resources/uv/macos/uv pip install --dry-run -r /Users/runner/.comfy-test-cache/desktop/ComfyUI.app/Contents/Resources/ComfyUI/manager_requirements.txt in /Users/runner/Documents/ComfyUI
[2026-05-10 03:38:36.278] [info]  Validation result: isValid:true, state:installed {"inProgress":false,"installState":"installed","basePath":"OK","venvDirectory":"OK","pythonInterpreter":"OK","uv":"OK","pythonPackages":"OK","git":"OK","vcRedist":"skipped"}
[2026-05-10 03:38:36.491] [info]  Server start
[2026-05-10 03:38:36.515] [info]  Running command: /Users/runner/Documents/ComfyUI/.venv/bin/python /Users/runner/.comfy-test-cache/desktop/ComfyUI.app/Contents/Resources/ComfyUI/main.py --user-directory /Users/runner/Documents/ComfyUI/user --input-directory /Users/runner/Documents/ComfyUI/input --output-directory /Users/runner/Documents/ComfyUI/output --front-end-root /Users/runner/.comfy-test-cache/desktop/ComfyUI.app/Contents/Resources/ComfyUI/web_custom_versions/desktop_app --base-directory /Users/runner/Documents/ComfyUI --database-url sqlite:////Users/runner/Documents/ComfyUI/user/comfyui.db --extra-model-paths-config /Users/runner/Library/Application Support/ComfyUI/extra_models_config.yaml --log-stdout --listen 127.0.0.1 --port 8000 --enable-manager in /Users/runner/Documents/ComfyUI
[2026-05-10 03:38:36.577] [info]  Received renderer-ready message!
[2026-05-10 03:38:36.577] [info]  Sending queued message {"channel":"validation-update","data":{"inProgress":false,"installState":"installed","basePath":"OK","venvDirectory":"OK","pythonInterpreter":"OK","uv":"OK","pythonPackages":"OK","git":"OK","vcRedist":"skipped"}}
[2026-05-10 03:38:36.577] [info]  Sending queued message {"channel":"validation-update","data":{"inProgress":false,"installState":"installed","basePath":"OK","venvDirectory":"OK","pythonInterpreter":"OK","uv":"OK","pythonPackages":"OK","git":"OK","vcRedist":"skipped"}}
[2026-05-10 03:38:36.577] [info]  Sending queued message {"channel":"validation-update","data":{"inProgress":false,"installState":"installed","basePath":"OK","venvDirectory":"OK","pythonInterpreter":"OK","uv":"OK","pythonPackages":"OK","git":"OK","vcRedist":"skipped"}}
[2026-05-10 03:38:36.578] [info]  Sending queued message {"channel":"validation-update","data":{"inProgress":false,"installState":"installed","basePath":"OK","venvDirectory":"OK","pythonInterpreter":"OK","uv":"OK","pythonPackages":"OK","git":"OK","vcRedist":"skipped"}}
[2026-05-10 03:38:36.578] [info]  Sending queued message {"channel":"validation-update","data":{"inProgress":false,"installState":"installed","basePath":"OK","venvDirectory":"OK","pythonInterpreter":"OK","uv":"OK","pythonPackages":"OK","git":"OK","vcRedist":"skipped"}}
[2026-05-10 03:38:36.578] [info]  Sending queued message {"channel":"validation-update","data":{"inProgress":false,"installState":"installed","basePath":"OK","venvDirectory":"OK","pythonInterpreter":"OK","uv":"OK","pythonPackages":"OK","git":"OK","vcRedist":"skipped"}}
[2026-05-10 03:38:36.578] [info]  Sending queued message {"channel":"validation-update","data":{"inProgress":false,"installState":"installed","basePath":"OK","venvDirectory":"OK","pythonInterpreter":"OK","uv":"OK","pythonPackages":"OK","git":"OK","vcRedist":"skipped"}}
[2026-05-10 03:38:36.578] [info]  Sending queued message {"channel":"validation-update","data":{"inProgress":false,"installState":"installed","basePath":"OK","venvDirectory":"OK","pythonInterpreter":"OK","uv":"OK","pythonPackages":"OK","git":"OK","vcRedist":"skipped"}}
[2026-05-10 03:38:36.578] [info]  Sending queued message {"channel":"validation-update","data":{"inProgress":false,"installState":"installed","basePath":"OK","venvDirectory":"OK","pythonInterpreter":"OK","uv":"OK","pythonPackages":"OK","git":"OK","vcRedist":"skipped"}}
[2026-05-10 03:38:36.578] [info]  Sending queued message {"channel":"validation-update","data":{"inProgress":false,"installState":"installed","basePath":"OK","venvDirectory":"OK","pythonInterpreter":"OK","uv":"OK","pythonPackages":"OK","git":"OK","vcRedist":"skipped"}}
[2026-05-10 03:38:36.578] [info]  Sending queued message {"channel":"loading-progress","data":{"status":"starting-server"}}
[2026-05-10 03:38:45.595] [info]  Python server is ready
[2026-05-10 03:39:05.995] [info]  Before-quit: Killing Python server
[2026-05-10 03:39:05.996] [info]  Killing ComfyUI python server.
[2026-05-10 03:39:06.021] [info]  App window closed.
[2026-05-10 03:39:06.104] [error] Python process exited with code null and signal SIGTERM
[2026-05-10 03:39:06.506] [error] @todesktop/runtime: alwaysResolve: Promise timed out after 30000ms
[2026-05-10 03:39:06.516] [error] @todesktop/runtime: Failed to get the release status, consider the build released Error: net::ERR_FAILED
    at SimpleURLLoaderWrapper.<anonymous> (node:electron/js2c/browser_init:2:115482)
    at SimpleURLLoaderWrapper.emit (node:events:519:28)
[2026-05-10 03:39:06.517] [info]  @todesktop/runtime: Checking for update
[2026-05-10 03:39:06.517] [info]  @todesktop/runtime: AutoUpdater: checking-for-update
[2026-05-10 03:39:12.113] [info]  Starting app v0.8.36
