[2026-05-08 10:50:26.960] [SRV] [2026-05-08 10:50:26.960] [info]  setup plugin alembic.autogenerate.schemas
[2026-05-08 10:50:26.960] [SRV] setup plugin alembic.autogenerate.tables
[2026-05-08 10:50:26.960] [SRV] setup plugin alembic.autogenerate.types
[2026-05-08 10:50:26.960] [SRV] 
[2026-05-08 10:50:26.961] [SRV] [2026-05-08 10:50:26.961] [info]  setup plugin alembic.autogenerate.constraints
[2026-05-08 10:50:26.961] [SRV] setup plugin alembic.autogenerate.defaults
[2026-05-08 10:50:26.961] [SRV] setup plugin alembic.autogenerate.comments
[2026-05-08 10:50:26.961] [SRV] 
[2026-05-08 10:50:27.149] [SRV] [2026-05-08 10:50:27.149] [info]  comfy-aimdo os not supported Darwin
[2026-05-08 10:50:27.149] [SRV] NOTE: comfy-aimdo is currently only support for Windows and Linux
[2026-05-08 10:50:27.149] [SRV] 
[2026-05-08 10:50:27.470] [SRV] [2026-05-08 10:50:27.470] [info]  Adding extra search path custom_nodes /Users/runner/Documents/ComfyUI/custom_nodes
[2026-05-08 10:50:27.470] [SRV] Adding extra search path download_model_base /Users/runner/Documents/ComfyUI/models
[2026-05-08 10:50:27.470] [SRV] Adding extra search path custom_nodes /Users/runner/work/comfy-gpu-ci/comfy-gpu-ci/ComfyUI.app/Contents/Resources/ComfyUI/custom_nodes
[2026-05-08 10:50:27.470] [SRV] 
[2026-05-08 10:50:27.471] [SRV] [2026-05-08 10:50:27.471] [info]  Setting output directory to: /Users/runner/Documents/ComfyUI/output
[2026-05-08 10:50:27.471] [SRV] Setting input directory to: /Users/runner/Documents/ComfyUI/input
[2026-05-08 10:50:27.471] [SRV] Setting user directory to: /Users/runner/Documents/ComfyUI/user
[2026-05-08 10:50:27.471] [SRV] 
[2026-05-08 10:50:28.846] [SRV] [2026-05-08 10:50:28.846] [info]  [START] Security scan
[2026-05-08 10:50:28.846] [SRV] [DONE] Security scan
[2026-05-08 10:50:28.846] [SRV] ** ComfyUI startup time: 2026-05-08 10:50:28.845
[2026-05-08 10:50:28.846] [SRV] ** Platform:
[2026-05-08 10:50:28.847] [SRV] [2026-05-08 10:50:28.847] [info]   Darwin
[2026-05-08 10:50:28.847] [SRV] ** Python version: 3.12.11 (main, Aug 18 2025, 19:02:39) [Clang 20.1.4 ]
[2026-05-08 10:50:28.847] [SRV] ** Python executable: /Users/runner/Documents/ComfyUI/.venv/bin/python
[2026-05-08 10:50:28.847] [SRV] ** ComfyUI Path: /Users/runner/work/comfy-gpu-ci/comfy-gpu-ci/ComfyUI.app/Contents/Resources/ComfyUI
[2026-05-08 10:50:28.847] [SRV] ** ComfyUI Base Folder Path: /Users/runner/work/comfy-gpu-ci/comfy-gpu-ci/ComfyUI.app/Contents/Resources/ComfyUI
[2026-05-08 10:50:28.847] [SRV] ** User directory: /Users/runner/Documents/ComfyUI/user
[2026-05-08 10:50:28.847] [SRV] ** ComfyUI-Manager config path:
[2026-05-08 10:50:28.848] [SRV] [2026-05-08 10:50:28.848] [info]   /Users/runner/Documents/ComfyUI/user/__manager/config.ini
[2026-05-08 10:50:28.848] [SRV] ** Log path: /Users/runner/Documents/ComfyUI/user/comfyui.log
[2026-05-08 10:50:28.848] [SRV] 
[2026-05-08 10:50:29.332] [SRV] [2026-05-08 10:50:29.332] [info]  [ComfyUI-Manager] Skipped fixing the 'comfyui-frontend-package' dependency because the ComfyUI is outdated.
[2026-05-08 10:50:29.332] [SRV] 
[2026-05-08 10:50:29.333] [SRV] [2026-05-08 10:50:29.333] [info]  [PRE] ComfyUI-Manager
[2026-05-08 10:50:29.333] [SRV] 
[2026-05-08 10:50:35.499] [SRV] [2026-05-08 10:50:35.499] [info]  Found comfy_kitchen backend cuda: {'available': False, 'disabled': True, 'unavailable_reason': 'Extension file not found: /Users/runner/Documents/ComfyUI/.venv/lib/python3.12/site-packages/comfy_kitchen/backends/cuda/_C.abi3.so', 'capabilities': []}
[2026-05-08 10:50:35.499] [SRV] 
[2026-05-08 10:50:35.501] [SRV] [2026-05-08 10:50:35.501] [info]  Found comfy_kitchen backend eager: {'available': True, 'disabled': False, 'unavailable_reason': None, 'capabilities': ['apply_rope', 'apply_rope1', 'dequantize_mxfp8', 'dequantize_nvfp4', 'dequantize_per_tensor_fp8', 'quantize_mxfp8', 'quantize_nvfp4', 'quantize_per_tensor_fp8', 'scaled_mm_mxfp8', 'scaled_mm_nvfp4']}
[2026-05-08 10:50:35.501] [SRV] Found comfy_kitchen backend triton: {'available': False, 'disabled': True, 'unavailable_reason': "ImportError: No module named 'triton'", 'capabilities': []}
[2026-05-08 10:50:35.501] [SRV] 
[2026-05-08 10:50:35.532] [SRV] [2026-05-08 10:50:35.532] [info]  Checkpoint files will always be loaded safely.
[2026-05-08 10:50:35.532] [SRV] 
[2026-05-08 10:50:35.618] [SRV] [2026-05-08 10:50:35.618] [info]  Total VRAM 7168 MB, total RAM 7168 MB
[2026-05-08 10:50:35.618] [SRV] 
[2026-05-08 10:50:35.620] [SRV] [2026-05-08 10:50:35.620] [info]  pytorch version: 2.10.0
[2026-05-08 10:50:35.620] [SRV] 
[2026-05-08 10:50:35.623] [SRV] [2026-05-08 10:50:35.623] [info]  Mac Version (15, 7, 4)
[2026-05-08 10:50:35.623] [SRV] Set vram state to: SHARED
[2026-05-08 10:50:35.623] [SRV] Device: mps
[2026-05-08 10:50:35.623] [SRV] 
[2026-05-08 10:50:36.469] [SRV] [2026-05-08 10:50:36.469] [info]  Using sub quadratic optimization for attention, if you have memory or speed issues try using: --use-split-cross-attention
[2026-05-08 10:50:36.469] [SRV] 
[2026-05-08 10:50:41.420] [SRV] [2026-05-08 10:50:41.420] [info]  Python version: 3.12.11 (main, Aug 18 2025, 19:02:39) [Clang 20.1.4 ]
[2026-05-08 10:50:41.420] [SRV] 
[2026-05-08 10:50:41.421] [SRV] [2026-05-08 10:50:41.421] [info]  ComfyUI version: 0.20.1
[2026-05-08 10:50:41.421] [SRV] comfy-aimdo version: 0.2.14
[2026-05-08 10:50:41.421] [SRV] comfy-kitchen version: 0.2.8
[2026-05-08 10:50:41.421] [SRV] 
[2026-05-08 10:50:41.423] [SRV] [2026-05-08 10:50:41.423] [info]  [Prompt Server] web root: /Users/runner/work/comfy-gpu-ci/comfy-gpu-ci/ComfyUI.app/Contents/Resources/ComfyUI/web_custom_versions/desktop_app
[2026-05-08 10:50:41.423] [SRV] 
[2026-05-08 10:50:41.424] [SRV] [2026-05-08 10:50:41.424] [info]  Asset seeder disabled
[2026-05-08 10:50:41.424] [SRV] [START] ComfyUI-Manager
[2026-05-08 10:50:41.424] [SRV] 
[2026-05-08 10:50:41.673] [SRV] [2026-05-08 10:50:41.673] [info]  [ComfyUI-Manager] Using GitPython backend
[2026-05-08 10:50:41.673] [SRV] 
[2026-05-08 10:50:41.729] [SRV] [2026-05-08 10:50:41.729] [info]  [ComfyUI-Manager] network_mode: public
[2026-05-08 10:50:41.729] [SRV] 
[2026-05-08 10:50:41.737] [SRV] [2026-05-08 10:50:41.737] [info]  [ComfyUI-Manager] The matrix sharing feature has been disabled because the `matrix-nio` dependency is not installed.
[2026-05-08 10:50:41.737] [SRV] 	To use this feature, please run the following command:
[2026-05-08 10:50:41.737] [SRV] 	/Users/runner/Documents/ComfyUI/.venv/bin/python -m pip install matrix-nio
[2026-05-08 10:50:41.737] [SRV] 
[2026-05-08 10:50:41.737] [SRV] 
[2026-05-08 10:50:43.890] [SRV] [2026-05-08 10:50:43.890] [info]  
[2026-05-08 10:50:43.890] [SRV] Import times for custom nodes:
[2026-05-08 10:50:43.890] [SRV] 
[2026-05-08 10:50:43.891] [SRV] [2026-05-08 10:50:43.891] [info]     0.0 seconds: /Users/runner/work/comfy-gpu-ci/comfy-gpu-ci/ComfyUI.app/Contents/Resources/ComfyUI/custom_nodes/websocket_image_save.py
[2026-05-08 10:50:43.891] [SRV] 
[2026-05-08 10:50:43.891] [SRV] 
[2026-05-08 10:50:43.907] [SRV] [2026-05-08 10:50:43.907] [info]  Context impl SQLiteImpl.
[2026-05-08 10:50:43.907] [SRV] Will assume non-transactional DDL.
[2026-05-08 10:50:43.907] [SRV] 
[2026-05-08 10:50:43.916] [SRV] [2026-05-08 10:50:43.916] [info]  Context impl SQLiteImpl.
[2026-05-08 10:50:43.916] [SRV] 
[2026-05-08 10:50:43.917] [SRV] [2026-05-08 10:50:43.917] [info]  Will assume non-transactional DDL.
[2026-05-08 10:50:43.917] [SRV] 
[2026-05-08 10:50:43.922] [SRV] [2026-05-08 10:50:43.922] [info]  Running upgrade  -> 0001_assets, Initial assets schema
[2026-05-08 10:50:43.922] [SRV] Revision ID: 0001_assets
[2026-05-08 10:50:43.922] [SRV] Revises: None
[2026-05-08 10:50:43.922] [SRV] Create Date: 2025-12-10 00:00:00
[2026-05-08 10:50:43.922] [SRV] 
[2026-05-08 10:50:43.944] [SRV] [2026-05-08 10:50:43.944] [info]  Running upgrade 0001_assets -> 0002_merge_to_asset_references, Merge AssetInfo and AssetCacheState into unified asset_references table.
[2026-05-08 10:50:43.944] [SRV] 
[2026-05-08 10:50:43.963] [SRV] [2026-05-08 10:50:43.963] [info]  Running upgrade 0002_merge_to_asset_references -> 0003_add_metadata_job_id, Add system_metadata and job_id columns to asset_references.
[2026-05-08 10:50:43.963] [SRV] Change preview_id FK from assets.id to asset_references.id.
[2026-05-08 10:50:43.963] [SRV] 
[2026-05-08 10:50:43.989] [SRV] [2026-05-08 10:50:43.989] [info]  Database upgraded from None to 0003_add_metadata_job_id
[2026-05-08 10:50:43.989] [SRV] 
[2026-05-08 10:50:44.036] [SRV] [2026-05-08 10:50:44.036] [info]  Starting server
[2026-05-08 10:50:44.036] [SRV] 
[2026-05-08 10:50:44.036] [SRV] 
[2026-05-08 10:50:44.037] [SRV] [2026-05-08 10:50:44.037] [info]  To see the GUI go to: http://127.0.0.1:8000
[2026-05-08 10:50:44.037] [SRV] 
[2026-05-08 10:51:25.197] [SRV] [2026-05-08 10:51:25.197] [info]  [ComfyUI-Manager] Using uv as Python module for pip operations.
[2026-05-08 10:51:25.197] [SRV] 
[2026-05-08 10:51:26.760] [SRV] [2026-05-08 10:51:26.760] [error] 
[2026-05-08 10:51:26.760] [SRV]   0%|          | 0.00/55.3M [00:00<?, ?B/s]
[2026-05-08 10:51:26.859] [SRV] [2026-05-08 10:51:26.859] [error] 
[2026-05-08 10:51:26.859] [SRV]   2%|▏         | 1.08M/55.3M [00:00<00:05, 10.8MB/s]
[2026-05-08 10:51:27.007] [SRV] [2026-05-08 10:51:27.007] [error] 
[2026-05-08 10:51:27.007] [SRV]   4%|▍         | 2.16M/55.3M [00:00<00:06, 8.40MB/s]
[2026-05-08 10:51:27.128] [SRV] [2026-05-08 10:51:27.128] [error] 
[2026-05-08 10:51:27.128] [SRV]   6%|▌         | 3.05M/55.3M [00:00<00:06, 7.93MB/s]
[2026-05-08 10:51:27.239] [SRV] [2026-05-08 10:51:27.239] [error] 
[2026-05-08 10:51:27.239] [SRV]   7%|▋         | 3.87M/55.3M [00:00<00:06, 7.73MB/s]
[2026-05-08 10:51:27.339] [SRV] [2026-05-08 10:51:27.339] [error] 
[2026-05-08 10:51:27.339] [SRV]  10%|▉         | 5.34M/55.3M [00:00<00:05, 9.97MB/s]
[2026-05-08 10:51:27.439] [SRV] [2026-05-08 10:51:27.439] [error] 
[2026-05-08 10:51:27.439] [SRV]  19%|█▉        | 10.6M/55.3M [00:00<00:01, 23.2MB/s]
[2026-05-08 10:51:27.603] [SRV] [2026-05-08 10:51:27.603] [error] 
[2026-05-08 10:51:27.603] [SRV]  27%|██▋       | 14.7M/55.3M [00:00<00:01, 24.1MB/s]
[2026-05-08 10:51:27.782] [SRV] [2026-05-08 10:51:27.782] [error] 
[2026-05-08 10:51:27.782] [SRV]  38%|███▊      | 21.0M/55.3M [00:01<00:01, 28.5MB/s]
[2026-05-08 10:51:28.115] [SRV] [2026-05-08 10:51:28.115] [error] 
[2026-05-08 10:51:28.115] [SRV]  49%|████▉     | 27.3M/55.3M [00:01<00:01, 23.5MB/s]
[2026-05-08 10:51:28.391] [SRV] [2026-05-08 10:51:28.391] [error] 
[2026-05-08 10:51:28.391] [SRV]  61%|██████    | 33.6M/55.3M [00:01<00:00, 23.2MB/s]
[2026-05-08 10:51:28.565] [SRV] [2026-05-08 10:51:28.565] [error] 
[2026-05-08 10:51:28.565] [SRV]  72%|███████▏  | 39.8M/55.3M [00:01<00:00, 26.5MB/s]
[2026-05-08 10:51:28.688] [SRV] [2026-05-08 10:51:28.688] [error] 
[2026-05-08 10:51:28.688] [SRV]  80%|███████▉  | 44.0M/55.3M [00:01<00:00, 28.4MB/s]
[2026-05-08 10:51:28.782] [SRV] [2026-05-08 10:51:28.782] [error] 
[2026-05-08 10:51:28.782] [SRV]  88%|████████▊ | 48.9M/55.3M [00:02<00:00, 32.2MB/s]
[2026-05-08 10:51:28.986] [SRV] [2026-05-08 10:51:28.986] [error] 
[2026-05-08 10:51:28.986] [SRV]  95%|█████████▍| 52.5M/55.3M [00:02<00:00, 27.0MB/s]
[2026-05-08 10:51:29.004] [SRV] [2026-05-08 10:51:29.004] [error] 
[2026-05-08 10:51:29.004] [SRV] 100%|██████████| 55.3M/55.3M [00:02<00:00, 24.6MB/s]
[2026-05-08 10:51:29.004] [SRV] 
[2026-05-08 10:51:29.274] [SRV] [2026-05-08 10:51:29.274] [info]  Extracted zip file to /Users/runner/Documents/ComfyUI/custom_nodes/comfyui-geometrypack
[2026-05-08 10:51:29.274] [SRV] 
[2026-05-08 10:51:29.278] [SRV] [2026-05-08 10:51:29.278] [info]  Install: pip packages
[2026-05-08 10:51:29.278] [SRV] 
[2026-05-08 10:51:29.335] [SRV] [2026-05-08 10:51:29.335] [info]  
[2026-05-08 10:51:29.335] [SRV] ## ComfyUI-Manager: EXECUTE => 
[2026-05-08 10:51:29.335] [SRV] ['/Users/runner/Documents/ComfyUI/.venv/bin/python', '-m', 'uv', 'pip', 
[2026-05-08 10:51:29.335] [SRV] 'install', 'comfy-env==0.3.75']
[2026-05-08 10:51:29.335] [SRV] 
[2026-05-08 10:51:29.390] [SRV] [2026-05-08 10:51:29.390] [error] [!]
[2026-05-08 10:51:29.391] [SRV] [2026-05-08 10:51:29.391] [error]  Using Python 3.12.11 environment at: /Users/runner/Documents/ComfyUI/.venv
[2026-05-08 10:51:29.391] [SRV] 
[2026-05-08 10:51:29.622] [SRV] [2026-05-08 10:51:29.622] [error] [!]
[2026-05-08 10:51:29.623] [SRV] [2026-05-08 10:51:29.623] [error]  Resolved 16 packages in 152ms
[2026-05-08 10:51:29.623] [SRV] 
[2026-05-08 10:51:29.638] [SRV] [2026-05-08 10:51:29.638] [error] [!] Downloading virtualenv (7.2MiB)
[2026-05-08 10:51:29.638] [SRV] 
[2026-05-08 10:51:29.938] [SRV] [2026-05-08 10:51:29.938] [error] [!]  Downloaded virtualenv
[2026-05-08 10:51:29.938] [SRV] 
[2026-05-08 10:51:29.940] [SRV] [2026-05-08 10:51:29.940] [error] [!] Prepared 12 packages in 314ms
[2026-05-08 10:51:29.940] [SRV] 
[2026-05-08 10:51:29.951] [SRV] [2026-05-08 10:51:29.951] [error] [!] Uninstalled 1 package in 12ms
[2026-05-08 10:51:29.951] [SRV] 
[2026-05-08 10:51:29.968] [SRV] [2026-05-08 10:51:29.968] [error] [!]
[2026-05-08 10:51:29.969] [SRV] [2026-05-08 10:51:29.969] [error]  Installed 12 packages in 17ms
[2026-05-08 10:51:29.969] [SRV] [!]  + cfgv==3.5.0
[2026-05-08 10:51:29.969] [SRV] [!]  + comfy-env==0.3.75
[2026-05-08 10:51:29.969] [SRV] [!]  + distlib==0.4.0
[2026-05-08 10:51:29.969] [SRV] [!]  - filelock==3.20.3
[2026-05-08 10:51:29.969] [SRV] [!]  + filelock==3.29.0
[2026-05-08 10:51:29.969] [SRV] [!]  + identify==2.6.19
[2026-05-08 10:51:29.969] [SRV] [!]  + nodeenv==1.10.0
[2026-05-08 10:51:29.969] [SRV] [!] 
[2026-05-08 10:51:29.970] [SRV] [2026-05-08 10:51:29.970] [error]  + platformdirs==4.9.6
[2026-05-08 10:51:29.970] [SRV] [!]  + pre-commit==4.6.0
[2026-05-08 10:51:29.970] [SRV] [!]  + python-discovery==1.3.0
[2026-05-08 10:51:29.970] [SRV] [!]  + tomli==2.4.1
[2026-05-08 10:51:29.970] [SRV] [!]  + tomli-w==1.2.0
[2026-05-08 10:51:29.970] [SRV] [!]  + virtualenv==21.3.1
[2026-05-08 10:51:29.970] [SRV] 
[2026-05-08 10:51:29.979] [SRV] [2026-05-08 10:51:29.979] [info]  
[2026-05-08 10:51:29.979] [SRV] ## ComfyUI-Manager: EXECUTE => 
[2026-05-08 10:51:29.979] [SRV] ['/Users/runner/Documents/ComfyUI/.venv/bin/python', '-m', 'uv', 'pip', 
[2026-05-08 10:51:29.979] [SRV] 'install', 'comfy-3d-viewers==0.2.44']
[2026-05-08 10:51:29.979] [SRV] 
[2026-05-08 10:51:30.050] [SRV] [2026-05-08 10:51:30.050] [error] [!]
[2026-05-08 10:51:30.051] [SRV] [2026-05-08 10:51:30.051] [error]  Using Python 3.12.11 environment at: /Users/runner/Documents/ComfyUI/.venv
[2026-05-08 10:51:30.051] [SRV] 
[2026-05-08 10:51:30.076] [SRV] [2026-05-08 10:51:30.076] [error] [!] 
[2026-05-08 10:51:30.077] [SRV] [2026-05-08 10:51:30.077] [error] Resolved 1 package in 19ms
[2026-05-08 10:51:30.077] [SRV] 
[2026-05-08 10:51:30.083] [SRV] [2026-05-08 10:51:30.083] [error] [!] Downloading comfy-3d-viewers (1.2MiB)
[2026-05-08 10:51:30.083] [SRV] 
[2026-05-08 10:51:30.124] [SRV] [2026-05-08 10:51:30.124] [error] [!] 
[2026-05-08 10:51:30.125] [SRV] [2026-05-08 10:51:30.125] [error]  Downloaded comfy-3d-viewers
[2026-05-08 10:51:30.125] [SRV] [!] Prepared 1 package in 47ms
[2026-05-08 10:51:30.125] [SRV] 
[2026-05-08 10:51:30.131] [SRV] [2026-05-08 10:51:30.131] [error] [!] Installed 1 package in 2ms
[2026-05-08 10:51:30.131] [SRV] [!]  + comfy-3d-viewers==0.2.44
[2026-05-08 10:51:30.131] [SRV] 
[2026-05-08 10:51:30.143] [SRV] [2026-05-08 10:51:30.143] [info]  
[2026-05-08 10:51:30.143] [SRV] ## ComfyUI-Manager: EXECUTE => 
[2026-05-08 10:51:30.143] [SRV] ['/Users/runner/Documents/ComfyUI/.venv/bin/python', '-m', 'uv', 'pip', 
[2026-05-08 10:51:30.143] [SRV] 'install', 'trimesh>=4.0.0']
[2026-05-08 10:51:30.143] [SRV] 
[2026-05-08 10:51:30.199] [SRV] [2026-05-08 10:51:30.199] [error] [!]
[2026-05-08 10:51:30.200] [SRV] [2026-05-08 10:51:30.200] [error]  Using Python 3.12.11 environment at: /Users/runner/Documents/ComfyUI/.venv
[2026-05-08 10:51:30.200] [SRV] 
[2026-05-08 10:51:30.405] [SRV] [2026-05-08 10:51:30.405] [error] [!]
[2026-05-08 10:51:30.408] [SRV] [2026-05-08 10:51:30.408] [error]  Resolved 31 packages in 200ms
[2026-05-08 10:51:30.408] [SRV] 
[2026-05-08 10:51:30.433] [SRV] [2026-05-08 10:51:30.433] [error] [!] Downloading lxml (8.2MiB)
[2026-05-08 10:51:30.433] [SRV] 
[2026-05-08 10:51:30.436] [SRV] [2026-05-08 10:51:30.436] [error] [!] Downloading embreex (4.9MiB)
[2026-05-08 10:51:30.436] [SRV] [!] Downloading shapely (1.6MiB)
[2026-05-08 10:51:30.436] [SRV] 
[2026-05-08 10:51:30.711] [SRV] [2026-05-08 10:51:30.711] [error] [!]
[2026-05-08 10:51:30.712] [SRV] [2026-05-08 10:51:30.712] [error]   Downloaded embreex
[2026-05-08 10:51:30.712] [SRV] 
[2026-05-08 10:51:30.886] [SRV] [2026-05-08 10:51:30.886] [error] [!]  Downloaded shapely
[2026-05-08 10:51:30.886] [SRV] 
[2026-05-08 10:51:30.917] [SRV] [2026-05-08 10:51:30.917] [error] [!]
[2026-05-08 10:51:30.919] [SRV] [2026-05-08 10:51:30.919] [error]   Downloaded lxml
[2026-05-08 10:51:30.919] [SRV] [!] Prepared 18 packages in 511ms
[2026-05-08 10:51:30.919] [SRV] 
[2026-05-08 10:51:30.957] [SRV] [2026-05-08 10:51:30.957] [error] [!] Installed 18 packages in 38ms
[2026-05-08 10:51:30.957] [SRV] 
[2026-05-08 10:51:30.958] [SRV] [2026-05-08 10:51:30.958] [error] [!]  + colorlog==6.10.1
[2026-05-08 10:51:30.958] [SRV] [!]  + embreex==4.4.0
[2026-05-08 10:51:30.958] [SRV] [!]  + jsonschema==4.26.0
[2026-05-08 10:51:30.958] [SRV] [!]  + jsonschema-specifications==2025.9.1
[2026-05-08 10:51:30.958] [SRV] [!]  + lxml==6.1.0
[2026-05-08 10:51:30.958] [SRV] [!]  + manifold3d==3.4.1
[2026-05-08 10:51:30.958] [SRV] [!]  + mapbox-earcut==2.0.0
[2026-05-08 10:51:30.958] [SRV] [!]  + pycollada==0.9.3
[2026-05-08 10:51:30.958] [SRV] [!]  + python-dateutil==2.9.0.post0
[2026-05-08 10:51:30.958] [SRV] 
[2026-05-08 10:51:30.958] [SRV] [2026-05-08 10:51:30.958] [error] [!]  + referencing==0.37.0
[2026-05-08 10:51:30.958] [SRV] [!] 
[2026-05-08 10:51:30.959] [SRV] [2026-05-08 10:51:30.959] [error]  + rpds-py==0.30.0
[2026-05-08 10:51:30.959] [SRV] [!]  + rtree==1.4.1
[2026-05-08 10:51:30.959] [SRV] [!]  + shapely==2.1.2
[2026-05-08 10:51:30.959] [SRV] [!]
[2026-05-08 10:51:30.960] [SRV] [2026-05-08 10:51:30.960] [error]   + six==1.17.0
[2026-05-08 10:51:30.960] [SRV] [!]  + svg-path==7.0
[2026-05-08 10:51:30.960] [SRV] [!]  + trimesh==4.12.2
[2026-05-08 10:51:30.960] [SRV] [!]
[2026-05-08 10:51:30.961] [SRV] [2026-05-08 10:51:30.961] [error]   + vhacdx==0.0.10
[2026-05-08 10:51:30.961] [SRV] [!]  + xxhash==3.7.0
[2026-05-08 10:51:30.961] [SRV] 
[2026-05-08 10:51:31.060] [SRV] [2026-05-08 10:51:31.060] [info]  [ComfyUI-Manager] Skipped fixing the 'comfyui-frontend-package' dependency because the ComfyUI is outdated.
[2026-05-08 10:51:31.060] [SRV] 
[2026-05-08 10:51:31.066] [SRV] [2026-05-08 10:51:31.066] [info]  Install: install script
[2026-05-08 10:51:31.066] [SRV] 
[2026-05-08 10:51:31.067] [SRV] [2026-05-08 10:51:31.067] [info]  
[2026-05-08 10:51:31.067] [SRV] ## ComfyUI-Manager: EXECUTE => 
[2026-05-08 10:51:31.067] [SRV] ['/Users/runner/Documents/ComfyUI/.venv/bin/python', 'install.py']
[2026-05-08 10:51:31.067] [SRV] 
[2026-05-08 10:51:31.390] [SRV] [2026-05-08 10:51:31.390] [error] [!]
[2026-05-08 10:51:31.391] [SRV] [2026-05-08 10:51:31.391] [error]  [comfy-env] pixi not found, downloading...
[2026-05-08 10:51:31.391] [SRV] 
[2026-05-08 10:51:32.106] [SRV] [2026-05-08 10:51:32.106] [error] [!]
[2026-05-08 10:51:32.110] [SRV] [2026-05-08 10:51:32.110] [error]  [comfy-env] pixi installed: /Users/runner/.pixi/bin/pixi
[2026-05-08 10:51:32.110] [SRV] 
[2026-05-08 10:51:32.121] [SRV] [2026-05-08 10:51:32.121] [info]   [comfy-env] Workspace: /Users/runner/Documents/ComfyUI/.ce
[2026-05-08 10:51:32.121] [SRV]  [comfy-env] ComfyUI: /Users/runner/Documents/ComfyUI
[2026-05-08 10:51:32.121] [SRV]  [comfy-env] Found 3 node config(s):
[2026-05-08 10:51:32.121] [SRV]    - geometrypack-blender <- custom_nodes/comfyui-geometrypack/nodes/blender/comfy-env.toml (python=3.11)
[2026-05-08 10:51:32.121] [SRV]    - geometrypack-gpu <- custom_nodes/comfyui-geometrypack/nodes/gpu/comfy-env.toml (python=host)
[2026-05-08 10:51:32.121] [SRV]  
[2026-05-08 10:51:32.123] [SRV] [2026-05-08 10:51:32.123] [info]    - geometrypack-main <- custom_nodes/comfyui-geometrypack/nodes/main/comfy-env.toml (python=host)
[2026-05-08 10:51:32.123] [SRV] 
[2026-05-08 10:51:32.132] [SRV] [2026-05-08 10:51:32.132] [info]   [comfy-env] Bootstrap interpreter has python 3.12 + torch 2.10.0 (cpu). Looking for cuda-only wheels matching cpu/torch2.10/cp312.
[2026-05-08 10:51:32.132] [SRV]  [comfy-env] Root conda deps from comfyui-geometrypack: ['av', 'ffmpeg']
[2026-05-08 10:51:32.132] [SRV] 
[2026-05-08 10:51:32.134] [SRV] [2026-05-08 10:51:32.134] [info]   [comfy-env] Desktop app detected: source=/Users/runner/work/comfy-gpu-ci/comfy-gpu-ci/ComfyUI.app/Contents/Resources/ComfyUI, data=/Users/runner/Documents/ComfyUI
[2026-05-08 10:51:32.134] [SRV] 
[2026-05-08 10:51:32.141] [SRV] [2026-05-08 10:51:32.141] [info]   [comfy-env] Comfyui feature pin: torch ==2.10.0, torchvision ==0.25.*, torchaudio ==2.10.*
[2026-05-08 10:51:32.141] [SRV] 
[2026-05-08 10:51:32.147] [SRV] [2026-05-08 10:51:32.147] [info]   [comfy-env] Root conda deps injected into comfyui feature: ['av', 'ffmpeg']
[2026-05-08 10:51:32.147] [SRV] 
[2026-05-08 10:51:32.150] [SRV] [2026-05-08 10:51:32.150] [info]   Generated /Users/runner/Documents/ComfyUI/.ce/pixi.toml
[2026-05-08 10:51:32.150] [SRV]  [comfy-env] Installing 3 environment(s):
[2026-05-08 10:51:32.150] [SRV]    - geometrypack-blender (python=3.11, 2 pypi deps)
[2026-05-08 10:51:32.150] [SRV]    - geometrypack-gpu (python=host, 2 pypi deps, 1 cuda wheels)
[2026-05-08 10:51:32.150] [SRV]    - geometrypack-main (python=host, 12 pypi deps)
[2026-05-08 10:51:32.150] [SRV]  [comfy-env] Running `pixi install --all`...
[2026-05-08 10:51:32.150] [SRV] 
[2026-05-08 10:51:45.783] [SRV] [2026-05-08 10:51:45.783] [info]      WARN Skipped running the post-link scripts because `run-post-link-scripts` = `false`
[2026-05-08 10:51:45.783] [SRV]    	- bin/.librsvg-pre-unlink.sh
[2026-05-08 10:51:45.783] [SRV]    To enable them, run:
[2026-05-08 10:51:45.783] [SRV]    	pixi config set --local run-post-link-scripts insecure
[2026-05-08 10:51:45.783] [SRV] 
[2026-05-08 10:51:45.793] [SRV] [2026-05-08 10:51:45.793] [info]     More info:
[2026-05-08 10:51:45.793] [SRV]    	https://pixi.sh/latest/reference/pixi_configuration/#run-post-link-scripts
[2026-05-08 10:51:45.793] [SRV] 
[2026-05-08 10:51:48.857] [SRV] [2026-05-08 10:51:48.857] [info]   
[2026-05-08 10:51:48.858] [SRV] [2026-05-08 10:51:48.858] [info]     WARN Skipped running the post-link scripts because `run-post-link-scripts` = `false`
[2026-05-08 10:51:48.858] [SRV]    	- bin/.librsvg-pre-unlink.sh
[2026-05-08 10:51:48.858] [SRV]    To enable them, run:
[2026-05-08 10:51:48.858] [SRV]    	pixi config set --local run-post-link-scripts insecure
[2026-05-08 10:51:48.858] [SRV]    More info:
[2026-05-08 10:51:48.858] [SRV] 
[2026-05-08 10:51:48.859] [SRV] [2026-05-08 10:51:48.859] [info]     	https://pixi.sh/latest/reference/pixi_configuration/#run-post-link-scripts
[2026-05-08 10:51:48.859] [SRV] 
[2026-05-08 10:52:20.216] [SRV] [2026-05-08 10:52:20.216] [info]  FETCH ComfyRegistry Data [DONE]
[2026-05-08 10:52:20.216] [SRV] 
[2026-05-08 10:52:20.535] [SRV] [2026-05-08 10:52:20.535] [info]  [ComfyUI-Manager] default cache updated: https://api.comfy.org/nodes
[2026-05-08 10:52:20.535] [SRV] 
[2026-05-08 10:52:20.556] [SRV] [2026-05-08 10:52:20.556] [info]  FETCH DATA from: /Users/runner/Documents/ComfyUI/user/__manager/cache/1514988643_custom-node-list.json
[2026-05-08 10:52:20.568] [SRV] [2026-05-08 10:52:20.568] [info]   [DONE]
[2026-05-08 10:52:20.569] [SRV] [2026-05-08 10:52:20.569] [info]  
[2026-05-08 10:52:20.569] [SRV] 
[2026-05-08 10:52:20.601] [SRV] [2026-05-08 10:52:20.601] [info]  [ComfyUI-Manager] All startup tasks have been completed.
[2026-05-08 10:52:20.601] [SRV] 
[2026-05-08 10:52:20.873] [SRV] [2026-05-08 10:52:20.873] [info]   
[2026-05-08 10:52:20.874] [SRV] [2026-05-08 10:52:20.874] [info]     WARN Skipped running the post-link scripts because `run-post-link-scripts` = `false`
[2026-05-08 10:52:20.874] [SRV]    	- bin/.librsvg-pre-unlink.sh
[2026-05-08 10:52:20.874] [SRV] 
[2026-05-08 10:52:20.875] [SRV] [2026-05-08 10:52:20.875] [info]   
[2026-05-08 10:52:20.877] [SRV] [2026-05-08 10:52:20.877] [info]    To enable them, run:
[2026-05-08 10:52:20.877] [SRV]    	pixi config set --local run-post-link-scripts insecure
[2026-05-08 10:52:20.877] [SRV]    More info:
[2026-05-08 10:52:20.877] [SRV]    	https://pixi.sh/latest/reference/pixi_configuration/#run-post-link-scripts
[2026-05-08 10:52:20.877] [SRV] 
[2026-05-08 10:52:25.216] [SRV] [2026-05-08 10:52:25.216] [info]      WARN Skipped running the post-link scripts because `run-post-link-scripts` = `false`
[2026-05-08 10:52:25.216] [SRV] 
[2026-05-08 10:52:25.219] [SRV] [2026-05-08 10:52:25.219] [info]     	- bin/.librsvg-pre-unlink.sh
[2026-05-08 10:52:25.219] [SRV]    To enable them, run:
[2026-05-08 10:52:25.219] [SRV]  
[2026-05-08 10:52:25.221] [SRV] [2026-05-08 10:52:25.221] [info]    	pixi config set --local run-post-link-scripts insecure
[2026-05-08 10:52:25.221] [SRV] 
[2026-05-08 10:52:25.223] [SRV] [2026-05-08 10:52:25.223] [info]     More info:
[2026-05-08 10:52:25.223] [SRV]    	https://pixi.sh/latest/reference/pixi_configuration/#run-post-link-scripts
[2026-05-08 10:52:25.223] [SRV] 
[2026-05-08 10:52:38.711] [SRV] [2026-05-08 10:52:38.711] [info]     ✔ The following environments have been installed: default, comfyui, geometrypack-blender, geometrypack-gpu, geometrypack-main.
[2026-05-08 10:52:38.711] [SRV] 
[2026-05-08 10:52:38.794] [SRV] [2026-05-08 10:52:38.794] [info]   [comfy-env] Note: env `default` is on disk but no node declares it in this run. Leaving as-is. Remove via `pixi clean --environment default` if intended.
[2026-05-08 10:52:38.794] [SRV] 
[2026-05-08 10:52:38.857] [SRV] [2026-05-08 10:52:38.857] [info]   [comfy-env] geometrypack-blender: deduped libomp
[2026-05-08 10:52:38.857] [SRV] 
[2026-05-08 10:52:38.912] [SRV] [2026-05-08 10:52:38.912] [info]   
[2026-05-08 10:52:38.913] [SRV] [2026-05-08 10:52:38.913] [info]  [comfy-env] geometrypack-gpu: deduped libomp
[2026-05-08 10:52:38.913] [SRV] 
[2026-05-08 10:52:39.014] [SRV] [2026-05-08 10:52:39.014] [info]   [comfy-env] geometrypack-main: deduped libomp
[2026-05-08 10:52:39.014] [SRV]  [comfy-env] Install log: /Users/runner/Documents/ComfyUI/.ce/install.log
[2026-05-08 10:52:39.014] [SRV]  
[2026-05-08 10:52:39.014] [SRV]  Installation complete!
[2026-05-08 10:52:39.014] [SRV] 
[2026-05-08 10:52:40.531] [SRV] [2026-05-08 10:52:40.531] [info]  
[2026-05-08 10:52:40.531] [SRV] Restarting... [Legacy Mode]
[2026-05-08 10:52:40.531] [SRV] 
[2026-05-08 10:52:40.531] [SRV] 
[2026-05-08 10:52:40.531] [SRV] Command: ['/Users/runner/Documents/ComfyUI/.venv/bin/python', '/Users/runner/work/comfy-gpu-ci/comfy-gpu-ci/ComfyUI.app/Contents/Resources/ComfyUI/main.py', '--user-directory', '/Users/runner/Documents/ComfyUI/user', '--input-directory', '/Users/runner/Documents/ComfyUI/input', '--output-directory', '/Users/runner/Documents/ComfyUI/output', '--front-end-root', '/Users/runner/work/comfy-gpu-ci/comfy-gpu-ci/ComfyUI.app/Contents/Resources/ComfyUI/web_custom_versions/desktop_app', '--base-directory', '/Users/runner/Documents/ComfyUI', '--database-url', 'sqlite:////Users/runner/Documents/ComfyUI/user/comfyui.db', '--extra-model-paths-config', '/Users/runner/Library/Application Support/ComfyUI/extra_models_config.yaml', '--log-stdout', '--listen', '127.0.0.1', '--port', '8000', '--enable-manager']
[2026-05-08 10:52:40.531] [SRV] 
[2026-05-08 10:52:40.579] [SRV] [2026-05-08 10:52:40.579] [error] /Users/runner/.local/share/uv/python/cpython-3.12.11-macos-aarch64-none/lib/python3.12/multiprocessing/resource_tracker.py:279: UserWarning: resource_tracker: There appear to be 1 leaked semaphore objects to clean up at shutdown
[2026-05-08 10:52:40.579] [SRV]   warnings.warn('resource_tracker: There appear to be %d '
[2026-05-08 10:52:40.579] [SRV] 
[2026-05-08 10:52:41.246] [SRV] [2026-05-08 10:52:41.246] [info]  setup plugin alembic.autogenerate.schemas
[2026-05-08 10:52:41.246] [SRV] setup plugin alembic.autogenerate.tables
[2026-05-08 10:52:41.246] [SRV] setup plugin alembic.autogenerate.types
[2026-05-08 10:52:41.246] [SRV] setup plugin alembic.autogenerate.constraints
[2026-05-08 10:52:41.246] [SRV] setup plugin alembic.autogenerate.defaults
[2026-05-08 10:52:41.246] [SRV] 
[2026-05-08 10:52:41.247] [SRV] [2026-05-08 10:52:41.247] [info]  setup plugin alembic.autogenerate.comments
[2026-05-08 10:52:41.247] [SRV] 
[2026-05-08 10:52:41.325] [SRV] [2026-05-08 10:52:41.325] [info]  comfy-aimdo os not supported Darwin
[2026-05-08 10:52:41.325] [SRV] NOTE: comfy-aimdo is currently only support for Windows and Linux
[2026-05-08 10:52:41.325] [SRV] 
[2026-05-08 10:52:41.493] [SRV] [2026-05-08 10:52:41.493] [info]  Adding extra search path custom_nodes /Users/runner/Documents/ComfyUI/custom_nodes
[2026-05-08 10:52:41.493] [SRV] Adding extra search path download_model_base /Users/runner/Documents/ComfyUI/models
[2026-05-08 10:52:41.493] [SRV] Adding extra search path custom_nodes /Users/runner/work/comfy-gpu-ci/comfy-gpu-ci/ComfyUI.app/Contents/Resources/ComfyUI/custom_nodes
[2026-05-08 10:52:41.493] [SRV] Setting output directory to: /Users/runner/Documents/ComfyUI/output
[2026-05-08 10:52:41.493] [SRV] Setting input directory to: /Users/runner/Documents/ComfyUI/input
[2026-05-08 10:52:41.493] [SRV] Setting user directory to: /Users/runner/Documents/ComfyUI/user
[2026-05-08 10:52:41.493] [SRV] 
[2026-05-08 10:52:41.841] [SRV] [2026-05-08 10:52:41.841] [info]  [START] Security scan
[2026-05-08 10:52:41.841] [SRV] [ComfyUI-Manager] Using uv as Python module for pip operations.
[2026-05-08 10:52:41.841] [SRV] 
[2026-05-08 10:52:41.998] [SRV] [2026-05-08 10:52:41.998] [info]  [DONE] Security scan
[2026-05-08 10:52:41.998] [SRV] ** ComfyUI startup time: 
[2026-05-08 10:52:41.998] [UI ] [2026-05-08 10:52:41.998] ** Platform: Darwin
[2026-05-08 10:52:41.998] [UI ] [2026-05-08 10:52:41.998] ** Python version: 3.12.11 (main, Aug 18 2025, 19:02:39) [Clang 20.1.4 ]
[2026-05-08 10:52:41.998] [UI ] [2026-05-08 10:52:41.998] ** Python executable: /Users/runner/Documents/ComfyUI/.venv/bin/python
[2026-05-08 10:52:41.998] [UI ] [2026-05-08 10:52:41.998] ** ComfyUI Path: /Users/runner/work/comfy-gpu-ci/comfy-gpu-ci/ComfyUI.app/Contents/Resources/ComfyUI
[2026-05-08 10:52:41.998] [UI ] [2026-05-08 10:52:41.998] ** ComfyUI Base Folder Path: /Users/runner/work/comfy-gpu-ci/comfy-gpu-ci/ComfyUI.app/Contents/Resources/ComfyUI
[2026-05-08 10:52:41.999] [UI ] [2026-05-08 10:52:41.999] ** User directory: /Users/runner/Documents/ComfyUI/user
[2026-05-08 10:52:41.999] [UI ] [2026-05-08 10:52:41.999] ** ComfyUI-Manager config path: /Users/runner/Documents/ComfyUI/user/__manager/config.ini
[2026-05-08 10:52:41.999] [UI ] [2026-05-08 10:52:41.999] ** Log path: /Users/runner/Documents/ComfyUI/user/comfyui.log
[2026-05-08 10:52:41.999] [UI ] [ComfyUI-Manager] Skipped fixing the 'comfyui-frontend-package' dependency because the ComfyUI is outdated.
[2026-05-08 10:52:42.000] [SRV] [2026-05-08 10:52:42.000] [info]  2026-05-08 10:52:41.997
[2026-05-08 10:52:42.000] [SRV] ** Platform: Darwin
[2026-05-08 10:52:42.000] [SRV] ** Python version: 3.12.11 (main, Aug 18 2025, 19:02:39) [Clang 20.1.4 ]
[2026-05-08 10:52:42.000] [SRV] ** Python executable: /Users/runner/Documents/ComfyUI/.venv/bin/python
[2026-05-08 10:52:42.000] [SRV] ** ComfyUI Path: /Users/runner/work/comfy-gpu-ci/comfy-gpu-ci/ComfyUI.app/Contents/Resources/ComfyUI
[2026-05-08 10:52:42.000] [SRV] ** ComfyUI Base Folder Path: /Users/runner/work/comfy-gpu-ci/comfy-gpu-ci/ComfyUI.app/Contents/Resources/ComfyUI
[2026-05-08 10:52:42.000] [SRV] ** User directory: /Users/runner/Documents/ComfyUI/user
[2026-05-08 10:52:42.000] [SRV] ** ComfyUI-Manager config path: /Users/runner/Documents/ComfyUI/user/__manager/config.ini
[2026-05-08 10:52:42.000] [SRV] ** Log path: /Users/runner/Documents/ComfyUI/user/comfyui.log
[2026-05-08 10:52:42.000] [SRV] 
[2026-05-08 10:52:42.106] [SRV] [2026-05-08 10:52:42.106] [info]  [ComfyUI-Manager] Skipped fixing the 'comfyui-frontend-package' dependency because the ComfyUI is outdated.
[2026-05-08 10:52:42.106] [SRV] 
[2026-05-08 10:52:42.106] [UI ] [2026-05-08 10:52:42.106] [PRE] ComfyUI-Manager
[2026-05-08 10:52:42.107] [SRV] [2026-05-08 10:52:42.107] [info]  [PRE] ComfyUI-Manager
[2026-05-08 10:52:42.107] [SRV] 
[2026-05-08 10:52:42.332] [UI ] [2026-05-08 10:52:42.332] [comfy-env] comfyui-geometrypack: 3 isolation env(s):
[2026-05-08 10:52:42.333] [SRV] [2026-05-08 10:52:42.333] [error] [comfy-env] comfyui-geometrypack: 3 isolation env(s):
[2026-05-08 10:52:42.333] [UI ] [2026-05-08 10:52:42.333] [comfy-env]   blender -> /Users/runner/Documents/ComfyUI/custom_nodes/comfyui-geometrypack/nodes/blender
[2026-05-08 10:52:42.333] [UI ] [2026-05-08 10:52:42.333] [comfy-env]   gpu -> /Users/runner/Documents/ComfyUI/custom_nodes/comfyui-geometrypack/nodes/gpu
[2026-05-08 10:52:42.333] [UI ] [2026-05-08 10:52:42.333] [comfy-env]   main -> /Users/runner/Documents/ComfyUI/custom_nodes/comfyui-geometrypack/nodes/main
[2026-05-08 10:52:42.334] [SRV] [2026-05-08 10:52:42.334] [error] 
[2026-05-08 10:52:42.334] [SRV] [comfy-env]   blender -> /Users/runner/Documents/ComfyUI/custom_nodes/comfyui-geometrypack/nodes/blender
[2026-05-08 10:52:42.334] [SRV] [comfy-env]   gpu -> /Users/runner/Documents/ComfyUI/custom_nodes/comfyui-geometrypack/nodes/gpu
[2026-05-08 10:52:42.334] [SRV] [comfy-env]   main -> /Users/runner/Documents/ComfyUI/custom_nodes/comfyui-geometrypack/nodes/main
[2026-05-08 10:52:42.334] [SRV] 
[2026-05-08 10:52:43.358] [SRV] [2026-05-08 10:52:43.358] [error] [comfy-env] prestartup complete
[2026-05-08 10:52:43.358] [SRV] 
[2026-05-08 10:52:43.358] [UI ] [2026-05-08 10:52:43.358] [comfy-env] prestartup complete
[2026-05-08 10:52:43.669] [UI ] [2026-05-08 10:52:43.669] WARNING: Potential Error in code: Torch already imported, torch should never be imported before this point.
[2026-05-08 10:52:43.670] [SRV] [2026-05-08 10:52:43.670] [info]  WARNING: Potential Error in code: Torch already imported, torch should never be imported before this point.
[2026-05-08 10:52:43.670] [SRV] 
[2026-05-08 10:52:44.998] [SRV] [2026-05-08 10:52:44.998] [info]  Found comfy_kitchen backend triton: {'available': False, 'disabled': True, 'unavailable_reason': "ImportError: No module named 'triton'", 'capabilities': []}
[2026-05-08 10:52:44.998] [SRV] Found comfy_kitchen backend eager: {'available': True, 'disabled': False, 'unavailable_reason': None, 'capabilities': ['apply_rope', 'apply_rope1', 'dequantize_mxfp8', 'dequantize_nvfp4', 'dequantize_per_tensor_fp8', 'quantize_mxfp8', 'quantize_nvfp4', 'quantize_per_tensor_fp8', 'scaled_mm_mxfp8', 'scaled_mm_nvfp4']}
[2026-05-08 10:52:44.998] [SRV] 
[2026-05-08 10:52:44.998] [UI ] [2026-05-08 10:52:44.998] Found comfy_kitchen backend triton: {'available': False, 'disabled': True, 'unavailable_reason': "ImportError: No module named 'triton'", 'capabilities': []}
[2026-05-08 10:52:44.998] [UI ] [2026-05-08 10:52:44.998] Found comfy_kitchen backend eager: {'available': True, 'disabled': False, 'unavailable_reason': None, 'capabilities': ['apply_rope', 'apply_rope1', 'dequantize_mxfp8', 'dequantize_nvfp4', 'dequantize_per_tensor_fp8', 'quantize_mxfp8', 'quantize_nvfp4', 'quantize_per_tensor_fp8', 'scaled_mm_mxfp8', 'scaled_mm_nvfp4']}
[2026-05-08 10:52:44.998] [UI ] [2026-05-08 10:52:44.998] Found comfy_kitchen backend cuda: {'available': False, 'disabled': True, 'unavailable_reason': 'Extension file not found: /Users/runner/Documents/ComfyUI/.venv/lib/python3.12/site-packages/comfy_kitchen/backends/cuda/_C.abi3.so', 'capabilities': []}
[2026-05-08 10:52:44.999] [SRV] [2026-05-08 10:52:44.999] [info]  Found comfy_kitchen backend cuda: {'available': False, 'disabled': True, 'unavailable_reason': 'Extension file not found: /Users/runner/Documents/ComfyUI/.venv/lib/python3.12/site-packages/comfy_kitchen/backends/cuda/_C.abi3.so', 'capabilities': []}
[2026-05-08 10:52:44.999] [SRV] 
[2026-05-08 10:52:45.010] [SRV] [2026-05-08 10:52:45.010] [info]  Checkpoint files will always be loaded safely.
[2026-05-08 10:52:45.010] [SRV] 
[2026-05-08 10:52:45.010] [UI ] [2026-05-08 10:52:45.010] Checkpoint files will always be loaded safely.
[2026-05-08 10:52:45.050] [SRV] [2026-05-08 10:52:45.050] [info]  Total VRAM 7168 MB, total RAM 7168 MB
[2026-05-08 10:52:45.050] [SRV] 
[2026-05-08 10:52:45.050] [UI ] [2026-05-08 10:52:45.050] Total VRAM 7168 MB, total RAM 7168 MB
[2026-05-08 10:52:45.050] [UI ] [2026-05-08 10:52:45.050] pytorch version: 2.10.0
[2026-05-08 10:52:45.052] [SRV] [2026-05-08 10:52:45.052] [info]  pytorch version: 2.10.0
[2026-05-08 10:52:45.052] [SRV] 
[2026-05-08 10:52:45.055] [SRV] [2026-05-08 10:52:45.055] [info]  Mac Version (15, 7, 4)
[2026-05-08 10:52:45.055] [SRV] 
[2026-05-08 10:52:45.055] [UI ] [2026-05-08 10:52:45.055] Mac Version (15, 7, 4)
[2026-05-08 10:52:45.055] [UI ] [2026-05-08 10:52:45.055] Set vram state to: SHARED
[2026-05-08 10:52:45.055] [UI ] [2026-05-08 10:52:45.055] Device: mps
[2026-05-08 10:52:45.056] [SRV] [2026-05-08 10:52:45.056] [info]  Set vram state to: SHARED
[2026-05-08 10:52:45.056] [SRV] Device: mps
[2026-05-08 10:52:45.056] [SRV] 
[2026-05-08 10:52:45.463] [UI ] [2026-05-08 10:52:45.463] Using sub quadratic optimization for attention, if you have memory or speed issues try using: --use-split-cross-attention
[2026-05-08 10:52:45.464] [SRV] [2026-05-08 10:52:45.464] [info]  Using sub quadratic optimization for attention, if you have memory or speed issues try using: --use-split-cross-attention
[2026-05-08 10:52:45.464] [SRV] 
[2026-05-08 10:52:48.455] [SRV] [2026-05-08 10:52:48.455] [info]  Python version: 3.12.11 (main, Aug 18 2025, 19:02:39) [Clang 20.1.4 ]
[2026-05-08 10:52:48.455] [SRV] ComfyUI version: 0.20.1
[2026-05-08 10:52:48.455] [SRV] 
[2026-05-08 10:52:48.455] [UI ] [2026-05-08 10:52:48.455] Python version: 3.12.11 (main, Aug 18 2025, 19:02:39) [Clang 20.1.4 ]
[2026-05-08 10:52:48.455] [UI ] [2026-05-08 10:52:48.455] ComfyUI version: 0.20.1
[2026-05-08 10:52:48.456] [SRV] [2026-05-08 10:52:48.456] [info]  comfy-aimdo version: 0.2.14
[2026-05-08 10:52:48.456] [SRV] comfy-kitchen version: 0.2.8
[2026-05-08 10:52:48.456] [SRV] 
[2026-05-08 10:52:48.456] [UI ] [2026-05-08 10:52:48.456] comfy-aimdo version: 0.2.14
[2026-05-08 10:52:48.456] [UI ] [2026-05-08 10:52:48.456] comfy-kitchen version: 0.2.8
[2026-05-08 10:52:48.457] [SRV] [2026-05-08 10:52:48.457] [info]  [Prompt Server] web root: /Users/runner/work/comfy-gpu-ci/comfy-gpu-ci/ComfyUI.app/Contents/Resources/ComfyUI/web_custom_versions/desktop_app
[2026-05-08 10:52:48.457] [SRV] 
[2026-05-08 10:52:48.457] [UI ] [2026-05-08 10:52:48.457] [Prompt Server] web root: /Users/runner/work/comfy-gpu-ci/comfy-gpu-ci/ComfyUI.app/Contents/Resources/ComfyUI/web_custom_versions/desktop_app
[2026-05-08 10:52:48.458] [SRV] [2026-05-08 10:52:48.458] [info]  Asset seeder disabled
[2026-05-08 10:52:48.458] [SRV] 
[2026-05-08 10:52:48.458] [SRV] [2026-05-08 10:52:48.458] [info]  [START] ComfyUI-Manager
[2026-05-08 10:52:48.458] [SRV] 
[2026-05-08 10:52:48.458] [UI ] [2026-05-08 10:52:48.458] Asset seeder disabled
[2026-05-08 10:52:48.458] [UI ] [2026-05-08 10:52:48.458] [START] ComfyUI-Manager
[2026-05-08 10:52:48.558] [SRV] [2026-05-08 10:52:48.558] [info]  [ComfyUI-Manager] Using GitPython backend
[2026-05-08 10:52:48.558] [SRV] 
[2026-05-08 10:52:48.558] [UI ] [2026-05-08 10:52:48.558] [ComfyUI-Manager] Using GitPython backend
[2026-05-08 10:52:48.588] [SRV] [2026-05-08 10:52:48.588] [info]  [ComfyUI-Manager] network_mode: public
[2026-05-08 10:52:48.588] [SRV] 
[2026-05-08 10:52:48.588] [UI ] [2026-05-08 10:52:48.588] [ComfyUI-Manager] network_mode: public
[2026-05-08 10:52:48.590] [SRV] [2026-05-08 10:52:48.590] [info]  [ComfyUI-Manager] The matrix sharing feature has been disabled because the `matrix-nio` dependency is not installed.
[2026-05-08 10:52:48.590] [SRV] 	To use this feature, please run the following command:
[2026-05-08 10:52:48.590] [SRV] 	/Users/runner/Documents/ComfyUI/.venv/bin/python -m pip install matrix-nio
[2026-05-08 10:52:48.590] [SRV] 
[2026-05-08 10:52:48.590] [SRV] 
[2026-05-08 10:52:48.590] [UI ] [2026-05-08 10:52:48.590] [ComfyUI-Manager] The matrix sharing feature has been disabled because the `matrix-nio` dependency is not installed.
[2026-05-08 10:52:48.590] [UI ] 	To use this feature, please run the following command:
[2026-05-08 10:52:48.590] [UI ] 	/Users/runner/Documents/ComfyUI/.venv/bin/python -m pip install matrix-nio
[2026-05-08 10:52:48.590] [UI ] 
[2026-05-08 10:52:49.608] [SRV] [2026-05-08 10:52:49.608] [info]  loading...
[2026-05-08 10:52:49.608] [SRV] calling register_nodes
[2026-05-08 10:52:49.608] [SRV] 
[2026-05-08 10:52:49.608] [UI ] [2026-05-08 10:52:49.608] loading...
[2026-05-08 10:52:49.608] [UI ] [2026-05-08 10:52:49.608] calling register_nodes
[2026-05-08 10:52:49.615] [UI ] [2026-05-08 10:52:49.615] [comfy-env] Version: 0.3.75
[2026-05-08 10:52:49.616] [SRV] [2026-05-08 10:52:49.616] [error] [comfy-env] Version: 0.3.75
[2026-05-08 10:52:49.616] [SRV] [2026-05-08 10:52:49.616] [error] 
[2026-05-08 10:52:49.616] [SRV] 
[2026-05-08 10:52:49.744] [SRV] [2026-05-08 10:52:49.744] [error] [comfy-env] register_nodes: comfyui-geometrypack
[2026-05-08 10:52:49.744] [SRV] 
[2026-05-08 10:52:49.744] [UI ] [2026-05-08 10:52:49.744] [comfy-env] register_nodes: comfyui-geometrypack
[2026-05-08 10:52:49.747] [UI ] [2026-05-08 10:52:49.747] [comfy-env] ComfyUI source dir: /Users/runner/work/comfy-gpu-ci/comfy-gpu-ci/ComfyUI.app/Contents/Resources/ComfyUI
[2026-05-08 10:52:49.748] [SRV] [2026-05-08 10:52:49.748] [error] [comfy-env] ComfyUI source dir: /Users/runner/work/comfy-gpu-ci/comfy-gpu-ci/ComfyUI.app/Contents/Resources/ComfyUI
[2026-05-08 10:52:49.748] [SRV] 
[2026-05-08 10:52:49.764] [SRV] [2026-05-08 10:52:49.764] [error] [comfy-env] Importing nodes (root)...
[2026-05-08 10:52:49.764] [UI ] [2026-05-08 10:52:49.764] [comfy-env] Importing nodes (root)...
[2026-05-08 10:52:49.765] [SRV] [2026-05-08 10:52:49.765] [error] 
[2026-05-08 10:52:49.765] [SRV] 
[2026-05-08 10:52:49.765] [UI ] [2026-05-08 10:52:49.765] [comfy-env] Imported nodes root: 0 nodes
[2026-05-08 10:52:49.766] [SRV] [2026-05-08 10:52:49.766] [error] [comfy-env] Imported nodes root: 0 nodes
[2026-05-08 10:52:49.766] [SRV] 
[2026-05-08 10:52:49.768] [SRV] [2026-05-08 10:52:49.768] [error] [comfy-env] Scanning main metadata...
[2026-05-08 10:52:49.768] [SRV] [2026-05-08 10:52:49.768] [error] [comfy-env] Scanning gpu metadata...[comfy-env] Scanning blender metadata...
[2026-05-08 10:52:49.768] [SRV] 
[2026-05-08 10:52:49.768] [UI ] [2026-05-08 10:52:49.768] [comfy-env] Scanning main metadata...[comfy-env] Scanning gpu metadata...[comfy-env] Scanning blender metadata...
[2026-05-08 10:52:49.768] [UI ] [2026-05-08 10:52:49.768] 
[2026-05-08 10:52:49.768] [UI ] [2026-05-08 10:52:49.768] 
[2026-05-08 10:52:49.769] [SRV] [2026-05-08 10:52:49.769] [error] 
[2026-05-08 10:52:49.769] [SRV] 
[2026-05-08 10:52:49.769] [SRV] 
[2026-05-08 10:53:02.226] [UI ] [2026-05-08 10:53:02.226] [comfy-env] Scanned nodes.gpu: 3 nodes (12.4s)
[2026-05-08 10:53:02.229] [SRV] [2026-05-08 10:53:02.229] [error] [comfy-env] Scanned nodes.gpu: 3 nodes (12.4s)
[2026-05-08 10:53:02.229] [SRV] 
[2026-05-08 10:53:02.230] [UI ] [2026-05-08 10:53:02.230] [comfy-env] Scanned gpu: 3 nodes (12.5s)
[2026-05-08 10:53:02.233] [SRV] [2026-05-08 10:53:02.233] [error] [comfy-env] Scanned gpu: 3 nodes (12.5s)
[2026-05-08 10:53:02.233] [SRV] [comfy-env] Registered 3 isolation nodes from gpu
[2026-05-08 10:53:02.233] [SRV] 
[2026-05-08 10:53:02.233] [UI ] [2026-05-08 10:53:02.233] [comfy-env] Registered 3 isolation nodes from gpu
[2026-05-08 10:53:02.978] [UI ] [2026-05-08 10:53:02.978] [comfy-env] Scanned nodes.blender: 12 nodes (13.2s)
[2026-05-08 10:53:02.979] [SRV] [2026-05-08 10:53:02.979] [error] [comfy-env] Scanned nodes.blender: 12 nodes (13.2s)
[2026-05-08 10:53:02.979] [SRV] 
[2026-05-08 10:53:02.982] [SRV] [2026-05-08 10:53:02.982] [error] [comfy-env] Scanned blender: 12 nodes (13.2s)
[2026-05-08 10:53:02.982] [UI ] [2026-05-08 10:53:02.982] [comfy-env] Scanned blender: 12 nodes (13.2s)
[2026-05-08 10:53:02.983] [UI ] [2026-05-08 10:53:02.983] [comfy-env] Registered 12 isolation nodes from blender
[2026-05-08 10:53:02.984] [SRV] [2026-05-08 10:53:02.984] [error] 
[2026-05-08 10:53:02.984] [SRV] [comfy-env] Registered 12 isolation nodes from blender
[2026-05-08 10:53:02.984] [SRV] 
[2026-05-08 10:53:06.917] [UI ] [2026-05-08 10:53:06.917] [comfy-env] Scanned nodes.main: 110 nodes (17.1s)
[2026-05-08 10:53:06.918] [SRV] [2026-05-08 10:53:06.918] [error] [comfy-env] Scanned nodes.main: 110 nodes (17.1s)
[2026-05-08 10:53:06.918] [SRV] 
[2026-05-08 10:53:06.919] [SRV] [2026-05-08 10:53:06.919] [error] [comfy-env] Scanned main: 110 nodes (17.2s)
[2026-05-08 10:53:06.919] [UI ] [2026-05-08 10:53:06.919] [comfy-env] Scanned main: 110 nodes (17.2s)
[2026-05-08 10:53:06.920] [SRV] [2026-05-08 10:53:06.920] [error] 
[2026-05-08 10:53:06.920] [SRV] 
[2026-05-08 10:53:06.922] [UI ] [2026-05-08 10:53:06.922] [comfy-env] Registered 110 isolation nodes from main
[2026-05-08 10:53:06.923] [SRV] [2026-05-08 10:53:06.923] [error] [comfy-env] Registered 110 isolation nodes from main
[2026-05-08 10:53:06.923] [SRV] [2026-05-08 10:53:06.923] [error] 
[2026-05-08 10:53:06.923] [SRV] [comfy-env] Registered 125 total nodes
[2026-05-08 10:53:06.923] [UI ] [2026-05-08 10:53:06.923] [comfy-env] Registered 125 total nodes
[2026-05-08 10:53:06.924] [SRV] [2026-05-08 10:53:06.924] [error] 
[2026-05-08 10:53:06.924] [SRV] 
[2026-05-08 10:53:06.940] [SRV] [2026-05-08 10:53:06.940] [info]  
[2026-05-08 10:53:06.940] [SRV] Import times for custom nodes:
[2026-05-08 10:53:06.940] [SRV] 
[2026-05-08 10:53:06.940] [UI ] [2026-05-08 10:53:06.940] 
[2026-05-08 10:53:06.940] [UI ] Import times for custom nodes:
[2026-05-08 10:53:06.940] [UI ] [2026-05-08 10:53:06.940]    0.0 seconds: /Users/runner/work/comfy-gpu-ci/comfy-gpu-ci/ComfyUI.app/Contents/Resources/ComfyUI/custom_nodes/websocket_image_save.py
[2026-05-08 10:53:06.941] [UI ] [2026-05-08 10:53:06.941]   17.3 seconds: /Users/runner/Documents/ComfyUI/custom_nodes/comfyui-geometrypack
[2026-05-08 10:53:06.941] [UI ] [2026-05-08 10:53:06.941] 
[2026-05-08 10:53:06.942] [SRV] [2026-05-08 10:53:06.942] [info]     0.0 seconds: /Users/runner/work/comfy-gpu-ci/comfy-gpu-ci/ComfyUI.app/Contents/Resources/ComfyUI/custom_nodes/websocket_image_save.py
[2026-05-08 10:53:06.942] [SRV]   17.3 seconds: /Users/runner/Documents/ComfyUI/custom_nodes/comfyui-geometrypack
[2026-05-08 10:53:06.942] [SRV] 
[2026-05-08 10:53:06.942] [SRV] 
[2026-05-08 10:53:06.959] [UI ] [2026-05-08 10:53:06.959] Context impl SQLiteImpl.
[2026-05-08 10:53:06.959] [UI ] [2026-05-08 10:53:06.959] Will assume non-transactional DDL.
[2026-05-08 10:53:06.960] [SRV] [2026-05-08 10:53:06.960] [info]  Context impl SQLiteImpl.
[2026-05-08 10:53:06.960] [SRV] 
[2026-05-08 10:53:06.961] [SRV] [2026-05-08 10:53:06.961] [info]  Will assume non-transactional DDL.
[2026-05-08 10:53:06.961] [SRV] 
[2026-05-08 10:53:07.092] [SRV] [2026-05-08 10:53:07.092] [info]  Starting server
[2026-05-08 10:53:07.092] [SRV] 
[2026-05-08 10:53:07.092] [SRV] 
[2026-05-08 10:53:07.092] [UI ] [2026-05-08 10:53:07.092] Starting server
[2026-05-08 10:53:07.092] [UI ] 
[2026-05-08 10:53:07.093] [SRV] [2026-05-08 10:53:07.093] [info]  To see the GUI go to: http://127.0.0.1:8000
[2026-05-08 10:53:07.093] [SRV] 
[2026-05-08 10:53:07.093] [UI ] [2026-05-08 10:53:07.093] To see the GUI go to: http://127.0.0.1:8000
[2026-05-08 10:53:10.433] [UI ] [2026-05-08 10:53:10.433] [ComfyUI-Manager] The ComfyRegistry cache update is still in progress, so an outdated cache is being used.
[2026-05-08 10:53:10.434] [SRV] [2026-05-08 10:53:10.434] [info]  [ComfyUI-Manager] The ComfyRegistry cache update is still in progress, so an outdated cache is being used.
[2026-05-08 10:53:10.434] [SRV] 
[2026-05-08 10:53:10.506] [UI ] [2026-05-08 10:53:10.506] FETCH DATA from: /Users/runner/Documents/ComfyUI/.venv/lib/python3.12/site-packages/comfyui_manager/custom-node-list.json [DONE]
[2026-05-08 10:53:10.507] [SRV] [2026-05-08 10:53:10.507] [info]  FETCH DATA from: /Users/runner/Documents/ComfyUI/.venv/lib/python3.12/site-packages/comfyui_manager/custom-node-list.json
[2026-05-08 10:53:10.524] [SRV] [2026-05-08 10:53:10.524] [info]   [DONE]
[2026-05-08 10:53:10.524] [SRV] 
[2026-05-08 10:53:17.886] [SRV] [2026-05-08 10:53:17.886] [info]  [ComfyUI-Manager] The ComfyRegistry cache update is still in progress, so an outdated cache is being used.
[2026-05-08 10:53:17.886] [SRV] 
[2026-05-08 10:53:17.886] [UI ] [2026-05-08 10:53:17.886] [ComfyUI-Manager] The ComfyRegistry cache update is still in progress, so an outdated cache is being used.
[2026-05-08 10:53:17.945] [UI ] [2026-05-08 10:53:17.945] FETCH DATA from: /Users/runner/Documents/ComfyUI/.venv/lib/python3.12/site-packages/comfyui_manager/custom-node-list.json [DONE]
[2026-05-08 10:53:17.946] [SRV] [2026-05-08 10:53:17.946] [info]  FETCH DATA from: /Users/runner/Documents/ComfyUI/.venv/lib/python3.12/site-packages/comfyui_manager/custom-node-list.json
[2026-05-08 10:53:17.959] [SRV] [2026-05-08 10:53:17.959] [info]   [DONE]
[2026-05-08 10:53:17.959] [SRV] 
[2026-05-08 10:53:17.959] [UI ] ** ComfyUI startup time: 2026-05-08 10:52:41.997