[00:00] Crash dump logging enabled: /Users/runner/work/comfy-gpu-ci/comfy-gpu-ci/comfy-test-logs/GeometryPack-1508/macos-cpu/crash_dump.log
[00:00] 
[00:00] [1/5] REGISTRATION
[00:00] ----------------------------------------
[00:00] 
[DEBUG] server=None, server_url=http://127.0.0.1:8188, api=None
[00:00] 
Connecting to existing server at http://127.0.0.1:8188...
[00:00] Connecting to existing server at http://127.0.0.1:8188...
[00:00] Connected to server! (attempt 1, 0.0s)
[00:00] Checking for import errors in server logs...
[00:00] No import errors detected
[00:00] Found 822 registered nodes
[00:00] [REGISTRATION] PASSED
[00:00] 
[00:00] [2/5] INSTANTIATION
[00:00] ----------------------------------------
[00:00] 
[DEBUG] server=<comfy_test.comfyui.server.ExternalComfyUIServer object at 0x106783d60>, server_url=http://127.0.0.1:8188, api=<comfy_test.comfyui.api.ComfyUIAPI object at 0x106783010>
[00:00] Testing node constructors...
[00:01] All 125 node(s) instantiated successfully!
[00:01] [INSTANTIATION] PASSED
[00:01] 
[00:01] [3/5] STATIC_CAPTURE
[00:01] ----------------------------------------
[00:01] 
[DEBUG] server=<comfy_test.comfyui.server.ExternalComfyUIServer object at 0x106783d60>, server_url=http://127.0.0.1:8188, api=<comfy_test.comfyui.api.ComfyUIAPI object at 0x106783010>
[00:01] Capturing 33 static screenshot(s)...
[00:01] Starting headless browser...
[00:02]   macOS — using Apple Metal GPU via ANGLE
[00:03]   [1/33] STATIC alpha_wrap.json
[00:03] Capturing: alpha_wrap.json
[00:12]   Saved: /Users/runner/work/comfy-gpu-ci/comfy-gpu-ci/comfy-test-logs/GeometryPack-1508/macos-cpu/screenshots/alpha_wrap.png
[00:12]   [2/33] STATIC batch_remesh.json
[00:12] Capturing: batch_remesh.json
[00:18]   Saved: /Users/runner/work/comfy-gpu-ci/comfy-gpu-ci/comfy-test-logs/GeometryPack-1508/macos-cpu/screenshots/batch_remesh.png
[00:18]   [3/33] STATIC boolean_ops.json
[00:18] Capturing: boolean_ops.json
[00:24]   Saved: /Users/runner/work/comfy-gpu-ci/comfy-gpu-ci/comfy-test-logs/GeometryPack-1508/macos-cpu/screenshots/boolean_ops.png
[00:24]   [4/33] STATIC decimate.json
[00:24] Capturing: decimate.json
[00:30]   Saved: /Users/runner/work/comfy-gpu-ci/comfy-gpu-ci/comfy-test-logs/GeometryPack-1508/macos-cpu/screenshots/decimate.png
[00:30]   [5/33] STATIC depth_map_to_mesh.json
[00:30] Capturing: depth_map_to_mesh.json
[00:36]   Saved: /Users/runner/work/comfy-gpu-ci/comfy-gpu-ci/comfy-test-logs/GeometryPack-1508/macos-cpu/screenshots/depth_map_to_mesh.png
[00:36]   [6/33] STATIC fix_self_intersection.json
[00:36] Capturing: fix_self_intersection.json
[00:42]   Saved: /Users/runner/work/comfy-gpu-ci/comfy-gpu-ci/comfy-test-logs/GeometryPack-1508/macos-cpu/screenshots/fix_self_intersection.png
[00:42]   [7/33] STATIC mesh_info.json
[00:42] Capturing: mesh_info.json
[00:48]   Saved: /Users/runner/work/comfy-gpu-ci/comfy-gpu-ci/comfy-test-logs/GeometryPack-1508/macos-cpu/screenshots/mesh_info.png
[00:48]   [8/33] STATIC mesh_mesh_distance.json
[00:48] Capturing: mesh_mesh_distance.json
[00:54]   Saved: /Users/runner/work/comfy-gpu-ci/comfy-gpu-ci/comfy-test-logs/GeometryPack-1508/macos-cpu/screenshots/mesh_mesh_distance.png
[00:54]   [9/33] STATIC normals.json
[00:54] Capturing: normals.json
[01:00]   Saved: /Users/runner/work/comfy-gpu-ci/comfy-gpu-ci/comfy-test-logs/GeometryPack-1508/macos-cpu/screenshots/normals.png
[01:00]   [10/33] STATIC point_mesh_distance.json
[01:00] Capturing: point_mesh_distance.json
[01:06]   Saved: /Users/runner/work/comfy-gpu-ci/comfy-gpu-ci/comfy-test-logs/GeometryPack-1508/macos-cpu/screenshots/point_mesh_distance.png
[01:06]   [11/33] STATIC preview_mesh_threejs.json
[01:06] Capturing: preview_mesh_threejs.json
[01:11]   Saved: /Users/runner/work/comfy-gpu-ci/comfy-gpu-ci/comfy-test-logs/GeometryPack-1508/macos-cpu/screenshots/preview_mesh_threejs.png
[01:11]   [12/33] STATIC refine_mesh.json
[01:11] Capturing: refine_mesh.json
[01:17]   Saved: /Users/runner/work/comfy-gpu-ci/comfy-gpu-ci/comfy-test-logs/GeometryPack-1508/macos-cpu/screenshots/refine_mesh.png
[01:17]   [13/33] STATIC remesh_intersections.json
[01:17] Capturing: remesh_intersections.json
[01:22]   Saved: /Users/runner/work/comfy-gpu-ci/comfy-gpu-ci/comfy-test-logs/GeometryPack-1508/macos-cpu/screenshots/remesh_intersections.png
[01:22]   [14/33] STATIC remeshing.json
[01:22] Capturing: remeshing.json
[01:27]   Saved: /Users/runner/work/comfy-gpu-ci/comfy-gpu-ci/comfy-test-logs/GeometryPack-1508/macos-cpu/screenshots/remeshing.png
[01:27]   [15/33] STATIC sMOOth.json
[01:27] Capturing: sMOOth.json
[01:33]   Saved: /Users/runner/work/comfy-gpu-ci/comfy-gpu-ci/comfy-test-logs/GeometryPack-1508/macos-cpu/screenshots/sMOOth.png
[01:33]   [16/33] STATIC sharpen.json
[01:33] Capturing: sharpen.json
[01:39]   Saved: /Users/runner/work/comfy-gpu-ci/comfy-gpu-ci/comfy-test-logs/GeometryPack-1508/macos-cpu/screenshots/sharpen.png
[01:39]   [17/33] STATIC side_by_side_viewer.json
[01:39] Capturing: side_by_side_viewer.json
[01:45]   Saved: /Users/runner/work/comfy-gpu-ci/comfy-gpu-ci/comfy-test-logs/GeometryPack-1508/macos-cpu/screenshots/side_by_side_viewer.png
[01:45]   [18/33] STATIC skeleton_extraction.json
[01:45] Capturing: skeleton_extraction.json
[01:51]   Saved: /Users/runner/work/comfy-gpu-ci/comfy-gpu-ci/comfy-test-logs/GeometryPack-1508/macos-cpu/screenshots/skeleton_extraction.png
[01:51]   [19/33] STATIC surface_reconstruction.json
[01:51] Capturing: surface_reconstruction.json
[01:57]   Saved: /Users/runner/work/comfy-gpu-ci/comfy-gpu-ci/comfy-test-logs/GeometryPack-1508/macos-cpu/screenshots/surface_reconstruction.png
[01:57]   [20/33] STATIC test_loading.json
[01:57] Capturing: test_loading.json
[02:03]   Saved: /Users/runner/work/comfy-gpu-ci/comfy-gpu-ci/comfy-test-logs/GeometryPack-1508/macos-cpu/screenshots/test_loading.png
[02:03]   [21/33] STATIC boolean_ops_all.json
[02:03] Capturing: boolean_ops_all.json
[02:09]   Saved: /Users/runner/work/comfy-gpu-ci/comfy-gpu-ci/comfy-test-logs/GeometryPack-1508/macos-cpu/screenshots/boolean_ops_all.png
[02:09]   [22/33] STATIC decimate_all.json
[02:09] Capturing: decimate_all.json
[02:15]   Saved: /Users/runner/work/comfy-gpu-ci/comfy-gpu-ci/comfy-test-logs/GeometryPack-1508/macos-cpu/screenshots/decimate_all.png
[02:15]   [23/33] STATIC fill_holes_all.json
[02:15] Capturing: fill_holes_all.json
[02:20]   Saved: /Users/runner/work/comfy-gpu-ci/comfy-gpu-ci/comfy-test-logs/GeometryPack-1508/macos-cpu/screenshots/fill_holes_all.png
[02:20]   [24/33] STATIC fix_normals_all.json
[02:20] Capturing: fix_normals_all.json
[02:26]   Saved: /Users/runner/work/comfy-gpu-ci/comfy-gpu-ci/comfy-test-logs/GeometryPack-1508/macos-cpu/screenshots/fix_normals_all.png
[02:26]   [25/33] STATIC reconstruct_all.json
[02:26] Capturing: reconstruct_all.json
[02:31]   Saved: /Users/runner/work/comfy-gpu-ci/comfy-gpu-ci/comfy-test-logs/GeometryPack-1508/macos-cpu/screenshots/reconstruct_all.png
[02:31]   [26/33] STATIC remeshing_all.json
[02:31] Capturing: remeshing_all.json
[02:38]   Saved: /Users/runner/work/comfy-gpu-ci/comfy-gpu-ci/comfy-test-logs/GeometryPack-1508/macos-cpu/screenshots/remeshing_all.png
[02:38]   [27/33] STATIC sharpen_all.json
[02:38] Capturing: sharpen_all.json
[02:45]   Saved: /Users/runner/work/comfy-gpu-ci/comfy-gpu-ci/comfy-test-logs/GeometryPack-1508/macos-cpu/screenshots/sharpen_all.png
[02:45]   [28/33] STATIC skeleton_all.json
[02:45] Capturing: skeleton_all.json
[02:50]   Saved: /Users/runner/work/comfy-gpu-ci/comfy-gpu-ci/comfy-test-logs/GeometryPack-1508/macos-cpu/screenshots/skeleton_all.png
[02:50]   [29/33] STATIC smooth_all.json
[02:50] Capturing: smooth_all.json
[02:56]   Saved: /Users/runner/work/comfy-gpu-ci/comfy-gpu-ci/comfy-test-logs/GeometryPack-1508/macos-cpu/screenshots/smooth_all.png
[02:56]   [30/33] STATIC uv_unwrap_all.json
[02:56] Capturing: uv_unwrap_all.json
[03:01]   Saved: /Users/runner/work/comfy-gpu-ci/comfy-gpu-ci/comfy-test-logs/GeometryPack-1508/macos-cpu/screenshots/uv_unwrap_all.png
[03:01]   [31/33] STATIC transform.json
[03:01] Capturing: transform.json
[03:08]   Saved: /Users/runner/work/comfy-gpu-ci/comfy-gpu-ci/comfy-test-logs/GeometryPack-1508/macos-cpu/screenshots/transform.png
[03:08]   [32/33] STATIC uv_unwrap.json
[03:08] Capturing: uv_unwrap.json
[03:13]   Saved: /Users/runner/work/comfy-gpu-ci/comfy-gpu-ci/comfy-test-logs/GeometryPack-1508/macos-cpu/screenshots/uv_unwrap.png
[03:13]   [33/33] STATIC view_texture.json
[03:13] Capturing: view_texture.json
[03:18]   Saved: /Users/runner/work/comfy-gpu-ci/comfy-gpu-ci/comfy-test-logs/GeometryPack-1508/macos-cpu/screenshots/view_texture.png
[03:18] [STATIC_CAPTURE] PASSED
[03:18] 
[03:18] [4/5] VALIDATION
[03:18] ----------------------------------------
[03:18] 
[DEBUG] server=<comfy_test.comfyui.server.ExternalComfyUIServer object at 0x106783d60>, server_url=http://127.0.0.1:8188, api=<comfy_test.comfyui.api.ComfyUIAPI object at 0x106783010>
[03:18] Validating 33 workflow(s)...
[03:19]   [1/33] Validating alpha_wrap.json
[03:19]     FAILED: 6 error(s)
[03:19]       [schema] Node 6 (GeomPackPreviewMeshDual): 'opacity_1': expected FLOAT, got str
[03:19]       [schema] Node 6 (GeomPackPreviewMeshDual): 'opacity_2': expected FLOAT, got str
[03:19]       [schema] Node 11 (GeomPackRemesh): 'backend.target_edge_length': expected FLOAT, got str
[03:19]       [schema] Node 11 (GeomPackRemesh): 'backend.target_vertex_count': 30 < minimum 100
[03:19]       [schema] Node 11 (GeomPackRemesh): 'backend.crease_angle': expected FLOAT, got str
[03:19]       ... and 1 more
[03:19]   [2/33] Validating batch_remesh.json
[03:19]     FAILED: 5 error(s)
[03:19]       [schema] Node 6 (GeomPackPreviewMeshVTKBatch): 'index': expected INT, got str
[03:19]       [schema] Node 11 (GeomPackRemesh): 'backend.target_edge_length': expected FLOAT, got str
[03:19]       [schema] Node 11 (GeomPackRemesh): 'backend.target_vertex_count': 30 < minimum 100
[03:19]       [schema] Node 11 (GeomPackRemesh): 'backend.crease_angle': expected FLOAT, got str
[03:19]       [schema] Node 11 (GeomPackRemesh): 'backend.target_face_count': expected INT, got str
[03:19]   [3/33] Validating boolean_ops.json
[03:19]     FAILED: 4 error(s)
[03:19]       [schema] Node 21 (GeomPackPreviewMeshDual): 'opacity_1': expected FLOAT, got str
[03:19]       [schema] Node 21 (GeomPackPreviewMeshDual): 'opacity_2': expected FLOAT, got str
[03:19]       [schema] Node 1 (GeomPackCreatePrimitive): 'size': expected FLOAT, got str
[03:19]       [schema] Node 2 (GeomPackCreatePrimitive): 'size': expected FLOAT, got str
[03:19]   [4/33] Validating decimate.json
[03:19]     FAILED: 7 error(s)
[03:19]       [schema] Node 3 (GeomPackPreviewMeshDual): 'opacity_1': expected FLOAT, got str
[03:19]       [schema] Node 3 (GeomPackPreviewMeshDual): 'opacity_2': expected FLOAT, got str
[03:19]       [schema] Node 4 (GeomPackDecimateMesh): 'backend.target_face_count': expected INT, got str
[03:19]       [schema] Node 4 (GeomPackDecimateMesh): 'backend.quality_threshold': 1004 > maximum 1.0
[03:19]       [schema] Node 4 (GeomPackDecimateMesh): 'backend.aggressiveness': expected INT, got str
[03:19]       ... and 2 more
[03:19]   [5/33] Validating depth_map_to_mesh.json
[03:19]     FAILED: 2 error(s)
[03:19]       [schema] Node 7 (GeomPackTextureToGeometry): 'black_threshold': expected FLOAT, got str
[03:19]       [schema] Node 7 (GeomPackTextureToGeometry): 'backend.poisson_depth': expected INT, got str
[03:19]   [6/33] Validating fix_self_intersection.json
[03:19]     FAILED: 3 error(s)
[03:19]       [schema] Node 17 (GeomPackFixSelfIntersectionsByPerturbation): 'scale_by_intersection_count': expected BOOLEAN, got str
[03:19]       [schema] Node 21 (GeomPackPreviewMeshDual): 'opacity_1': expected FLOAT, got str
[03:19]       [schema] Node 21 (GeomPackPreviewMeshDual): 'opacity_2': expected FLOAT, got str
[03:19]   [7/33] Validating mesh_info.json
[03:19]     FAILED: 1 error(s)
[03:19]       [schema] Node 1 (GeomPackCreatePrimitive): 'size': expected FLOAT, got str
[03:19]   [8/33] Validating mesh_mesh_distance.json
[03:19]     FAILED: 9 error(s)
[03:19]       [schema] Node 15 (GeomPackRemesh): 'backend.target_edge_length': expected FLOAT, got str
[03:19]       [schema] Node 15 (GeomPackRemesh): 'backend.target_vertex_count': 30 < minimum 100
[03:19]       [schema] Node 15 (GeomPackRemesh): 'backend.crease_angle': expected FLOAT, got str
[03:19]       [schema] Node 15 (GeomPackRemesh): 'backend.target_face_count': expected INT, got str
[03:19]       [schema] Node 3 (GeomPackMeshToMeshDistance): 'sample_count': expected INT, got str
[03:19]       ... and 4 more
[03:19]   [9/33] Validating normals.json
[03:19]     OK
[03:19]   [10/33] Validating point_mesh_distance.json
[03:19]     FAILED: 5 error(s)
[03:19]       [schema] Node 1 (GeomPackCreatePrimitive): 'size': expected FLOAT, got str
[03:19]       [schema] Node 4 (GeomPackMeshToPointCloud): 'sample_count': expected INT, got str
[03:19]       [schema] Node 2 (GeomPackCreatePrimitive): 'size': expected FLOAT, got str
[03:19]       [schema] Node 8 (GeomPackPreviewMeshDual): 'opacity_1': expected FLOAT, got str
[03:19]       [schema] Node 8 (GeomPackPreviewMeshDual): 'opacity_2': expected FLOAT, got str
[03:19]   [11/33] Validating preview_mesh_threejs.json
[03:19]     OK
[03:19]   [12/33] Validating refine_mesh.json
[03:19]     FAILED: 5 error(s)
[03:19]       [schema] Node 3 (GeomPackPreviewMeshDual): 'opacity_1': expected FLOAT, got str
[03:19]       [schema] Node 3 (GeomPackPreviewMeshDual): 'opacity_2': expected FLOAT, got str
[03:19]       [schema] Node 4 (RefineMesh): 'target_face_count': expected INT, got str
[03:19]       [schema] Node 4 (RefineMesh): 'subdivision_iterations': 5000 > maximum 5
[03:19]       [schema] Node 4 (RefineMesh): 'smoothing_iterations': expected INT, got str
[03:19]   [13/33] Validating remesh_intersections.json
[03:19]     FAILED: 2 error(s)
[03:19]       [schema] Node 13 (GeomPackPreviewMeshDual): 'opacity_1': expected FLOAT, got str
[03:19]       [schema] Node 13 (GeomPackPreviewMeshDual): 'opacity_2': expected FLOAT, got str
[03:19]   [14/33] Validating remeshing.json
[03:19]     FAILED: 8 error(s)
[03:19]       [schema] Node 27 (GeomPackRemesh): 'backend.target_edge_length': expected FLOAT, got str
[03:19]       [schema] Node 27 (GeomPackRemesh): 'backend.iterations': 35 > maximum 20
[03:19]       [schema] Node 27 (GeomPackRemesh): 'backend.target_vertex_count': 1 < minimum 100
[03:19]       [schema] Node 27 (GeomPackRemesh): 'backend.crease_angle': expected FLOAT, got str
[03:19]       [schema] Node 27 (GeomPackRemesh): 'backend.target_face_count': expected INT, got str
[03:19]       ... and 3 more
[03:19]   [15/33] Validating sMOOth.json
[03:19]     FAILED: 5 error(s)
[03:19]       [schema] Node 1 (GeomPackPreviewMeshDual): 'opacity_1': expected FLOAT, got str
[03:19]       [schema] Node 1 (GeomPackPreviewMeshDual): 'opacity_2': expected FLOAT, got str
[03:19]       [schema] Node 5 (GeomPackSmoothMesh): 'backend.iterations': expected INT, got str
[03:19]       [schema] Node 5 (GeomPackSmoothMesh): 'backend.lambda_': 5 > maximum 1.0
[03:19]       [schema] Node 5 (GeomPackSmoothMesh): 'backend.mu': 1 > maximum -0.01
[03:19]   [16/33] Validating sharpen.json
[03:19]     FAILED: 4 error(s)
[03:19]       [schema] Node 7 (GeomPackSharpenMesh): 'backend.smooth_steps': expected INT, got str
[03:19]       [schema] Node 7 (GeomPackSharpenMesh): 'backend.weight': 60 > maximum 5.0
[03:19]       [schema] Node 7 (GeomPackSharpenMesh): 'backend.iterations': 0 < minimum 1
[03:19]       [schema] Node 7 (GeomPackSharpenMesh): 'backend.alpha': 5 > maximum 0.1
[03:19]   [17/33] Validating side_by_side_viewer.json
[03:19]     FAILED: 4 error(s)
[03:19]       [schema] Node 2 (GeomPackCreatePrimitive): 'size': expected FLOAT, got str
[03:19]       [schema] Node 1 (GeomPackCreatePrimitive): 'size': expected FLOAT, got str
[03:19]       [schema] Node 7 (GeomPackPreviewMeshDual): 'opacity_1': expected FLOAT, got str
[03:19]       [schema] Node 7 (GeomPackPreviewMeshDual): 'opacity_2': expected FLOAT, got str
[03:19]   [18/33] Validating skeleton_extraction.json
[03:19]     FAILED: 4 error(s)
[03:19]       [schema] Node 5 (GeomPackPreviewMeshDual): 'opacity_1': expected FLOAT, got str
[03:19]       [schema] Node 5 (GeomPackPreviewMeshDual): 'opacity_2': expected FLOAT, got str
[03:19]       [schema] Node 6 (GeomPackExtractSkeleton): 'fix_mesh': expected BOOLEAN, got str
[03:19]       [schema] Node 6 (GeomPackExtractSkeleton): 'backend.waves': expected INT, got str
[03:19]   [19/33] Validating surface_reconstruction.json
[03:19]     FAILED: 6 error(s)
[03:19]       [schema] Node 21 (GeomPackMeshToPointCloud): 'sample_count': expected INT, got str
[03:19]       [schema] Node 28 (GeomPackPreviewMeshDual): 'opacity_1': expected FLOAT, got str
[03:19]       [schema] Node 28 (GeomPackPreviewMeshDual): 'opacity_2': expected FLOAT, got str
[03:19]       [schema] Node 22 (GeomPackReconstructSurface): 'backend.poisson_depth': expected INT, got str
[03:19]       [schema] Node 22 (GeomPackReconstructSurface): 'backend.poisson_scale': 8 > maximum 2.0
[03:19]       ... and 1 more
[03:19]   [20/33] Validating test_loading.json
[03:19]     FAILED: 2 error(s)
[03:19]       [schema] Node 3 (GeomPackPreviewMeshDual): 'opacity_1': expected FLOAT, got str
[03:19]       [schema] Node 3 (GeomPackPreviewMeshDual): 'opacity_2': expected FLOAT, got str
[03:19]   [21/33] Validating boolean_ops_all.json
[03:19]     FAILED: 2 error(s)
[03:19]       [schema] Node 2 (GeomPackCreatePrimitive): 'size': expected FLOAT, got str
[03:19]       [schema] Node 1 (GeomPackCreatePrimitive): 'size': expected FLOAT, got str
[03:19]   [22/33] Validating decimate_all.json
[03:19]     FAILED: 12 error(s)
[03:19]       [schema] Node 2 (GeomPackDecimateMesh): 'backend.target_face_count': expected INT, got str
[03:19]       [schema] Node 2 (GeomPackDecimateMesh): 'backend.quality_threshold': 5000 > maximum 1.0
[03:19]       [schema] Node 2 (GeomPackDecimateMesh): 'backend.aggressiveness': expected INT, got str
[03:19]       [schema] Node 2 (GeomPackDecimateMesh): 'backend.cluster_threshold': expected FLOAT, got str
[03:19]       [schema] Node 2 (GeomPackDecimateMesh): 'backend.feature_angle': expected FLOAT, got str
[03:19]       ... and 7 more
[03:19]   [23/33] Validating fill_holes_all.json
[03:19]     FAILED: 11 error(s)
[03:19]       [schema] Node 5 (GeomPackFillHoles): 'backend.maxholesize': expected INT, got str
[03:19]       [schema] Node 5 (GeomPackFillHoles): 'backend.max_edges': expected INT, got str
[03:19]       [schema] Node 6 (GeomPackFillHoles): 'backend.maxholesize': expected INT, got str
[03:19]       [schema] Node 6 (GeomPackFillHoles): 'backend.max_edges': expected INT, got str
[03:19]       [schema] Node 6 (GeomPackFillHoles): 'backend.perimeter': expected FLOAT, got str
[03:19]       ... and 6 more
[03:19]   [24/33] Validating fix_normals_all.json
[03:19]     OK
[03:19]   [25/33] Validating reconstruct_all.json
[03:19]     FAILED: 13 error(s)
[03:19]       [schema] Node 5 (GeomPackReconstructSurface): 'backend.poisson_depth': expected INT, got str
[03:19]       [schema] Node 5 (GeomPackReconstructSurface): 'backend.poisson_scale': 8 > maximum 2.0
[03:19]       [schema] Node 5 (GeomPackReconstructSurface): 'backend.normal_radius': expected FLOAT, got str
[03:19]       [schema] Node 6 (GeomPackReconstructSurface): 'backend.poisson_depth': expected INT, got str
[03:19]       [schema] Node 6 (GeomPackReconstructSurface): 'backend.poisson_scale': expected FLOAT, got str
[03:19]       ... and 8 more
[03:19]   [26/33] Validating remeshing_all.json
[03:19]     FAILED: 52 error(s)
[03:19]       [schema] Node 27 (GeomPackRemesh): 'backend.target_edge_length': expected FLOAT, got str
[03:19]       [schema] Node 27 (GeomPackRemesh): 'backend.target_vertex_count': 30 < minimum 100
[03:19]       [schema] Node 27 (GeomPackRemesh): 'backend.crease_angle': expected FLOAT, got str
[03:19]       [schema] Node 27 (GeomPackRemesh): 'backend.target_face_count': expected INT, got str
[03:19]       [schema] Node 37 (GeomPackRemesh): 'backend.target_edge_length': expected FLOAT, got str
[03:19]       ... and 47 more
[03:19]   [27/33] Validating sharpen_all.json
[03:19]     FAILED: 11 error(s)
[03:19]       [schema] Node 15 (GeomPackSharpenMesh): 'backend.smooth_steps': expected INT, got str
[03:19]       [schema] Node 2 (GeomPackSharpenMesh): 'backend.smooth_steps': expected INT, got str
[03:19]       [schema] Node 2 (GeomPackSharpenMesh): 'backend.weight': 60 > maximum 5.0
[03:19]       [schema] Node 4 (GeomPackSharpenMesh): 'backend.smooth_steps': expected INT, got str
[03:19]       [schema] Node 5 (GeomPackSharpenMesh): 'backend.smooth_steps': expected INT, got str
[03:19]       ... and 6 more
[03:19]   [28/33] Validating skeleton_all.json
[03:19]     FAILED: 10 error(s)
[03:19]       [schema] Node 2 (GeomPackExtractSkeleton): 'fix_mesh': expected BOOLEAN, got str
[03:19]       [schema] Node 2 (GeomPackExtractSkeleton): 'backend.waves': expected INT, got str
[03:19]       [schema] Node 3 (GeomPackExtractSkeleton): 'fix_mesh': expected BOOLEAN, got str
[03:19]       [schema] Node 3 (GeomPackExtractSkeleton): 'backend.waves': expected INT, got str
[03:19]       [schema] Node 3 (GeomPackExtractSkeleton): 'backend.sampling_dist': expected FLOAT, got str
[03:19]       ... and 5 more
[03:19]   [29/33] Validating smooth_all.json
[03:19]     FAILED: 13 error(s)
[03:19]       [schema] Node 4 (GeomPackSmoothMesh): 'backend.iterations': expected INT, got str
[03:19]       [schema] Node 6 (GeomPackSmoothMesh): 'backend.iterations': expected INT, got str
[03:19]       [schema] Node 6 (GeomPackSmoothMesh): 'backend.lambda_': 10 > maximum 1.0
[03:19]       [schema] Node 6 (GeomPackSmoothMesh): 'backend.mu': 0.6 > maximum -0.01
[03:19]       [schema] Node 5 (GeomPackSmoothMesh): 'backend.iterations': expected INT, got str
[03:19]       ... and 8 more
[03:19]   [30/33] Validating uv_unwrap_all.json
[03:19]     FAILED: 24 error(s)
[03:19]       [schema] Node 7 (GeomPackUVUnwrap): 'backend.chart_cone_angle': expected FLOAT, got str
[03:19]       [schema] Node 7 (GeomPackUVUnwrap): 'backend.chart_refine_iterations': 66 > maximum 10
[03:19]       [schema] Node 7 (GeomPackUVUnwrap): 'backend.chart_smooth_strength': expected INT, got str
[03:19]       [schema] Node 7 (GeomPackUVUnwrap): 'backend.iterations': expected INT, got str
[03:19]       [schema] Node 8 (GeomPackUVUnwrap): 'backend.chart_cone_angle': expected FLOAT, got str
[03:19]       ... and 19 more
[03:19]   [31/33] Validating transform.json
[03:19]     FAILED: 4 error(s)
[03:19]       [schema] Node 5 (GeomPackCreatePrimitive): 'size': expected FLOAT, got str
[03:19]       [schema] Node 6 (GeomPackPreviewMeshDual): 'opacity_1': expected FLOAT, got str
[03:19]       [schema] Node 6 (GeomPackPreviewMeshDual): 'opacity_2': expected FLOAT, got str
[03:19]       [schema] Node 2 (GeomPackTransformMesh): 'operation.translate_x': expected FLOAT, got str
[03:19]   [32/33] Validating uv_unwrap.json
[03:19]     FAILED: 1 error(s)
[03:19]       [schema] Node 8 (GeomPackUVUnwrap): 'backend.chart_cone_angle': expected FLOAT, got str
[03:19]   [33/33] Validating view_texture.json
[03:19]     OK
[03:19] 
macos: FAILED
[03:19] Error: Workflow validation failed (29 error(s))
[03:19] Details:   - alpha_wrap.json: [schema] Node 6 (GeomPackPreviewMeshDual): 'opacity_1': expected FLOAT, got str; [schema] Node 6 (GeomPackPreviewMeshDual): 'opacity_2': expected FLOAT, got str; [schema] Node 11 (GeomPackRemesh): 'backend.target_edge_length': expected FLOAT, got str; [schema] Node 11 (GeomPackRemesh): 'backend.target_vertex_count': 30 < minimum 100; [schema] Node 11 (GeomPackRemesh): 'backend.crease_angle': expected FLOAT, got str; [schema] Node 11 (GeomPackRemesh): 'backend.target_face_count': expected INT, got str
  - batch_remesh.json: [schema] Node 6 (GeomPackPreviewMeshVTKBatch): 'index': expected INT, got str; [schema] Node 11 (GeomPackRemesh): 'backend.target_edge_length': expected FLOAT, got str; [schema] Node 11 (GeomPackRemesh): 'backend.target_vertex_count': 30 < minimum 100; [schema] Node 11 (GeomPackRemesh): 'backend.crease_angle': expected FLOAT, got str; [schema] Node 11 (GeomPackRemesh): 'backend.target_face_count': expected INT, got str
  - boolean_ops.json: [schema] Node 21 (GeomPackPreviewMeshDual): 'opacity_1': expected FLOAT, got str; [schema] Node 21 (GeomPackPreviewMeshDual): 'opacity_2': expected FLOAT, got str; [schema] Node 1 (GeomPackCreatePrimitive): 'size': expected FLOAT, got str; [schema] Node 2 (GeomPackCreatePrimitive): 'size': expected FLOAT, got str
  - decimate.json: [schema] Node 3 (GeomPackPreviewMeshDual): 'opacity_1': expected FLOAT, got str; [schema] Node 3 (GeomPackPreviewMeshDual): 'opacity_2': expected FLOAT, got str; [schema] Node 4 (GeomPackDecimateMesh): 'backend.target_face_count': expected INT, got str; [schema] Node 4 (GeomPackDecimateMesh): 'backend.quality_threshold': 1004 > maximum 1.0; [schema] Node 4 (GeomPackDecimateMesh): 'backend.aggressiveness': expected INT, got str; [schema] Node 4 (GeomPackDecimateMesh): 'backend.cluster_threshold': expected FLOAT, got str; [schema] Node 4 (GeomPackDecimateMesh): 'backend.feature_angle': expected FLOAT, got str
  - depth_map_to_mesh.json: [schema] Node 7 (GeomPackTextureToGeometry): 'black_threshold': expected FLOAT, got str; [schema] Node 7 (GeomPackTextureToGeometry): 'backend.poisson_depth': expected INT, got str
  - fix_self_intersection.json: [schema] Node 17 (GeomPackFixSelfIntersectionsByPerturbation): 'scale_by_intersection_count': expected BOOLEAN, got str; [schema] Node 21 (GeomPackPreviewMeshDual): 'opacity_1': expected FLOAT, got str; [schema] Node 21 (GeomPackPreviewMeshDual): 'opacity_2': expected FLOAT, got str
  - mesh_info.json: [schema] Node 1 (GeomPackCreatePrimitive): 'size': expected FLOAT, got str
  - mesh_mesh_distance.json: [schema] Node 15 (GeomPackRemesh): 'backend.target_edge_length': expected FLOAT, got str; [schema] Node 15 (GeomPackRemesh): 'backend.target_vertex_count': 30 < minimum 100; [schema] Node 15 (GeomPackRemesh): 'backend.crease_angle': expected FLOAT, got str; [schema] Node 15 (GeomPackRemesh): 'backend.target_face_count': expected INT, got str; [schema] Node 3 (GeomPackMeshToMeshDistance): 'sample_count': expected INT, got str; [schema] Node 16 (GeomPackRemesh): 'backend.target_edge_length': expected FLOAT, got str; [schema] Node 16 (GeomPackRemesh): 'backend.target_vertex_count': expected INT, got str; [schema] Node 16 (GeomPackRemesh): 'backend.crease_angle': expected FLOAT, got str; [schema] Node 10 (GeomPackMeshToMeshDistance): 'sample_count': expected INT, got str
  - point_mesh_distance.json: [schema] Node 1 (GeomPackCreatePrimitive): 'size': expected FLOAT, got str; [schema] Node 4 (GeomPackMeshToPointCloud): 'sample_count': expected INT, got str; [schema] Node 2 (GeomPackCreatePrimitive): 'size': expected FLOAT, got str; [schema] Node 8 (GeomPackPreviewMeshDual): 'opacity_1': expected FLOAT, got str; [schema] Node 8 (GeomPackPreviewMeshDual): 'opacity_2': expected FLOAT, got str
  - refine_mesh.json: [schema] Node 3 (GeomPackPreviewMeshDual): 'opacity_1': expected FLOAT, got str; [schema] Node 3 (GeomPackPreviewMeshDual): 'opacity_2': expected FLOAT, got str; [schema] Node 4 (RefineMesh): 'target_face_count': expected INT, got str; [schema] Node 4 (RefineMesh): 'subdivision_iterations': 5000 > maximum 5; [schema] Node 4 (RefineMesh): 'smoothing_iterations': expected INT, got str
  - remesh_intersections.json: [schema] Node 13 (GeomPackPreviewMeshDual): 'opacity_1': expected FLOAT, got str; [schema] Node 13 (GeomPackPreviewMeshDual): 'opacity_2': expected FLOAT, got str
  - remeshing.json: [schema] Node 27 (GeomPackRemesh): 'backend.target_edge_length': expected FLOAT, got str; [schema] Node 27 (GeomPackRemesh): 'backend.iterations': 35 > maximum 20; [schema] Node 27 (GeomPackRemesh): 'backend.target_vertex_count': 1 < minimum 100; [schema] Node 27 (GeomPackRemesh): 'backend.crease_angle': expected FLOAT, got str; [schema] Node 27 (GeomPackRemesh): 'backend.target_face_count': expected INT, got str; [schema] Node 27 (GeomPackRemesh): 'backend.hausd': expected FLOAT, got str; [schema] Node 25 (GeomPackPreviewMeshDual): 'opacity_1': expected FLOAT, got str; [schema] Node 25 (GeomPackPreviewMeshDual): 'opacity_2': expected FLOAT, got str
  - sMOOth.json: [schema] Node 1 (GeomPackPreviewMeshDual): 'opacity_1': expected FLOAT, got str; [schema] Node 1 (GeomPackPreviewMeshDual): 'opacity_2': expected FLOAT, got str; [schema] Node 5 (GeomPackSmoothMesh): 'backend.iterations': expected INT, got str; [schema] Node 5 (GeomPackSmoothMesh): 'backend.lambda_': 5 > maximum 1.0; [schema] Node 5 (GeomPackSmoothMesh): 'backend.mu': 1 > maximum -0.01
  - sharpen.json: [schema] Node 7 (GeomPackSharpenMesh): 'backend.smooth_steps': expected INT, got str; [schema] Node 7 (GeomPackSharpenMesh): 'backend.weight': 60 > maximum 5.0; [schema] Node 7 (GeomPackSharpenMesh): 'backend.iterations': 0 < minimum 1; [schema] Node 7 (GeomPackSharpenMesh): 'backend.alpha': 5 > maximum 0.1
  - side_by_side_viewer.json: [schema] Node 2 (GeomPackCreatePrimitive): 'size': expected FLOAT, got str; [schema] Node 1 (GeomPackCreatePrimitive): 'size': expected FLOAT, got str; [schema] Node 7 (GeomPackPreviewMeshDual): 'opacity_1': expected FLOAT, got str; [schema] Node 7 (GeomPackPreviewMeshDual): 'opacity_2': expected FLOAT, got str
  - skeleton_extraction.json: [schema] Node 5 (GeomPackPreviewMeshDual): 'opacity_1': expected FLOAT, got str; [schema] Node 5 (GeomPackPreviewMeshDual): 'opacity_2': expected FLOAT, got str; [schema] Node 6 (GeomPackExtractSkeleton): 'fix_mesh': expected BOOLEAN, got str; [schema] Node 6 (GeomPackExtractSkeleton): 'backend.waves': expected INT, got str
  - surface_reconstruction.json: [schema] Node 21 (GeomPackMeshToPointCloud): 'sample_count': expected INT, got str; [schema] Node 28 (GeomPackPreviewMeshDual): 'opacity_1': expected FLOAT, got str; [schema] Node 28 (GeomPackPreviewMeshDual): 'opacity_2': expected FLOAT, got str; [schema] Node 22 (GeomPackReconstructSurface): 'backend.poisson_depth': expected INT, got str; [schema] Node 22 (GeomPackReconstructSurface): 'backend.poisson_scale': 8 > maximum 2.0; [schema] Node 22 (GeomPackReconstructSurface): 'backend.ball_radius': expected FLOAT, got str
  - test_loading.json: [schema] Node 3 (GeomPackPreviewMeshDual): 'opacity_1': expected FLOAT, got str; [schema] Node 3 (GeomPackPreviewMeshDual): 'opacity_2': expected FLOAT, got str
  - boolean_ops_all.json: [schema] Node 2 (GeomPackCreatePrimitive): 'size': expected FLOAT, got str; [schema] Node 1 (GeomPackCreatePrimitive): 'size': expected FLOAT, got str
  - decimate_all.json: [schema] Node 2 (GeomPackDecimateMesh): 'backend.target_face_count': expected INT, got str; [schema] Node 2 (GeomPackDecimateMesh): 'backend.quality_threshold': 5000 > maximum 1.0; [schema] Node 2 (GeomPackDecimateMesh): 'backend.aggressiveness': expected INT, got str; [schema] Node 2 (GeomPackDecimateMesh): 'backend.cluster_threshold': expected FLOAT, got str; [schema] Node 2 (GeomPackDecimateMesh): 'backend.feature_angle': expected FLOAT, got str; [schema] Node 3 (GeomPackDecimateMesh): 'backend.target_face_count': expected INT, got str; [schema] Node 3 (GeomPackDecimateMesh): 'backend.target_reduction': 7 > maximum 0.99; [schema] Node 4 (GeomPackDecimateMesh): 'backend.target_face_count': expected INT, got str; [schema] Node 4 (GeomPackDecimateMesh): 'backend.quality_threshold': 3 > maximum 1.0; [schema] Node 6 (GeomPackDecimateMesh): 'backend.target_face_count': expected INT, got str; [schema] Node 6 (GeomPackDecimateMesh): 'backend.target_reduction': 15 > maximum 0.99; [schema] Node 6 (GeomPackDecimateMesh): 'backend.aggressiveness': expected INT, got str
  - fill_holes_all.json: [schema] Node 5 (GeomPackFillHoles): 'backend.maxholesize': expected INT, got str; [schema] Node 5 (GeomPackFillHoles): 'backend.max_edges': expected INT, got str; [schema] Node 6 (GeomPackFillHoles): 'backend.maxholesize': expected INT, got str; [schema] Node 6 (GeomPackFillHoles): 'backend.max_edges': expected INT, got str; [schema] Node 6 (GeomPackFillHoles): 'backend.perimeter': expected FLOAT, got str; [schema] Node 7 (GeomPackFillHoles): 'backend.maxholesize': expected INT, got str; [schema] Node 7 (GeomPackFillHoles): 'backend.perimeter': expected FLOAT, got str; [schema] Node 3 (GeomPackFillHoles): 'backend.maxholesize': expected INT, got str; [schema] Node 3 (GeomPackFillHoles): 'backend.perimeter': expected FLOAT, got str; [schema] Node 4 (GeomPackFillHoles): 'backend.maxholesize': expected INT, got str; [schema] Node 4 (GeomPackFillHoles): 'backend.perimeter': expected FLOAT, got str
  - reconstruct_all.json: [schema] Node 5 (GeomPackReconstructSurface): 'backend.poisson_depth': expected INT, got str; [schema] Node 5 (GeomPackReconstructSurface): 'backend.poisson_scale': 8 > maximum 2.0; [schema] Node 5 (GeomPackReconstructSurface): 'backend.normal_radius': expected FLOAT, got str; [schema] Node 6 (GeomPackReconstructSurface): 'backend.poisson_depth': expected INT, got str; [schema] Node 6 (GeomPackReconstructSurface): 'backend.poisson_scale': expected FLOAT, got str; [schema] Node 2 (GeomPackMeshToPointCloud): 'sample_count': expected INT, got str; [schema] Node 3 (GeomPackReconstructSurface): 'backend.poisson_depth': expected INT, got str; [schema] Node 3 (GeomPackReconstructSurface): 'backend.poisson_scale': 8 > maximum 2.0; [schema] Node 3 (GeomPackReconstructSurface): 'backend.ball_radius': expected FLOAT, got str; [schema] Node 4 (GeomPackReconstructSurface): 'backend.poisson_depth': expected INT, got str; [schema] Node 4 (GeomPackReconstructSurface): 'backend.poisson_scale': 3 > maximum 2.0; [schema] Node 4 (GeomPackReconstructSurface): 'backend.normal_radius': expected FLOAT, got str; [schema] Node 4 (GeomPackReconstructSurface): 'backend.alpha': expected FLOAT, got str
  - remeshing_all.json: [schema] Node 27 (GeomPackRemesh): 'backend.target_edge_length': expected FLOAT, got str; [schema] Node 27 (GeomPackRemesh): 'backend.target_vertex_count': 30 < minimum 100; [schema] Node 27 (GeomPackRemesh): 'backend.crease_angle': expected FLOAT, got str; [schema] Node 27 (GeomPackRemesh): 'backend.target_face_count': expected INT, got str; [schema] Node 37 (GeomPackRemesh): 'backend.target_edge_length': expected FLOAT, got str; [schema] Node 37 (GeomPackRemesh): 'backend.iterations': 5000 > maximum 20; [schema] Node 37 (GeomPackRemesh): 'backend.feature_angle': expected FLOAT, got str; [schema] Node 37 (GeomPackRemesh): 'backend.target_vertex_count': expected INT, got str; [schema] Node 37 (GeomPackRemesh): 'backend.crease_angle': expected FLOAT, got str; [schema] Node 45 (GeomPackRemesh): 'backend.target_edge_length': expected FLOAT, got str; [schema] Node 45 (GeomPackRemesh): 'backend.iterations': 5000 > maximum 20; [schema] Node 45 (GeomPackRemesh): 'backend.target_vertex_count': 30 < minimum 100; [schema] Node 45 (GeomPackRemesh): 'backend.target_face_count': expected INT, got str; [schema] Node 42 (GeomPackRemesh): 'backend.target_edge_length': expected FLOAT, got str; [schema] Node 42 (GeomPackRemesh): 'backend.iterations': 5000 > maximum 20; [schema] Node 42 (GeomPackRemesh): 'backend.target_vertex_count': expected INT, got str; [schema] Node 39 (GeomPackRemesh): 'backend.target_edge_length': expected FLOAT, got str; [schema] Node 39 (GeomPackRemesh): 'backend.iterations': 5000 > maximum 20; [schema] Node 39 (GeomPackRemesh): 'backend.feature_angle': expected FLOAT, got str; [schema] Node 39 (GeomPackRemesh): 'backend.target_vertex_count': 0 < minimum 100; [schema] Node 39 (GeomPackRemesh): 'backend.crease_angle': expected FLOAT, got str; [schema] Node 51 (GeomPackRemesh): 'backend.target_edge_length': expected FLOAT, got str; [schema] Node 51 (GeomPackRemesh): 'backend.target_vertex_count': 0.4 < minimum 100; [schema] Node 51 (GeomPackRemesh): 'backend.crease_angle': expected FLOAT, got str; [schema] Node 53 (GeomPackRemesh): 'backend.target_edge_length': expected FLOAT, got str; [schema] Node 53 (GeomPackRemesh): 'backend.target_vertex_count': expected INT, got str; [schema] Node 52 (GeomPackRemesh): 'backend.target_edge_length': expected FLOAT, got str; [schema] Node 52 (GeomPackRemesh): 'backend.iterations': 500000 > maximum 20; [schema] Node 52 (GeomPackRemesh): 'backend.target_vertex_count': expected INT, got str; [schema] Node 50 (GeomPackRemesh): 'backend.target_edge_length': expected FLOAT, got str; [schema] Node 50 (GeomPackRemesh): 'backend.iterations': 0.2 < minimum 1; [schema] Node 50 (GeomPackRemesh): 'backend.target_vertex_count': 1 < minimum 100; [schema] Node 50 (GeomPackRemesh): 'backend.target_face_count': expected INT, got str; [schema] Node 50 (GeomPackRemesh): 'backend.hausd': expected FLOAT, got str; [schema] Node 47 (GeomPackRemesh): 'backend.target_edge_length': expected FLOAT, got str; [schema] Node 47 (GeomPackRemesh): 'backend.target_vertex_count': expected INT, got str; [schema] Node 47 (GeomPackRemesh): 'backend.crease_angle': expected FLOAT, got str; [schema] Node 48 (GeomPackRemesh): 'backend.target_edge_length': expected FLOAT, got str; [schema] Node 48 (GeomPackRemesh): 'backend.feature_angle': expected FLOAT, got str; [schema] Node 49 (GeomPackRemesh): 'backend.target_edge_length': expected FLOAT, got str; [schema] Node 49 (GeomPackRemesh): 'backend.iterations': 35 > maximum 20; [schema] Node 49 (GeomPackRemesh): 'backend.target_vertex_count': 1 < minimum 100; [schema] Node 49 (GeomPackRemesh): 'backend.crease_angle': expected FLOAT, got str; [schema] Node 49 (GeomPackRemesh): 'backend.target_face_count': expected INT, got str; [schema] Node 49 (GeomPackRemesh): 'backend.hausd': expected FLOAT, got str; [schema] Node 43 (GeomPackRemesh): 'backend.target_edge_length': expected FLOAT, got str; [schema] Node 43 (GeomPackRemesh): 'backend.target_vertex_count': expected INT, got str; [schema] Node 43 (GeomPackRemesh): 'backend.crease_angle': expected FLOAT, got str; [schema] Node 44 (GeomPackRemesh): 'backend.target_edge_length': expected FLOAT, got str; [schema] Node 44 (GeomPackRemesh): 'backend.iterations': 0.1 < minimum 1; [schema] Node 44 (GeomPackRemesh): 'backend.target_vertex_count': 0 < minimum 100; [schema] Node 44 (GeomPackRemesh): 'backend.target_face_count': expected INT, got str
  - sharpen_all.json: [schema] Node 15 (GeomPackSharpenMesh): 'backend.smooth_steps': expected INT, got str; [schema] Node 2 (GeomPackSharpenMesh): 'backend.smooth_steps': expected INT, got str; [schema] Node 2 (GeomPackSharpenMesh): 'backend.weight': 60 > maximum 5.0; [schema] Node 4 (GeomPackSharpenMesh): 'backend.smooth_steps': expected INT, got str; [schema] Node 5 (GeomPackSharpenMesh): 'backend.smooth_steps': expected INT, got str; [schema] Node 8 (GeomPackSharpenMesh): 'backend.smooth_steps': expected INT, got str; [schema] Node 8 (GeomPackSharpenMesh): 'backend.weight': 10 > maximum 5.0; [schema] Node 9 (GeomPackSharpenMesh): 'backend.smooth_steps': expected INT, got str; [schema] Node 6 (GeomPackSharpenMesh): 'backend.smooth_steps': expected INT, got str; [schema] Node 6 (GeomPackSharpenMesh): 'backend.weight': 10 > maximum 5.0; [schema] Node 6 (GeomPackSharpenMesh): 'backend.alpha': 0.35 > maximum 0.1
  - skeleton_all.json: [schema] Node 2 (GeomPackExtractSkeleton): 'fix_mesh': expected BOOLEAN, got str; [schema] Node 2 (GeomPackExtractSkeleton): 'backend.waves': expected INT, got str; [schema] Node 3 (GeomPackExtractSkeleton): 'fix_mesh': expected BOOLEAN, got str; [schema] Node 3 (GeomPackExtractSkeleton): 'backend.waves': expected INT, got str; [schema] Node 3 (GeomPackExtractSkeleton): 'backend.sampling_dist': expected FLOAT, got str; [schema] Node 4 (GeomPackExtractSkeleton): 'fix_mesh': expected BOOLEAN, got str; [schema] Node 4 (GeomPackExtractSkeleton): 'backend.waves': expected INT, got str; [schema] Node 5 (GeomPackExtractSkeleton): 'fix_mesh': expected BOOLEAN, got str; [schema] Node 5 (GeomPackExtractSkeleton): 'backend.waves': expected INT, got str; [schema] Node 5 (GeomPackExtractSkeleton): 'backend.sampling_dist': 0 < minimum 0.1
  - smooth_all.json: [schema] Node 4 (GeomPackSmoothMesh): 'backend.iterations': expected INT, got str; [schema] Node 6 (GeomPackSmoothMesh): 'backend.iterations': expected INT, got str; [schema] Node 6 (GeomPackSmoothMesh): 'backend.lambda_': 10 > maximum 1.0; [schema] Node 6 (GeomPackSmoothMesh): 'backend.mu': 0.6 > maximum -0.01; [schema] Node 5 (GeomPackSmoothMesh): 'backend.iterations': expected INT, got str; [schema] Node 5 (GeomPackSmoothMesh): 'backend.lambda_': 7 > maximum 1.0; [schema] Node 5 (GeomPackSmoothMesh): 'backend.mu': 0.5 > maximum -0.01; [schema] Node 2 (GeomPackSmoothMesh): 'backend.iterations': expected INT, got str; [schema] Node 2 (GeomPackSmoothMesh): 'backend.lambda_': 5 > maximum 1.0; [schema] Node 2 (GeomPackSmoothMesh): 'backend.mu': 0.5 > maximum -0.01; [schema] Node 3 (GeomPackSmoothMesh): 'backend.iterations': expected INT, got str; [schema] Node 3 (GeomPackSmoothMesh): 'backend.lambda_': 5 > maximum 1.0; [schema] Node 3 (GeomPackSmoothMesh): 'backend.mu': expected FLOAT, got str
  - uv_unwrap_all.json: [schema] Node 7 (GeomPackUVUnwrap): 'backend.chart_cone_angle': expected FLOAT, got str; [schema] Node 7 (GeomPackUVUnwrap): 'backend.chart_refine_iterations': 66 > maximum 10; [schema] Node 7 (GeomPackUVUnwrap): 'backend.chart_smooth_strength': expected INT, got str; [schema] Node 7 (GeomPackUVUnwrap): 'backend.iterations': expected INT, got str; [schema] Node 8 (GeomPackUVUnwrap): 'backend.chart_cone_angle': expected FLOAT, got str; [schema] Node 8 (GeomPackUVUnwrap): 'backend.chart_global_iterations': expected INT, got str; [schema] Node 8 (GeomPackUVUnwrap): 'backend.chart_smooth_strength': expected INT, got str; [schema] Node 10 (GeomPackUVUnwrap): 'backend.chart_cone_angle': expected FLOAT, got str; [schema] Node 10 (GeomPackUVUnwrap): 'backend.chart_refine_iterations': expected INT, got str; [schema] Node 10 (GeomPackUVUnwrap): 'backend.chart_global_iterations': expected INT, got str; [schema] Node 6 (GeomPackUVUnwrap): 'backend.chart_cone_angle': expected FLOAT, got str; [schema] Node 6 (GeomPackUVUnwrap): 'backend.chart_global_iterations': expected INT, got str; [schema] Node 2 (GeomPackUVUnwrap): 'backend.chart_cone_angle': expected FLOAT, got str; [schema] Node 2 (GeomPackUVUnwrap): 'backend.chart_refine_iterations': expected INT, got str; [schema] Node 3 (GeomPackUVUnwrap): 'backend.chart_cone_angle': expected FLOAT, got str; [schema] Node 3 (GeomPackUVUnwrap): 'backend.chart_refine_iterations': 90 > maximum 10; [schema] Node 3 (GeomPackUVUnwrap): 'backend.angle_limit': expected FLOAT, got str; [schema] Node 4 (GeomPackUVUnwrap): 'backend.chart_cone_angle': expected FLOAT, got str; [schema] Node 4 (GeomPackUVUnwrap): 'backend.chart_refine_iterations': expected INT, got str; [schema] Node 5 (GeomPackUVUnwrap): 'backend.chart_cone_angle': expected FLOAT, got str; [schema] Node 5 (GeomPackUVUnwrap): 'backend.chart_refine_iterations': expected INT, got str; [schema] Node 9 (GeomPackUVUnwrap): 'backend.chart_cone_angle': expected FLOAT, got str; [schema] Node 9 (GeomPackUVUnwrap): 'backend.chart_global_iterations': expected INT, got str; [schema] Node 9 (GeomPackUVUnwrap): 'backend.chart_smooth_strength': expected INT, got str
  - transform.json: [schema] Node 5 (GeomPackCreatePrimitive): 'size': expected FLOAT, got str; [schema] Node 6 (GeomPackPreviewMeshDual): 'opacity_1': expected FLOAT, got str; [schema] Node 6 (GeomPackPreviewMeshDual): 'opacity_2': expected FLOAT, got str; [schema] Node 2 (GeomPackTransformMesh): 'operation.translate_x': expected FLOAT, got str
  - uv_unwrap.json: [schema] Node 8 (GeomPackUVUnwrap): 'backend.chart_cone_angle': expected FLOAT, got str
