[Console-error] Failed to load resource: the server responded with a status of 404 (Not Found)
[Console-error] Failed to load resource: the server responded with a status of 404 (Not Found)
[Console-warning] [ComfyUI] The legacy queue/history menu is deprecated. Core functionality in this menu may break at any time. Issues and feature requests related to the legacy menu will not be addressed. To switch to the new menu: Settings → search "Use new menu" → change from "Disabled" to "Top".
[Console-warning] [ComfyUI] The legacy queue/history menu is deprecated. Core functionality in this menu may break at any time. Issues and feature requests related to the legacy menu will not be addressed. To switch to the new menu: Settings → search "Use new menu" → change from "Disabled" to "Top".
[Console-error] Failed to load resource: the server responded with a status of 404 (Not Found)
[Console-error] ComfyApp graph accessed before initialization
[Console-error] Failed to load resource: the server responded with a status of 404 (Not Found)
[Console-error] Failed to load resource: the server responded with a status of 404 (Not Found)
[Console-error] Failed to load resource: the server responded with a status of 404 (Not Found)
[Console-log] [GeomPack] Loading VTK.js textured mesh preview extension...
[Console-log] [GeomPack] VTK.js textured mesh preview extension registered
[Console-log] [FBXAnimationViewer] Loading FBX Animation Viewer extension
[Console-log] [FBXAnimationViewer] Loading FBX Animation Viewer extension...
[Console-log] [FBXAnimationViewer] Extension registered: comfy3d.fbxanimationviewer
[Console-log] [FBX Preview] Auto-registering for all known FBX preview node types...
[Console-log] [UniRig] Loading FBX mesh preview extension...
[Console-log] [UniRig] Detected extension folder: ComfyUI-GeometryPack
[Console-log] [UniRig] FBX mesh preview extension registered
[Console-log] [SAM3DBody] Loading FBX mesh preview extension...
[Console-log] [SAM3DBody] Detected extension folder: ComfyUI-GeometryPack
[Console-log] [SAM3DBody] FBX mesh preview extension registered
[Console-log] [MotionCapture] Loading FBX mesh preview extension...
[Console-log] [MotionCapture] Detected extension folder: ComfyUI-GeometryPack
[Console-log] [MotionCapture] FBX mesh preview extension registered
[Console-log] [MotionCapture] Loading FBX mesh preview extension...
[Console-log] [MotionCapture] Detected extension folder: ComfyUI-GeometryPack
[Console-log] [MotionCapture] FBX mesh preview extension registered
[Console-log] [UniRig Debug] Loading FBX mesh preview extension...
[Console-log] [UniRig Debug] Detected extension folder: ComfyUI-GeometryPack
[Console-log] [UniRig Debug] FBX mesh preview extension registered
[Console-log] [GeomPack Gaussian] Loading extension...
[Console-log] [GeomPack] Loading UV mesh preview extension...
[Console-log] [GeomPack] UV mesh preview extension registered
[Console-log] [CompareSMPLBVH] Loading Compare SMPL BVH extension
[Console-log] [CompareSMPLBVH] Loading Compare SMPL BVH extension...
[Console-log] [CompareSMPLBVH] Extension registered: comfy3d.comparesmplbvh
[Console-log] [GeomPack] Loading mesh preview extension...
[Console-log] [GeomPack] Mesh preview extension registered
[Console-log] [GeomPack Multi JS] Loading mesh_preview_multi.js extension
[Console-log] [BVHViewer] Loading BVH Viewer extension
[Console-log] [BVHViewer] Loading BVH viewer extension...
[Console-log] [BVHViewer] Extension registered: comfy3d.bvhviewer
[Console-log] [UniRig Compare] Loading compare skeleton widget...
[Console-log] [UniRig Compare] Detected extension folder: ComfyUI-GeometryPack
[Console-log] [UniRig Compare] Compare skeleton widget registered
[Console-warning] WARNING: Multiple instances of Three.js being imported.
[Console-log] [VTK Bundle] GLTFImporter included in bundle
[Console-warning] [MaskEditor] ComfyApp.open_maskeditor is deprecated. Plugins should migrate to using the command system or direct node context menu integration.
[Console-log] [GeomPack] Registering Preview Mesh node
[Console-log] [GeomPack] Registering Preview Mesh UV node
[Console-log] [GeomPack Gaussian] Registering Preview Gaussian node
[Console-log] [GeomPack Multi JS] Creating PreviewMeshMulti node widget
[Console-log] [VTK Bundle] GLTFImporter included in bundle
[Console-log] [VTK Bundle] GLTFImporter included in bundle
[Console-log] [GeomPack VTK Dual Viewer] Initializing...
[Console-log] [GeomPack VTK Dual Viewer] Ready
[Console-log] [GeomPack VTK Multi Viewer] Initializing...
[Console-log] [GeomPack VTK Multi Viewer] Ready
[Console-log] [GeomPack Multi] Iframe loaded
[Console-log] [GeomPack VTK Dual Viewer] DEBUG - Edges checkbox element: JSHandle@node
[Console-log] [GeomPack VTK Dual Viewer] DEBUG - Controls div: JSHandle@node
[Console-log] [GeomPack VTK Dual Viewer] DEBUG - Edges checkbox position: {top: 536.5, left: 89, width: 13, height: 13, bottom: 549.5}
[Console-log] [GeomPack VTK Dual Viewer] DEBUG - Edges checkbox style: {display: block, visibility: visible, opacity: 1, position: static}
[Console-log] [GeomPack VTK Dual Viewer] DEBUG - Controls div style: {display: flex, visibility: visible, position: static, bottom: auto, height: 48px}
[Console-log] [GeomPack VTK Dual Viewer] DEBUG - Body/viewport dimensions: {bodyHeight: 575, bodyScrollHeight: 575, windowHeight: 575, viewportHeight: 575}
[Console-log] [GeomPack VTK Dual Viewer] DEBUG - Is edges checkbox visible in viewport? true
[Console-log] [comfy-test] graphToPrompt: 5 nodes, missing class_type: [], sample: {"inputs":{"file_path":"3d/ArmoredWarrior_00005_.glb"},"class_type":"GeomPackLoadMesh","_meta":{"title":"Load Mesh"}}
[Console-log] [VTK Bundle] GLTFImporter included in bundle
[Console-log] [GeomPack VTK Dual Viewer] Initializing...
[Console-log] [GeomPack VTK Dual Viewer] Ready
[Console-log] [GeomPack VTK Dual Viewer] Received LOAD_DUAL_MESH message: {type: LOAD_DUAL_MESH, layout: side_by_side, mesh1Filepath: /view?filename=preview_dual_1_fb4962fc.stl&type=output&subfolder=, mesh2Filepath: /view?filename=preview_dual_2_fb4962fc.stl&type=output&subfolder=, meshFilepath: undefined}
[Console-error] No input!
[Console-error] No input!
[Console-log] [GeomPack VTK Dual Viewer] Loading mesh 1: /view?filename=preview_dual_1_fb4962fc.stl&type=output&subfolder=
[Console-warning] [.WebGL-0x263c051dce00]GL Driver Message (OpenGL, Performance, GL_CLOSE_PATH_NV, High): GPU stall due to ReadPixels
[Console-warning] [.WebGL-0x263c00174200]GL Driver Message (OpenGL, Performance, GL_CLOSE_PATH_NV, High): GPU stall due to ReadPixels
[Console-log] [GeomPack VTK Dual Viewer] Mesh 1 Loaded successfully
[Console-log] [GeomPack VTK Dual Viewer] Loading mesh 2: /view?filename=preview_dual_2_fb4962fc.stl&type=output&subfolder=
[Console-log] [GeomPack VTK Dual Viewer] Mesh 2 Loaded successfully
[Console-log] [GeomPack VTK Dual Viewer] Meshes Loaded successfully
[Console-warning] [.WebGL-0x263c051dce00]GL Driver Message (OpenGL, Performance, GL_CLOSE_PATH_NV, High): GPU stall due to ReadPixels
[Console-warning] [.WebGL-0x263c00174200]GL Driver Message (OpenGL, Performance, GL_CLOSE_PATH_NV, High): GPU stall due to ReadPixels (this message will no longer repeat)
[Console-log] [GeomPack VTK Dual Viewer] DEBUG - Edges checkbox element: JSHandle@node
[Console-log] [GeomPack VTK Dual Viewer] DEBUG - Controls div: JSHandle@node
[Console-log] [GeomPack VTK Dual Viewer] DEBUG - Edges checkbox position: {top: 511.5, left: 89, width: 13, height: 13, bottom: 524.5}
[Console-log] [GeomPack VTK Dual Viewer] DEBUG - Edges checkbox style: {display: block, visibility: visible, opacity: 1, position: static}
[Console-log] [GeomPack VTK Dual Viewer] DEBUG - Controls div style: {display: flex, visibility: visible, position: static, bottom: auto, height: 48px}
[Console-log] [GeomPack VTK Dual Viewer] DEBUG - Body/viewport dimensions: {bodyHeight: 550, bodyScrollHeight: 550, windowHeight: 550, viewportHeight: 550}
[Console-log] [GeomPack VTK Dual Viewer] DEBUG - Is edges checkbox visible in viewport? true
[Console-log] [GeomPack Multi] onExecuted: 3 meshes, grid 3x1
[Console-log] [GeomPack Multi] Sending message to iframe: {type: LOAD_MULTI_MESH, numMeshes: 3, meshFiles: Array(3), timestamp: 1778444064145, showEdges: true}
[Console-log] [GeomPack VTK Multi Viewer] Received LOAD_MULTI_MESH message: {type: LOAD_MULTI_MESH, numMeshes: 3, meshFiles: Array(3), timestamp: 1778444064145, showEdges: true}
[Console-error] No input!
[Console-error] No input!
[Console-error] No input!
[Console-log] [GeomPack VTK Multi Viewer] Loading mesh 1: /view?filename=preview_multi_1_db6c757e.vtp&type=output&subfolder=
[Console-log] [GeomPack VTK Multi Viewer] Loading mesh 2: /view?filename=preview_multi_2_db6c757e.vtp&type=output&subfolder=
[Console-log] [GeomPack VTK Multi Viewer] Loading mesh 3: /view?filename=preview_multi_3_db6c757e.vtp&type=output&subfolder=
[Console-error] No input!
[Console-error] No input!
[Console-error] No input!
[Console-error] No input!
[Console-error] No input!
[Console-error] No input!
[Console-error] No input!
[Console-error] No input!
[Console-error] No input!
[Console-log] [GeomPack VTK Multi Viewer] Mesh 3 fields: [normals]
[Console-log] [GeomPack VTK Multi Viewer] Mesh 3 loaded, bounds: [-0.4997020363807678, 0.49977433681488037, -0.4980567693710327, 0.48631802201271057, -0.19448408484458923, 0.19543275237083435]
[Console-log] [GeomPack VTK Multi Viewer] Mesh 2 fields: [normals]
[Console-log] [GeomPack VTK Multi Viewer] Mesh 2 loaded, bounds: [-0.49995559453964233, 0.4999898076057434, -0.4980567693710327, 0.4942501187324524, -0.19527308642864227, 0.1967097520828247]
[Console-log] [GeomPack VTK Multi Viewer] Mesh 1 fields: [normals]
[Console-log] [GeomPack VTK Multi Viewer] Mesh 1 loaded, bounds: [-0.49985289573669434, 0.49984443187713623, -0.49795323610305786, 0.49410393834114075, -0.19512704014778137, 0.19656376540660858]
[Console-log] [GeomPack VTK Multi Viewer] Common fields: [normals]
[Console-log] [GeomPack VTK Multi Viewer] All meshes Loaded successfully