Capturing execution frames: alpha_wrap.json
  Frame 1 saved (frame_000.jpg, t=0.0s)
  Validating workflow...
  Queuing workflow for execution...
  Frame 2 saved (frame_001.jpg, t=2.3s)
  [capture-periodic] freeze=5ms shot=140ms unfreeze=6ms saved=True
  Frame 3 saved (frame_002.jpg, t=4.6s)
  [capture-periodic] freeze=4ms shot=144ms unfreeze=5ms saved=True
  [capture-loop] iter=50 t=6.1s state={'complete': False, 'error': None, 'executedCount': 0, 'wsState': 1} eval_ms=6 ram=6.2/16.0GB (39%) swap=0.3/2.9GB (10%) cpu=53% browser_rss=0.69GB
  Frame 4 saved (frame_003.jpg, t=9.1s)
  [capture-periodic] freeze=5ms shot=124ms unfreeze=10ms saved=True
  [capture-loop] iter=100 t=12.6s state={'complete': False, 'error': None, 'executedCount': 0, 'wsState': 1} eval_ms=6 ram=6.5/16.0GB (40%) swap=0.3/2.9GB (10%) cpu=82% browser_rss=0.69GB
  Node executed (1 total), capturing...
  Frame 5 saved (frame_004.jpg, t=15.5s)
  [capture-node] freeze=6ms shot=127ms unfreeze=5ms saved=True
  Node executed (2 total), capturing...
  Frame 6 saved (frame_005.jpg, t=15.9s)
  [capture-node] freeze=165ms shot=711ms unfreeze=4ms saved=True
  Node executed (3 total), capturing...
  Frame 7 saved (frame_006.jpg, t=18.0s)
  [capture-node] freeze=6ms shot=140ms unfreeze=4ms saved=True
  Node executed (4 total), capturing...
  Frame 8 saved (frame_007.jpg, t=18.6s)
  [capture-node] freeze=5ms shot=858ms unfreeze=79ms saved=True
  Execution complete (t=19.9s)
  Captured 8 unique frames over 19.91s
  [debug] iframes: 2
  [debug]   iframe[0]: src=http://127.0.0.1:8188/extensions/ComfyUI-GeometryPack/viewer_dual.html?v=1778212, canvas=370x485, rafFrozen=False
  [debug]   iframe[1]: src=http://127.0.0.1:8188/extensions/ComfyUI-GeometryPack/viewer_multi.html?v=177821, canvas=244x393, rafFrozen=False
  [timing] trigger_3d_previews: 0.0s
  Saved high-quality screenshot: alpha_wrap_executed.png
  [timing] final_screenshot: 0.2s
    Captured 9 video frames