Capturing execution frames: batch_remesh.json
  Frame 1 saved (frame_000.jpg, t=0.0s)
  Validating workflow...
  [ComfyUI] === /validate endpoint called ===
  [ComfyUI] Received JSON with keys: ['prompt']
  [ComfyUI] Prompt has 4 nodes
  [ComfyUI]   Node 1: GeomPackLoadMeshBatch
  [ComfyUI]     Inputs: {"folder_path": "3d", "start_index": 0, "max_meshes": 4}
  [ComfyUI]   Node 4: GeomPackMeshInfo
  Queuing workflow for execution...
  [ComfyUI]     Inputs: {"report_panel": "false", "trimesh": ["1", 0]}
  [ComfyUI]   Node 6: GeomPackPreviewMeshVTKBatch
  [ComfyUI]     Inputs: {"mode": "fields", "index": 0, "preview_vtk_batch": "{\"show_edges\":false,\"camera_state\":\"\",\"selected_field\":\"\",\"selected_channel\":\"magnitude\",\"selected_colormap\":\"erdc_rainbow_bright\
  [ComfyUI]   Node 11: GeomPackRemesh
  [ComfyUI]     Inputs: {"backend": "pymeshlab_isotropic", "backend.target_edge_length": 1, "backend.iterations": 3, "backend.feature_angle": 30, "backend.adaptive": "false", "report_panel": "false", "trimesh": ["1", 0]}
  [ComfyUI] Generated prompt_id: 02ffe29a-2242-416f-a6ba-49f213be66a1
  [ComfyUI] Calling execution.validate_prompt()...
  [ComfyUI] Validation result: valid=True
  [ComfyUI] === Validation PASSED ===
  [ComfyUI] got prompt
  [ComfyUI] [comfy-env] Running GeomPackLoadMeshBatch: folder_path: '3d', start_index: 0, max_meshes: 4
  [ComfyUI] [SubprocessWorker] call_method: nodes.io.load_mesh_batch.LoadMeshBatch.EXECUTE_NORMALIZED
  [ComfyUI] [SubprocessWorker] acquired lock, ensuring started...
  [ComfyUI] [ComfyUI-GeometryPack] Health check: ping (timeout=5.0s)...
  [ComfyUI] [ComfyUI-GeometryPack] Health check: ok
  [ComfyUI] [SubprocessWorker] worker started/confirmed
  [ComfyUI] [SubprocessWorker] serializing kwargs to shm...
  [ComfyUI] [SubprocessWorker] created 0 shm blocks
  [ComfyUI] [SubprocessWorker] sending request via socket...
  [ComfyUI] [SubprocessWorker] call_id=7 sending call_method
  [ComfyUI] [worker:ComfyUI-GeometryPack] INFO: Found folder in input: 3d
  [ComfyUI] [worker:ComfyUI-GeometryPack] INFO: Found 12 mesh files
  [ComfyUI] [worker:ComfyUI-GeometryPack] INFO: Loading up to 4 meshes
  [ComfyUI] [worker:ComfyUI-GeometryPack] INFO: Loading: D:\a\comfy-gpu-ci\comfy-gpu-ci\test_workspaces\GeometryPack-2137\portable-comfyui\ComfyUI_windows_portable\ComfyUI\input\3d\ArmoredWarrior_00005_.glb
  [ComfyUI] [worker:ComfyUI-GeometryPack] INFO: Converting Scene to single mesh (scene has 1 geometries)
  [ComfyUI] [worker:ComfyUI-GeometryPack] INFO: Initial mesh: 18061 vertices, 19827 faces
  [ComfyUI] [worker:ComfyUI-GeometryPack] INFO: Successfully loaded: 18061 vertices, 19827 faces
  [ComfyUI] [worker:ComfyUI-GeometryPack] INFO: [1/4] Loaded ArmoredWarrior_00005_.glb: 18061 vertices, 19827 faces
  [ComfyUI] [worker:ComfyUI-GeometryPack] INFO: Loading: D:\a\comfy-gpu-ci\comfy-gpu-ci\test_workspaces\GeometryPack-2137\portable-comfyui\ComfyUI_windows_portable\ComfyUI\input\3d\Stanford_Bunny.stl
  [ComfyUI] [worker:ComfyUI-GeometryPack] INFO: Initial mesh: 56203 vertices, 112402 faces
  [ComfyUI] [worker:ComfyUI-GeometryPack] INFO: Successfully loaded: 56203 vertices, 112402 faces
  [ComfyUI] [worker:ComfyUI-GeometryPack] INFO: [2/4] Loaded Stanford_Bunny.stl: 56203 vertices, 112402 faces
  [ComfyUI] [worker:ComfyUI-GeometryPack] INFO: Loading: D:\a\comfy-gpu-ci\comfy-gpu-ci\test_workspaces\GeometryPack-2137\portable-comfyui\ComfyUI_windows_portable\ComfyUI\input\3d\camel_b.obj
  [ComfyUI] [worker:ComfyUI-GeometryPack] INFO: Initial mesh: 2032 vertices, 3576 faces
  [ComfyUI] [worker:ComfyUI-GeometryPack] INFO: Successfully loaded: 2032 vertices, 3576 faces
  [ComfyUI] [worker:ComfyUI-GeometryPack] INFO: [3/4] Loaded camel_b.obj: 2032 vertices, 3576 faces
  [ComfyUI] [worker:ComfyUI-GeometryPack] INFO: Loading: D:\a\comfy-gpu-ci\comfy-gpu-ci\test_workspaces\GeometryPack-2137\portable-comfyui\ComfyUI_windows_portable\ComfyUI\input\3d\camelhead.off
  [ComfyUI] [worker:ComfyUI-GeometryPack] INFO: Initial mesh: 11381 vertices, 22704 faces
  [ComfyUI] [worker:ComfyUI-GeometryPack] INFO: Successfully loaded: 11381 vertices, 22704 faces
  [ComfyUI] [worker:ComfyUI-GeometryPack] INFO: [4/4] Loaded camelhead.off: 11381 vertices, 22704 faces
  [ComfyUI] [worker:ComfyUI-GeometryPack] INFO: Successfully loaded 4 meshes
  [ComfyUI] [SubprocessWorker] got response: ok
  [ComfyUI] [comfy-env] GeomPackLoadMeshBatch done (1.75s): result: NodeOutput
  [ComfyUI] [comfy-env] Running GeomPackMeshInfo: trimesh: list[4]
  [ComfyUI] [SubprocessWorker] call_method: nodes.analysis.mesh_info.MeshInfoNode.EXECUTE_NORMALIZED
  [ComfyUI] [SubprocessWorker] acquired lock, ensuring started...
  [ComfyUI] [ComfyUI-GeometryPack] Health check: ping (timeout=5.0s)...
  [ComfyUI] [ComfyUI-GeometryPack] Health check: ok
  [ComfyUI] [SubprocessWorker] worker started/confirmed
  [ComfyUI] [SubprocessWorker] serializing kwargs to shm...
  [ComfyUI] [SubprocessWorker] created 4 shm blocks
  [ComfyUI] [SubprocessWorker] sending request via socket...
  [ComfyUI] [SubprocessWorker] call_id=8 sending call_method
  Frame 2 saved (frame_001.jpg, t=2.3s)
  [capture-periodic] freeze=4ms shot=101ms unfreeze=5ms saved=True
  [ComfyUI] [SubprocessWorker] got response: ok
  [ComfyUI] [comfy-env] GeomPackMeshInfo done (0.72s): result: NodeOutput
  [ComfyUI] [comfy-env] Running GeomPackRemesh: backend: dict, trimesh: Trimesh
  [ComfyUI] [SubprocessWorker] call_method: nodes.remeshing.remesh.RemeshNode.EXECUTE_NORMALIZED
  [ComfyUI] [SubprocessWorker] acquired lock, ensuring started...
  [ComfyUI] [ComfyUI-GeometryPack] Health check: ping (timeout=5.0s)...
  [ComfyUI] [ComfyUI-GeometryPack] Health check: ok
  [ComfyUI] [SubprocessWorker] worker started/confirmed
  [ComfyUI] [SubprocessWorker] serializing kwargs to shm...
  [ComfyUI] [SubprocessWorker] created 1 shm blocks
  [ComfyUI] [SubprocessWorker] sending request via socket...
  [ComfyUI] [SubprocessWorker] call_id=9 sending call_method
  Node executed (1 total), capturing...
  Frame 3 saved (frame_002.jpg, t=2.9s)
  [capture-node] freeze=4ms shot=114ms unfreeze=5ms saved=True
  [ComfyUI] [worker:ComfyUI-GeometryPack] INFO: Remesh dispatch: pymeshlab_isotropic -> GeomPackRemesh_PyMeshLab
  [ComfyUI] [SubprocessWorker] got response: ok
  [ComfyUI] [comfy-env] GeomPackRemesh done (0.66s): result: NodeOutput
  [ComfyUI] [comfy-env] Running GeomPackRemesh: backend: dict, trimesh: Trimesh
  [ComfyUI] [SubprocessWorker] call_method: nodes.remeshing.remesh.RemeshNode.EXECUTE_NORMALIZED
  [ComfyUI] [SubprocessWorker] acquired lock, ensuring started...
  [ComfyUI] [ComfyUI-GeometryPack] Health check: ping (timeout=5.0s)...
  [ComfyUI] [ComfyUI-GeometryPack] Health check: ok
  [ComfyUI] [SubprocessWorker] worker started/confirmed
  [ComfyUI] [SubprocessWorker] serializing kwargs to shm...
  [ComfyUI] [SubprocessWorker] created 1 shm blocks
  [ComfyUI] [SubprocessWorker] sending request via socket...
  [ComfyUI] [SubprocessWorker] call_id=10 sending call_method
  [ComfyUI] [worker:ComfyUI-GeometryPack] INFO: Remesh dispatch: pymeshlab_isotropic -> GeomPackRemesh_PyMeshLab
  [ComfyUI] [SubprocessWorker] got response: ok
  [ComfyUI] [comfy-env] GeomPackRemesh done (0.24s): result: NodeOutput
  [ComfyUI] [comfy-env] Running GeomPackRemesh: backend: dict, trimesh: Trimesh
  [ComfyUI] [SubprocessWorker] call_method: nodes.remeshing.remesh.RemeshNode.EXECUTE_NORMALIZED
  [ComfyUI] [SubprocessWorker] acquired lock, ensuring started...
  [ComfyUI] [ComfyUI-GeometryPack] Health check: ping (timeout=5.0s)...
  [ComfyUI] [ComfyUI-GeometryPack] Health check: ok
  [ComfyUI] [SubprocessWorker] worker started/confirmed
  [ComfyUI] [SubprocessWorker] serializing kwargs to shm...
  [ComfyUI] [SubprocessWorker] created 1 shm blocks
  [ComfyUI] [SubprocessWorker] sending request via socket...
  [ComfyUI] [SubprocessWorker] call_id=11 sending call_method
  [ComfyUI] [worker:ComfyUI-GeometryPack] INFO: Remesh dispatch: pymeshlab_isotropic -> GeomPackRemesh_PyMeshLab
  [ComfyUI] [SubprocessWorker] got response: ok
  [ComfyUI] [comfy-env] GeomPackRemesh done (0.14s): result: NodeOutput
  [ComfyUI] [comfy-env] Running GeomPackRemesh: backend: dict, trimesh: Trimesh
  [ComfyUI] [SubprocessWorker] call_method: nodes.remeshing.remesh.RemeshNode.EXECUTE_NORMALIZED
  [ComfyUI] [SubprocessWorker] acquired lock, ensuring started...
  [ComfyUI] [ComfyUI-GeometryPack] Health check: ping (timeout=5.0s)...
  [ComfyUI] [ComfyUI-GeometryPack] Health check: ok
  [ComfyUI] [SubprocessWorker] worker started/confirmed
  [ComfyUI] [SubprocessWorker] serializing kwargs to shm...
  [ComfyUI] [SubprocessWorker] created 1 shm blocks
  [ComfyUI] [SubprocessWorker] sending request via socket...
  [ComfyUI] [SubprocessWorker] call_id=12 sending call_method
  [ComfyUI] [worker:ComfyUI-GeometryPack] INFO: Remesh dispatch: pymeshlab_isotropic -> GeomPackRemesh_PyMeshLab
  [ComfyUI] [SubprocessWorker] got response: ok
  [ComfyUI] [comfy-env] GeomPackRemesh done (0.24s): result: NodeOutput
  [ComfyUI] [comfy-env] Running GeomPackRemesh_PyMeshLab: trimesh: Trimesh, target_edge_length: 1.0, iterations: 3, feature_angle: 30.0, adaptive: 'false'
  [ComfyUI] [SubprocessWorker] call_method: nodes.remeshing.backends.pymeshlab_isotropic.RemeshPyMeshLabNode.EXECUTE_NORMALIZED
  [ComfyUI] [SubprocessWorker] acquired lock, ensuring started...
  [ComfyUI] [ComfyUI-GeometryPack] Health check: ping (timeout=5.0s)...
  [ComfyUI] [ComfyUI-GeometryPack] Health check: ok
  [ComfyUI] [SubprocessWorker] worker started/confirmed
  [ComfyUI] [SubprocessWorker] serializing kwargs to shm...
  [ComfyUI] [SubprocessWorker] created 1 shm blocks
  [ComfyUI] [SubprocessWorker] sending request via socket...
  [ComfyUI] [SubprocessWorker] call_id=13 sending call_method
  [ComfyUI] [worker:ComfyUI-GeometryPack] INFO: Backend: pymeshlab_isotropic
  [ComfyUI] [worker:ComfyUI-GeometryPack] INFO: Input: 18061 vertices, 19827 faces
  [ComfyUI] [worker:ComfyUI-GeometryPack] INFO: Parameters: target_edge_length=1.0, iterations=3, feature_angle=30.0, adaptive=false
  Frame 4 saved (frame_003.jpg, t=5.1s)
  [capture-periodic] freeze=3ms shot=112ms unfreeze=4ms saved=True
  [ComfyUI] [worker:ComfyUI-GeometryPack] INFO: Output: 5251 vertices, 11070 faces
  [ComfyUI] [SubprocessWorker] got response: ok
  [ComfyUI] [comfy-env] GeomPackRemesh_PyMeshLab done (2.07s): result: NodeOutput
  [ComfyUI] [comfy-env] Running GeomPackRemesh_PyMeshLab: trimesh: Trimesh, target_edge_length: 1.0, iterations: 3, feature_angle: 30.0, adaptive: 'false'
  [ComfyUI] [SubprocessWorker] call_method: nodes.remeshing.backends.pymeshlab_isotropic.RemeshPyMeshLabNode.EXECUTE_NORMALIZED
  [ComfyUI] [SubprocessWorker] acquired lock, ensuring started...
  [ComfyUI] [ComfyUI-GeometryPack] Health check: ping (timeout=5.0s)...
  [ComfyUI] [ComfyUI-GeometryPack] Health check: ok
  [ComfyUI] [SubprocessWorker] worker started/confirmed
  [ComfyUI] [SubprocessWorker] serializing kwargs to shm...
  [ComfyUI] [SubprocessWorker] created 1 shm blocks
  [ComfyUI] [SubprocessWorker] sending request via socket...
  [ComfyUI] [SubprocessWorker] call_id=14 sending call_method
  Node executed (2 total), capturing...
  [ComfyUI] [worker:ComfyUI-GeometryPack] INFO: Backend: pymeshlab_isotropic
  [ComfyUI] [worker:ComfyUI-GeometryPack] INFO: Input: 56203 vertices, 112402 faces
  [ComfyUI] [worker:ComfyUI-GeometryPack] INFO: Parameters: target_edge_length=1.0, iterations=3, feature_angle=30.0, adaptive=false
  Frame 5 saved (frame_004.jpg, t=6.2s)
  [capture-node] freeze=4ms shot=115ms unfreeze=3ms saved=True
  [capture-loop] iter=50 t=6.4s state={'complete': False, 'error': None, 'executedCount': 2, 'wsState': 1} eval_ms=4 ram=6.8/16.0GB (43%) swap=0.2/2.9GB (8%) cpu=44% browser_rss=0.71GB
  [capture-loop] iter=100 t=12.0s state={'complete': False, 'error': None, 'executedCount': 2, 'wsState': 1} eval_ms=4 ram=6.9/16.0GB (43%) swap=0.2/2.9GB (8%) cpu=52% browser_rss=0.72GB
  [ComfyUI] [worker:ComfyUI-GeometryPack] INFO: Output: 32264 vertices, 64524 faces
  [ComfyUI] [SubprocessWorker] got response: ok
  [ComfyUI] [comfy-env] GeomPackRemesh_PyMeshLab done (9.55s): result: NodeOutput
  [ComfyUI] [comfy-env] Running GeomPackRemesh_PyMeshLab: trimesh: Trimesh, target_edge_length: 1.0, iterations: 3, feature_angle: 30.0, adaptive: 'false'
  [ComfyUI] [SubprocessWorker] call_method: nodes.remeshing.backends.pymeshlab_isotropic.RemeshPyMeshLabNode.EXECUTE_NORMALIZED
  [ComfyUI] [SubprocessWorker] acquired lock, ensuring started...
  [ComfyUI] [ComfyUI-GeometryPack] Health check: ping (timeout=5.0s)...
  Node executed (3 total), capturing...
  Frame 6 saved (frame_005.jpg, t=15.7s)
  [capture-node] freeze=4ms shot=89ms unfreeze=3ms saved=True
  [ComfyUI] [ComfyUI-GeometryPack] Health check: ok
  [ComfyUI] [SubprocessWorker] worker started/confirmed
  [ComfyUI] [SubprocessWorker] serializing kwargs to shm...
  [ComfyUI] [SubprocessWorker] created 1 shm blocks
  [ComfyUI] [SubprocessWorker] sending request via socket...
  [ComfyUI] [SubprocessWorker] call_id=15 sending call_method
  [ComfyUI] [worker:ComfyUI-GeometryPack] INFO: Backend: pymeshlab_isotropic
  [ComfyUI] [worker:ComfyUI-GeometryPack] INFO: Input: 2032 vertices, 3576 faces
  [capture-loop] iter=150 t=17.7s state={'complete': False, 'error': None, 'executedCount': 3, 'wsState': 1} eval_ms=3 ram=6.8/16.0GB (42%) swap=0.2/2.9GB (8%) cpu=28% browser_rss=0.71GB
  [ComfyUI] [worker:ComfyUI-GeometryPack] INFO: Parameters: target_edge_length=1.0, iterations=3, feature_angle=30.0, adaptive=false
  [ComfyUI] [worker:ComfyUI-GeometryPack] INFO: Output: 9670 vertices, 19338 faces
  [ComfyUI] [SubprocessWorker] got response: ok
  [ComfyUI] [comfy-env] GeomPackRemesh_PyMeshLab done (4.19s): result: NodeOutput
  [ComfyUI] [comfy-env] Running GeomPackRemesh_PyMeshLab: trimesh: Trimesh, target_edge_length: 1.0, iterations: 3, feature_angle: 30.0, adaptive: 'false'
  [ComfyUI] [SubprocessWorker] call_method: nodes.remeshing.backends.pymeshlab_isotropic.RemeshPyMeshLabNode.EXECUTE_NORMALIZED
  [ComfyUI] [SubprocessWorker] acquired lock, ensuring started...
  [ComfyUI] [ComfyUI-GeometryPack] Health check: ping (timeout=5.0s)...
  Node executed (4 total), capturing...
  [ComfyUI] [ComfyUI-GeometryPack] Health check: ok
  [ComfyUI] [SubprocessWorker] worker started/confirmed
  [ComfyUI] [SubprocessWorker] serializing kwargs to shm...
  [ComfyUI] [SubprocessWorker] created 1 shm blocks
  [ComfyUI] [SubprocessWorker] sending request via socket...
  [ComfyUI] [SubprocessWorker] call_id=16 sending call_method
  Frame 7 saved (frame_006.jpg, t=19.9s)
  [capture-node] freeze=2ms shot=80ms unfreeze=3ms saved=True
  [ComfyUI] [worker:ComfyUI-GeometryPack] INFO: Backend: pymeshlab_isotropic
  [ComfyUI] [worker:ComfyUI-GeometryPack] INFO: Input: 11381 vertices, 22704 faces
  [ComfyUI] [worker:ComfyUI-GeometryPack] INFO: Parameters: target_edge_length=1.0, iterations=3, feature_angle=30.0, adaptive=false
  [ComfyUI] [worker:ComfyUI-GeometryPack] INFO: Output: 206 vertices, 394 faces
  [ComfyUI] [SubprocessWorker] got response: ok
  [ComfyUI] [comfy-env] GeomPackRemesh_PyMeshLab done (3.37s): result: NodeOutput
  [ComfyUI] [comfy-env] Running GeomPackPreviewMeshVTKBatch: mode: list[1], index: list[1], trimesh: list[4]
  [ComfyUI] [SubprocessWorker] call_method: nodes.visualization.preview_mesh_vtk_batch.PreviewMeshVTKBatchNode.EXECUTE_NORMALIZED
  [ComfyUI] [SubprocessWorker] acquired lock, ensuring started...
  [ComfyUI] [ComfyUI-GeometryPack] Health check: ping (timeout=5.0s)...
  [ComfyUI] [ComfyUI-GeometryPack] Health check: ok
  [ComfyUI] [SubprocessWorker] worker started/confirmed
  [ComfyUI] [SubprocessWorker] serializing kwargs to shm...
  [ComfyUI] [SubprocessWorker] created 4 shm blocks
  [ComfyUI] [SubprocessWorker] sending request via socket...
  [ComfyUI] [SubprocessWorker] call_id=17 sending call_method
  Node executed (5 total), capturing...
  [ComfyUI] [worker:ComfyUI-GeometryPack] INFO: Batch size: 4, showing index: 1/4
  [ComfyUI] [worker:ComfyUI-GeometryPack] INFO: Preparing preview: Mesh - 5251 vertices, 11070 faces
  [ComfyUI] [worker:ComfyUI-GeometryPack] INFO: Mode: fields
  [ComfyUI] [worker:ComfyUI-GeometryPack] INFO: Visual data - has_visual: True, kind: None, texture: False, vertex_colors: False
  [ComfyUI] [worker:ComfyUI-GeometryPack] INFO: Using fields mode - VTP/STL export
  [ComfyUI] [worker:ComfyUI-GeometryPack] INFO: Exported STL to: D:\a\comfy-gpu-ci\comfy-gpu-ci\test_workspaces\GeometryPack-2137\portable-comfyui\ComfyUI_windows_portable\ComfyUI\output\preview_vtk_batch_70aa2577.stl
  [ComfyUI] [worker:ComfyUI-GeometryPack] INFO: Fields mode info: watertight=False, volume=None, area=4.318366133448304, no fields
  Frame 8 saved (frame_007.jpg, t=23.3s)
  [capture-node] freeze=3ms shot=100ms unfreeze=5ms saved=True
  [ComfyUI] [SubprocessWorker] got response: ok
  [ComfyUI] [comfy-env] GeomPackPreviewMeshVTKBatch done (0.40s): result: NodeOutput
  [ComfyUI] Prompt executed in 23.35 seconds
  Node executed (6 total), capturing...
  Frame 9 saved (frame_008.jpg, t=23.7s)
  [capture-node] freeze=3ms shot=95ms unfreeze=3ms saved=True
  Execution complete (t=24.0s)
  Captured 9 unique frames over 24.0s
  [debug] iframes: 1
  [debug]   iframe[0]: src=http://127.0.0.1:41896/extensions/ComfyUI-GeometryPack/viewer_vtk.html?v=1778449, canvas=622x373, rafFrozen=False
  [timing] trigger_3d_previews: 0.0s
  Saved high-quality screenshot: batch_remesh_executed.png
  [timing] final_screenshot: 0.2s
    Captured 10 video frames