Capturing execution frames: decimate_all.json
  Frame 1 saved (frame_000.jpg, t=0.0s)
  Validating workflow...
  Queuing workflow for execution...
  Frame 2 saved (frame_001.jpg, t=2.2s)
  [capture-periodic] freeze=5ms shot=105ms unfreeze=5ms saved=True
  Frame 3 saved (frame_002.jpg, t=4.4s)
  [capture-periodic] freeze=3ms shot=87ms unfreeze=4ms saved=True
  [capture-loop] iter=50 t=5.9s state={'complete': False, 'error': None, 'executedCount': 0, 'wsState': 1} eval_ms=5 ram=5.7/16.0GB (36%) swap=0.7/2.9GB (25%) cpu=37% browser_rss=0.67GB
  Node executed (1 total), capturing...
  Frame 4 saved (frame_003.jpg, t=8.7s)
  [capture-node] freeze=4ms shot=104ms unfreeze=5ms saved=True
  Node executed (2 total), capturing...
  Frame 5 saved (frame_004.jpg, t=9.2s)
  [capture-node] freeze=4ms shot=122ms unfreeze=5ms saved=True
  [capture-loop] iter=100 t=12.2s state={'complete': False, 'error': None, 'executedCount': 2, 'wsState': 1} eval_ms=4 ram=5.8/16.0GB (36%) swap=0.7/2.9GB (25%) cpu=53% browser_rss=0.57GB
  Node executed (3 total), capturing...
  Frame 6 saved (frame_005.jpg, t=12.5s)
  [capture-node] freeze=4ms shot=111ms unfreeze=5ms saved=True
  Node executed (4 total), capturing...
  Frame 7 saved (frame_006.jpg, t=14.0s)
  [capture-node] freeze=196ms shot=1301ms unfreeze=6ms saved=True
  Node executed (5 total), capturing...
  Frame 8 saved (frame_007.jpg, t=17.5s)
  [capture-node] freeze=4ms shot=158ms unfreeze=6ms saved=True
  Node executed (6 total), capturing...
  Frame 9 saved (frame_008.jpg, t=18.8s)
  [capture-node] freeze=5ms shot=206ms unfreeze=0ms saved=True
  Execution complete (t=18.8s)
  Captured 9 unique frames over 20.26s
  [debug] iframes: 2
  [debug]   iframe[0]: src=http://127.0.0.1:8188/extensions/ComfyUI-GeometryPack/viewer_multi.html?v=177834, canvas=244x393, rafFrozen=True
  [debug]   iframe[1]: src=http://127.0.0.1:8188/extensions/ComfyUI-GeometryPack/viewer_multi.html?v=177834, canvas=244x393, rafFrozen=True
  [timing] trigger_3d_previews: 0.0s
  Saved high-quality screenshot: decimate_all_executed.png
  [timing] final_screenshot: 0.3s
    Captured 10 video frames