Capturing execution frames: fix_self_intersection.json
  Frame 1 saved (frame_000.jpg, t=0.0s)
  Validating workflow...
  Queuing workflow for execution...
  Node executed (1 total), capturing...
  Frame 2 saved (frame_001.jpg, t=2.2s)
  [capture-node] freeze=4ms shot=98ms unfreeze=3ms saved=True
  Node executed (2 total), capturing...
  Frame 3 saved (frame_002.jpg, t=3.0s)
  [capture-node] freeze=4ms shot=107ms unfreeze=4ms saved=True
  Node executed (3 total), capturing...
  Frame 4 saved (frame_003.jpg, t=3.4s)
  [capture-node] freeze=4ms shot=101ms unfreeze=4ms saved=True
  Node executed (4 total), capturing...
  Frame 5 saved (frame_004.jpg, t=4.2s)
  [capture-node] freeze=385ms shot=439ms unfreeze=0ms saved=True
  Execution complete (t=4.2s)
  Captured 5 unique frames over 5.07s
  [debug] iframes: 1
  [debug]   iframe[0]: src=http://127.0.0.1:8188/extensions/ComfyUI-GeometryPack/viewer_dual.html?v=1778212, canvas=370x485, rafFrozen=True
  [timing] trigger_3d_previews: 0.0s
  Saved high-quality screenshot: fix_self_intersection_executed.png
  [timing] final_screenshot: 0.3s
    Captured 6 video frames