Capturing execution frames: fix_normals_all.json
  Frame 1 saved (frame_000.jpg, t=0.0s)
  Validating workflow...
  Queuing workflow for execution...
  Node executed (1 total), capturing...
  Frame 2 saved (frame_001.jpg, t=1.9s)
  [capture-node] freeze=49ms shot=143ms unfreeze=5ms saved=True
  Node executed (3 total), capturing...
  Frame 3 saved (frame_002.jpg, t=2.4s)
  [capture-node] freeze=5ms shot=177ms unfreeze=646ms saved=True
  Node executed (5 total), capturing...
  Frame 4 saved (frame_003.jpg, t=3.7s)
  [capture-node] freeze=5ms shot=149ms unfreeze=5ms saved=True
  Node executed (6 total), capturing...
  Frame 5 saved (frame_004.jpg, t=4.2s)
  [capture-node] freeze=5ms shot=135ms unfreeze=5ms saved=True
  Node executed (7 total), capturing...
  Frame 6 saved (frame_005.jpg, t=4.8s)
  [capture-node] freeze=251ms shot=394ms unfreeze=0ms saved=True
  Execution complete (t=4.8s)
  Captured 6 unique frames over 5.52s
  [debug] iframes: 2
  [debug]   iframe[0]: src=http://127.0.0.1:8188/extensions/ComfyUI-GeometryPack/viewer_multi.html?v=177821, canvas=368x393, rafFrozen=True
  [debug]   iframe[1]: src=http://127.0.0.1:8188/extensions/ComfyUI-GeometryPack/viewer_multi.html?v=177821, canvas=368x195, rafFrozen=True
  [timing] trigger_3d_previews: 0.0s
  Saved high-quality screenshot: fix_normals_all_executed.png
  [timing] final_screenshot: 0.3s
    Captured 7 video frames