Capturing execution frames: mesh_mesh_distance.json
  Frame 1 saved (frame_000.jpg, t=0.0s)
  Validating workflow...
  Queuing workflow for execution...
  Frame 2 saved (frame_001.jpg, t=2.2s)
  [capture-periodic] freeze=5ms shot=108ms unfreeze=5ms saved=True
  Node executed (1 total), capturing...
  Frame 3 saved (frame_002.jpg, t=3.2s)
  [capture-node] freeze=5ms shot=113ms unfreeze=13ms saved=True
  Node executed (2 total), capturing...
  Frame 4 saved (frame_003.jpg, t=3.6s)
  [capture-node] freeze=5ms shot=106ms unfreeze=7ms saved=True
  Frame 5 saved (frame_004.jpg, t=5.8s)
  [capture-periodic] freeze=4ms shot=112ms unfreeze=4ms saved=True
  [capture-loop] iter=50 t=6.5s state={'complete': False, 'error': None, 'executedCount': 2, 'wsState': 1} eval_ms=5 ram=6.5/16.0GB (41%) swap=0.3/2.9GB (10%) cpu=34% browser_rss=0.76GB
  Node executed (3 total), capturing...
  Frame 6 saved (frame_005.jpg, t=10.1s)
  [capture-node] freeze=5ms shot=120ms unfreeze=5ms saved=True
  Node executed (4 total), capturing...
  Frame 7 saved (frame_006.jpg, t=10.5s)
  [capture-node] freeze=4ms shot=106ms unfreeze=0ms saved=True
  Execution complete (t=10.5s)
  Captured 7 unique frames over 10.62s
  [debug] iframes: 0
  [timing] trigger_3d_previews: 0.0s
  Saved high-quality screenshot: mesh_mesh_distance_executed.png
  [timing] final_screenshot: 0.2s
    Captured 8 video frames