Capturing execution frames: reconstruct_all.json
  Frame 1 saved (frame_000.jpg, t=0.0s)
  Validating workflow...
  Queuing workflow for execution...
  Node executed (1 total), capturing...
  Frame 2 saved (frame_001.jpg, t=1.1s)
  [capture-node] freeze=58ms shot=136ms unfreeze=8ms saved=True
  Frame 3 saved (frame_002.jpg, t=3.4s)
  [capture-periodic] freeze=5ms shot=148ms unfreeze=5ms saved=True
  Node executed (2 total), capturing...
  Frame 4 saved (frame_003.jpg, t=4.8s)
  [capture-node] freeze=5ms shot=131ms unfreeze=5ms saved=True
  Node executed (4 total), capturing...
  Frame 5 saved (frame_004.jpg, t=5.2s)
  [capture-node] freeze=5ms shot=139ms unfreeze=5ms saved=True
  [capture-loop] iter=50 t=7.1s state={'complete': False, 'error': None, 'executedCount': 4, 'wsState': 1} eval_ms=5 ram=6.4/16.0GB (40%) swap=1.0/2.9GB (34%) cpu=74% browser_rss=0.69GB
  Node executed (5 total), capturing...
  Frame 6 saved (frame_005.jpg, t=8.4s)
  [capture-node] freeze=5ms shot=131ms unfreeze=7ms saved=True
  Node executed (6 total), capturing...
  Frame 7 saved (frame_006.jpg, t=9.3s)
  [capture-node] freeze=5ms shot=149ms unfreeze=0ms saved=True
  Execution complete (t=9.3s)
  Captured 7 unique frames over 9.52s
  [debug] iframes: 2
  [debug]   iframe[0]: src=http://127.0.0.1:8188/extensions/ComfyUI-GeometryPack/viewer_vtk.html?v=17782126, canvas=486x384, rafFrozen=True
  [debug]   iframe[1]: src=http://127.0.0.1:8188/extensions/ComfyUI-GeometryPack/viewer_multi.html?v=177821, canvas=368x195, rafFrozen=True
  [timing] trigger_3d_previews: 1.3s
  Saved high-quality screenshot: reconstruct_all_executed.png
  [timing] final_screenshot: 0.3s
    Captured 8 video frames