Capturing execution frames: remeshing.json
  Frame 1 saved (frame_000.jpg, t=0.0s)
  Validating workflow...
  Queuing workflow for execution...
  Frame 2 saved (frame_001.jpg, t=2.3s)
  [capture-periodic] freeze=3ms shot=101ms unfreeze=5ms saved=True
  Frame 3 saved (frame_002.jpg, t=4.5s)
  [capture-periodic] freeze=3ms shot=104ms unfreeze=5ms saved=True
  [capture-loop] iter=50 t=5.8s state={'complete': False, 'error': None, 'executedCount': 0, 'wsState': 1} eval_ms=4 ram=6.1/16.0GB (38%) swap=0.6/2.9GB (21%) cpu=36% browser_rss=0.77GB
  [capture-loop] iter=100 t=11.6s state={'complete': False, 'error': None, 'executedCount': 0, 'wsState': 1} eval_ms=5 ram=6.0/16.0GB (38%) swap=0.6/2.9GB (21%) cpu=48% browser_rss=0.63GB
  [capture-loop] iter=150 t=17.2s state={'complete': False, 'error': None, 'executedCount': 0, 'wsState': 1} eval_ms=5 ram=5.9/16.0GB (37%) swap=0.6/2.9GB (21%) cpu=41% browser_rss=0.61GB
  [capture-loop] iter=200 t=23.0s state={'complete': False, 'error': None, 'executedCount': 0, 'wsState': 1} eval_ms=4 ram=5.9/16.0GB (37%) swap=0.6/2.9GB (21%) cpu=34% browser_rss=0.60GB
  [capture-loop] iter=250 t=28.7s state={'complete': False, 'error': None, 'executedCount': 0, 'wsState': 1} eval_ms=4 ram=5.8/16.0GB (36%) swap=0.6/2.9GB (21%) cpu=36% browser_rss=0.59GB
  [capture-loop] iter=300 t=34.3s state={'complete': False, 'error': None, 'executedCount': 0, 'wsState': 1} eval_ms=5 ram=5.8/16.0GB (36%) swap=0.6/2.9GB (20%) cpu=37% browser_rss=0.59GB
  [capture-loop] iter=350 t=40.1s state={'complete': False, 'error': None, 'executedCount': 0, 'wsState': 1} eval_ms=4 ram=5.9/16.0GB (37%) swap=0.6/2.9GB (20%) cpu=56% browser_rss=0.59GB
  Node executed (1 total), capturing...
  Frame 4 saved (frame_003.jpg, t=43.6s)
  [capture-node] freeze=4ms shot=98ms unfreeze=4ms saved=True
  Node executed (2 total), capturing...
  Frame 5 saved (frame_004.jpg, t=45.3s)
  [capture-node] freeze=5ms shot=108ms unfreeze=12ms saved=True
  Execution complete (t=45.6s)
  Captured 5 unique frames over 45.94s
  [debug] iframes: 1
  [debug]   iframe[0]: src=http://127.0.0.1:8188/extensions/ComfyUI-GeometryPack/viewer_dual.html?v=1778343, canvas=370x485, rafFrozen=False
  [timing] trigger_3d_previews: 1.1s
  Saved high-quality screenshot: remeshing_executed.png
  [timing] final_screenshot: 0.3s
    Captured 6 video frames