Capturing execution frames: remesh_intersections.json
  Frame 1 saved (frame_000.jpg, t=0.0s)
  Validating workflow...
  Queuing workflow for execution...
  Node executed (1 total), capturing...
  Frame 2 saved (frame_001.jpg, t=0.7s)
  [capture-node] freeze=19ms shot=167ms unfreeze=5ms saved=True
  Node executed (2 total), capturing...
  Frame 3 saved (frame_002.jpg, t=1.2s)
  [capture-node] freeze=5ms shot=93ms unfreeze=6ms saved=True
  Node executed (3 total), capturing...
  Frame 4 saved (frame_003.jpg, t=1.6s)
  [capture-node] freeze=5ms shot=112ms unfreeze=4ms saved=True
  Node executed (4 total), capturing...
  Frame 5 saved (frame_004.jpg, t=2.0s)
  [capture-node] freeze=10ms shot=456ms unfreeze=0ms saved=True
  Execution complete (t=2.0s)
  Captured 5 unique frames over 2.5s
  [debug] iframes: 1
  [debug]   iframe[0]: src=http://127.0.0.1:8188/extensions/ComfyUI-GeometryPack/viewer_dual.html?v=1778212, canvas=370x485, rafFrozen=True
  [timing] trigger_3d_previews: 0.0s
  Saved high-quality screenshot: remesh_intersections_executed.png
  [timing] final_screenshot: 0.2s
    Captured 6 video frames