Capturing execution frames: sharpen_all.json
  Frame 1 saved (frame_000.jpg, t=0.0s)
  Validating workflow...
  Queuing workflow for execution...
  Node executed (1 total), capturing...
  Frame 2 saved (frame_001.jpg, t=1.4s)
  [capture-node] freeze=5ms shot=140ms unfreeze=7ms saved=True
  Node executed (2 total), capturing...
  Frame 3 saved (frame_002.jpg, t=2.0s)
  [capture-node] freeze=5ms shot=115ms unfreeze=6ms saved=True
  Node executed (3 total), capturing...
  Frame 4 saved (frame_003.jpg, t=2.4s)
  [capture-node] freeze=5ms shot=205ms unfreeze=754ms saved=True
  Node executed (4 total), capturing...
  Frame 5 saved (frame_004.jpg, t=4.0s)
  [capture-node] freeze=6ms shot=152ms unfreeze=5ms saved=True
  Frame 6 saved (frame_005.jpg, t=6.2s)
  [capture-periodic] freeze=4ms shot=158ms unfreeze=5ms saved=True
  [capture-loop] iter=50 t=8.3s state={'complete': False, 'error': None, 'executedCount': 4, 'wsState': 1} eval_ms=8 ram=6.4/16.0GB (40%) swap=1.0/2.9GB (34%) cpu=62% browser_rss=0.75GB
  Frame 7 saved (frame_006.jpg, t=8.6s)
  [capture-periodic] freeze=5ms shot=168ms unfreeze=5ms saved=True
  [capture-loop] iter=100 t=14.5s state={'complete': False, 'error': None, 'executedCount': 4, 'wsState': 1} eval_ms=6 ram=6.4/16.0GB (40%) swap=1.0/2.9GB (34%) cpu=68% browser_rss=0.65GB
  Node executed (5 total), capturing...
  Frame 8 saved (frame_007.jpg, t=17.9s)
  [capture-node] freeze=4ms shot=157ms unfreeze=5ms saved=True
  [capture-loop] iter=150 t=20.9s state={'complete': False, 'error': None, 'executedCount': 5, 'wsState': 1} eval_ms=8 ram=6.3/16.0GB (39%) swap=1.0/2.9GB (34%) cpu=70% browser_rss=0.64GB
  [capture-loop] iter=200 t=26.8s state={'complete': False, 'error': None, 'executedCount': 5, 'wsState': 1} eval_ms=5 ram=6.3/16.0GB (39%) swap=1.0/2.9GB (34%) cpu=68% browser_rss=0.64GB
  Node executed (6 total), capturing...
  Frame 9 saved (frame_008.jpg, t=30.3s)
  [capture-node] freeze=6ms shot=160ms unfreeze=10ms saved=True
  Frame 10 saved (frame_009.jpg, t=32.6s)
  [capture-periodic] freeze=4ms shot=164ms unfreeze=5ms saved=True
  [capture-loop] iter=250 t=33.2s state={'complete': False, 'error': None, 'executedCount': 6, 'wsState': 1} eval_ms=5 ram=6.3/16.0GB (39%) swap=1.0/2.9GB (34%) cpu=68% browser_rss=0.64GB
  [capture-loop] iter=300 t=39.1s state={'complete': False, 'error': None, 'executedCount': 6, 'wsState': 1} eval_ms=5 ram=6.3/16.0GB (39%) swap=1.0/2.9GB (34%) cpu=66% browser_rss=0.63GB
  [capture-loop] iter=350 t=45.1s state={'complete': False, 'error': None, 'executedCount': 6, 'wsState': 1} eval_ms=6 ram=6.3/16.0GB (39%) swap=1.0/2.9GB (34%) cpu=66% browser_rss=0.64GB
  [capture-loop] iter=400 t=51.1s state={'complete': False, 'error': None, 'executedCount': 6, 'wsState': 1} eval_ms=4 ram=6.3/16.0GB (39%) swap=1.0/2.9GB (34%) cpu=65% browser_rss=0.63GB
  [capture-loop] iter=450 t=57.0s state={'complete': False, 'error': None, 'executedCount': 6, 'wsState': 1} eval_ms=5 ram=6.1/16.0GB (38%) swap=1.1/2.9GB (39%) cpu=66% browser_rss=0.63GB
  [capture-loop] iter=500 t=63.0s state={'complete': False, 'error': None, 'executedCount': 6, 'wsState': 1} eval_ms=5 ram=6.1/16.0GB (38%) swap=1.1/2.9GB (39%) cpu=64% browser_rss=0.63GB
  [capture-loop] iter=550 t=68.9s state={'complete': False, 'error': None, 'executedCount': 6, 'wsState': 1} eval_ms=5 ram=6.0/16.0GB (37%) swap=1.3/2.9GB (44%) cpu=64% browser_rss=0.62GB
  Node executed (7 total), capturing...
  Frame 11 saved (frame_010.jpg, t=72.0s)
  [capture-node] freeze=5ms shot=157ms unfreeze=4ms saved=True
  Frame 12 saved (frame_011.jpg, t=74.3s)
  [capture-periodic] freeze=4ms shot=159ms unfreeze=6ms saved=True
  [capture-loop] iter=600 t=75.2s state={'complete': False, 'error': None, 'executedCount': 7, 'wsState': 1} eval_ms=5 ram=5.9/16.0GB (37%) swap=1.3/2.9GB (44%) cpu=63% browser_rss=0.62GB
  Node executed (8 total), capturing...
  Frame 13 saved (frame_012.jpg, t=77.6s)
  [capture-node] freeze=4ms shot=164ms unfreeze=4ms saved=True
  Node executed (9 total), capturing...
  Frame 14 saved (frame_013.jpg, t=78.2s)
  [capture-node] freeze=5ms shot=166ms unfreeze=21ms saved=True
  Execution complete (t=79.4s)
  Captured 14 unique frames over 79.49s
  [debug] iframes: 2
  [debug]   iframe[0]: src=http://127.0.0.1:8188/extensions/ComfyUI-GeometryPack/viewer_multi.html?v=177821, canvas=368x195, rafFrozen=False
  [debug]   iframe[1]: src=http://127.0.0.1:8188/extensions/ComfyUI-GeometryPack/viewer_multi.html?v=177821, canvas=368x195, rafFrozen=False
  [timing] trigger_3d_previews: 0.0s
  Saved high-quality screenshot: sharpen_all_executed.png
  [timing] final_screenshot: 0.3s
    Captured 15 video frames