Capturing execution frames: sharpen.json
  Frame 1 saved (frame_000.jpg, t=0.0s)
  Validating workflow...
  Queuing workflow for execution...
  Frame 2 saved (frame_001.jpg, t=2.2s)
  [capture-periodic] freeze=5ms shot=106ms unfreeze=5ms saved=True
  Frame 3 saved (frame_002.jpg, t=4.4s)
  [capture-periodic] freeze=5ms shot=114ms unfreeze=7ms saved=True
  [capture-loop] iter=50 t=5.9s state={'complete': False, 'error': None, 'executedCount': 0, 'wsState': 1} eval_ms=5 ram=5.6/16.0GB (35%) swap=0.7/2.9GB (26%) cpu=55% browser_rss=0.71GB
  Node executed (1 total), capturing...
  Frame 4 saved (frame_003.jpg, t=6.2s)
  [capture-node] freeze=5ms shot=103ms unfreeze=5ms saved=True
  Node executed (2 total), capturing...
  Frame 5 saved (frame_004.jpg, t=7.0s)
  [capture-node] freeze=5ms shot=182ms unfreeze=0ms saved=True
  Execution complete (t=7.0s)
  Captured 5 unique frames over 7.7s
  [debug] iframes: 1
  [debug]   iframe[0]: src=http://127.0.0.1:8188/extensions/ComfyUI-GeometryPack/viewer_multi.html?v=177821, canvas=244x393, rafFrozen=True
  [timing] trigger_3d_previews: 0.0s
  Saved high-quality screenshot: sharpen_executed.png
  [timing] final_screenshot: 0.2s
    Captured 6 video frames