Capturing execution frames: side_by_side_viewer.json
  Frame 1 saved (frame_000.jpg, t=0.0s)
  Validating workflow...
  Queuing workflow for execution...
  [ComfyUI] === /validate endpoint called ===
  [ComfyUI] === /validate endpoint called ===
  [ComfyUI] === /validate endpoint called ===
  [ComfyUI] Received JSON with keys: ['prompt']
  [ComfyUI] Received JSON with keys: ['prompt']
  [ComfyUI] Received JSON with keys: ['prompt']
  [ComfyUI] Prompt has 3 nodes
  [ComfyUI] Prompt has 3 nodes
  [ComfyUI] Prompt has 3 nodes
  [ComfyUI]   Node 1: GeomPackCreatePrimitive
  [ComfyUI]   Node 1: GeomPackCreatePrimitive
  [ComfyUI]   Node 1: GeomPackCreatePrimitive
  [ComfyUI]     Inputs: {"shape": "cube", "size": 2, "subdivisions": 1}
  [ComfyUI]     Inputs: {"shape": "cube", "size": 2, "subdivisions": 1}
  [ComfyUI]     Inputs: {"shape": "cube", "size": 2, "subdivisions": 1}
  [ComfyUI]   Node 2: GeomPackCreatePrimitive
  [ComfyUI]   Node 2: GeomPackCreatePrimitive
  [ComfyUI]   Node 2: GeomPackCreatePrimitive
  [ComfyUI]     Inputs: {"shape": "sphere", "size": 2.5, "subdivisions": 2}
  [ComfyUI]     Inputs: {"shape": "sphere", "size": 2.5, "subdivisions": 2}
  [ComfyUI]     Inputs: {"shape": "sphere", "size": 2.5, "subdivisions": 2}
  [ComfyUI]   Node 7: GeomPackPreviewMeshDual
  [ComfyUI]   Node 7: GeomPackPreviewMeshDual
  [ComfyUI]   Node 7: GeomPackPreviewMeshDual
  [ComfyUI]     Inputs: {"layout": "side_by_side", "mode": "fields", "opacity_1": 1, "opacity_2": 1, "preview_dual": "{\"show_edges\":true,\"camera_state\":\"\",\"selected_field\":\"\",\"selected_channel\":\"magnitude\",\"se
  [ComfyUI]     Inputs: {"layout": "side_by_side", "mode": "fields", "opacity_1": 1, "opacity_2": 1, "preview_dual": "{\"show_edges\":true,\"camera_state\":\"\",\"selected_field\":\"\",\"selected_channel\":\"magnitude\",\"se
  [ComfyUI]     Inputs: {"layout": "side_by_side", "mode": "fields", "opacity_1": 1, "opacity_2": 1, "preview_dual": "{\"show_edges\":true,\"camera_state\":\"\",\"selected_field\":\"\",\"selected_channel\":\"magnitude\",\"se
  [ComfyUI] Generated prompt_id: 543a1541-aea2-42dc-afa9-233afaa55663
  [ComfyUI] Generated prompt_id: 543a1541-aea2-42dc-afa9-233afaa55663
  [ComfyUI] Generated prompt_id: 543a1541-aea2-42dc-afa9-233afaa55663
  [ComfyUI] Calling execution.validate_prompt()...
  [ComfyUI] Calling execution.validate_prompt()...
  [ComfyUI] Calling execution.validate_prompt()...
  [ComfyUI] Validation result: valid=True
  [ComfyUI] Validation result: valid=True
  [ComfyUI] Validation result: valid=True
  [ComfyUI] === Validation PASSED ===
  [ComfyUI] === Validation PASSED ===
  [ComfyUI] === Validation PASSED ===
  [ComfyUI] got prompt
  [ComfyUI] got prompt
  [ComfyUI] got prompt
  [ComfyUI] [comfy-env] Running GeomPackCreatePrimitive: shape: 'sphere', size: 2.5, subdivisions: 2
  [ComfyUI] [comfy-env] Running GeomPackCreatePrimitive: shape: 'sphere', size: 2.5, subdivisions: 2
  [ComfyUI] [comfy-env] Running GeomPackCreatePrimitive: shape: 'sphere', size: 2.5, subdivisions: 2
  [ComfyUI] [SubprocessWorker] call_method: nodes.primitives.create_primitive.CreatePrimitive.EXECUTE_NORMALIZED
  [ComfyUI] [SubprocessWorker] call_method: nodes.primitives.create_primitive.CreatePrimitive.EXECUTE_NORMALIZED
  [ComfyUI] [SubprocessWorker] call_method: nodes.primitives.create_primitive.CreatePrimitive.EXECUTE_NORMALIZED
  [ComfyUI] [SubprocessWorker] acquired lock, ensuring started...
  [ComfyUI] [SubprocessWorker] acquired lock, ensuring started...
  [ComfyUI] [SubprocessWorker] acquired lock, ensuring started...
  [ComfyUI] [ComfyUI-GeometryPack] Health check: ping (timeout=5.0s)...
  [ComfyUI] [ComfyUI-GeometryPack] Health check: ping (timeout=5.0s)...
  [ComfyUI] [ComfyUI-GeometryPack] Health check: ping (timeout=5.0s)...
  [ComfyUI] [ComfyUI-GeometryPack] Health check: failed
  [ComfyUI] [ComfyUI-GeometryPack] Health check: failed
  [ComfyUI] [ComfyUI-GeometryPack] Health check: failed
  [ComfyUI] [ComfyUI-GeometryPack] Socket unhealthy, restarting worker...
  [ComfyUI] [ComfyUI-GeometryPack] Socket unhealthy, restarting worker...
  [ComfyUI] [ComfyUI-GeometryPack] Socket unhealthy, restarting worker...
  [ComfyUI] [comfy-env] geometrypack-nodes: Library/bin has 613 DLLs
  [ComfyUI] [comfy-env] geometrypack-nodes: Library/bin has 613 DLLs
  [ComfyUI] [comfy-env] geometrypack-nodes: Library/bin has 613 DLLs
  [ComfyUI] [ComfyUI-GeometryPack] python: C:\Users\stduser\AppData\Local\Programs\comfy-env\.pixi\envs\geometrypack-nodes\python.exe
  [ComfyUI] [ComfyUI-GeometryPack] python: C:\Users\stduser\AppData\Local\Programs\comfy-env\.pixi\envs\geometrypack-nodes\python.exe
  [ComfyUI] [ComfyUI-GeometryPack] python: C:\Users\stduser\AppData\Local\Programs\comfy-env\.pixi\envs\geometrypack-nodes\python.exe
  [ComfyUI] [ComfyUI-GeometryPack] sys_path sent to worker: ['D:\\a\\comfy-gpu-ci\\comfy-gpu-ci\\test_workspaces\\GeometryPack-1002\\portable-comfyui\\ComfyUI_windows_portable\\ComfyUI', 'D:\\a\\comfy-gpu-ci\\comfy-gpu-ci\\test_workspaces\\GeometryPack-1002\\portable-comfyui\\ComfyUI_windows_portable\\ComfyUI\\custom_nodes\\ComfyUI-GeometryPack', 'C:\\Users\\stduser\\AppData\\Local\\Programs\\comfy-env\\.pixi\\envs\\geometrypack-nodes\\Lib\\site-packages', 'D:\\a\\comfy-gpu-ci\\comfy-gpu-ci\\test_workspaces\\GeometryPack-1002\\portable-comfyui\\ComfyUI_windows_portable\\ComfyUI\\custom_nodes\\ComfyUI-GeometryPack']
  [ComfyUI] [ComfyUI-GeometryPack] sys_path sent to worker: ['D:\\a\\comfy-gpu-ci\\comfy-gpu-ci\\test_workspaces\\GeometryPack-1002\\portable-comfyui\\ComfyUI_windows_portable\\ComfyUI', 'D:\\a\\comfy-gpu-ci\\comfy-gpu-ci\\test_workspaces\\GeometryPack-1002\\portable-comfyui\\ComfyUI_windows_portable\\ComfyUI\\custom_nodes\\ComfyUI-GeometryPack', 'C:\\Users\\stduser\\AppData\\Local\\Programs\\comfy-env\\.pixi\\envs\\geometrypack-nodes\\Lib\\site-packages', 'D:\\a\\comfy-gpu-ci\\comfy-gpu-ci\\test_workspaces\\GeometryPack-1002\\portable-comfyui\\ComfyUI_windows_portable\\ComfyUI\\custom_nodes\\ComfyUI-GeometryPack']
  [ComfyUI] [ComfyUI-GeometryPack] sys_path sent to worker: ['D:\\a\\comfy-gpu-ci\\comfy-gpu-ci\\test_workspaces\\GeometryPack-1002\\portable-comfyui\\ComfyUI_windows_portable\\ComfyUI', 'D:\\a\\comfy-gpu-ci\\comfy-gpu-ci\\test_workspaces\\GeometryPack-1002\\portable-comfyui\\ComfyUI_windows_portable\\ComfyUI\\custom_nodes\\ComfyUI-GeometryPack', 'C:\\Users\\stduser\\AppData\\Local\\Programs\\comfy-env\\.pixi\\envs\\geometrypack-nodes\\Lib\\site-packages', 'D:\\a\\comfy-gpu-ci\\comfy-gpu-ci\\test_workspaces\\GeometryPack-1002\\portable-comfyui\\ComfyUI_windows_portable\\ComfyUI\\custom_nodes\\ComfyUI-GeometryPack']
  [ComfyUI] [SubprocessWorker] is_pixi=True, python=C:\Users\stduser\AppData\Local\Programs\comfy-env\.pixi\envs\geometrypack-nodes\python.exe
  [ComfyUI] [SubprocessWorker] is_pixi=True, python=C:\Users\stduser\AppData\Local\Programs\comfy-env\.pixi\envs\geometrypack-nodes\python.exe
  [ComfyUI] [SubprocessWorker] is_pixi=True, python=C:\Users\stduser\AppData\Local\Programs\comfy-env\.pixi\envs\geometrypack-nodes\python.exe
  [ComfyUI] [SubprocessWorker] launching cmd=['C:\\Users\\stduser\\.pixi\\bin\\pixi.exe', 'run', '--as-is', '--manifest-path', 'C:\\Users\\stduser\\AppData\\Local\\Programs\\comfy-env\\pixi.toml', '-e', 'geometrypack-nodes', 'python', 'C:\\Users\\stduser\\AppData\\Local\\Temp\\comfyui_pvenv_hyjqyn9e\\persistent_worker.py', 'tcp://127.0.0.1:59947']...
  [ComfyUI] [SubprocessWorker] launching cmd=['C:\\Users\\stduser\\.pixi\\bin\\pixi.exe', 'run', '--as-is', '--manifest-path', 'C:\\Users\\stduser\\AppData\\Local\\Programs\\comfy-env\\pixi.toml', '-e', 'geometrypack-nodes', 'python', 'C:\\Users\\stduser\\AppData\\Local\\Temp\\comfyui_pvenv_hyjqyn9e\\persistent_worker.py', 'tcp://127.0.0.1:59947']...
  [ComfyUI] [SubprocessWorker] launching cmd=['C:\\Users\\stduser\\.pixi\\bin\\pixi.exe', 'run', '--as-is', '--manifest-path', 'C:\\Users\\stduser\\AppData\\Local\\Programs\\comfy-env\\pixi.toml', '-e', 'geometrypack-nodes', 'python', 'C:\\Users\\stduser\\AppData\\Local\\Temp\\comfyui_pvenv_hyjqyn9e\\persistent_worker.py', 'tcp://127.0.0.1:59947']...
  Frame 2 saved (frame_001.jpg, t=2.2s)
  [capture-periodic] freeze=3ms shot=108ms unfreeze=5ms saved=True
  [ComfyUI] C:\Users\stduser\AppData\Local\Programs\comfy-env\.pixi\envs\geometrypack-nodes\Lib\site-packages\torch\cuda\__init__.py:180: UserWarning: cudaGetDeviceCount() returned cudaErrorNotSupported, likely using older driver or on CPU machine (Triggered internally at C:\actions-runner\_work\pytorch\pytorch\pytorch\c10\cuda\CUDAFunctions.cpp:88.)
  [ComfyUI] C:\Users\stduser\AppData\Local\Programs\comfy-env\.pixi\envs\geometrypack-nodes\Lib\site-packages\torch\cuda\__init__.py:180: UserWarning: cudaGetDeviceCount() returned cudaErrorNotSupported, likely using older driver or on CPU machine (Triggered internally at C:\actions-runner\_work\pytorch\pytorch\pytorch\c10\cuda\CUDAFunctions.cpp:88.)
  [ComfyUI] C:\Users\stduser\AppData\Local\Programs\comfy-env\.pixi\envs\geometrypack-nodes\Lib\site-packages\torch\cuda\__init__.py:180: UserWarning: cudaGetDeviceCount() returned cudaErrorNotSupported, likely using older driver or on CPU machine (Triggered internally at C:\actions-runner\_work\pytorch\pytorch\pytorch\c10\cuda\CUDAFunctions.cpp:88.)
  [ComfyUI]   return torch._C._cuda_getDeviceCount() > 0
  [ComfyUI]   return torch._C._cuda_getDeviceCount() > 0
  [ComfyUI]   return torch._C._cuda_getDeviceCount() > 0
  [ComfyUI] [worker:ComfyUI-GeometryPack] ERROR: Failed to import comfy_kitchen, Error: No module named 'comfy_kitchen', fp8 and fp4 support will not be available.
  [ComfyUI] [worker:ComfyUI-GeometryPack] ERROR: Failed to import comfy_kitchen, Error: No module named 'comfy_kitchen', fp8 and fp4 support will not be available.
  [ComfyUI] [worker:ComfyUI-GeometryPack] ERROR: Failed to import comfy_kitchen, Error: No module named 'comfy_kitchen', fp8 and fp4 support will not be available.
  [ComfyUI] [SubprocessWorker] worker started/confirmed
  [ComfyUI] [SubprocessWorker] worker started/confirmed
  [ComfyUI] [SubprocessWorker] worker started/confirmed
  [ComfyUI] [SubprocessWorker] serializing kwargs to shm...
  [ComfyUI] [SubprocessWorker] serializing kwargs to shm...
  [ComfyUI] [SubprocessWorker] serializing kwargs to shm...
  [ComfyUI] [SubprocessWorker] created 0 shm blocks
  [ComfyUI] [SubprocessWorker] created 0 shm blocks
  [ComfyUI] [SubprocessWorker] created 0 shm blocks
  [ComfyUI] [SubprocessWorker] sending request via socket...
  [ComfyUI] [SubprocessWorker] sending request via socket...
  [ComfyUI] [SubprocessWorker] sending request via socket...
  [ComfyUI] [SubprocessWorker] call_id=134 sending call_method
  [ComfyUI] [SubprocessWorker] call_id=134 sending call_method
  [ComfyUI] [SubprocessWorker] call_id=134 sending call_method
  [ComfyUI] [worker:ComfyUI-GeometryPack] INFO: Created sphere: 162 vertices, 320 faces
  [ComfyUI] [worker:ComfyUI-GeometryPack] INFO: Created sphere: 162 vertices, 320 faces
  [ComfyUI] [worker:ComfyUI-GeometryPack] INFO: Created sphere: 162 vertices, 320 faces
  [ComfyUI] [SubprocessWorker] got response: ok
  [ComfyUI] [SubprocessWorker] got response: ok
  [ComfyUI] [SubprocessWorker] got response: ok
  [ComfyUI] [comfy-env] GeomPackCreatePrimitive done (4.23s): result: NodeOutput
  [ComfyUI] [comfy-env] GeomPackCreatePrimitive done (4.23s): result: NodeOutput
  [ComfyUI] [comfy-env] GeomPackCreatePrimitive done (4.23s): result: NodeOutput
  [ComfyUI] [comfy-env] Running GeomPackCreatePrimitive: shape: 'cube', size: 2.0, subdivisions: 1
  [ComfyUI] [comfy-env] Running GeomPackCreatePrimitive: shape: 'cube', size: 2.0, subdivisions: 1
  [ComfyUI] [comfy-env] Running GeomPackCreatePrimitive: shape: 'cube', size: 2.0, subdivisions: 1
  [ComfyUI] [SubprocessWorker] call_method: nodes.primitives.create_primitive.CreatePrimitive.EXECUTE_NORMALIZED
  [ComfyUI] [SubprocessWorker] call_method: nodes.primitives.create_primitive.CreatePrimitive.EXECUTE_NORMALIZED
  [ComfyUI] [SubprocessWorker] call_method: nodes.primitives.create_primitive.CreatePrimitive.EXECUTE_NORMALIZED
  [ComfyUI] [SubprocessWorker] acquired lock, ensuring started...
  [ComfyUI] [SubprocessWorker] acquired lock, ensuring started...
  [ComfyUI] [SubprocessWorker] acquired lock, ensuring started...
  [ComfyUI] [ComfyUI-GeometryPack] Health check: ping (timeout=5.0s)...
  [ComfyUI] [ComfyUI-GeometryPack] Health check: ping (timeout=5.0s)...
  [ComfyUI] [ComfyUI-GeometryPack] Health check: ping (timeout=5.0s)...
  [ComfyUI] [ComfyUI-GeometryPack] Health check: ok
  [ComfyUI] [ComfyUI-GeometryPack] Health check: ok
  [ComfyUI] [ComfyUI-GeometryPack] Health check: ok
  [ComfyUI] [SubprocessWorker] worker started/confirmed
  [ComfyUI] [SubprocessWorker] worker started/confirmed
  [ComfyUI] [SubprocessWorker] worker started/confirmed
  [ComfyUI] [SubprocessWorker] serializing kwargs to shm...
  [ComfyUI] [SubprocessWorker] serializing kwargs to shm...
  [ComfyUI] [SubprocessWorker] serializing kwargs to shm...
  [ComfyUI] [SubprocessWorker] created 0 shm blocks
  [ComfyUI] [SubprocessWorker] created 0 shm blocks
  [ComfyUI] [SubprocessWorker] created 0 shm blocks
  [ComfyUI] [SubprocessWorker] sending request via socket...
  [ComfyUI] [SubprocessWorker] sending request via socket...
  [ComfyUI] [SubprocessWorker] sending request via socket...
  [ComfyUI] [SubprocessWorker] call_id=135 sending call_method
  [ComfyUI] [SubprocessWorker] call_id=135 sending call_method
  [ComfyUI] [SubprocessWorker] call_id=135 sending call_method
  [ComfyUI] [worker:ComfyUI-GeometryPack] INFO: Created cube: 8 vertices, 12 faces
  [ComfyUI] [worker:ComfyUI-GeometryPack] INFO: Created cube: 8 vertices, 12 faces
  [ComfyUI] [worker:ComfyUI-GeometryPack] INFO: Created cube: 8 vertices, 12 faces
  [ComfyUI] [SubprocessWorker] got response: ok
  [ComfyUI] [SubprocessWorker] got response: ok
  [ComfyUI] [SubprocessWorker] got response: ok
  [ComfyUI] [comfy-env] GeomPackCreatePrimitive done (0.06s): result: NodeOutput
  [ComfyUI] [comfy-env] GeomPackCreatePrimitive done (0.06s): result: NodeOutput
  [ComfyUI] [comfy-env] GeomPackCreatePrimitive done (0.06s): result: NodeOutput
  [ComfyUI] [comfy-env] Running GeomPackPreviewMeshDual: layout: 'side_by_side', mode: 'fields', opacity_1: 1.0, opacity_2: 1.0, mesh_1: Trimesh, mesh_2: Trimesh
  [ComfyUI] [comfy-env] Running GeomPackPreviewMeshDual: layout: 'side_by_side', mode: 'fields', opacity_1: 1.0, opacity_2: 1.0, mesh_1: Trimesh, mesh_2: Trimesh
  [ComfyUI] [comfy-env] Running GeomPackPreviewMeshDual: layout: 'side_by_side', mode: 'fields', opacity_1: 1.0, opacity_2: 1.0, mesh_1: Trimesh, mesh_2: Trimesh
  [ComfyUI] [SubprocessWorker] call_method: nodes.visualization.preview_mesh_dual.PreviewMeshDualNode.EXECUTE_NORMALIZED
  [ComfyUI] [SubprocessWorker] call_method: nodes.visualization.preview_mesh_dual.PreviewMeshDualNode.EXECUTE_NORMALIZED
  [ComfyUI] [SubprocessWorker] call_method: nodes.visualization.preview_mesh_dual.PreviewMeshDualNode.EXECUTE_NORMALIZED
  [ComfyUI] [SubprocessWorker] acquired lock, ensuring started...
  [ComfyUI] [SubprocessWorker] acquired lock, ensuring started...
  [ComfyUI] [SubprocessWorker] acquired lock, ensuring started...
  [ComfyUI] [ComfyUI-GeometryPack] Health check: ping (timeout=5.0s)...
  [ComfyUI] [ComfyUI-GeometryPack] Health check: ping (timeout=5.0s)...
  [ComfyUI] [ComfyUI-GeometryPack] Health check: ping (timeout=5.0s)...
  [ComfyUI] [ComfyUI-GeometryPack] Health check: ok
  [ComfyUI] [ComfyUI-GeometryPack] Health check: ok
  [ComfyUI] [ComfyUI-GeometryPack] Health check: ok
  [ComfyUI] [SubprocessWorker] worker started/confirmed
  [ComfyUI] [SubprocessWorker] worker started/confirmed
  [ComfyUI] [SubprocessWorker] worker started/confirmed
  [ComfyUI] [SubprocessWorker] serializing kwargs to shm...
  [ComfyUI] [SubprocessWorker] serializing kwargs to shm...
  [ComfyUI] [SubprocessWorker] serializing kwargs to shm...
  [ComfyUI] [SubprocessWorker] created 2 shm blocks
  [ComfyUI] [SubprocessWorker] created 2 shm blocks
  [ComfyUI] [SubprocessWorker] created 2 shm blocks
  [ComfyUI] [SubprocessWorker] sending request via socket...
  [ComfyUI] [SubprocessWorker] sending request via socket...
  [ComfyUI] [SubprocessWorker] sending request via socket...
  [ComfyUI] [SubprocessWorker] call_id=136 sending call_method
  [ComfyUI] [SubprocessWorker] call_id=136 sending call_method
  [ComfyUI] [SubprocessWorker] call_id=136 sending call_method
  [ComfyUI] [worker:ComfyUI-GeometryPack] INFO: Layout: side_by_side, Mode: fields
  [ComfyUI] [worker:ComfyUI-GeometryPack] INFO: Layout: side_by_side, Mode: fields
  [ComfyUI] [worker:ComfyUI-GeometryPack] INFO: Layout: side_by_side, Mode: fields
  [ComfyUI] [worker:ComfyUI-GeometryPack] INFO: Mesh 1: Mesh - 8 vertices, 12 faces
  [ComfyUI] [worker:ComfyUI-GeometryPack] INFO: Mesh 1: Mesh - 8 vertices, 12 faces
  [ComfyUI] [worker:ComfyUI-GeometryPack] INFO: Mesh 1: Mesh - 8 vertices, 12 faces
  [ComfyUI] [worker:ComfyUI-GeometryPack] INFO: Mesh 2: Mesh - 162 vertices, 320 faces
  [ComfyUI] [worker:ComfyUI-GeometryPack] INFO: Mesh 2: Mesh - 162 vertices, 320 faces
  [ComfyUI] [worker:ComfyUI-GeometryPack] INFO: Mesh 2: Mesh - 162 vertices, 320 faces
  [ComfyUI] [worker:ComfyUI-GeometryPack] INFO: Mesh 1 fields: []
  [ComfyUI] [worker:ComfyUI-GeometryPack] INFO: Mesh 1 fields: []
  [ComfyUI] [worker:ComfyUI-GeometryPack] INFO: Mesh 1 fields: []
  [ComfyUI] [worker:ComfyUI-GeometryPack] INFO: Mesh 2 fields: []
  [ComfyUI] [worker:ComfyUI-GeometryPack] INFO: Mesh 2 fields: []
  [ComfyUI] [worker:ComfyUI-GeometryPack] INFO: Mesh 2 fields: []
  [ComfyUI] [worker:ComfyUI-GeometryPack] INFO: Common fields: []
  [ComfyUI] [worker:ComfyUI-GeometryPack] INFO: Common fields: []
  [ComfyUI] [worker:ComfyUI-GeometryPack] INFO: Common fields: []
  [ComfyUI] [worker:ComfyUI-GeometryPack] INFO: Mesh 1 visual: kind=None, texture=False, vertex_colors=False
  [ComfyUI] [worker:ComfyUI-GeometryPack] INFO: Mesh 1 visual: kind=None, texture=False, vertex_colors=False
  [ComfyUI] [worker:ComfyUI-GeometryPack] INFO: Mesh 1 visual: kind=None, texture=False, vertex_colors=False
  [ComfyUI] [worker:ComfyUI-GeometryPack] INFO: Mesh 2 visual: kind=None, texture=False, vertex_colors=False
  [ComfyUI] [worker:ComfyUI-GeometryPack] INFO: Mesh 2 visual: kind=None, texture=False, vertex_colors=False
  [ComfyUI] [worker:ComfyUI-GeometryPack] INFO: Mesh 2 visual: kind=None, texture=False, vertex_colors=False
  [ComfyUI] [worker:ComfyUI-GeometryPack] INFO: Exported STL: D:\a\comfy-gpu-ci\comfy-gpu-ci\test_workspaces\GeometryPack-1002\portable-comfyui\ComfyUI_windows_portable\ComfyUI\output\preview_dual_1_5bf066c9.stl
  [ComfyUI] [worker:ComfyUI-GeometryPack] INFO: Exported STL: D:\a\comfy-gpu-ci\comfy-gpu-ci\test_workspaces\GeometryPack-1002\portable-comfyui\ComfyUI_windows_portable\ComfyUI\output\preview_dual_1_5bf066c9.stl
  [ComfyUI] [worker:ComfyUI-GeometryPack] INFO: Exported STL: D:\a\comfy-gpu-ci\comfy-gpu-ci\test_workspaces\GeometryPack-1002\portable-comfyui\ComfyUI_windows_portable\ComfyUI\output\preview_dual_1_5bf066c9.stl
  [ComfyUI] [worker:ComfyUI-GeometryPack] INFO: Exported STL: D:\a\comfy-gpu-ci\comfy-gpu-ci\test_workspaces\GeometryPack-1002\portable-comfyui\ComfyUI_windows_portable\ComfyUI\output\preview_dual_2_5bf066c9.stl
  [ComfyUI] [worker:ComfyUI-GeometryPack] INFO: Exported STL: D:\a\comfy-gpu-ci\comfy-gpu-ci\test_workspaces\GeometryPack-1002\portable-comfyui\ComfyUI_windows_portable\ComfyUI\output\preview_dual_2_5bf066c9.stl
  [ComfyUI] [worker:ComfyUI-GeometryPack] INFO: Exported STL: D:\a\comfy-gpu-ci\comfy-gpu-ci\test_workspaces\GeometryPack-1002\portable-comfyui\ComfyUI_windows_portable\ComfyUI\output\preview_dual_2_5bf066c9.stl
  [ComfyUI] [worker:ComfyUI-GeometryPack] INFO: Preview ready
  [ComfyUI] [worker:ComfyUI-GeometryPack] INFO: Preview ready
  [ComfyUI] [worker:ComfyUI-GeometryPack] INFO: Preview ready
  [ComfyUI] [SubprocessWorker] got response: ok
  [ComfyUI] [SubprocessWorker] got response: ok
  [ComfyUI] [SubprocessWorker] got response: ok
  [ComfyUI] [comfy-env] GeomPackPreviewMeshDual done (0.13s): result: NodeOutput
  [ComfyUI] [comfy-env] GeomPackPreviewMeshDual done (0.13s): result: NodeOutput
  [ComfyUI] [comfy-env] GeomPackPreviewMeshDual done (0.13s): result: NodeOutput
  [ComfyUI] Prompt executed in 4.42 seconds
  [ComfyUI] Prompt executed in 4.42 seconds
  [ComfyUI] Prompt executed in 4.42 seconds
  Frame 3 saved (frame_002.jpg, t=4.5s)
  [capture-periodic] freeze=4ms shot=146ms unfreeze=14ms saved=True
  Node executed (1 total), capturing...
  Frame 4 saved (frame_003.jpg, t=4.9s)
  [capture-node] freeze=5ms shot=145ms unfreeze=6ms saved=True
  Execution complete (t=5.2s)
  Captured 4 unique frames over 5.26s
  [debug] iframes: 1
  [debug]   iframe[0]: src=http://127.0.0.1:41892/extensions/ComfyUI-GeometryPack/viewer_dual.html?v=177918, canvas=370x485, rafFrozen=False
  [timing] trigger_3d_previews: 0.0s
  Saved high-quality screenshot: side_by_side_viewer_executed.png
  [timing] final_screenshot: 0.2s
    Captured 5 video frames