Capturing execution frames: skeleton_all.json
  Frame 1 saved (frame_000.jpg, t=0.0s)
  Validating workflow...
  Queuing workflow for execution...
  Frame 2 saved (frame_001.jpg, t=2.3s)
  [capture-periodic] freeze=3ms shot=135ms unfreeze=9ms saved=True
  Frame 3 saved (frame_002.jpg, t=4.5s)
  [capture-periodic] freeze=4ms shot=125ms unfreeze=7ms saved=True
  [capture-loop] iter=50 t=6.1s state={'complete': False, 'error': None, 'executedCount': 0, 'wsState': 1} eval_ms=5 ram=5.8/16.0GB (36%) swap=1.3/2.9GB (45%) cpu=59% browser_rss=0.65GB
  Frame 4 saved (frame_003.jpg, t=6.7s)
  [capture-periodic] freeze=5ms shot=131ms unfreeze=7ms saved=True
  Frame 5 saved (frame_004.jpg, t=9.0s)
  [capture-periodic] freeze=4ms shot=122ms unfreeze=5ms saved=True
  Frame 6 saved (frame_005.jpg, t=11.2s)
  [capture-periodic] freeze=4ms shot=870ms unfreeze=88ms saved=True
  Node executed (1 total), capturing...
  Frame 7 saved (frame_006.jpg, t=12.6s)
  [capture-node] freeze=5ms shot=129ms unfreeze=4ms saved=True
  Node executed (2 total), capturing...
  Frame 8 saved (frame_007.jpg, t=13.1s)
  [capture-node] freeze=5ms shot=222ms unfreeze=0ms saved=True
  Execution complete (t=13.1s)
  Captured 8 unique frames over 13.48s
  [debug] iframes: 2
  [debug]   iframe[0]: src=http://127.0.0.1:8188/extensions/ComfyUI-GeometryPack/viewer_multi.html?v=177821, canvas=368x393, rafFrozen=True
  [debug]   iframe[1]: src=http://127.0.0.1:8188/extensions/ComfyUI-GeometryPack/viewer_multi.html?v=177821, canvas=368x195, rafFrozen=True
  [timing] trigger_3d_previews: 0.0s
  Saved high-quality screenshot: skeleton_all_executed.png
  [timing] final_screenshot: 0.2s
    Captured 9 video frames