Capturing execution frames: skeleton_extraction.json
  Frame 1 saved (frame_000.jpg, t=0.0s)
  Validating workflow...
  Queuing workflow for execution...
  Frame 2 saved (frame_001.jpg, t=2.3s)
  [capture-periodic] freeze=4ms shot=101ms unfreeze=5ms saved=True
  Frame 3 saved (frame_002.jpg, t=4.5s)
  [capture-periodic] freeze=3ms shot=91ms unfreeze=7ms saved=True
  [capture-loop] iter=50 t=5.8s state={'complete': False, 'error': None, 'executedCount': 0, 'wsState': 1} eval_ms=5 ram=5.6/16.0GB (35%) swap=0.7/2.9GB (26%) cpu=37% browser_rss=0.62GB
  Node executed (1 total), capturing...
  Frame 4 saved (frame_003.jpg, t=8.0s)
  [capture-node] freeze=4ms shot=91ms unfreeze=0ms saved=True
  Execution complete (t=8.0s)
  Captured 4 unique frames over 8.11s
  [debug] iframes: 1
  [debug]   iframe[0]: src=http://127.0.0.1:8188/extensions/ComfyUI-GeometryPack/viewer_dual.html?v=1778212, canvas=0x0, rafFrozen=False
  [timing] trigger_3d_previews: 0.0s
  Saved high-quality screenshot: skeleton_extraction_executed.png
  [timing] final_screenshot: 0.2s
    Captured 5 video frames