Capturing execution frames: smooth_all.json
  Frame 1 saved (frame_000.jpg, t=0.0s)
  Validating workflow...
  [ComfyUI] === /validate endpoint called ===
  [ComfyUI] === /validate endpoint called ===
  [ComfyUI] === /validate endpoint called ===
  [ComfyUI] Received JSON with keys: ['prompt']
  [ComfyUI] Received JSON with keys: ['prompt']
  [ComfyUI] Received JSON with keys: ['prompt']
  [ComfyUI] Prompt has 8 nodes
  [ComfyUI] Prompt has 8 nodes
  [ComfyUI] Prompt has 8 nodes
  [ComfyUI]   Node 1: GeomPackLoadMesh
  [ComfyUI]   Node 1: GeomPackLoadMesh
  [ComfyUI]   Node 1: GeomPackLoadMesh
  [ComfyUI]     Inputs: {"file_path": "3d/cow.off"}
  [ComfyUI]     Inputs: {"file_path": "3d/cow.off"}
  [ComfyUI]     Inputs: {"file_path": "3d/cow.off"}
  [ComfyUI]   Node 2: GeomPackSmoothMesh
  [ComfyUI]   Node 2: GeomPackSmoothMesh
  [ComfyUI]   Node 2: GeomPackSmoothMesh
  Queuing workflow for execution...
  [ComfyUI]     Inputs: {"backend": "taubin", "backend.iterations": 5, "backend.lambda_": 0.5, "backend.mu": -0.53, "trimesh": ["1", 0]}
  [ComfyUI]     Inputs: {"backend": "taubin", "backend.iterations": 5, "backend.lambda_": 0.5, "backend.mu": -0.53, "trimesh": ["1", 0]}
  [ComfyUI]     Inputs: {"backend": "taubin", "backend.iterations": 5, "backend.lambda_": 0.5, "backend.mu": -0.53, "trimesh": ["1", 0]}
  [ComfyUI]   Node 3: GeomPackSmoothMesh
  [ComfyUI]   Node 3: GeomPackSmoothMesh
  [ComfyUI]   Node 3: GeomPackSmoothMesh
  [ComfyUI]     Inputs: {"backend": "laplacian", "backend.iterations": 5, "backend.cotangent_weight": "true", "trimesh": ["1", 0]}
  [ComfyUI]     Inputs: {"backend": "laplacian", "backend.iterations": 5, "backend.cotangent_weight": "true", "trimesh": ["1", 0]}
  [ComfyUI]     Inputs: {"backend": "laplacian", "backend.iterations": 5, "backend.cotangent_weight": "true", "trimesh": ["1", 0]}
  [ComfyUI]   Node 4: GeomPackSmoothMesh
  [ComfyUI]   Node 4: GeomPackSmoothMesh
  [ComfyUI]   Node 4: GeomPackSmoothMesh
  [ComfyUI]     Inputs: {"backend": "hc_laplacian", "trimesh": ["1", 0]}
  [ComfyUI]     Inputs: {"backend": "hc_laplacian", "trimesh": ["1", 0]}
  [ComfyUI]     Inputs: {"backend": "hc_laplacian", "trimesh": ["1", 0]}
  [ComfyUI]   Node 5: GeomPackSmoothMesh
  [ComfyUI]   Node 5: GeomPackSmoothMesh
  [ComfyUI]   Node 5: GeomPackSmoothMesh
  [ComfyUI]     Inputs: {"backend": "trimesh_laplacian", "backend.iterations": 7, "backend.lambda_": 0.5, "trimesh": ["1", 0]}
  [ComfyUI]     Inputs: {"backend": "trimesh_laplacian", "backend.iterations": 7, "backend.lambda_": 0.5, "trimesh": ["1", 0]}
  [ComfyUI]     Inputs: {"backend": "trimesh_laplacian", "backend.iterations": 7, "backend.lambda_": 0.5, "trimesh": ["1", 0]}
  [ComfyUI]   Node 6: GeomPackSmoothMesh
  [ComfyUI]   Node 6: GeomPackSmoothMesh
  [ComfyUI]   Node 6: GeomPackSmoothMesh
  [ComfyUI]     Inputs: {"backend": "trimesh_taubin", "backend.iterations": 10, "backend.lambda_": 0.6, "backend.mu": -0.53, "trimesh": ["1", 0]}
  [ComfyUI]     Inputs: {"backend": "trimesh_taubin", "backend.iterations": 10, "backend.lambda_": 0.6, "backend.mu": -0.53, "trimesh": ["1", 0]}
  [ComfyUI]     Inputs: {"backend": "trimesh_taubin", "backend.iterations": 10, "backend.lambda_": 0.6, "backend.mu": -0.53, "trimesh": ["1", 0]}
  [ComfyUI]   Node 8: GeomPackPreviewMeshMulti
  [ComfyUI]   Node 8: GeomPackPreviewMeshMulti
  [ComfyUI]   Node 8: GeomPackPreviewMeshMulti
  [ComfyUI]     Inputs: {"mode": "fields", "preview_multi": "{\"show_edges\":true,\"camera_state\":\"{\\\"position\\\":[-0.8124876310583045,0.33787129680966865,-2.241461606161383],\\\"focalPoint\\\":[0,-0.0000846534967422485
  [ComfyUI]     Inputs: {"mode": "fields", "preview_multi": "{\"show_edges\":true,\"camera_state\":\"{\\\"position\\\":[-0.8124876310583045,0.33787129680966865,-2.241461606161383],\\\"focalPoint\\\":[0,-0.0000846534967422485
  [ComfyUI]     Inputs: {"mode": "fields", "preview_multi": "{\"show_edges\":true,\"camera_state\":\"{\\\"position\\\":[-0.8124876310583045,0.33787129680966865,-2.241461606161383],\\\"focalPoint\\\":[0,-0.0000846534967422485
  [ComfyUI]   Node 9: GeomPackPreviewMeshMulti
  [ComfyUI]   Node 9: GeomPackPreviewMeshMulti
  [ComfyUI]   Node 9: GeomPackPreviewMeshMulti
  [ComfyUI]     Inputs: {"mode": "fields", "preview_multi": "{\"show_edges\":true,\"camera_state\":\"{\\\"position\\\":[-0.8124876310583045,0.33787129680966865,-2.241461606161383],\\\"focalPoint\\\":[0,-0.0000846534967422485
  [ComfyUI]     Inputs: {"mode": "fields", "preview_multi": "{\"show_edges\":true,\"camera_state\":\"{\\\"position\\\":[-0.8124876310583045,0.33787129680966865,-2.241461606161383],\\\"focalPoint\\\":[0,-0.0000846534967422485
  [ComfyUI]     Inputs: {"mode": "fields", "preview_multi": "{\"show_edges\":true,\"camera_state\":\"{\\\"position\\\":[-0.8124876310583045,0.33787129680966865,-2.241461606161383],\\\"focalPoint\\\":[0,-0.0000846534967422485
  [ComfyUI] Generated prompt_id: 86ef288a-d995-4dfe-b694-587714ecee4c
  [ComfyUI] Generated prompt_id: 86ef288a-d995-4dfe-b694-587714ecee4c
  [ComfyUI] Generated prompt_id: 86ef288a-d995-4dfe-b694-587714ecee4c
  [ComfyUI] Calling execution.validate_prompt()...
  [ComfyUI] Calling execution.validate_prompt()...
  [ComfyUI] Calling execution.validate_prompt()...
  [ComfyUI] Validation result: valid=True
  [ComfyUI] Validation result: valid=True
  [ComfyUI] Validation result: valid=True
  [ComfyUI] === Validation PASSED ===
  [ComfyUI] === Validation PASSED ===
  [ComfyUI] === Validation PASSED ===
  [ComfyUI] got prompt
  [ComfyUI] got prompt
  [ComfyUI] got prompt
  [ComfyUI] [comfy-env] Running GeomPackLoadMesh: file_path: '3d/cow.off'
  [ComfyUI] [comfy-env] Running GeomPackLoadMesh: file_path: '3d/cow.off'
  [ComfyUI] [comfy-env] Running GeomPackLoadMesh: file_path: '3d/cow.off'
  [ComfyUI] [SubprocessWorker] call_method: nodes.io.load_mesh.LoadMesh.EXECUTE_NORMALIZED
  [ComfyUI] [SubprocessWorker] call_method: nodes.io.load_mesh.LoadMesh.EXECUTE_NORMALIZED
  [ComfyUI] [SubprocessWorker] call_method: nodes.io.load_mesh.LoadMesh.EXECUTE_NORMALIZED
  [ComfyUI] [SubprocessWorker] acquired lock, ensuring started...
  [ComfyUI] [SubprocessWorker] acquired lock, ensuring started...
  [ComfyUI] [SubprocessWorker] acquired lock, ensuring started...
  [ComfyUI] [ComfyUI-GeometryPack] Health check: ping (timeout=5.0s)...
  [ComfyUI] [ComfyUI-GeometryPack] Health check: ping (timeout=5.0s)...
  [ComfyUI] [ComfyUI-GeometryPack] Health check: ping (timeout=5.0s)...
  [ComfyUI] [ComfyUI-GeometryPack] Health check: ok
  [ComfyUI] [ComfyUI-GeometryPack] Health check: ok
  [ComfyUI] [ComfyUI-GeometryPack] Health check: ok
  [ComfyUI] [SubprocessWorker] worker started/confirmed
  [ComfyUI] [SubprocessWorker] worker started/confirmed
  [ComfyUI] [SubprocessWorker] worker started/confirmed
  [ComfyUI] [SubprocessWorker] serializing kwargs to shm...
  [ComfyUI] [SubprocessWorker] serializing kwargs to shm...
  [ComfyUI] [SubprocessWorker] serializing kwargs to shm...
  [ComfyUI] [SubprocessWorker] created 0 shm blocks
  [ComfyUI] [SubprocessWorker] created 0 shm blocks
  [ComfyUI] [SubprocessWorker] created 0 shm blocks
  [ComfyUI] [SubprocessWorker] sending request via socket...
  [ComfyUI] [SubprocessWorker] sending request via socket...
  [ComfyUI] [SubprocessWorker] sending request via socket...
  [ComfyUI] [SubprocessWorker] call_id=161 sending call_method
  [ComfyUI] [SubprocessWorker] call_id=161 sending call_method
  [ComfyUI] [SubprocessWorker] call_id=161 sending call_method
  [ComfyUI] [worker:ComfyUI-GeometryPack] INFO: Found mesh in input folder: 3d/cow.off
  [ComfyUI] [worker:ComfyUI-GeometryPack] INFO: Found mesh in input folder: 3d/cow.off
  [ComfyUI] [worker:ComfyUI-GeometryPack] INFO: Found mesh in input folder: 3d/cow.off
  [ComfyUI] [worker:ComfyUI-GeometryPack] INFO: Loading: D:\a\comfy-gpu-ci\comfy-gpu-ci\test_workspaces\GeometryPack-0031\portable-comfyui\ComfyUI_windows_portable\ComfyUI\input\3d/cow.off
  [ComfyUI] [worker:ComfyUI-GeometryPack] INFO: Loading: D:\a\comfy-gpu-ci\comfy-gpu-ci\test_workspaces\GeometryPack-0031\portable-comfyui\ComfyUI_windows_portable\ComfyUI\input\3d/cow.off
  [ComfyUI] [worker:ComfyUI-GeometryPack] INFO: Loading: D:\a\comfy-gpu-ci\comfy-gpu-ci\test_workspaces\GeometryPack-0031\portable-comfyui\ComfyUI_windows_portable\ComfyUI\input\3d/cow.off
  [ComfyUI] [worker:ComfyUI-GeometryPack] INFO: Initial mesh: 2761 vertices, 5520 faces
  [ComfyUI] [worker:ComfyUI-GeometryPack] INFO: Initial mesh: 2761 vertices, 5520 faces
  [ComfyUI] [worker:ComfyUI-GeometryPack] INFO: Initial mesh: 2761 vertices, 5520 faces
  [ComfyUI] [worker:ComfyUI-GeometryPack] INFO: Successfully loaded: 2761 vertices, 5520 faces
  [ComfyUI] [worker:ComfyUI-GeometryPack] INFO: Successfully loaded: 2761 vertices, 5520 faces
  [ComfyUI] [worker:ComfyUI-GeometryPack] INFO: Successfully loaded: 2761 vertices, 5520 faces
  [ComfyUI] [worker:ComfyUI-GeometryPack] INFO: Loaded: 2761 vertices, 5520 faces
  [ComfyUI] [worker:ComfyUI-GeometryPack] INFO: Loaded: 2761 vertices, 5520 faces
  [ComfyUI] [worker:ComfyUI-GeometryPack] INFO: Loaded: 2761 vertices, 5520 faces
  [ComfyUI] [SubprocessWorker] got response: ok
  [ComfyUI] [SubprocessWorker] got response: ok
  [ComfyUI] [SubprocessWorker] got response: ok
  [ComfyUI] [comfy-env] GeomPackLoadMesh done (0.15s): result: NodeOutput
  [ComfyUI] [comfy-env] GeomPackLoadMesh done (0.15s): result: NodeOutput
  [ComfyUI] [comfy-env] GeomPackLoadMesh done (0.15s): result: NodeOutput
  [ComfyUI] [comfy-env] Running GeomPackSmoothMesh: backend: dict, trimesh: Trimesh
  [ComfyUI] [comfy-env] Running GeomPackSmoothMesh: backend: dict, trimesh: Trimesh
  [ComfyUI] [comfy-env] Running GeomPackSmoothMesh: backend: dict, trimesh: Trimesh
  [ComfyUI] [SubprocessWorker] call_method: nodes.smoothing.smooth.SmoothMeshNode.EXECUTE_NORMALIZED
  [ComfyUI] [SubprocessWorker] call_method: nodes.smoothing.smooth.SmoothMeshNode.EXECUTE_NORMALIZED
  [ComfyUI] [SubprocessWorker] call_method: nodes.smoothing.smooth.SmoothMeshNode.EXECUTE_NORMALIZED
  [ComfyUI] [SubprocessWorker] acquired lock, ensuring started...
  [ComfyUI] [SubprocessWorker] acquired lock, ensuring started...
  [ComfyUI] [SubprocessWorker] acquired lock, ensuring started...
  [ComfyUI] [ComfyUI-GeometryPack] Health check: ping (timeout=5.0s)...
  [ComfyUI] [ComfyUI-GeometryPack] Health check: ping (timeout=5.0s)...
  [ComfyUI] [ComfyUI-GeometryPack] Health check: ping (timeout=5.0s)...
  [ComfyUI] [ComfyUI-GeometryPack] Health check: ok
  [ComfyUI] [ComfyUI-GeometryPack] Health check: ok
  [ComfyUI] [ComfyUI-GeometryPack] Health check: ok
  [ComfyUI] [SubprocessWorker] worker started/confirmed
  [ComfyUI] [SubprocessWorker] worker started/confirmed
  [ComfyUI] [SubprocessWorker] worker started/confirmed
  [ComfyUI] [SubprocessWorker] serializing kwargs to shm...
  [ComfyUI] [SubprocessWorker] serializing kwargs to shm...
  [ComfyUI] [SubprocessWorker] serializing kwargs to shm...
  [ComfyUI] [SubprocessWorker] created 1 shm blocks
  [ComfyUI] [SubprocessWorker] created 1 shm blocks
  [ComfyUI] [SubprocessWorker] created 1 shm blocks
  [ComfyUI] [SubprocessWorker] sending request via socket...
  [ComfyUI] [SubprocessWorker] sending request via socket...
  [ComfyUI] [SubprocessWorker] sending request via socket...
  [ComfyUI] [SubprocessWorker] call_id=162 sending call_method
  [ComfyUI] [SubprocessWorker] call_id=162 sending call_method
  [ComfyUI] [SubprocessWorker] call_id=162 sending call_method
  [ComfyUI] [worker:ComfyUI-GeometryPack] INFO: Smooth dispatch: hc_laplacian -> GeomPackSmooth_HCLaplacian
  [ComfyUI] [worker:ComfyUI-GeometryPack] INFO: Smooth dispatch: hc_laplacian -> GeomPackSmooth_HCLaplacian
  [ComfyUI] [worker:ComfyUI-GeometryPack] INFO: Smooth dispatch: hc_laplacian -> GeomPackSmooth_HCLaplacian
  [ComfyUI] [SubprocessWorker] got response: ok
  [ComfyUI] [SubprocessWorker] got response: ok
  [ComfyUI] [SubprocessWorker] got response: ok
  [ComfyUI] [comfy-env] GeomPackSmoothMesh done (0.10s): result: NodeOutput
  [ComfyUI] [comfy-env] GeomPackSmoothMesh done (0.10s): result: NodeOutput
  [ComfyUI] [comfy-env] GeomPackSmoothMesh done (0.10s): result: NodeOutput
  [ComfyUI] [comfy-env] Running GeomPackSmoothMesh: backend: dict, trimesh: Trimesh
  [ComfyUI] [comfy-env] Running GeomPackSmoothMesh: backend: dict, trimesh: Trimesh
  [ComfyUI] [comfy-env] Running GeomPackSmoothMesh: backend: dict, trimesh: Trimesh
  [ComfyUI] [SubprocessWorker] call_method: nodes.smoothing.smooth.SmoothMeshNode.EXECUTE_NORMALIZED
  [ComfyUI] [SubprocessWorker] call_method: nodes.smoothing.smooth.SmoothMeshNode.EXECUTE_NORMALIZED
  [ComfyUI] [SubprocessWorker] call_method: nodes.smoothing.smooth.SmoothMeshNode.EXECUTE_NORMALIZED
  [ComfyUI] [SubprocessWorker] acquired lock, ensuring started...
  [ComfyUI] [SubprocessWorker] acquired lock, ensuring started...
  [ComfyUI] [SubprocessWorker] acquired lock, ensuring started...
  [ComfyUI] [ComfyUI-GeometryPack] Health check: ping (timeout=5.0s)...
  [ComfyUI] [ComfyUI-GeometryPack] Health check: ping (timeout=5.0s)...
  [ComfyUI] [ComfyUI-GeometryPack] Health check: ping (timeout=5.0s)...
  [ComfyUI] [ComfyUI-GeometryPack] Health check: ok
  [ComfyUI] [ComfyUI-GeometryPack] Health check: ok
  [ComfyUI] [ComfyUI-GeometryPack] Health check: ok
  [ComfyUI] [SubprocessWorker] worker started/confirmed
  [ComfyUI] [SubprocessWorker] worker started/confirmed
  [ComfyUI] [SubprocessWorker] worker started/confirmed
  [ComfyUI] [SubprocessWorker] serializing kwargs to shm...
  [ComfyUI] [SubprocessWorker] serializing kwargs to shm...
  [ComfyUI] [SubprocessWorker] serializing kwargs to shm...
  [ComfyUI] [SubprocessWorker] created 1 shm blocks
  [ComfyUI] [SubprocessWorker] created 1 shm blocks
  [ComfyUI] [SubprocessWorker] created 1 shm blocks
  [ComfyUI] [SubprocessWorker] sending request via socket...
  [ComfyUI] [SubprocessWorker] sending request via socket...
  [ComfyUI] [SubprocessWorker] sending request via socket...
  [ComfyUI] [SubprocessWorker] call_id=163 sending call_method
  [ComfyUI] [SubprocessWorker] call_id=163 sending call_method
  [ComfyUI] [SubprocessWorker] call_id=163 sending call_method
  [ComfyUI] [worker:ComfyUI-GeometryPack] INFO: Smooth dispatch: taubin -> GeomPackSmooth_Taubin
  [ComfyUI] [worker:ComfyUI-GeometryPack] INFO: Smooth dispatch: taubin -> GeomPackSmooth_Taubin
  [ComfyUI] [worker:ComfyUI-GeometryPack] INFO: Smooth dispatch: taubin -> GeomPackSmooth_Taubin
  [ComfyUI] [SubprocessWorker] got response: ok
  [ComfyUI] [SubprocessWorker] got response: ok
  [ComfyUI] [SubprocessWorker] got response: ok
  [ComfyUI] [comfy-env] GeomPackSmoothMesh done (0.10s): result: NodeOutput
  [ComfyUI] [comfy-env] GeomPackSmoothMesh done (0.10s): result: NodeOutput
  [ComfyUI] [comfy-env] GeomPackSmoothMesh done (0.10s): result: NodeOutput
  [ComfyUI] [comfy-env] Running GeomPackSmoothMesh: backend: dict, trimesh: Trimesh
  [ComfyUI] [comfy-env] Running GeomPackSmoothMesh: backend: dict, trimesh: Trimesh
  [ComfyUI] [comfy-env] Running GeomPackSmoothMesh: backend: dict, trimesh: Trimesh
  [ComfyUI] [SubprocessWorker] call_method: nodes.smoothing.smooth.SmoothMeshNode.EXECUTE_NORMALIZED
  [ComfyUI] [SubprocessWorker] call_method: nodes.smoothing.smooth.SmoothMeshNode.EXECUTE_NORMALIZED
  [ComfyUI] [SubprocessWorker] call_method: nodes.smoothing.smooth.SmoothMeshNode.EXECUTE_NORMALIZED
  [ComfyUI] [SubprocessWorker] acquired lock, ensuring started...
  [ComfyUI] [SubprocessWorker] acquired lock, ensuring started...
  [ComfyUI] [SubprocessWorker] acquired lock, ensuring started...
  [ComfyUI] [ComfyUI-GeometryPack] Health check: ping (timeout=5.0s)...
  [ComfyUI] [ComfyUI-GeometryPack] Health check: ping (timeout=5.0s)...
  [ComfyUI] [ComfyUI-GeometryPack] Health check: ping (timeout=5.0s)...
  [ComfyUI] [ComfyUI-GeometryPack] Health check: ok
  [ComfyUI] [ComfyUI-GeometryPack] Health check: ok
  [ComfyUI] [ComfyUI-GeometryPack] Health check: ok
  [ComfyUI] [SubprocessWorker] worker started/confirmed
  [ComfyUI] [SubprocessWorker] worker started/confirmed
  [ComfyUI] [SubprocessWorker] worker started/confirmed
  [ComfyUI] [SubprocessWorker] serializing kwargs to shm...
  [ComfyUI] [SubprocessWorker] serializing kwargs to shm...
  [ComfyUI] [SubprocessWorker] serializing kwargs to shm...
  [ComfyUI] [SubprocessWorker] created 1 shm blocks
  [ComfyUI] [SubprocessWorker] created 1 shm blocks
  [ComfyUI] [SubprocessWorker] created 1 shm blocks
  [ComfyUI] [SubprocessWorker] sending request via socket...
  [ComfyUI] [SubprocessWorker] sending request via socket...
  [ComfyUI] [SubprocessWorker] sending request via socket...
  [ComfyUI] [SubprocessWorker] call_id=164 sending call_method
  [ComfyUI] [SubprocessWorker] call_id=164 sending call_method
  [ComfyUI] [SubprocessWorker] call_id=164 sending call_method
  [ComfyUI] [worker:ComfyUI-GeometryPack] INFO: Smooth dispatch: laplacian -> GeomPackSmooth_Laplacian
  [ComfyUI] [worker:ComfyUI-GeometryPack] INFO: Smooth dispatch: laplacian -> GeomPackSmooth_Laplacian
  [ComfyUI] [worker:ComfyUI-GeometryPack] INFO: Smooth dispatch: laplacian -> GeomPackSmooth_Laplacian
  [ComfyUI] [SubprocessWorker] got response: ok
  [ComfyUI] [SubprocessWorker] got response: ok
  [ComfyUI] [SubprocessWorker] got response: ok
  [ComfyUI] [comfy-env] GeomPackSmoothMesh done (0.10s): result: NodeOutput
  [ComfyUI] [comfy-env] GeomPackSmoothMesh done (0.10s): result: NodeOutput
  [ComfyUI] [comfy-env] GeomPackSmoothMesh done (0.10s): result: NodeOutput
  [ComfyUI] [comfy-env] Running GeomPackSmoothMesh: backend: dict, trimesh: Trimesh
  [ComfyUI] [comfy-env] Running GeomPackSmoothMesh: backend: dict, trimesh: Trimesh
  [ComfyUI] [comfy-env] Running GeomPackSmoothMesh: backend: dict, trimesh: Trimesh
  [ComfyUI] [SubprocessWorker] call_method: nodes.smoothing.smooth.SmoothMeshNode.EXECUTE_NORMALIZED
  [ComfyUI] [SubprocessWorker] call_method: nodes.smoothing.smooth.SmoothMeshNode.EXECUTE_NORMALIZED
  [ComfyUI] [SubprocessWorker] call_method: nodes.smoothing.smooth.SmoothMeshNode.EXECUTE_NORMALIZED
  [ComfyUI] [SubprocessWorker] acquired lock, ensuring started...
  [ComfyUI] [SubprocessWorker] acquired lock, ensuring started...
  [ComfyUI] [SubprocessWorker] acquired lock, ensuring started...
  [ComfyUI] [ComfyUI-GeometryPack] Health check: ping (timeout=5.0s)...
  [ComfyUI] [ComfyUI-GeometryPack] Health check: ping (timeout=5.0s)...
  [ComfyUI] [ComfyUI-GeometryPack] Health check: ping (timeout=5.0s)...
  [ComfyUI] [ComfyUI-GeometryPack] Health check: ok
  [ComfyUI] [ComfyUI-GeometryPack] Health check: ok
  [ComfyUI] [ComfyUI-GeometryPack] Health check: ok
  [ComfyUI] [SubprocessWorker] worker started/confirmed
  [ComfyUI] [SubprocessWorker] worker started/confirmed
  [ComfyUI] [SubprocessWorker] worker started/confirmed
  [ComfyUI] [SubprocessWorker] serializing kwargs to shm...
  [ComfyUI] [SubprocessWorker] serializing kwargs to shm...
  [ComfyUI] [SubprocessWorker] serializing kwargs to shm...
  [ComfyUI] [SubprocessWorker] created 1 shm blocks
  [ComfyUI] [SubprocessWorker] created 1 shm blocks
  [ComfyUI] [SubprocessWorker] created 1 shm blocks
  [ComfyUI] [SubprocessWorker] sending request via socket...
  [ComfyUI] [SubprocessWorker] sending request via socket...
  [ComfyUI] [SubprocessWorker] sending request via socket...
  [ComfyUI] [SubprocessWorker] call_id=165 sending call_method
  [ComfyUI] [SubprocessWorker] call_id=165 sending call_method
  [ComfyUI] [SubprocessWorker] call_id=165 sending call_method
  [ComfyUI] [worker:ComfyUI-GeometryPack] INFO: Smooth dispatch: trimesh_taubin -> GeomPackSmooth_TrimeshTaubin
  [ComfyUI] [worker:ComfyUI-GeometryPack] INFO: Smooth dispatch: trimesh_taubin -> GeomPackSmooth_TrimeshTaubin
  [ComfyUI] [worker:ComfyUI-GeometryPack] INFO: Smooth dispatch: trimesh_taubin -> GeomPackSmooth_TrimeshTaubin
  [ComfyUI] [SubprocessWorker] got response: ok
  [ComfyUI] [SubprocessWorker] got response: ok
  [ComfyUI] [SubprocessWorker] got response: ok
  [ComfyUI] [comfy-env] GeomPackSmoothMesh done (0.10s): result: NodeOutput
  [ComfyUI] [comfy-env] GeomPackSmoothMesh done (0.10s): result: NodeOutput
  [ComfyUI] [comfy-env] GeomPackSmoothMesh done (0.10s): result: NodeOutput
  [ComfyUI] [comfy-env] Running GeomPackSmoothMesh: backend: dict, trimesh: Trimesh
  [ComfyUI] [comfy-env] Running GeomPackSmoothMesh: backend: dict, trimesh: Trimesh
  [ComfyUI] [comfy-env] Running GeomPackSmoothMesh: backend: dict, trimesh: Trimesh
  [ComfyUI] [SubprocessWorker] call_method: nodes.smoothing.smooth.SmoothMeshNode.EXECUTE_NORMALIZED
  [ComfyUI] [SubprocessWorker] call_method: nodes.smoothing.smooth.SmoothMeshNode.EXECUTE_NORMALIZED
  [ComfyUI] [SubprocessWorker] call_method: nodes.smoothing.smooth.SmoothMeshNode.EXECUTE_NORMALIZED
  [ComfyUI] [SubprocessWorker] acquired lock, ensuring started...
  [ComfyUI] [SubprocessWorker] acquired lock, ensuring started...
  [ComfyUI] [SubprocessWorker] acquired lock, ensuring started...
  [ComfyUI] [ComfyUI-GeometryPack] Health check: ping (timeout=5.0s)...
  [ComfyUI] [ComfyUI-GeometryPack] Health check: ping (timeout=5.0s)...
  [ComfyUI] [ComfyUI-GeometryPack] Health check: ping (timeout=5.0s)...
  [ComfyUI] [ComfyUI-GeometryPack] Health check: ok
  [ComfyUI] [ComfyUI-GeometryPack] Health check: ok
  [ComfyUI] [ComfyUI-GeometryPack] Health check: ok
  [ComfyUI] [SubprocessWorker] worker started/confirmed
  [ComfyUI] [SubprocessWorker] worker started/confirmed
  [ComfyUI] [SubprocessWorker] worker started/confirmed
  [ComfyUI] [SubprocessWorker] serializing kwargs to shm...
  [ComfyUI] [SubprocessWorker] serializing kwargs to shm...
  [ComfyUI] [SubprocessWorker] serializing kwargs to shm...
  [ComfyUI] [SubprocessWorker] created 1 shm blocks
  [ComfyUI] [SubprocessWorker] created 1 shm blocks
  [ComfyUI] [SubprocessWorker] created 1 shm blocks
  [ComfyUI] [SubprocessWorker] sending request via socket...
  [ComfyUI] [SubprocessWorker] sending request via socket...
  [ComfyUI] [SubprocessWorker] sending request via socket...
  [ComfyUI] [SubprocessWorker] call_id=166 sending call_method
  [ComfyUI] [SubprocessWorker] call_id=166 sending call_method
  [ComfyUI] [SubprocessWorker] call_id=166 sending call_method
  [ComfyUI] [worker:ComfyUI-GeometryPack] INFO: Smooth dispatch: trimesh_laplacian -> GeomPackSmooth_TrimeshLaplacian
  [ComfyUI] [worker:ComfyUI-GeometryPack] INFO: Smooth dispatch: trimesh_laplacian -> GeomPackSmooth_TrimeshLaplacian
  [ComfyUI] [worker:ComfyUI-GeometryPack] INFO: Smooth dispatch: trimesh_laplacian -> GeomPackSmooth_TrimeshLaplacian
  [ComfyUI] [SubprocessWorker] got response: ok
  [ComfyUI] [SubprocessWorker] got response: ok
  [ComfyUI] [SubprocessWorker] got response: ok
  [ComfyUI] [comfy-env] GeomPackSmoothMesh done (0.10s): result: NodeOutput
  [ComfyUI] [comfy-env] GeomPackSmoothMesh done (0.10s): result: NodeOutput
  [ComfyUI] [comfy-env] GeomPackSmoothMesh done (0.10s): result: NodeOutput
  [ComfyUI] [comfy-env] Running GeomPackSmooth_HCLaplacian: trimesh: Trimesh
  [ComfyUI] [comfy-env] Running GeomPackSmooth_HCLaplacian: trimesh: Trimesh
  [ComfyUI] [comfy-env] Running GeomPackSmooth_HCLaplacian: trimesh: Trimesh
  [ComfyUI] [SubprocessWorker] call_method: nodes.smoothing.smooth_backends.hc_laplacian.SmoothHCLaplacianNode.EXECUTE_NORMALIZED
  [ComfyUI] [SubprocessWorker] call_method: nodes.smoothing.smooth_backends.hc_laplacian.SmoothHCLaplacianNode.EXECUTE_NORMALIZED
  [ComfyUI] [SubprocessWorker] call_method: nodes.smoothing.smooth_backends.hc_laplacian.SmoothHCLaplacianNode.EXECUTE_NORMALIZED
  [ComfyUI] [SubprocessWorker] acquired lock, ensuring started...
  [ComfyUI] [SubprocessWorker] acquired lock, ensuring started...
  [ComfyUI] [SubprocessWorker] acquired lock, ensuring started...
  [ComfyUI] [ComfyUI-GeometryPack] Health check: ping (timeout=5.0s)...
  [ComfyUI] [ComfyUI-GeometryPack] Health check: ping (timeout=5.0s)...
  [ComfyUI] [ComfyUI-GeometryPack] Health check: ping (timeout=5.0s)...
  [ComfyUI] [ComfyUI-GeometryPack] Health check: ok
  [ComfyUI] [ComfyUI-GeometryPack] Health check: ok
  [ComfyUI] [ComfyUI-GeometryPack] Health check: ok
  [ComfyUI] [SubprocessWorker] worker started/confirmed
  [ComfyUI] [SubprocessWorker] worker started/confirmed
  [ComfyUI] [SubprocessWorker] worker started/confirmed
  [ComfyUI] [SubprocessWorker] serializing kwargs to shm...
  [ComfyUI] [SubprocessWorker] serializing kwargs to shm...
  [ComfyUI] [SubprocessWorker] serializing kwargs to shm...
  [ComfyUI] [SubprocessWorker] created 1 shm blocks
  [ComfyUI] [SubprocessWorker] created 1 shm blocks
  [ComfyUI] [SubprocessWorker] created 1 shm blocks
  [ComfyUI] [SubprocessWorker] sending request via socket...
  [ComfyUI] [SubprocessWorker] sending request via socket...
  [ComfyUI] [SubprocessWorker] sending request via socket...
  [ComfyUI] [SubprocessWorker] call_id=167 sending call_method
  [ComfyUI] [SubprocessWorker] call_id=167 sending call_method
  [ComfyUI] [SubprocessWorker] call_id=167 sending call_method
  [ComfyUI] [worker:ComfyUI-GeometryPack] INFO: Backend: hc_laplacian
  [ComfyUI] [worker:ComfyUI-GeometryPack] INFO: Backend: hc_laplacian
  [ComfyUI] [worker:ComfyUI-GeometryPack] INFO: Backend: hc_laplacian
  [ComfyUI] [worker:ComfyUI-GeometryPack] INFO: Input: 2761 vertices, 5520 faces
  [ComfyUI] [worker:ComfyUI-GeometryPack] INFO: Input: 2761 vertices, 5520 faces
  [ComfyUI] [worker:ComfyUI-GeometryPack] INFO: Input: 2761 vertices, 5520 faces
  [ComfyUI] [worker:ComfyUI-GeometryPack] INFO: Output: 2761 vertices, 5520 faces
  [ComfyUI] [worker:ComfyUI-GeometryPack] INFO: Output: 2761 vertices, 5520 faces
  [ComfyUI] [worker:ComfyUI-GeometryPack] INFO: Output: 2761 vertices, 5520 faces
  [ComfyUI] [worker:ComfyUI-GeometryPack] INFO: Avg vertex displacement: 0.003891, max: 0.020931
  [ComfyUI] [worker:ComfyUI-GeometryPack] INFO: Avg vertex displacement: 0.003891, max: 0.020931
  [ComfyUI] [worker:ComfyUI-GeometryPack] INFO: Avg vertex displacement: 0.003891, max: 0.020931
  [ComfyUI] [SubprocessWorker] got response: ok
  [ComfyUI] [SubprocessWorker] got response: ok
  [ComfyUI] [SubprocessWorker] got response: ok
  [ComfyUI] [comfy-env] GeomPackSmooth_HCLaplacian done (0.13s): result: NodeOutput
  [ComfyUI] [comfy-env] GeomPackSmooth_HCLaplacian done (0.13s): result: NodeOutput
  [ComfyUI] [comfy-env] GeomPackSmooth_HCLaplacian done (0.13s): result: NodeOutput
  [ComfyUI] [comfy-env] Running GeomPackSmooth_Taubin: trimesh: Trimesh, iterations: 5, lambda_: 0.5, mu: -0.53
  [ComfyUI] [comfy-env] Running GeomPackSmooth_Taubin: trimesh: Trimesh, iterations: 5, lambda_: 0.5, mu: -0.53
  [ComfyUI] [comfy-env] Running GeomPackSmooth_Taubin: trimesh: Trimesh, iterations: 5, lambda_: 0.5, mu: -0.53
  [ComfyUI] [SubprocessWorker] call_method: nodes.smoothing.smooth_backends.taubin.SmoothTaubinNode.EXECUTE_NORMALIZED
  [ComfyUI] [SubprocessWorker] call_method: nodes.smoothing.smooth_backends.taubin.SmoothTaubinNode.EXECUTE_NORMALIZED
  [ComfyUI] [SubprocessWorker] call_method: nodes.smoothing.smooth_backends.taubin.SmoothTaubinNode.EXECUTE_NORMALIZED
  [ComfyUI] [SubprocessWorker] acquired lock, ensuring started...
  [ComfyUI] [SubprocessWorker] acquired lock, ensuring started...
  [ComfyUI] [SubprocessWorker] acquired lock, ensuring started...
  [ComfyUI] [ComfyUI-GeometryPack] Health check: ping (timeout=5.0s)...
  [ComfyUI] [ComfyUI-GeometryPack] Health check: ping (timeout=5.0s)...
  [ComfyUI] [ComfyUI-GeometryPack] Health check: ping (timeout=5.0s)...
  [ComfyUI] [ComfyUI-GeometryPack] Health check: ok
  [ComfyUI] [ComfyUI-GeometryPack] Health check: ok
  [ComfyUI] [ComfyUI-GeometryPack] Health check: ok
  [ComfyUI] [SubprocessWorker] worker started/confirmed
  [ComfyUI] [SubprocessWorker] worker started/confirmed
  [ComfyUI] [SubprocessWorker] worker started/confirmed
  [ComfyUI] [SubprocessWorker] serializing kwargs to shm...
  [ComfyUI] [SubprocessWorker] serializing kwargs to shm...
  [ComfyUI] [SubprocessWorker] serializing kwargs to shm...
  [ComfyUI] [SubprocessWorker] created 1 shm blocks
  [ComfyUI] [SubprocessWorker] created 1 shm blocks
  [ComfyUI] [SubprocessWorker] created 1 shm blocks
  [ComfyUI] [SubprocessWorker] sending request via socket...
  [ComfyUI] [SubprocessWorker] sending request via socket...
  [ComfyUI] [SubprocessWorker] sending request via socket...
  [ComfyUI] [SubprocessWorker] call_id=168 sending call_method
  [ComfyUI] [SubprocessWorker] call_id=168 sending call_method
  [ComfyUI] [SubprocessWorker] call_id=168 sending call_method
  Node executed (1 total), capturing...
  [ComfyUI] [worker:ComfyUI-GeometryPack] INFO: Backend: taubin
  [ComfyUI] [worker:ComfyUI-GeometryPack] INFO: Backend: taubin
  [ComfyUI] [worker:ComfyUI-GeometryPack] INFO: Backend: taubin
  [ComfyUI] [worker:ComfyUI-GeometryPack] INFO: Input: 2761 vertices, 5520 faces
  [ComfyUI] [worker:ComfyUI-GeometryPack] INFO: Input: 2761 vertices, 5520 faces
  [ComfyUI] [worker:ComfyUI-GeometryPack] INFO: Input: 2761 vertices, 5520 faces
  [ComfyUI] [worker:ComfyUI-GeometryPack] INFO: Parameters: iterations=5, lambda=0.500, mu=-0.530
  [ComfyUI] [worker:ComfyUI-GeometryPack] INFO: Parameters: iterations=5, lambda=0.500, mu=-0.530
  [ComfyUI] [worker:ComfyUI-GeometryPack] INFO: Parameters: iterations=5, lambda=0.500, mu=-0.530
  [ComfyUI] [worker:ComfyUI-GeometryPack] INFO: Output: 2761 vertices, 5520 faces
  [ComfyUI] [worker:ComfyUI-GeometryPack] INFO: Output: 2761 vertices, 5520 faces
  [ComfyUI] [worker:ComfyUI-GeometryPack] INFO: Output: 2761 vertices, 5520 faces
  [ComfyUI] [worker:ComfyUI-GeometryPack] INFO: Avg vertex displacement: 0.003815, max: 0.025956
  [ComfyUI] [worker:ComfyUI-GeometryPack] INFO: Avg vertex displacement: 0.003815, max: 0.025956
  [ComfyUI] [worker:ComfyUI-GeometryPack] INFO: Avg vertex displacement: 0.003815, max: 0.025956
  [ComfyUI] [SubprocessWorker] got response: ok
  [ComfyUI] [SubprocessWorker] got response: ok
  [ComfyUI] [SubprocessWorker] got response: ok
  [ComfyUI] [comfy-env] GeomPackSmooth_Taubin done (0.12s): result: NodeOutput
  [ComfyUI] [comfy-env] GeomPackSmooth_Taubin done (0.12s): result: NodeOutput
  [ComfyUI] [comfy-env] GeomPackSmooth_Taubin done (0.12s): result: NodeOutput
  [ComfyUI] [comfy-env] Running GeomPackSmooth_Laplacian: trimesh: Trimesh, iterations: 5, cotangent_weight: 'true'
  [ComfyUI] [comfy-env] Running GeomPackSmooth_Laplacian: trimesh: Trimesh, iterations: 5, cotangent_weight: 'true'
  [ComfyUI] [comfy-env] Running GeomPackSmooth_Laplacian: trimesh: Trimesh, iterations: 5, cotangent_weight: 'true'
  [ComfyUI] [SubprocessWorker] call_method: nodes.smoothing.smooth_backends.laplacian.SmoothLaplacianNode.EXECUTE_NORMALIZED
  [ComfyUI] [SubprocessWorker] call_method: nodes.smoothing.smooth_backends.laplacian.SmoothLaplacianNode.EXECUTE_NORMALIZED
  [ComfyUI] [SubprocessWorker] call_method: nodes.smoothing.smooth_backends.laplacian.SmoothLaplacianNode.EXECUTE_NORMALIZED
  [ComfyUI] [SubprocessWorker] acquired lock, ensuring started...
  [ComfyUI] [SubprocessWorker] acquired lock, ensuring started...
  [ComfyUI] [SubprocessWorker] acquired lock, ensuring started...
  [ComfyUI] [ComfyUI-GeometryPack] Health check: ping (timeout=5.0s)...
  [ComfyUI] [ComfyUI-GeometryPack] Health check: ping (timeout=5.0s)...
  [ComfyUI] [ComfyUI-GeometryPack] Health check: ping (timeout=5.0s)...
  [ComfyUI] [ComfyUI-GeometryPack] Health check: ok
  [ComfyUI] [ComfyUI-GeometryPack] Health check: ok
  [ComfyUI] [ComfyUI-GeometryPack] Health check: ok
  [ComfyUI] [SubprocessWorker] worker started/confirmed
  [ComfyUI] [SubprocessWorker] worker started/confirmed
  [ComfyUI] [SubprocessWorker] worker started/confirmed
  [ComfyUI] [SubprocessWorker] serializing kwargs to shm...
  [ComfyUI] [SubprocessWorker] serializing kwargs to shm...
  [ComfyUI] [SubprocessWorker] serializing kwargs to shm...
  [ComfyUI] [SubprocessWorker] created 1 shm blocks
  [ComfyUI] [SubprocessWorker] created 1 shm blocks
  [ComfyUI] [SubprocessWorker] created 1 shm blocks
  [ComfyUI] [SubprocessWorker] sending request via socket...
  [ComfyUI] [SubprocessWorker] sending request via socket...
  [ComfyUI] [SubprocessWorker] sending request via socket...
  [ComfyUI] [SubprocessWorker] call_id=169 sending call_method
  [ComfyUI] [SubprocessWorker] call_id=169 sending call_method
  [ComfyUI] [SubprocessWorker] call_id=169 sending call_method
  [ComfyUI] [worker:ComfyUI-GeometryPack] INFO: Backend: laplacian
  [ComfyUI] [worker:ComfyUI-GeometryPack] INFO: Backend: laplacian
  [ComfyUI] [worker:ComfyUI-GeometryPack] INFO: Backend: laplacian
  [ComfyUI] [worker:ComfyUI-GeometryPack] INFO: Input: 2761 vertices, 5520 faces
  [ComfyUI] [worker:ComfyUI-GeometryPack] INFO: Input: 2761 vertices, 5520 faces
  [ComfyUI] [worker:ComfyUI-GeometryPack] INFO: Input: 2761 vertices, 5520 faces
  [ComfyUI] [worker:ComfyUI-GeometryPack] INFO: Parameters: iterations=5, cotangent_weight=True
  [ComfyUI] [worker:ComfyUI-GeometryPack] INFO: Parameters: iterations=5, cotangent_weight=True
  [ComfyUI] [worker:ComfyUI-GeometryPack] INFO: Parameters: iterations=5, cotangent_weight=True
  [ComfyUI] [worker:ComfyUI-GeometryPack] INFO: Output: 2761 vertices, 5520 faces
  [ComfyUI] [worker:ComfyUI-GeometryPack] INFO: Output: 2761 vertices, 5520 faces
  [ComfyUI] [worker:ComfyUI-GeometryPack] INFO: Output: 2761 vertices, 5520 faces
  [ComfyUI] [worker:ComfyUI-GeometryPack] INFO: Avg vertex displacement: 0.005665, max: 0.030324
  [ComfyUI] [worker:ComfyUI-GeometryPack] INFO: Avg vertex displacement: 0.005665, max: 0.030324
  [ComfyUI] [worker:ComfyUI-GeometryPack] INFO: Avg vertex displacement: 0.005665, max: 0.030324
  [ComfyUI] [SubprocessWorker] got response: ok
  [ComfyUI] [SubprocessWorker] got response: ok
  [ComfyUI] [SubprocessWorker] got response: ok
  [ComfyUI] [comfy-env] GeomPackSmooth_Laplacian done (0.14s): result: NodeOutput
  [ComfyUI] [comfy-env] GeomPackSmooth_Laplacian done (0.14s): result: NodeOutput
  [ComfyUI] [comfy-env] GeomPackSmooth_Laplacian done (0.14s): result: NodeOutput
  [ComfyUI] [comfy-env] Running GeomPackPreviewMeshMulti: mode: 'fields', mesh_1: Trimesh, mesh_2: Trimesh, mesh_3: Trimesh, mesh_4: Trimesh
  [ComfyUI] [comfy-env] Running GeomPackPreviewMeshMulti: mode: 'fields', mesh_1: Trimesh, mesh_2: Trimesh, mesh_3: Trimesh, mesh_4: Trimesh
  [ComfyUI] [comfy-env] Running GeomPackPreviewMeshMulti: mode: 'fields', mesh_1: Trimesh, mesh_2: Trimesh, mesh_3: Trimesh, mesh_4: Trimesh
  [ComfyUI] [SubprocessWorker] call_method: nodes.visualization.preview_mesh_multi.PreviewMeshMultiNode.EXECUTE_NORMALIZED
  [ComfyUI] [SubprocessWorker] call_method: nodes.visualization.preview_mesh_multi.PreviewMeshMultiNode.EXECUTE_NORMALIZED
  [ComfyUI] [SubprocessWorker] call_method: nodes.visualization.preview_mesh_multi.PreviewMeshMultiNode.EXECUTE_NORMALIZED
  [ComfyUI] [SubprocessWorker] acquired lock, ensuring started...
  [ComfyUI] [SubprocessWorker] acquired lock, ensuring started...
  [ComfyUI] [SubprocessWorker] acquired lock, ensuring started...
  [ComfyUI] [ComfyUI-GeometryPack] Health check: ping (timeout=5.0s)...
  [ComfyUI] [ComfyUI-GeometryPack] Health check: ping (timeout=5.0s)...
  [ComfyUI] [ComfyUI-GeometryPack] Health check: ping (timeout=5.0s)...
  [ComfyUI] [ComfyUI-GeometryPack] Health check: ok
  [ComfyUI] [ComfyUI-GeometryPack] Health check: ok
  [ComfyUI] [ComfyUI-GeometryPack] Health check: ok
  [ComfyUI] [SubprocessWorker] worker started/confirmed
  [ComfyUI] [SubprocessWorker] worker started/confirmed
  [ComfyUI] [SubprocessWorker] worker started/confirmed
  [ComfyUI] [SubprocessWorker] serializing kwargs to shm...
  [ComfyUI] [SubprocessWorker] serializing kwargs to shm...
  [ComfyUI] [SubprocessWorker] serializing kwargs to shm...
  [ComfyUI] [SubprocessWorker] created 4 shm blocks
  [ComfyUI] [SubprocessWorker] created 4 shm blocks
  [ComfyUI] [SubprocessWorker] created 4 shm blocks
  [ComfyUI] [SubprocessWorker] sending request via socket...
  [ComfyUI] [SubprocessWorker] sending request via socket...
  [ComfyUI] [SubprocessWorker] sending request via socket...
  [ComfyUI] [SubprocessWorker] call_id=170 sending call_method
  [ComfyUI] [SubprocessWorker] call_id=170 sending call_method
  [ComfyUI] [SubprocessWorker] call_id=170 sending call_method
  Frame 2 saved (frame_001.jpg, t=1.1s)
  [capture-node] freeze=3ms shot=108ms unfreeze=3ms saved=True
  [ComfyUI] [worker:ComfyUI-GeometryPack] INFO: Mode: fields, Meshes: 4
  [ComfyUI] [worker:ComfyUI-GeometryPack] INFO: Mode: fields, Meshes: 4
  [ComfyUI] [worker:ComfyUI-GeometryPack] INFO: Mode: fields, Meshes: 4
  [ComfyUI] [worker:ComfyUI-GeometryPack] INFO: Mesh 1: Mesh - 2761 vertices, 5520 faces
  [ComfyUI] [worker:ComfyUI-GeometryPack] INFO: Mesh 1: Mesh - 2761 vertices, 5520 faces
  [ComfyUI] [worker:ComfyUI-GeometryPack] INFO: Mesh 1: Mesh - 2761 vertices, 5520 faces
  [ComfyUI] [worker:ComfyUI-GeometryPack] INFO: Exporting mesh to VTP: D:\a\comfy-gpu-ci\comfy-gpu-ci\test_workspaces\GeometryPack-0031\portable-comfyui\ComfyUI_windows_portable\ComfyUI\output\preview_multi_1_76ae7230.vtp
  [ComfyUI] [worker:ComfyUI-GeometryPack] INFO: Exporting mesh to VTP: D:\a\comfy-gpu-ci\comfy-gpu-ci\test_workspaces\GeometryPack-0031\portable-comfyui\ComfyUI_windows_portable\ComfyUI\output\preview_multi_1_76ae7230.vtp
  [ComfyUI] [worker:ComfyUI-GeometryPack] INFO: Exporting mesh to VTP: D:\a\comfy-gpu-ci\comfy-gpu-ci\test_workspaces\GeometryPack-0031\portable-comfyui\ComfyUI_windows_portable\ComfyUI\output\preview_multi_1_76ae7230.vtp
  [ComfyUI] [worker:ComfyUI-GeometryPack] INFO: Adding normals field (2761 vertices)
  [ComfyUI] [worker:ComfyUI-GeometryPack] INFO: Adding normals field (2761 vertices)
  [ComfyUI] [worker:ComfyUI-GeometryPack] INFO: Adding normals field (2761 vertices)
  [ComfyUI] [worker:ComfyUI-GeometryPack] INFO: Export complete: 2761 vertices, 5520 faces
  [ComfyUI] [worker:ComfyUI-GeometryPack] INFO: Export complete: 2761 vertices, 5520 faces
  [ComfyUI] [worker:ComfyUI-GeometryPack] INFO: Export complete: 2761 vertices, 5520 faces
  [ComfyUI] [worker:ComfyUI-GeometryPack] INFO: Exported VTP: D:\a\comfy-gpu-ci\comfy-gpu-ci\test_workspaces\GeometryPack-0031\portable-comfyui\ComfyUI_windows_portable\ComfyUI\output\preview_multi_1_76ae7230.vtp
  [ComfyUI] [worker:ComfyUI-GeometryPack] INFO: Exported VTP: D:\a\comfy-gpu-ci\comfy-gpu-ci\test_workspaces\GeometryPack-0031\portable-comfyui\ComfyUI_windows_portable\ComfyUI\output\preview_multi_1_76ae7230.vtp
  [ComfyUI] [worker:ComfyUI-GeometryPack] INFO: Exported VTP: D:\a\comfy-gpu-ci\comfy-gpu-ci\test_workspaces\GeometryPack-0031\portable-comfyui\ComfyUI_windows_portable\ComfyUI\output\preview_multi_1_76ae7230.vtp
  [ComfyUI] [worker:ComfyUI-GeometryPack] INFO: Mesh 2: Mesh - 2761 vertices, 5520 faces
  [ComfyUI] [worker:ComfyUI-GeometryPack] INFO: Mesh 2: Mesh - 2761 vertices, 5520 faces
  [ComfyUI] [worker:ComfyUI-GeometryPack] INFO: Mesh 2: Mesh - 2761 vertices, 5520 faces
  [ComfyUI] [worker:ComfyUI-GeometryPack] INFO: Exporting mesh to VTP: D:\a\comfy-gpu-ci\comfy-gpu-ci\test_workspaces\GeometryPack-0031\portable-comfyui\ComfyUI_windows_portable\ComfyUI\output\preview_multi_2_76ae7230.vtp
  [ComfyUI] [worker:ComfyUI-GeometryPack] INFO: Exporting mesh to VTP: D:\a\comfy-gpu-ci\comfy-gpu-ci\test_workspaces\GeometryPack-0031\portable-comfyui\ComfyUI_windows_portable\ComfyUI\output\preview_multi_2_76ae7230.vtp
  [ComfyUI] [worker:ComfyUI-GeometryPack] INFO: Exporting mesh to VTP: D:\a\comfy-gpu-ci\comfy-gpu-ci\test_workspaces\GeometryPack-0031\portable-comfyui\ComfyUI_windows_portable\ComfyUI\output\preview_multi_2_76ae7230.vtp
  [ComfyUI] [worker:ComfyUI-GeometryPack] INFO: Adding normals field (2761 vertices)
  [ComfyUI] [worker:ComfyUI-GeometryPack] INFO: Adding normals field (2761 vertices)
  [ComfyUI] [worker:ComfyUI-GeometryPack] INFO: Adding normals field (2761 vertices)
  [ComfyUI] [worker:ComfyUI-GeometryPack] INFO: Export complete: 2761 vertices, 5520 faces
  [ComfyUI] [worker:ComfyUI-GeometryPack] INFO: Export complete: 2761 vertices, 5520 faces
  [ComfyUI] [worker:ComfyUI-GeometryPack] INFO: Export complete: 2761 vertices, 5520 faces
  Node executed (3 total), capturing...
  [ComfyUI] [worker:ComfyUI-GeometryPack] INFO: Exported VTP: D:\a\comfy-gpu-ci\comfy-gpu-ci\test_workspaces\GeometryPack-0031\portable-comfyui\ComfyUI_windows_portable\ComfyUI\output\preview_multi_2_76ae7230.vtp
  [ComfyUI] [worker:ComfyUI-GeometryPack] INFO: Exported VTP: D:\a\comfy-gpu-ci\comfy-gpu-ci\test_workspaces\GeometryPack-0031\portable-comfyui\ComfyUI_windows_portable\ComfyUI\output\preview_multi_2_76ae7230.vtp
  [ComfyUI] [worker:ComfyUI-GeometryPack] INFO: Exported VTP: D:\a\comfy-gpu-ci\comfy-gpu-ci\test_workspaces\GeometryPack-0031\portable-comfyui\ComfyUI_windows_portable\ComfyUI\output\preview_multi_2_76ae7230.vtp
  [ComfyUI] [worker:ComfyUI-GeometryPack] INFO: Mesh 3: Mesh - 2761 vertices, 5520 faces
  [ComfyUI] [worker:ComfyUI-GeometryPack] INFO: Mesh 3: Mesh - 2761 vertices, 5520 faces
  [ComfyUI] [worker:ComfyUI-GeometryPack] INFO: Mesh 3: Mesh - 2761 vertices, 5520 faces
  [ComfyUI] [worker:ComfyUI-GeometryPack] INFO: Exporting mesh to VTP: D:\a\comfy-gpu-ci\comfy-gpu-ci\test_workspaces\GeometryPack-0031\portable-comfyui\ComfyUI_windows_portable\ComfyUI\output\preview_multi_3_76ae7230.vtp
  [ComfyUI] [worker:ComfyUI-GeometryPack] INFO: Exporting mesh to VTP: D:\a\comfy-gpu-ci\comfy-gpu-ci\test_workspaces\GeometryPack-0031\portable-comfyui\ComfyUI_windows_portable\ComfyUI\output\preview_multi_3_76ae7230.vtp
  [ComfyUI] [worker:ComfyUI-GeometryPack] INFO: Exporting mesh to VTP: D:\a\comfy-gpu-ci\comfy-gpu-ci\test_workspaces\GeometryPack-0031\portable-comfyui\ComfyUI_windows_portable\ComfyUI\output\preview_multi_3_76ae7230.vtp
  [ComfyUI] [worker:ComfyUI-GeometryPack] INFO: Adding normals field (2761 vertices)
  [ComfyUI] [worker:ComfyUI-GeometryPack] INFO: Adding normals field (2761 vertices)
  [ComfyUI] [worker:ComfyUI-GeometryPack] INFO: Adding normals field (2761 vertices)
  [ComfyUI] [worker:ComfyUI-GeometryPack] INFO: Export complete: 2761 vertices, 5520 faces
  [ComfyUI] [worker:ComfyUI-GeometryPack] INFO: Export complete: 2761 vertices, 5520 faces
  [ComfyUI] [worker:ComfyUI-GeometryPack] INFO: Export complete: 2761 vertices, 5520 faces
  [ComfyUI] [worker:ComfyUI-GeometryPack] INFO: Exported VTP: D:\a\comfy-gpu-ci\comfy-gpu-ci\test_workspaces\GeometryPack-0031\portable-comfyui\ComfyUI_windows_portable\ComfyUI\output\preview_multi_3_76ae7230.vtp
  [ComfyUI] [worker:ComfyUI-GeometryPack] INFO: Exported VTP: D:\a\comfy-gpu-ci\comfy-gpu-ci\test_workspaces\GeometryPack-0031\portable-comfyui\ComfyUI_windows_portable\ComfyUI\output\preview_multi_3_76ae7230.vtp
  [ComfyUI] [worker:ComfyUI-GeometryPack] INFO: Exported VTP: D:\a\comfy-gpu-ci\comfy-gpu-ci\test_workspaces\GeometryPack-0031\portable-comfyui\ComfyUI_windows_portable\ComfyUI\output\preview_multi_3_76ae7230.vtp
  [ComfyUI] [worker:ComfyUI-GeometryPack] INFO: Mesh 4: Mesh - 2761 vertices, 5520 faces
  [ComfyUI] [worker:ComfyUI-GeometryPack] INFO: Mesh 4: Mesh - 2761 vertices, 5520 faces
  [ComfyUI] [worker:ComfyUI-GeometryPack] INFO: Mesh 4: Mesh - 2761 vertices, 5520 faces
  [ComfyUI] [worker:ComfyUI-GeometryPack] INFO: Exporting mesh to VTP: D:\a\comfy-gpu-ci\comfy-gpu-ci\test_workspaces\GeometryPack-0031\portable-comfyui\ComfyUI_windows_portable\ComfyUI\output\preview_multi_4_76ae7230.vtp
  [ComfyUI] [worker:ComfyUI-GeometryPack] INFO: Exporting mesh to VTP: D:\a\comfy-gpu-ci\comfy-gpu-ci\test_workspaces\GeometryPack-0031\portable-comfyui\ComfyUI_windows_portable\ComfyUI\output\preview_multi_4_76ae7230.vtp
  [ComfyUI] [worker:ComfyUI-GeometryPack] INFO: Exporting mesh to VTP: D:\a\comfy-gpu-ci\comfy-gpu-ci\test_workspaces\GeometryPack-0031\portable-comfyui\ComfyUI_windows_portable\ComfyUI\output\preview_multi_4_76ae7230.vtp
  [ComfyUI] [worker:ComfyUI-GeometryPack] INFO: Adding normals field (2761 vertices)
  [ComfyUI] [worker:ComfyUI-GeometryPack] INFO: Adding normals field (2761 vertices)
  [ComfyUI] [worker:ComfyUI-GeometryPack] INFO: Adding normals field (2761 vertices)
  [ComfyUI] [worker:ComfyUI-GeometryPack] INFO: Export complete: 2761 vertices, 5520 faces
  [ComfyUI] [worker:ComfyUI-GeometryPack] INFO: Export complete: 2761 vertices, 5520 faces
  [ComfyUI] [worker:ComfyUI-GeometryPack] INFO: Export complete: 2761 vertices, 5520 faces
  [ComfyUI] [worker:ComfyUI-GeometryPack] INFO: Exported VTP: D:\a\comfy-gpu-ci\comfy-gpu-ci\test_workspaces\GeometryPack-0031\portable-comfyui\ComfyUI_windows_portable\ComfyUI\output\preview_multi_4_76ae7230.vtp
  [ComfyUI] [worker:ComfyUI-GeometryPack] INFO: Exported VTP: D:\a\comfy-gpu-ci\comfy-gpu-ci\test_workspaces\GeometryPack-0031\portable-comfyui\ComfyUI_windows_portable\ComfyUI\output\preview_multi_4_76ae7230.vtp
  [ComfyUI] [worker:ComfyUI-GeometryPack] INFO: Exported VTP: D:\a\comfy-gpu-ci\comfy-gpu-ci\test_workspaces\GeometryPack-0031\portable-comfyui\ComfyUI_windows_portable\ComfyUI\output\preview_multi_4_76ae7230.vtp
  [ComfyUI] [worker:ComfyUI-GeometryPack] INFO: Grid: 2x2, Preview ready
  [ComfyUI] [worker:ComfyUI-GeometryPack] INFO: Grid: 2x2, Preview ready
  [ComfyUI] [worker:ComfyUI-GeometryPack] INFO: Grid: 2x2, Preview ready
  [ComfyUI] [SubprocessWorker] got response: ok
  [ComfyUI] [SubprocessWorker] got response: ok
  [ComfyUI] [SubprocessWorker] got response: ok
  [ComfyUI] [comfy-env] GeomPackPreviewMeshMulti done (0.35s): result: NodeOutput
  [ComfyUI] [comfy-env] GeomPackPreviewMeshMulti done (0.35s): result: NodeOutput
  [ComfyUI] [comfy-env] GeomPackPreviewMeshMulti done (0.35s): result: NodeOutput
  [ComfyUI] [comfy-env] Running GeomPackSmooth_TrimeshTaubin: trimesh: Trimesh, iterations: 10, lambda_: 0.6, mu: -0.53
  [ComfyUI] [comfy-env] Running GeomPackSmooth_TrimeshTaubin: trimesh: Trimesh, iterations: 10, lambda_: 0.6, mu: -0.53
  [ComfyUI] [comfy-env] Running GeomPackSmooth_TrimeshTaubin: trimesh: Trimesh, iterations: 10, lambda_: 0.6, mu: -0.53
  [ComfyUI] [SubprocessWorker] call_method: nodes.smoothing.smooth_backends.trimesh_taubin.SmoothTrimeshTaubinNode.EXECUTE_NORMALIZED
  [ComfyUI] [SubprocessWorker] call_method: nodes.smoothing.smooth_backends.trimesh_taubin.SmoothTrimeshTaubinNode.EXECUTE_NORMALIZED
  [ComfyUI] [SubprocessWorker] call_method: nodes.smoothing.smooth_backends.trimesh_taubin.SmoothTrimeshTaubinNode.EXECUTE_NORMALIZED
  [ComfyUI] [SubprocessWorker] acquired lock, ensuring started...
  [ComfyUI] [SubprocessWorker] acquired lock, ensuring started...
  [ComfyUI] [SubprocessWorker] acquired lock, ensuring started...
  [ComfyUI] [ComfyUI-GeometryPack] Health check: ping (timeout=5.0s)...
  [ComfyUI] [ComfyUI-GeometryPack] Health check: ping (timeout=5.0s)...
  [ComfyUI] [ComfyUI-GeometryPack] Health check: ping (timeout=5.0s)...
  [ComfyUI] [ComfyUI-GeometryPack] Health check: ok
  [ComfyUI] [ComfyUI-GeometryPack] Health check: ok
  [ComfyUI] [ComfyUI-GeometryPack] Health check: ok
  [ComfyUI] [SubprocessWorker] worker started/confirmed
  [ComfyUI] [SubprocessWorker] worker started/confirmed
  [ComfyUI] [SubprocessWorker] worker started/confirmed
  [ComfyUI] [SubprocessWorker] serializing kwargs to shm...
  [ComfyUI] [SubprocessWorker] serializing kwargs to shm...
  [ComfyUI] [SubprocessWorker] serializing kwargs to shm...
  [ComfyUI] [SubprocessWorker] created 1 shm blocks
  [ComfyUI] [SubprocessWorker] created 1 shm blocks
  [ComfyUI] [SubprocessWorker] created 1 shm blocks
  [ComfyUI] [SubprocessWorker] sending request via socket...
  [ComfyUI] [SubprocessWorker] sending request via socket...
  [ComfyUI] [SubprocessWorker] sending request via socket...
  [ComfyUI] [SubprocessWorker] call_id=171 sending call_method
  [ComfyUI] [SubprocessWorker] call_id=171 sending call_method
  [ComfyUI] [SubprocessWorker] call_id=171 sending call_method
  [ComfyUI] [worker:ComfyUI-GeometryPack] INFO: Backend: trimesh_taubin
  [ComfyUI] [worker:ComfyUI-GeometryPack] INFO: Backend: trimesh_taubin
  [ComfyUI] [worker:ComfyUI-GeometryPack] INFO: Backend: trimesh_taubin
  [ComfyUI] [worker:ComfyUI-GeometryPack] INFO: Input: 2761 vertices, 5520 faces
  [ComfyUI] [worker:ComfyUI-GeometryPack] INFO: Input: 2761 vertices, 5520 faces
  [ComfyUI] [worker:ComfyUI-GeometryPack] INFO: Input: 2761 vertices, 5520 faces
  [ComfyUI] [worker:ComfyUI-GeometryPack] INFO: Parameters: iterations=10, lambda=0.600, mu=-0.530
  [ComfyUI] [worker:ComfyUI-GeometryPack] INFO: Parameters: iterations=10, lambda=0.600, mu=-0.530
  [ComfyUI] [worker:ComfyUI-GeometryPack] INFO: Parameters: iterations=10, lambda=0.600, mu=-0.530
  [ComfyUI] [worker:ComfyUI-GeometryPack] INFO: Output: 2761 vertices, 5520 faces
  [ComfyUI] [worker:ComfyUI-GeometryPack] INFO: Output: 2761 vertices, 5520 faces
  [ComfyUI] [worker:ComfyUI-GeometryPack] INFO: Output: 2761 vertices, 5520 faces
  [ComfyUI] [worker:ComfyUI-GeometryPack] INFO: Avg vertex displacement: 0.013246, max: 0.069047
  [ComfyUI] [worker:ComfyUI-GeometryPack] INFO: Avg vertex displacement: 0.013246, max: 0.069047
  [ComfyUI] [worker:ComfyUI-GeometryPack] INFO: Avg vertex displacement: 0.013246, max: 0.069047
  [ComfyUI] [SubprocessWorker] got response: ok
  [ComfyUI] [SubprocessWorker] got response: ok
  [ComfyUI] [SubprocessWorker] got response: ok
  [ComfyUI] [comfy-env] GeomPackSmooth_TrimeshTaubin done (0.13s): result: NodeOutput
  [ComfyUI] [comfy-env] GeomPackSmooth_TrimeshTaubin done (0.13s): result: NodeOutput
  [ComfyUI] [comfy-env] GeomPackSmooth_TrimeshTaubin done (0.13s): result: NodeOutput
  [ComfyUI] [comfy-env] Running GeomPackSmooth_TrimeshLaplacian: trimesh: Trimesh, iterations: 7, lambda_: 0.5
  [ComfyUI] [comfy-env] Running GeomPackSmooth_TrimeshLaplacian: trimesh: Trimesh, iterations: 7, lambda_: 0.5
  [ComfyUI] [comfy-env] Running GeomPackSmooth_TrimeshLaplacian: trimesh: Trimesh, iterations: 7, lambda_: 0.5
  [ComfyUI] [SubprocessWorker] call_method: nodes.smoothing.smooth_backends.trimesh_laplacian.SmoothTrimeshLaplacianNode.EXECUTE_NORMALIZED
  [ComfyUI] [SubprocessWorker] call_method: nodes.smoothing.smooth_backends.trimesh_laplacian.SmoothTrimeshLaplacianNode.EXECUTE_NORMALIZED
  [ComfyUI] [SubprocessWorker] call_method: nodes.smoothing.smooth_backends.trimesh_laplacian.SmoothTrimeshLaplacianNode.EXECUTE_NORMALIZED
  [ComfyUI] [SubprocessWorker] acquired lock, ensuring started...
  [ComfyUI] [SubprocessWorker] acquired lock, ensuring started...
  [ComfyUI] [SubprocessWorker] acquired lock, ensuring started...
  [ComfyUI] [ComfyUI-GeometryPack] Health check: ping (timeout=5.0s)...
  [ComfyUI] [ComfyUI-GeometryPack] Health check: ping (timeout=5.0s)...
  [ComfyUI] [ComfyUI-GeometryPack] Health check: ping (timeout=5.0s)...
  [ComfyUI] [ComfyUI-GeometryPack] Health check: ok
  [ComfyUI] [ComfyUI-GeometryPack] Health check: ok
  [ComfyUI] [ComfyUI-GeometryPack] Health check: ok
  [ComfyUI] [SubprocessWorker] worker started/confirmed
  [ComfyUI] [SubprocessWorker] worker started/confirmed
  [ComfyUI] [SubprocessWorker] worker started/confirmed
  [ComfyUI] [SubprocessWorker] serializing kwargs to shm...
  [ComfyUI] [SubprocessWorker] serializing kwargs to shm...
  [ComfyUI] [SubprocessWorker] serializing kwargs to shm...
  [ComfyUI] [SubprocessWorker] created 1 shm blocks
  [ComfyUI] [SubprocessWorker] created 1 shm blocks
  [ComfyUI] [SubprocessWorker] created 1 shm blocks
  [ComfyUI] [SubprocessWorker] sending request via socket...
  [ComfyUI] [SubprocessWorker] sending request via socket...
  [ComfyUI] [SubprocessWorker] sending request via socket...
  [ComfyUI] [SubprocessWorker] call_id=172 sending call_method
  [ComfyUI] [SubprocessWorker] call_id=172 sending call_method
  [ComfyUI] [SubprocessWorker] call_id=172 sending call_method
  [ComfyUI] [worker:ComfyUI-GeometryPack] INFO: Backend: trimesh_laplacian
  [ComfyUI] [worker:ComfyUI-GeometryPack] INFO: Backend: trimesh_laplacian
  [ComfyUI] [worker:ComfyUI-GeometryPack] INFO: Backend: trimesh_laplacian
  [ComfyUI] [worker:ComfyUI-GeometryPack] INFO: Input: 2761 vertices, 5520 faces
  [ComfyUI] [worker:ComfyUI-GeometryPack] INFO: Input: 2761 vertices, 5520 faces
  [ComfyUI] [worker:ComfyUI-GeometryPack] INFO: Input: 2761 vertices, 5520 faces
  [ComfyUI] [worker:ComfyUI-GeometryPack] INFO: Parameters: iterations=7, lambda=0.500
  [ComfyUI] [worker:ComfyUI-GeometryPack] INFO: Parameters: iterations=7, lambda=0.500
  [ComfyUI] [worker:ComfyUI-GeometryPack] INFO: Parameters: iterations=7, lambda=0.500
  [ComfyUI] [worker:ComfyUI-GeometryPack] INFO: Output: 2761 vertices, 5520 faces
  [ComfyUI] [worker:ComfyUI-GeometryPack] INFO: Output: 2761 vertices, 5520 faces
  [ComfyUI] [worker:ComfyUI-GeometryPack] INFO: Output: 2761 vertices, 5520 faces
  [ComfyUI] [worker:ComfyUI-GeometryPack] INFO: Avg vertex displacement: 0.013786, max: 0.047123
  [ComfyUI] [worker:ComfyUI-GeometryPack] INFO: Avg vertex displacement: 0.013786, max: 0.047123
  [ComfyUI] [worker:ComfyUI-GeometryPack] INFO: Avg vertex displacement: 0.013786, max: 0.047123
  [ComfyUI] [SubprocessWorker] got response: ok
  [ComfyUI] [SubprocessWorker] got response: ok
  [ComfyUI] [SubprocessWorker] got response: ok
  [ComfyUI] [comfy-env] GeomPackSmooth_TrimeshLaplacian done (0.18s): result: NodeOutput
  [ComfyUI] [comfy-env] GeomPackSmooth_TrimeshLaplacian done (0.18s): result: NodeOutput
  [ComfyUI] [comfy-env] GeomPackSmooth_TrimeshLaplacian done (0.18s): result: NodeOutput
  [ComfyUI] [comfy-env] Running GeomPackPreviewMeshMulti: mode: 'fields', mesh_1: Trimesh, mesh_2: Trimesh
  [ComfyUI] [comfy-env] Running GeomPackPreviewMeshMulti: mode: 'fields', mesh_1: Trimesh, mesh_2: Trimesh
  [ComfyUI] [comfy-env] Running GeomPackPreviewMeshMulti: mode: 'fields', mesh_1: Trimesh, mesh_2: Trimesh
  [ComfyUI] [SubprocessWorker] call_method: nodes.visualization.preview_mesh_multi.PreviewMeshMultiNode.EXECUTE_NORMALIZED
  [ComfyUI] [SubprocessWorker] call_method: nodes.visualization.preview_mesh_multi.PreviewMeshMultiNode.EXECUTE_NORMALIZED
  [ComfyUI] [SubprocessWorker] call_method: nodes.visualization.preview_mesh_multi.PreviewMeshMultiNode.EXECUTE_NORMALIZED
  [ComfyUI] [SubprocessWorker] acquired lock, ensuring started...
  [ComfyUI] [SubprocessWorker] acquired lock, ensuring started...
  [ComfyUI] [SubprocessWorker] acquired lock, ensuring started...
  [ComfyUI] [ComfyUI-GeometryPack] Health check: ping (timeout=5.0s)...
  [ComfyUI] [ComfyUI-GeometryPack] Health check: ping (timeout=5.0s)...
  [ComfyUI] [ComfyUI-GeometryPack] Health check: ping (timeout=5.0s)...
  [ComfyUI] [ComfyUI-GeometryPack] Health check: ok
  [ComfyUI] [ComfyUI-GeometryPack] Health check: ok
  [ComfyUI] [ComfyUI-GeometryPack] Health check: ok
  [ComfyUI] [SubprocessWorker] worker started/confirmed
  [ComfyUI] [SubprocessWorker] worker started/confirmed
  [ComfyUI] [SubprocessWorker] worker started/confirmed
  [ComfyUI] [SubprocessWorker] serializing kwargs to shm...
  [ComfyUI] [SubprocessWorker] serializing kwargs to shm...
  [ComfyUI] [SubprocessWorker] serializing kwargs to shm...
  [ComfyUI] [SubprocessWorker] created 2 shm blocks
  [ComfyUI] [SubprocessWorker] created 2 shm blocks
  [ComfyUI] [SubprocessWorker] created 2 shm blocks
  [ComfyUI] [SubprocessWorker] sending request via socket...
  [ComfyUI] [SubprocessWorker] sending request via socket...
  [ComfyUI] [SubprocessWorker] sending request via socket...
  [ComfyUI] [SubprocessWorker] call_id=173 sending call_method
  [ComfyUI] [SubprocessWorker] call_id=173 sending call_method
  [ComfyUI] [SubprocessWorker] call_id=173 sending call_method
  [ComfyUI] [worker:ComfyUI-GeometryPack] INFO: Mode: fields, Meshes: 2
  [ComfyUI] [worker:ComfyUI-GeometryPack] INFO: Mode: fields, Meshes: 2
  [ComfyUI] [worker:ComfyUI-GeometryPack] INFO: Mode: fields, Meshes: 2
  [ComfyUI] [worker:ComfyUI-GeometryPack] INFO: Mesh 1: Mesh - 2761 vertices, 5520 faces
  [ComfyUI] [worker:ComfyUI-GeometryPack] INFO: Mesh 1: Mesh - 2761 vertices, 5520 faces
  [ComfyUI] [worker:ComfyUI-GeometryPack] INFO: Mesh 1: Mesh - 2761 vertices, 5520 faces
  [ComfyUI] [worker:ComfyUI-GeometryPack] INFO: Exporting mesh to VTP: D:\a\comfy-gpu-ci\comfy-gpu-ci\test_workspaces\GeometryPack-0031\portable-comfyui\ComfyUI_windows_portable\ComfyUI\output\preview_multi_1_99a787c9.vtp
  [ComfyUI] [worker:ComfyUI-GeometryPack] INFO: Exporting mesh to VTP: D:\a\comfy-gpu-ci\comfy-gpu-ci\test_workspaces\GeometryPack-0031\portable-comfyui\ComfyUI_windows_portable\ComfyUI\output\preview_multi_1_99a787c9.vtp
  [ComfyUI] [worker:ComfyUI-GeometryPack] INFO: Exporting mesh to VTP: D:\a\comfy-gpu-ci\comfy-gpu-ci\test_workspaces\GeometryPack-0031\portable-comfyui\ComfyUI_windows_portable\ComfyUI\output\preview_multi_1_99a787c9.vtp
  [ComfyUI] [worker:ComfyUI-GeometryPack] INFO: Adding normals field (2761 vertices)
  [ComfyUI] [worker:ComfyUI-GeometryPack] INFO: Adding normals field (2761 vertices)
  [ComfyUI] [worker:ComfyUI-GeometryPack] INFO: Adding normals field (2761 vertices)
  [ComfyUI] [worker:ComfyUI-GeometryPack] INFO: Export complete: 2761 vertices, 5520 faces
  [ComfyUI] [worker:ComfyUI-GeometryPack] INFO: Export complete: 2761 vertices, 5520 faces
  [ComfyUI] [worker:ComfyUI-GeometryPack] INFO: Export complete: 2761 vertices, 5520 faces
  [ComfyUI] [worker:ComfyUI-GeometryPack] INFO: Exported VTP: D:\a\comfy-gpu-ci\comfy-gpu-ci\test_workspaces\GeometryPack-0031\portable-comfyui\ComfyUI_windows_portable\ComfyUI\output\preview_multi_1_99a787c9.vtp
  [ComfyUI] [worker:ComfyUI-GeometryPack] INFO: Exported VTP: D:\a\comfy-gpu-ci\comfy-gpu-ci\test_workspaces\GeometryPack-0031\portable-comfyui\ComfyUI_windows_portable\ComfyUI\output\preview_multi_1_99a787c9.vtp
  [ComfyUI] [worker:ComfyUI-GeometryPack] INFO: Exported VTP: D:\a\comfy-gpu-ci\comfy-gpu-ci\test_workspaces\GeometryPack-0031\portable-comfyui\ComfyUI_windows_portable\ComfyUI\output\preview_multi_1_99a787c9.vtp
  [ComfyUI] [worker:ComfyUI-GeometryPack] INFO: Mesh 2: Mesh - 2761 vertices, 5520 faces
  [ComfyUI] [worker:ComfyUI-GeometryPack] INFO: Mesh 2: Mesh - 2761 vertices, 5520 faces
  [ComfyUI] [worker:ComfyUI-GeometryPack] INFO: Mesh 2: Mesh - 2761 vertices, 5520 faces
  [ComfyUI] [worker:ComfyUI-GeometryPack] INFO: Exporting mesh to VTP: D:\a\comfy-gpu-ci\comfy-gpu-ci\test_workspaces\GeometryPack-0031\portable-comfyui\ComfyUI_windows_portable\ComfyUI\output\preview_multi_2_99a787c9.vtp
  [ComfyUI] [worker:ComfyUI-GeometryPack] INFO: Exporting mesh to VTP: D:\a\comfy-gpu-ci\comfy-gpu-ci\test_workspaces\GeometryPack-0031\portable-comfyui\ComfyUI_windows_portable\ComfyUI\output\preview_multi_2_99a787c9.vtp
  [ComfyUI] [worker:ComfyUI-GeometryPack] INFO: Exporting mesh to VTP: D:\a\comfy-gpu-ci\comfy-gpu-ci\test_workspaces\GeometryPack-0031\portable-comfyui\ComfyUI_windows_portable\ComfyUI\output\preview_multi_2_99a787c9.vtp
  [ComfyUI] [worker:ComfyUI-GeometryPack] INFO: Adding normals field (2761 vertices)
  [ComfyUI] [worker:ComfyUI-GeometryPack] INFO: Adding normals field (2761 vertices)
  [ComfyUI] [worker:ComfyUI-GeometryPack] INFO: Adding normals field (2761 vertices)
  [ComfyUI] [worker:ComfyUI-GeometryPack] INFO: Export complete: 2761 vertices, 5520 faces
  [ComfyUI] [worker:ComfyUI-GeometryPack] INFO: Export complete: 2761 vertices, 5520 faces
  [ComfyUI] [worker:ComfyUI-GeometryPack] INFO: Export complete: 2761 vertices, 5520 faces
  [ComfyUI] [worker:ComfyUI-GeometryPack] INFO: Exported VTP: D:\a\comfy-gpu-ci\comfy-gpu-ci\test_workspaces\GeometryPack-0031\portable-comfyui\ComfyUI_windows_portable\ComfyUI\output\preview_multi_2_99a787c9.vtp
  [ComfyUI] [worker:ComfyUI-GeometryPack] INFO: Exported VTP: D:\a\comfy-gpu-ci\comfy-gpu-ci\test_workspaces\GeometryPack-0031\portable-comfyui\ComfyUI_windows_portable\ComfyUI\output\preview_multi_2_99a787c9.vtp
  [ComfyUI] [worker:ComfyUI-GeometryPack] INFO: Exported VTP: D:\a\comfy-gpu-ci\comfy-gpu-ci\test_workspaces\GeometryPack-0031\portable-comfyui\ComfyUI_windows_portable\ComfyUI\output\preview_multi_2_99a787c9.vtp
  [ComfyUI] [worker:ComfyUI-GeometryPack] INFO: Grid: 2x1, Preview ready
  [ComfyUI] [worker:ComfyUI-GeometryPack] INFO: Grid: 2x1, Preview ready
  [ComfyUI] [worker:ComfyUI-GeometryPack] INFO: Grid: 2x1, Preview ready
  [ComfyUI] [SubprocessWorker] got response: ok
  [ComfyUI] [SubprocessWorker] got response: ok
  [ComfyUI] [SubprocessWorker] got response: ok
  [ComfyUI] [comfy-env] GeomPackPreviewMeshMulti done (0.32s): result: NodeOutput
  [ComfyUI] [comfy-env] GeomPackPreviewMeshMulti done (0.32s): result: NodeOutput
  [ComfyUI] [comfy-env] GeomPackPreviewMeshMulti done (0.32s): result: NodeOutput
  [ComfyUI] Prompt executed in 2.02 seconds
  [ComfyUI] Prompt executed in 2.02 seconds
  [ComfyUI] Prompt executed in 2.02 seconds
  Frame 3 saved (frame_002.jpg, t=1.5s)
  [capture-node] freeze=70ms shot=613ms unfreeze=15ms saved=True
  Node executed (7 total), capturing...
  Frame 4 saved (frame_003.jpg, t=2.8s)
  [capture-node] freeze=2ms shot=116ms unfreeze=0ms saved=True
  Execution complete (t=2.7s)
  Captured 4 unique frames over 2.89s
  [debug] iframes: 2
  [debug]   iframe[0]: src=http://127.0.0.1:41894/extensions/ComfyUI-GeometryPack/viewer_multi.html?v=17784, canvas=368x393, rafFrozen=True
  [debug]   iframe[1]: src=http://127.0.0.1:41894/extensions/ComfyUI-GeometryPack/viewer_multi.html?v=17784, canvas=368x195, rafFrozen=True
  [timing] trigger_3d_previews: 0.0s
  Saved high-quality screenshot: smooth_all_executed.png
  [timing] final_screenshot: 0.2s
    Captured 5 video frames