Capturing execution frames: surface_reconstruction.json
  Frame 1 saved (frame_000.jpg, t=0.0s)
  Validating workflow...
  Queuing workflow for execution...
  Frame 2 saved (frame_001.jpg, t=2.2s)
  [capture-periodic] freeze=4ms shot=122ms unfreeze=5ms saved=True
  Node executed (1 total), capturing...
  Frame 3 saved (frame_002.jpg, t=3.0s)
  [capture-node] freeze=5ms shot=111ms unfreeze=4ms saved=True
  Node executed (2 total), capturing...
  Frame 4 saved (frame_003.jpg, t=3.9s)
  [capture-node] freeze=275ms shot=1094ms unfreeze=0ms saved=True
  Execution complete (t=3.9s)
  Captured 4 unique frames over 5.31s
  [debug] iframes: 1
  [debug]   iframe[0]: src=http://127.0.0.1:8188/extensions/ComfyUI-GeometryPack/viewer_dual.html?v=1778212, canvas=370x485, rafFrozen=True
  [timing] trigger_3d_previews: 0.0s
  Saved high-quality screenshot: surface_reconstruction_executed.png
  [timing] final_screenshot: 0.2s
    Captured 5 video frames