Capturing execution frames: uv_unwrap.json
  Frame 1 saved (frame_000.jpg, t=0.0s)
  Validating workflow...
  Queuing workflow for execution...
  Frame 2 saved (frame_001.jpg, t=2.2s)
  [capture-periodic] freeze=5ms shot=136ms unfreeze=6ms saved=True
  Frame 3 saved (frame_002.jpg, t=4.4s)
  [capture-periodic] freeze=8ms shot=127ms unfreeze=5ms saved=True
  [capture-loop] iter=50 t=6.3s state={'complete': False, 'error': None, 'executedCount': 0, 'wsState': 1} eval_ms=9 ram=5.6/16.0GB (35%) swap=1.4/2.9GB (50%) cpu=60% browser_rss=0.55GB
  Node executed (1 total), capturing...
  Frame 4 saved (frame_003.jpg, t=10.6s)
  [capture-node] freeze=9ms shot=130ms unfreeze=4ms saved=True
  Node executed (2 total), capturing...
  Frame 5 saved (frame_004.jpg, t=11.4s)
  [capture-node] freeze=8ms shot=122ms unfreeze=5ms saved=True
  Execution complete (t=11.7s)
  Captured 5 unique frames over 11.77s
  [debug] iframes: 1
  [debug]   iframe[0]: src=http://127.0.0.1:8188/extensions/ComfyUI-GeometryPack/viewer_uv.html?v=177821284, canvas=287x287, rafFrozen=False
  [timing] trigger_3d_previews: 0.1s
  Saved high-quality screenshot: uv_unwrap_executed.png
  [timing] final_screenshot: 0.2s
    Captured 6 video frames