Capturing execution frames: view_texture.json
  Frame 1 saved (frame_000.jpg, t=0.0s)
  Validating workflow...
  Queuing workflow for execution...
  Frame 2 saved (frame_001.jpg, t=2.2s)
  [capture-periodic] freeze=4ms shot=101ms unfreeze=5ms saved=True
  Frame 3 saved (frame_002.jpg, t=4.4s)
  [capture-periodic] freeze=4ms shot=95ms unfreeze=5ms saved=True
  [capture-loop] iter=50 t=5.8s state={'complete': False, 'error': None, 'executedCount': 0, 'wsState': 1} eval_ms=30 ram=5.7/16.0GB (36%) swap=1.4/2.9GB (50%) cpu=66% browser_rss=0.64GB
  Node executed (1 total), capturing...
  Frame 4 saved (frame_003.jpg, t=6.5s)
  [capture-node] freeze=5ms shot=102ms unfreeze=13ms saved=True
  Execution complete (t=6.7s)
  Captured 4 unique frames over 6.74s
  [debug] iframes: 1
  [debug]   iframe[0]: src=http://127.0.0.1:8188/extensions/ComfyUI-GeometryPack/viewer_vtk_textured.html?v, canvas=221x262, rafFrozen=False
  [timing] trigger_3d_previews: 0.0s
  Saved high-quality screenshot: view_texture_executed.png
  [timing] final_screenshot: 0.9s
    Captured 5 video frames