Capturing execution frames: alpha_wrap.json
  Frame 1 saved (frame_000.jpg, t=0.0s)
  Validating workflow...
  Queuing workflow for execution...
  Frame 2 saved (frame_001.jpg, t=2.3s)
  [capture-periodic] freeze=2ms shot=113ms unfreeze=2ms saved=True
  Frame 3 saved (frame_002.jpg, t=4.5s)
  [capture-periodic] freeze=1ms shot=97ms unfreeze=2ms saved=True
  [capture-loop] iter=50 t=5.7s state={'complete': False, 'error': None, 'executedCount': 0, 'wsState': 1} eval_ms=2 ram=2.6/15.6GB (17%) swap=0.0/3.0GB (0%) cpu=35% browser_rss=0.85GB
  Frame 4 saved (frame_003.jpg, t=6.7s)
  [capture-periodic] freeze=1ms shot=99ms unfreeze=2ms saved=True
  Node executed (1 total), capturing...
  Frame 5 saved (frame_004.jpg, t=8.2s)
  [capture-node] freeze=8ms shot=615ms unfreeze=8ms saved=True
  Node executed (2 total), capturing...
  Frame 6 saved (frame_005.jpg, t=9.5s)
  [capture-node] freeze=2ms shot=130ms unfreeze=3ms saved=True
  Node executed (3 total), capturing...
  Frame 7 saved (frame_006.jpg, t=10.0s)
  [capture-node] freeze=4ms shot=126ms unfreeze=2ms saved=True
  Node executed (4 total), capturing...
  Frame 8 saved (frame_007.jpg, t=11.0s)
  [capture-node] freeze=42ms shot=128ms unfreeze=0ms saved=True
  Execution complete (t=11.0s)
  Captured 8 unique frames over 11.17s
  [debug] iframes: 2
  [debug]   iframe[0]: src=http://127.0.0.1:8188/extensions/ComfyUI-GeometryPack/viewer_dual.html?v=1778239, canvas=370x485, rafFrozen=True
  [debug]   iframe[1]: src=http://127.0.0.1:8188/extensions/ComfyUI-GeometryPack/viewer_multi.html?v=177823, canvas=244x393, rafFrozen=True
  [timing] trigger_3d_previews: 0.0s
  Saved high-quality screenshot: alpha_wrap_executed.png
  [timing] final_screenshot: 0.3s
    Captured 9 video frames