Capturing execution frames: decimate_all.json
  Frame 1 saved (frame_000.jpg, t=0.0s)
  Validating workflow...
  Queuing workflow for execution...
  Frame 2 saved (frame_001.jpg, t=2.2s)
  [capture-periodic] freeze=1ms shot=95ms unfreeze=7ms saved=True
  Node executed (2 total), capturing...
  Frame 3 saved (frame_002.jpg, t=2.9s)
  [capture-node] freeze=2ms shot=97ms unfreeze=5ms saved=True
  Node executed (3 total), capturing...
  Frame 4 saved (frame_003.jpg, t=4.0s)
  [capture-node] freeze=3ms shot=110ms unfreeze=2ms saved=True
  Node executed (4 total), capturing...
  Frame 5 saved (frame_004.jpg, t=4.7s)
  [capture-node] freeze=1385ms shot=1758ms unfreeze=6ms saved=True
  Node executed (6 total), capturing...
  Frame 6 saved (frame_005.jpg, t=8.4s)
  [capture-node] freeze=2ms shot=184ms unfreeze=0ms saved=True
  Execution complete (t=8.4s)
  Captured 6 unique frames over 8.68s
  [debug] iframes: 2
  [debug]   iframe[0]: src=http://127.0.0.1:8188/extensions/ComfyUI-GeometryPack/viewer_multi.html?v=177823, canvas=244x393, rafFrozen=True
  [debug]   iframe[1]: src=http://127.0.0.1:8188/extensions/ComfyUI-GeometryPack/viewer_multi.html?v=177823, canvas=244x393, rafFrozen=True
  [timing] trigger_3d_previews: 0.0s
  Saved high-quality screenshot: decimate_all_executed.png
  [timing] final_screenshot: 0.4s
    Captured 7 video frames