Capturing execution frames: fix_self_intersection.json
  Frame 1 saved (frame_000.jpg, t=0.0s)
  Validating workflow...
  Queuing workflow for execution...
  Node executed (1 total), capturing...
  Frame 2 saved (frame_001.jpg, t=0.5s)
  [capture-node] freeze=2ms shot=133ms unfreeze=3ms saved=True
  Node executed (3 total), capturing...
  Frame 3 saved (frame_002.jpg, t=0.9s)
  [capture-node] freeze=22ms shot=608ms unfreeze=2ms saved=True
  Node executed (4 total), capturing...
  [capture-node] freeze=1ms shot=196ms unfreeze=0ms saved=False
  Execution complete (t=1.9s)
  Captured 3 unique frames over 2.14s
  [debug] iframes: 1
  [debug]   iframe[0]: src=http://127.0.0.1:8188/extensions/ComfyUI-GeometryPack/viewer_dual.html?v=1778239, canvas=370x485, rafFrozen=True
  [timing] trigger_3d_previews: 0.0s
  Saved high-quality screenshot: fix_self_intersection_executed.png
  [timing] final_screenshot: 0.4s
    Captured 4 video frames