Capturing execution frames: fix_normals_all.json
  Frame 1 saved (frame_000.jpg, t=0.0s)
  Validating workflow...
  Queuing workflow for execution...
  Node executed (1 total), capturing...
  Frame 2 saved (frame_001.jpg, t=1.8s)
  [capture-node] freeze=2ms shot=103ms unfreeze=2ms saved=True
  Node executed (6 total), capturing...
  Frame 3 saved (frame_002.jpg, t=2.2s)
  [capture-node] freeze=221ms shot=972ms unfreeze=2ms saved=True
  Node executed (7 total), capturing...
  [capture-node] freeze=2ms shot=129ms unfreeze=0ms saved=False
  Execution complete (t=3.9s)
  Captured 3 unique frames over 3.99s
  [debug] iframes: 2
  [debug]   iframe[0]: src=http://127.0.0.1:8188/extensions/ComfyUI-GeometryPack/viewer_multi.html?v=177823, canvas=368x393, rafFrozen=True
  [debug]   iframe[1]: src=http://127.0.0.1:8188/extensions/ComfyUI-GeometryPack/viewer_multi.html?v=177823, canvas=368x195, rafFrozen=True
  [timing] trigger_3d_previews: 0.0s
  Saved high-quality screenshot: fix_normals_all_executed.png
  [timing] final_screenshot: 0.3s
    Captured 4 video frames