Capturing execution frames: mesh_mesh_distance.json
  Frame 1 saved (frame_000.jpg, t=0.0s)
  Validating workflow...
  Queuing workflow for execution...
  Frame 2 saved (frame_001.jpg, t=2.2s)
  [capture-periodic] freeze=1ms shot=95ms unfreeze=4ms saved=True
  Frame 3 saved (frame_002.jpg, t=4.4s)
  [capture-periodic] freeze=1ms shot=88ms unfreeze=4ms saved=True
  [capture-loop] iter=50 t=5.6s state={'complete': False, 'error': None, 'executedCount': 0, 'wsState': 1} eval_ms=2 ram=2.9/15.6GB (19%) swap=0.0/3.0GB (0%) cpu=26% browser_rss=0.99GB
  Node executed (1 total), capturing...
  Frame 4 saved (frame_003.jpg, t=6.4s)
  [capture-node] freeze=5ms shot=117ms unfreeze=4ms saved=True
  Node executed (2 total), capturing...
  [capture-node] freeze=2ms shot=102ms unfreeze=2ms saved=False
  [capture-loop] iter=100 t=11.6s state={'complete': False, 'error': None, 'executedCount': 3, 'wsState': 1} eval_ms=3 ram=2.9/15.6GB (19%) swap=0.0/3.0GB (0%) cpu=35% browser_rss=0.99GB
  Node executed (3 total), capturing...
  Frame 5 saved (frame_004.jpg, t=11.8s)
  [capture-node] freeze=2ms shot=115ms unfreeze=3ms saved=True
  Node executed (4 total), capturing...
  Frame 6 saved (frame_005.jpg, t=12.2s)
  [capture-node] freeze=2ms shot=93ms unfreeze=0ms saved=True
  Execution complete (t=12.2s)
  Captured 6 unique frames over 12.3s
  [debug] iframes: 0
  [timing] trigger_3d_previews: 0.0s
  Saved high-quality screenshot: mesh_mesh_distance_executed.png
  [timing] final_screenshot: 0.2s
    Captured 7 video frames