Capturing execution frames: point_mesh_distance.json
  Frame 1 saved (frame_000.jpg, t=0.0s)
  Validating workflow...
  Queuing workflow for execution...
  Frame 2 saved (frame_001.jpg, t=2.2s)
  [capture-periodic] freeze=1ms shot=98ms unfreeze=5ms saved=True
  Node executed (1 total), capturing...
  Frame 3 saved (frame_002.jpg, t=3.1s)
  [capture-node] freeze=2ms shot=101ms unfreeze=3ms saved=True
  Node executed (3 total), capturing...
  Frame 4 saved (frame_003.jpg, t=3.6s)
  [capture-node] freeze=14ms shot=180ms unfreeze=2ms saved=True
  Execution complete (t=4.0s)
  Captured 4 unique frames over 3.98s
  [debug] iframes: 1
  [debug]   iframe[0]: src=http://127.0.0.1:8188/extensions/ComfyUI-GeometryPack/viewer_dual.html?v=1778239, canvas=370x485, rafFrozen=False
  [timing] trigger_3d_previews: 0.0s
  Saved high-quality screenshot: point_mesh_distance_executed.png
  [timing] final_screenshot: 0.2s
    Captured 5 video frames