Capturing execution frames: reconstruct_all.json
  Frame 1 saved (frame_000.jpg, t=0.0s)
  Validating workflow...
  Queuing workflow for execution...
  Node executed (1 total), capturing...
  Frame 2 saved (frame_001.jpg, t=0.7s)
  [capture-node] freeze=107ms shot=125ms unfreeze=5ms saved=True
  Node executed (2 total), capturing...
  [capture-node] freeze=2ms shot=118ms unfreeze=5ms saved=False
  Node executed (3 total), capturing...
  Frame 3 saved (frame_002.jpg, t=3.0s)
  [capture-node] freeze=2ms shot=147ms unfreeze=2ms saved=True
  Node executed (4 total), capturing...
  [capture-node] freeze=2ms shot=140ms unfreeze=8ms saved=False
  Frame 4 saved (frame_003.jpg, t=5.7s)
  [capture-periodic] freeze=2ms shot=145ms unfreeze=3ms saved=True
  [capture-loop] iter=50 t=6.9s state={'complete': False, 'error': None, 'executedCount': 4, 'wsState': 1} eval_ms=3 ram=3.4/15.6GB (22%) swap=0.0/3.0GB (0%) cpu=33% browser_rss=1.15GB
  Node executed (5 total), capturing...
  Frame 5 saved (frame_004.jpg, t=7.5s)
  [capture-node] freeze=2ms shot=128ms unfreeze=4ms saved=True
  Node executed (6 total), capturing...
  Frame 6 saved (frame_005.jpg, t=8.0s)
  [capture-node] freeze=2ms shot=125ms unfreeze=3ms saved=True
  Execution complete (t=8.4s)
  Captured 6 unique frames over 8.4s
  [debug] iframes: 2
  [debug]   iframe[0]: src=http://127.0.0.1:8188/extensions/ComfyUI-GeometryPack/viewer_vtk.html?v=17782394, canvas=486x384, rafFrozen=False
  [debug]   iframe[1]: src=http://127.0.0.1:8188/extensions/ComfyUI-GeometryPack/viewer_multi.html?v=177823, canvas=368x195, rafFrozen=False
  [timing] trigger_3d_previews: 0.4s
  Saved high-quality screenshot: reconstruct_all_executed.png
  [timing] final_screenshot: 0.3s
    Captured 7 video frames