Capturing execution frames: remeshing.json
  Frame 1 saved (frame_000.jpg, t=0.0s)
  Validating workflow...
  Queuing workflow for execution...
  Frame 2 saved (frame_001.jpg, t=2.2s)
  [capture-periodic] freeze=1ms shot=85ms unfreeze=3ms saved=True
  Frame 3 saved (frame_002.jpg, t=4.4s)
  [capture-periodic] freeze=2ms shot=96ms unfreeze=2ms saved=True
  [capture-loop] iter=50 t=5.6s state={'complete': False, 'error': None, 'executedCount': 0, 'wsState': 1} eval_ms=2 ram=2.9/15.6GB (18%) swap=0.0/3.0GB (0%) cpu=26% browser_rss=1.05GB
  [capture-loop] iter=100 t=11.1s state={'complete': False, 'error': None, 'executedCount': 0, 'wsState': 1} eval_ms=2 ram=2.7/15.6GB (17%) swap=0.0/3.0GB (0%) cpu=35% browser_rss=0.90GB
  [capture-loop] iter=150 t=16.4s state={'complete': False, 'error': None, 'executedCount': 0, 'wsState': 1} eval_ms=2 ram=2.7/15.6GB (17%) swap=0.0/3.0GB (0%) cpu=33% browser_rss=0.90GB
  [capture-loop] iter=200 t=21.9s state={'complete': False, 'error': None, 'executedCount': 0, 'wsState': 1} eval_ms=2 ram=2.7/15.6GB (17%) swap=0.0/3.0GB (0%) cpu=34% browser_rss=0.87GB
  [capture-loop] iter=250 t=27.2s state={'complete': False, 'error': None, 'executedCount': 0, 'wsState': 1} eval_ms=2 ram=2.7/15.6GB (17%) swap=0.0/3.0GB (0%) cpu=33% browser_rss=0.87GB
  Node executed (1 total), capturing...
  Frame 4 saved (frame_003.jpg, t=27.8s)
  [capture-node] freeze=2ms shot=92ms unfreeze=3ms saved=True
  Node executed (2 total), capturing...
  Frame 5 saved (frame_004.jpg, t=28.6s)
  [capture-node] freeze=16ms shot=1058ms unfreeze=0ms saved=True
  Execution complete (t=28.6s)
  Captured 5 unique frames over 29.75s
  [debug] iframes: 1
  [debug]   iframe[0]: src=http://127.0.0.1:8188/extensions/ComfyUI-GeometryPack/viewer_dual.html?v=1778239, canvas=370x485, rafFrozen=True
  [timing] trigger_3d_previews: 0.0s
  Saved high-quality screenshot: remeshing_executed.png
  [timing] final_screenshot: 0.3s
    Captured 6 video frames