Capturing execution frames: sharpen_all.json
  Frame 1 saved (frame_000.jpg, t=0.0s)
  Validating workflow...
  Queuing workflow for execution...
  Frame 2 saved (frame_001.jpg, t=2.2s)
  [capture-periodic] freeze=2ms shot=113ms unfreeze=2ms saved=True
  Node executed (1 total), capturing...
  Frame 3 saved (frame_002.jpg, t=3.4s)
  [capture-node] freeze=2ms shot=106ms unfreeze=4ms saved=True
  Frame 4 saved (frame_003.jpg, t=5.6s)
  [capture-periodic] freeze=2ms shot=109ms unfreeze=2ms saved=True
  [capture-loop] iter=50 t=6.0s state={'complete': False, 'error': None, 'executedCount': 1, 'wsState': 1} eval_ms=2 ram=3.2/15.6GB (21%) swap=0.0/3.0GB (0%) cpu=34% browser_rss=1.17GB
  Node executed (2 total), capturing...
  Frame 5 saved (frame_004.jpg, t=6.3s)
  [capture-node] freeze=2ms shot=109ms unfreeze=2ms saved=True
  Node executed (3 total), capturing...
  Frame 6 saved (frame_005.jpg, t=6.7s)
  [capture-node] freeze=2ms shot=112ms unfreeze=6ms saved=True
  [capture-loop] iter=100 t=12.0s state={'complete': False, 'error': None, 'executedCount': 3, 'wsState': 1} eval_ms=2 ram=3.1/15.6GB (20%) swap=0.0/3.0GB (0%) cpu=36% browser_rss=0.97GB
  Node executed (4 total), capturing...
  Frame 7 saved (frame_006.jpg, t=14.3s)
  [capture-node] freeze=3ms shot=110ms unfreeze=2ms saved=True
  Frame 8 saved (frame_007.jpg, t=16.5s)
  [capture-periodic] freeze=2ms shot=111ms unfreeze=2ms saved=True
  [capture-loop] iter=150 t=17.8s state={'complete': False, 'error': None, 'executedCount': 4, 'wsState': 1} eval_ms=2 ram=3.0/15.6GB (19%) swap=0.0/3.0GB (0%) cpu=36% browser_rss=0.94GB
  Node executed (5 total), capturing...
  Frame 9 saved (frame_008.jpg, t=22.6s)
  [capture-node] freeze=2ms shot=109ms unfreeze=2ms saved=True
  [capture-loop] iter=200 t=23.5s state={'complete': False, 'error': None, 'executedCount': 5, 'wsState': 1} eval_ms=2 ram=3.0/15.6GB (19%) swap=0.0/3.0GB (0%) cpu=34% browser_rss=0.94GB
  Frame 10 saved (frame_009.jpg, t=24.8s)
  [capture-periodic] freeze=2ms shot=120ms unfreeze=4ms saved=True
  [capture-loop] iter=250 t=29.0s state={'complete': False, 'error': None, 'executedCount': 5, 'wsState': 1} eval_ms=2 ram=3.0/15.6GB (19%) swap=0.0/3.0GB (0%) cpu=33% browser_rss=0.94GB
  [capture-loop] iter=300 t=34.5s state={'complete': False, 'error': None, 'executedCount': 5, 'wsState': 1} eval_ms=2 ram=3.0/15.6GB (19%) swap=0.0/3.0GB (0%) cpu=34% browser_rss=0.93GB
  [capture-loop] iter=350 t=40.0s state={'complete': False, 'error': None, 'executedCount': 5, 'wsState': 1} eval_ms=2 ram=3.0/15.6GB (19%) swap=0.0/3.0GB (0%) cpu=34% browser_rss=0.94GB
  [capture-loop] iter=400 t=45.5s state={'complete': False, 'error': None, 'executedCount': 5, 'wsState': 1} eval_ms=2 ram=3.0/15.6GB (19%) swap=0.0/3.0GB (0%) cpu=34% browser_rss=0.94GB
  Node executed (6 total), capturing...
  Frame 11 saved (frame_010.jpg, t=47.4s)
  [capture-node] freeze=2ms shot=193ms unfreeze=53ms saved=True
  Node executed (7 total), capturing...
  Frame 12 saved (frame_011.jpg, t=48.6s)
  [capture-node] freeze=86ms shot=821ms unfreeze=11ms saved=True
  Node executed (9 total), capturing...
  Frame 13 saved (frame_012.jpg, t=49.9s)
  [capture-node] freeze=2ms shot=141ms unfreeze=0ms saved=True
  Execution complete (t=49.9s)
  Captured 13 unique frames over 50.12s
  [debug] iframes: 2
  [debug]   iframe[0]: src=http://127.0.0.1:8188/extensions/ComfyUI-GeometryPack/viewer_multi.html?v=177823, canvas=368x195, rafFrozen=True
  [debug]   iframe[1]: src=http://127.0.0.1:8188/extensions/ComfyUI-GeometryPack/viewer_multi.html?v=177823, canvas=368x195, rafFrozen=True
  [timing] trigger_3d_previews: 0.0s
  Saved high-quality screenshot: sharpen_all_executed.png
  [timing] final_screenshot: 0.3s
    Captured 14 video frames