Capturing execution frames: skeleton_all.json
  Frame 1 saved (frame_000.jpg, t=0.0s)
  Validating workflow...
  Queuing workflow for execution...
  Frame 2 saved (frame_001.jpg, t=2.3s)
  [capture-periodic] freeze=2ms shot=130ms unfreeze=2ms saved=True
  Node executed (1 total), capturing...
  Frame 3 saved (frame_002.jpg, t=3.0s)
  [capture-node] freeze=458ms shot=641ms unfreeze=3ms saved=True
  Node executed (2 total), capturing...
  Frame 4 saved (frame_003.jpg, t=4.4s)
  [capture-node] freeze=2ms shot=107ms unfreeze=0ms saved=True
  Execution complete (t=4.4s)
  Captured 4 unique frames over 4.57s
  [debug] iframes: 2
  [debug]   iframe[0]: src=http://127.0.0.1:8188/extensions/ComfyUI-GeometryPack/viewer_multi.html?v=177823, canvas=368x393, rafFrozen=True
  [debug]   iframe[1]: src=http://127.0.0.1:8188/extensions/ComfyUI-GeometryPack/viewer_multi.html?v=177823, canvas=368x195, rafFrozen=True
  [timing] trigger_3d_previews: 0.0s
  Saved high-quality screenshot: skeleton_all_executed.png
  [timing] final_screenshot: 0.3s
    Captured 5 video frames