Capturing execution frames: surface_reconstruction.json
  Frame 1 saved (frame_000.jpg, t=0.0s)
  Validating workflow...
  Queuing workflow for execution...
  Frame 2 saved (frame_001.jpg, t=2.2s)
  [capture-periodic] freeze=2ms shot=120ms unfreeze=3ms saved=True
  Frame 3 saved (frame_002.jpg, t=4.5s)
  [capture-periodic] freeze=2ms shot=112ms unfreeze=5ms saved=True
  Node executed (1 total), capturing...
  Frame 4 saved (frame_003.jpg, t=5.0s)
  [capture-node] freeze=2ms shot=99ms unfreeze=3ms saved=True
  Node executed (2 total), capturing...
  Frame 5 saved (frame_004.jpg, t=5.6s)
  [capture-node] freeze=2ms shot=97ms unfreeze=3ms saved=True
  Execution complete (t=5.8s)
  Captured 5 unique frames over 5.84s
  [debug] iframes: 1
  [debug]   iframe[0]: src=http://127.0.0.1:8188/extensions/ComfyUI-GeometryPack/viewer_dual.html?v=1778239, canvas=370x485, rafFrozen=False
  [timing] trigger_3d_previews: 0.3s
  Saved high-quality screenshot: surface_reconstruction_executed.png
  [timing] final_screenshot: 0.2s
    Captured 6 video frames