Capturing execution frames: uv_unwrap.json
  Frame 1 saved (frame_000.jpg, t=0.0s)
  Validating workflow...
  Queuing workflow for execution...
  Frame 2 saved (frame_001.jpg, t=2.2s)
  [capture-periodic] freeze=2ms shot=97ms unfreeze=3ms saved=True
  Frame 3 saved (frame_002.jpg, t=4.4s)
  [capture-periodic] freeze=10ms shot=148ms unfreeze=4ms saved=True
  Node executed (1 total), capturing...
  Frame 4 saved (frame_003.jpg, t=5.1s)
  [capture-node] freeze=2ms shot=98ms unfreeze=2ms saved=True
  Node executed (2 total), capturing...
  Frame 5 saved (frame_004.jpg, t=5.8s)
  [capture-node] freeze=18ms shot=203ms unfreeze=0ms saved=True
  Execution complete (t=5.8s)
  Captured 5 unique frames over 6.03s
  [debug] iframes: 1
  [debug]   iframe[0]: src=http://127.0.0.1:8188/extensions/ComfyUI-GeometryPack/viewer_uv.html?v=177823953, canvas=287x287, rafFrozen=True
  [timing] trigger_3d_previews: 0.0s
  Saved high-quality screenshot: uv_unwrap_executed.png
  [timing] final_screenshot: 0.2s
    Captured 6 video frames