[Console-error] Failed to load resource: the server responded with a status of 404 (Not Found)
[Console-error] Failed to load resource: the server responded with a status of 404 (Not Found)
[Console-warning] [ComfyUI] The legacy queue/history menu is deprecated. Core functionality in this menu may break at any time. Issues and feature requests related to the legacy menu will not be addressed. To switch to the new menu: Settings → search "Use new menu" → change from "Disabled" to "Top".
[Console-warning] [ComfyUI] The legacy queue/history menu is deprecated. Core functionality in this menu may break at any time. Issues and feature requests related to the legacy menu will not be addressed. To switch to the new menu: Settings → search "Use new menu" → change from "Disabled" to "Top".
[Console-error] Failed to load resource: the server responded with a status of 404 (Not Found)
[Console-error] ComfyApp graph accessed before initialization
[Console-error] Failed to load resource: the server responded with a status of 404 (Not Found)
[Console-error] Failed to load resource: the server responded with a status of 404 (Not Found)
[Console-error] Failed to load resource: the server responded with a status of 404 (Not Found)
[Console-warning] WARNING: Multiple instances of Three.js being imported.
[Console-log] [GeomPack] Loading UV mesh preview extension...
[Console-log] [GeomPack] UV mesh preview extension registered
[Console-log] [FBX Preview] Auto-registering for all known FBX preview node types...
[Console-log] [UniRig] Loading FBX mesh preview extension...
[Console-log] [UniRig] Detected extension folder: ComfyUI-GeometryPack
[Console-log] [UniRig] FBX mesh preview extension registered
[Console-log] [SAM3DBody] Loading FBX mesh preview extension...
[Console-log] [SAM3DBody] Detected extension folder: ComfyUI-GeometryPack
[Console-log] [SAM3DBody] FBX mesh preview extension registered
[Console-log] [MotionCapture] Loading FBX mesh preview extension...
[Console-log] [MotionCapture] Detected extension folder: ComfyUI-GeometryPack
[Console-log] [MotionCapture] FBX mesh preview extension registered
[Console-log] [MotionCapture] Loading FBX mesh preview extension...
[Console-log] [MotionCapture] Detected extension folder: ComfyUI-GeometryPack
[Console-log] [MotionCapture] FBX mesh preview extension registered
[Console-log] [UniRig Debug] Loading FBX mesh preview extension...
[Console-log] [UniRig Debug] Detected extension folder: ComfyUI-GeometryPack
[Console-log] [UniRig Debug] FBX mesh preview extension registered
[Console-log] [BVHViewer] Loading BVH Viewer extension
[Console-log] [BVHViewer] Loading BVH viewer extension...
[Console-log] [BVHViewer] Extension registered: comfy3d.bvhviewer
[Console-log] [GeomPack Gaussian] Loading extension...
[Console-log] [FBXAnimationViewer] Loading FBX Animation Viewer extension
[Console-log] [FBXAnimationViewer] Loading FBX Animation Viewer extension...
[Console-log] [FBXAnimationViewer] Extension registered: comfy3d.fbxanimationviewer
[Console-log] [CompareSMPLBVH] Loading Compare SMPL BVH extension
[Console-log] [CompareSMPLBVH] Loading Compare SMPL BVH extension...
[Console-log] [CompareSMPLBVH] Extension registered: comfy3d.comparesmplbvh
[Console-log] [GeomPack] Loading mesh preview extension...
[Console-log] [GeomPack] Mesh preview extension registered
[Console-log] [UniRig Compare] Loading compare skeleton widget...
[Console-log] [UniRig Compare] Detected extension folder: ComfyUI-GeometryPack
[Console-log] [UniRig Compare] Compare skeleton widget registered
[Console-log] [GeomPack] Loading VTK.js textured mesh preview extension...
[Console-log] [GeomPack] VTK.js textured mesh preview extension registered
[Console-log] [GeomPack Multi JS] Loading mesh_preview_multi.js extension
[Console-log] [VTK Bundle] GLTFImporter included in bundle
[Console-warning] [MaskEditor] ComfyApp.open_maskeditor is deprecated. Plugins should migrate to using the command system or direct node context menu integration.
[Console-log] [GeomPack] Registering Preview Mesh node
[Console-log] [GeomPack] Registering Preview Mesh UV node
[Console-log] [GeomPack Gaussian] Registering Preview Gaussian node
[Console-log] [GeomPack Multi JS] Creating PreviewMeshMulti node widget
[Console-log] [GeomPack Multi JS] Creating PreviewMeshMulti node widget
[Console-log] [GeomPack Multi JS] Creating PreviewMeshMulti node widget
[Console-log] [GeomPack Multi JS] Creating PreviewMeshMulti node widget
[Console-log] [VTK Bundle] GLTFImporter included in bundle
[Console-log] [GeomPack VTK Multi Viewer] Initializing...
[Console-log] [GeomPack VTK Multi Viewer] Ready
[Console-log] [GeomPack Multi] Iframe loaded
[Console-log] [VTK Bundle] GLTFImporter included in bundle
[Console-log] [VTK Bundle] GLTFImporter included in bundle
[Console-log] [VTK Bundle] GLTFImporter included in bundle
[Console-log] [GeomPack VTK Multi Viewer] Initializing...
[Console-log] [GeomPack VTK Multi Viewer] Ready
[Console-log] [GeomPack VTK Multi Viewer] Initializing...
[Console-log] [GeomPack VTK Multi Viewer] Ready
[Console-log] [GeomPack VTK Multi Viewer] Initializing...
[Console-log] [GeomPack VTK Multi Viewer] Ready
[Console-log] [GeomPack Multi] Iframe loaded
[Console-log] [GeomPack Multi] Iframe loaded
[Console-log] [GeomPack Multi] Iframe loaded
[Console-log] [GeomPack UV] Node created, adding widget
[Console-log] [GeomPack UV] Node created, adding widget
[Console-log] [GeomPack UV] Node created, adding widget
[Console-log] [GeomPack UV] Node created, adding widget
[Console-log] [GeomPack UV] Node created, adding widget
[Console-log] [GeomPack UV] Node created, adding widget
[Console-log] [GeomPack UV] Node created, adding widget
[Console-log] [GeomPack UV] Node created, adding widget
[Console-log] [GeomPack UV] Node created, adding widget
[Console-log] [GeomPack UV Viewer] Initializing...
[Console-log] [GeomPack UV Viewer] Ready
[Console-log] [GeomPack UV Viewer] Initializing...
[Console-log] [GeomPack UV Viewer] Ready
[Console-log] [GeomPack UV Viewer] Initializing...
[Console-log] [GeomPack UV Viewer] Ready
[Console-log] [GeomPack UV Viewer] Initializing...
[Console-log] [GeomPack UV Viewer] Ready
[Console-log] [GeomPack UV Viewer] Initializing...
[Console-log] [GeomPack UV Viewer] Ready
[Console-log] [GeomPack UV Viewer] Initializing...
[Console-log] [GeomPack UV Viewer] Ready
[Console-log] [GeomPack UV Viewer] Initializing...
[Console-log] [GeomPack UV Viewer] Ready
[Console-log] [GeomPack UV Viewer] Initializing...
[Console-log] [GeomPack UV Viewer] Ready
[Console-log] [GeomPack UV Viewer] Initializing...
[Console-warning] WARNING: Too many active WebGL contexts. Oldest context will be lost.
[Console-warning] WARNING: Too many active WebGL contexts. Oldest context will be lost.
[Console-log] [GeomPack UV Viewer] Ready
[Console-log] THREE.WebGLRenderer: Context Lost.
[Console-log] THREE.WebGLRenderer: Context Lost.
[Console-log] [comfy-test] graphToPrompt: 19 nodes, missing class_type: [], sample: {"inputs":{"file_path":"3d/camelhead.off"},"class_type":"GeomPackLoadMesh","_meta":{"title":"Load Mesh"}}
[Console-log] [GeomPack UV] onExecuted called with message: {mesh_file: Array(1), vertex_count: Array(1), face_count: Array(1), bounds_min: Array(1), bounds_max: Array(1)}
[Console-log] [GeomPack UV] Loading mesh: preview_uv_59196260.glb
[Console-log] [GeomPack UV] UV data: preview_uv_ca549892_uvdata.json
[Console-log] [GeomPack UV] Checker: false, Wireframe: true
[Console-log] [GeomPack UV] UV Coverage: 0.395, In Unit Square: true
[Console-log] [GeomPack UV] Sending postMessage to iframe
[Console-log] [GeomPack UV Viewer] Received message: {type: LOAD_MESH_UV, meshPath: /view?filename=preview_uv_59196260.glb&type=output&subfolder=, uvDataPath: /view?filename=preview_uv_ca549892_uvdata.json&type=output&subfolder=, checker: false, wireframe: true}
[Console-log] [GeomPack UV Viewer] Loading mesh: /view?filename=preview_uv_59196260.glb&type=output&subfolder=
[Console-log] [GeomPack UV Viewer] Mesh Loaded successfully
[Console-log] [GeomPack UV Viewer] UV data loaded: 13353 UVs
[Console-log] [GeomPack UV] onExecuted called with message: {mesh_file: Array(1), vertex_count: Array(1), face_count: Array(1), bounds_min: Array(1), bounds_max: Array(1)}
[Console-log] [GeomPack UV] Loading mesh: preview_uv_7178bb7d.glb
[Console-log] [GeomPack UV] UV data: preview_uv_2a91c681_uvdata.json
[Console-log] [GeomPack UV] Checker: false, Wireframe: true
[Console-log] [GeomPack UV] UV Coverage: 0.625, In Unit Square: true
[Console-log] [GeomPack UV] Sending postMessage to iframe
[Console-log] [GeomPack UV Viewer] Received message: {type: LOAD_MESH_UV, meshPath: /view?filename=preview_uv_7178bb7d.glb&type=output&subfolder=, uvDataPath: /view?filename=preview_uv_2a91c681_uvdata.json&type=output&subfolder=, checker: false, wireframe: true}
[Console-log] [GeomPack UV Viewer] Loading mesh: /view?filename=preview_uv_7178bb7d.glb&type=output&subfolder=
[Console-log] [GeomPack UV Viewer] Mesh Loaded successfully
[Console-log] [GeomPack UV Viewer] UV data loaded: 11428 UVs
[Console-log] [GeomPack UV] onExecuted called with message: {mesh_file: Array(1), vertex_count: Array(1), face_count: Array(1), bounds_min: Array(1), bounds_max: Array(1)}
[Console-log] [GeomPack UV] Loading mesh: preview_uv_c63cfdf8.glb
[Console-log] [GeomPack UV] UV data: preview_uv_b37c69e7_uvdata.json
[Console-log] [GeomPack UV] Checker: false, Wireframe: true
[Console-log] [GeomPack UV] UV Coverage: 0.784, In Unit Square: true
[Console-log] [GeomPack UV] Sending postMessage to iframe
[Console-log] [GeomPack UV Viewer] Received message: {type: LOAD_MESH_UV, meshPath: /view?filename=preview_uv_c63cfdf8.glb&type=output&subfolder=, uvDataPath: /view?filename=preview_uv_b37c69e7_uvdata.json&type=output&subfolder=, checker: false, wireframe: true}
[Console-log] [GeomPack UV Viewer] Loading mesh: /view?filename=preview_uv_c63cfdf8.glb&type=output&subfolder=
[Console-log] [GeomPack UV Viewer] Mesh Loaded successfully
[Console-log] [GeomPack UV Viewer] UV data loaded: 11381 UVs
[Console-log] [GeomPack UV] onExecuted called with message: {mesh_file: Array(1), vertex_count: Array(1), face_count: Array(1), bounds_min: Array(1), bounds_max: Array(1)}
[Console-log] [GeomPack UV] Loading mesh: preview_uv_71a14b25.glb
[Console-log] [GeomPack UV] UV data: preview_uv_af73d43f_uvdata.json
[Console-log] [GeomPack UV] Checker: false, Wireframe: true
[Console-log] [GeomPack UV] UV Coverage: 0.757, In Unit Square: true
[Console-log] [GeomPack UV] Sending postMessage to iframe
[Console-log] [GeomPack UV Viewer] Received message: {type: LOAD_MESH_UV, meshPath: /view?filename=preview_uv_71a14b25.glb&type=output&subfolder=, uvDataPath: /view?filename=preview_uv_af73d43f_uvdata.json&type=output&subfolder=, checker: false, wireframe: true}
[Console-log] [GeomPack UV Viewer] Loading mesh: /view?filename=preview_uv_71a14b25.glb&type=output&subfolder=
[Console-log] [GeomPack UV Viewer] Mesh Loaded successfully
[Console-log] [GeomPack UV Viewer] UV data loaded: 11381 UVs
[Console-log] [GeomPack UV] onExecuted called with message: {mesh_file: Array(1), vertex_count: Array(1), face_count: Array(1), bounds_min: Array(1), bounds_max: Array(1)}
[Console-log] [GeomPack UV] Loading mesh: preview_uv_78d57f74.glb
[Console-log] [GeomPack UV] UV data: preview_uv_34027831_uvdata.json
[Console-log] [GeomPack UV] Checker: false, Wireframe: true
[Console-log] [GeomPack UV] UV Coverage: 2.143, In Unit Square: true
[Console-log] [GeomPack UV] Sending postMessage to iframe
[Console-log] [GeomPack UV Viewer] Received message: {type: LOAD_MESH_UV, meshPath: /view?filename=preview_uv_78d57f74.glb&type=output&subfolder=, uvDataPath: /view?filename=preview_uv_34027831_uvdata.json&type=output&subfolder=, checker: false, wireframe: true}
[Console-log] [GeomPack UV Viewer] Loading mesh: /view?filename=preview_uv_78d57f74.glb&type=output&subfolder=
[Console-log] [GeomPack UV Viewer] Mesh Loaded successfully
[Console-log] [GeomPack UV Viewer] UV data loaded: 13121 UVs
[Console-log] [GeomPack UV] onExecuted called with message: {mesh_file: Array(1), vertex_count: Array(1), face_count: Array(1), bounds_min: Array(1), bounds_max: Array(1)}
[Console-log] [GeomPack UV] Loading mesh: preview_uv_0a70b57e.glb
[Console-log] [GeomPack UV] UV data: preview_uv_88ce838f_uvdata.json
[Console-log] [GeomPack UV] Checker: false, Wireframe: true
[Console-log] [GeomPack UV] UV Coverage: 0.678, In Unit Square: true
[Console-log] [GeomPack UV] Sending postMessage to iframe
[Console-log] [GeomPack UV Viewer] Received message: {type: LOAD_MESH_UV, meshPath: /view?filename=preview_uv_0a70b57e.glb&type=output&subfolder=, uvDataPath: /view?filename=preview_uv_88ce838f_uvdata.json&type=output&subfolder=, checker: false, wireframe: true}
[Console-log] [GeomPack UV Viewer] Loading mesh: /view?filename=preview_uv_0a70b57e.glb&type=output&subfolder=
[Console-log] [GeomPack UV Viewer] Mesh Loaded successfully
[Console-log] [GeomPack UV Viewer] UV data loaded: 11381 UVs
[Console-log] [GeomPack UV] onExecuted called with message: {mesh_file: Array(1), vertex_count: Array(1), face_count: Array(1), bounds_min: Array(1), bounds_max: Array(1)}
[Console-log] [GeomPack UV] Loading mesh: preview_uv_ed1f2386.glb
[Console-log] [GeomPack UV] UV data: preview_uv_126db5ff_uvdata.json
[Console-log] [GeomPack UV] Checker: false, Wireframe: true
[Console-log] [GeomPack UV] UV Coverage: 0.578, In Unit Square: true
[Console-log] [GeomPack UV] Sending postMessage to iframe
[Console-log] [GeomPack UV Viewer] Received message: {type: LOAD_MESH_UV, meshPath: /view?filename=preview_uv_ed1f2386.glb&type=output&subfolder=, uvDataPath: /view?filename=preview_uv_126db5ff_uvdata.json&type=output&subfolder=, checker: false, wireframe: true}
[Console-log] [GeomPack UV Viewer] Loading mesh: /view?filename=preview_uv_ed1f2386.glb&type=output&subfolder=
[Console-log] [GeomPack UV Viewer] Mesh Loaded successfully
[Console-log] [GeomPack UV Viewer] UV data loaded: 14128 UVs
[Console-log] [GeomPack UV] onExecuted called with message: {mesh_file: Array(1), vertex_count: Array(1), face_count: Array(1), bounds_min: Array(1), bounds_max: Array(1)}
[Console-log] [GeomPack UV] Loading mesh: preview_uv_acd78bbc.glb
[Console-log] [GeomPack UV] UV data: preview_uv_0330c38a_uvdata.json
[Console-log] [GeomPack UV] Checker: false, Wireframe: true
[Console-log] [GeomPack UV] UV Coverage: 0.594, In Unit Square: true
[Console-log] [GeomPack UV] Sending postMessage to iframe
[Console-log] [GeomPack UV Viewer] Received message: {type: LOAD_MESH_UV, meshPath: /view?filename=preview_uv_acd78bbc.glb&type=output&subfolder=, uvDataPath: /view?filename=preview_uv_0330c38a_uvdata.json&type=output&subfolder=, checker: false, wireframe: true}
[Console-log] [GeomPack UV Viewer] Loading mesh: /view?filename=preview_uv_acd78bbc.glb&type=output&subfolder=
[Console-log] [GeomPack UV Viewer] Mesh Loaded successfully
[Console-log] [GeomPack UV Viewer] UV data loaded: 13555 UVs
[Console-log] [GeomPack UV] onExecuted called with message: {mesh_file: Array(1), vertex_count: Array(1), face_count: Array(1), bounds_min: Array(1), bounds_max: Array(1)}
[Console-log] [GeomPack UV] Loading mesh: preview_uv_cb784c57.glb
[Console-log] [GeomPack UV] UV data: preview_uv_7b5851cb_uvdata.json
[Console-log] [GeomPack UV] Checker: false, Wireframe: true
[Console-log] [GeomPack UV] UV Coverage: 0.683, In Unit Square: true
[Console-log] [GeomPack UV] Sending postMessage to iframe
[Console-log] [GeomPack UV Viewer] Received message: {type: LOAD_MESH_UV, meshPath: /view?filename=preview_uv_cb784c57.glb&type=output&subfolder=, uvDataPath: /view?filename=preview_uv_7b5851cb_uvdata.json&type=output&subfolder=, checker: false, wireframe: true}
[Console-log] [GeomPack UV Viewer] Loading mesh: /view?filename=preview_uv_cb784c57.glb&type=output&subfolder=
[Console-log] [GeomPack UV Viewer] Mesh Loaded successfully
[Console-log] [GeomPack UV Viewer] UV data loaded: 11428 UVs