Capturing execution frames: alpha_wrap.json
  Frame 1 saved (frame_000.jpg, t=0.0s)
  Validating workflow...
  Queuing workflow for execution...
  Frame 2 saved (frame_001.jpg, t=2.3s)
  [capture-periodic] freeze=3ms shot=91ms unfreeze=5ms saved=True
  Frame 3 saved (frame_002.jpg, t=4.4s)
  [capture-periodic] freeze=4ms shot=100ms unfreeze=3ms saved=True
  [capture-loop] iter=50 t=5.7s state={'complete': False, 'error': None, 'executedCount': 0, 'wsState': 1} eval_ms=3 ram=2.7/15.6GB (18%) swap=0.0/3.0GB (0%) cpu=24% browser_rss=0.87GB
  Frame 4 saved (frame_003.jpg, t=6.6s)
  [capture-periodic] freeze=4ms shot=106ms unfreeze=9ms saved=True
  Node executed (1 total), capturing...
  Frame 5 saved (frame_004.jpg, t=7.0s)
  [capture-node] freeze=55ms shot=701ms unfreeze=4ms saved=True
  Node executed (2 total), capturing...
  Frame 6 saved (frame_005.jpg, t=8.7s)
  [capture-node] freeze=5ms shot=119ms unfreeze=4ms saved=True
  Node executed (4 total), capturing...
  Frame 7 saved (frame_006.jpg, t=9.7s)
  [capture-node] freeze=89ms shot=126ms unfreeze=0ms saved=True
  Execution complete (t=9.7s)
  Captured 7 unique frames over 9.95s
  [debug] iframes: 2
  [debug]   iframe[0]: src=http://127.0.0.1:8188/extensions/ComfyUI-GeometryPack/viewer_dual.html?v=1778212, canvas=370x485, rafFrozen=True
  [debug]   iframe[1]: src=http://127.0.0.1:8188/extensions/ComfyUI-GeometryPack/viewer_multi.html?v=177821, canvas=244x393, rafFrozen=True
  [timing] trigger_3d_previews: 0.0s
  Saved high-quality screenshot: alpha_wrap_executed.png
  [timing] final_screenshot: 0.3s
    Captured 8 video frames