Capturing execution frames: batch_remesh.json
  Frame 1 saved (frame_000.jpg, t=0.0s)
  Validating workflow...
  Queuing workflow for execution...
  Node executed (1 total), capturing...
  Frame 2 saved (frame_001.jpg, t=1.4s)
  [capture-node] freeze=3ms shot=84ms unfreeze=5ms saved=True
  Node executed (2 total), capturing...
  Frame 3 saved (frame_002.jpg, t=2.5s)
  [capture-node] freeze=3ms shot=95ms unfreeze=5ms saved=True
  Frame 4 saved (frame_003.jpg, t=4.6s)
  [capture-periodic] freeze=2ms shot=94ms unfreeze=5ms saved=True
  [capture-loop] iter=50 t=6.1s state={'complete': False, 'error': None, 'executedCount': 2, 'wsState': 1} eval_ms=3 ram=3.3/15.6GB (21%) swap=0.0/3.0GB (0%) cpu=36% browser_rss=1.01GB
  Node executed (3 total), capturing...
  Frame 5 saved (frame_004.jpg, t=7.5s)
  [capture-node] freeze=3ms shot=92ms unfreeze=3ms saved=True
  Node executed (4 total), capturing...
  Frame 6 saved (frame_005.jpg, t=8.0s)
  [capture-node] freeze=3ms shot=90ms unfreeze=3ms saved=True
  Node executed (5 total), capturing...
  Frame 7 saved (frame_006.jpg, t=8.7s)
  [capture-node] freeze=4ms shot=95ms unfreeze=6ms saved=True
  Node executed (6 total), capturing...
  Frame 8 saved (frame_007.jpg, t=9.2s)
  [capture-node] freeze=3ms shot=89ms unfreeze=0ms saved=True
  Execution complete (t=9.2s)
  Captured 8 unique frames over 9.29s
  [debug] iframes: 1
  [debug]   iframe[0]: src=http://127.0.0.1:8188/extensions/ComfyUI-GeometryPack/viewer_vtk.html?v=17782120, canvas=622x373, rafFrozen=True
  [timing] trigger_3d_previews: 0.0s
  Saved high-quality screenshot: batch_remesh_executed.png
  [timing] final_screenshot: 0.2s
    Captured 9 video frames