Capturing execution frames: depth_map_to_mesh.json
  Frame 1 saved (frame_000.jpg, t=0.0s)
  Validating workflow...
  Queuing workflow for execution...
  Frame 2 saved (frame_001.jpg, t=2.2s)
  [capture-periodic] freeze=2ms shot=93ms unfreeze=4ms saved=True
  Frame 3 saved (frame_002.jpg, t=4.4s)
  [capture-periodic] freeze=1ms shot=100ms unfreeze=12ms saved=True
  Node executed (1 total), capturing...
  Frame 4 saved (frame_003.jpg, t=4.8s)
  [capture-node] freeze=2ms shot=101ms unfreeze=3ms saved=True
  [capture-loop] iter=50 t=5.9s state={'complete': False, 'error': None, 'executedCount': 1, 'wsState': 1} eval_ms=2 ram=3.3/15.6GB (21%) swap=0.0/3.0GB (0%) cpu=24% browser_rss=1.02GB
  Node executed (2 total), capturing...
  Frame 5 saved (frame_004.jpg, t=9.2s)
  [capture-node] freeze=2ms shot=111ms unfreeze=15ms saved=True
  Execution complete (t=9.6s)
  Captured 5 unique frames over 13.05s
  [debug] iframes: 1
  [debug]   iframe[0]: src=http://127.0.0.1:8188/extensions/ComfyUI-GeometryPack/viewer_vtk.html?v=17783434, canvas=486x348, rafFrozen=False
  [timing] trigger_3d_previews: 0.0s
  Saved high-quality screenshot: depth_map_to_mesh_executed.png
  [timing] final_screenshot: 0.2s
    Captured 6 video frames