Capturing execution frames: fix_normals_all.json
  Frame 1 saved (frame_000.jpg, t=0.0s)
  Validating workflow...
  Queuing workflow for execution...
  Node executed (1 total), capturing...
  Frame 2 saved (frame_001.jpg, t=0.8s)
  [capture-node] freeze=3ms shot=94ms unfreeze=4ms saved=True
  Node executed (3 total), capturing...
  Frame 3 saved (frame_002.jpg, t=2.0s)
  [capture-node] freeze=383ms shot=1021ms unfreeze=3ms saved=True
  Node executed (7 total), capturing...
  Frame 4 saved (frame_003.jpg, t=3.8s)
  [capture-node] freeze=3ms shot=129ms unfreeze=0ms saved=True
  Execution complete (t=3.8s)
  Captured 4 unique frames over 3.98s
  [debug] iframes: 2
  [debug]   iframe[0]: src=http://127.0.0.1:8188/extensions/ComfyUI-GeometryPack/viewer_multi.html?v=177821, canvas=368x393, rafFrozen=True
  [debug]   iframe[1]: src=http://127.0.0.1:8188/extensions/ComfyUI-GeometryPack/viewer_multi.html?v=177821, canvas=368x195, rafFrozen=True
  [timing] trigger_3d_previews: 0.0s
  Saved high-quality screenshot: fix_normals_all_executed.png
  [timing] final_screenshot: 0.3s
    Captured 5 video frames