Capturing execution frames: mesh_mesh_distance.json
  Frame 1 saved (frame_000.jpg, t=0.0s)
  Validating workflow...
  Queuing workflow for execution...
  Frame 2 saved (frame_001.jpg, t=2.2s)
  [capture-periodic] freeze=4ms shot=92ms unfreeze=7ms saved=True
  Frame 3 saved (frame_002.jpg, t=4.4s)
  [capture-periodic] freeze=3ms shot=92ms unfreeze=5ms saved=True
  Node executed (1 total), capturing...
  Frame 4 saved (frame_003.jpg, t=5.2s)
  [capture-node] freeze=5ms shot=89ms unfreeze=4ms saved=True
  Node executed (2 total), capturing...
  [capture-node] freeze=3ms shot=87ms unfreeze=5ms saved=False
  [capture-loop] iter=50 t=6.3s state={'complete': False, 'error': None, 'executedCount': 2, 'wsState': 1} eval_ms=3 ram=3.0/15.6GB (19%) swap=0.0/3.0GB (0%) cpu=27% browser_rss=0.90GB
  Node executed (3 total), capturing...
  Frame 5 saved (frame_004.jpg, t=10.3s)
  [capture-node] freeze=3ms shot=102ms unfreeze=6ms saved=True
  Node executed (4 total), capturing...
  Frame 6 saved (frame_005.jpg, t=10.7s)
  [capture-node] freeze=3ms shot=94ms unfreeze=0ms saved=True
  Execution complete (t=10.7s)
  Captured 6 unique frames over 10.86s
  [debug] iframes: 0
  [timing] trigger_3d_previews: 0.0s
  Saved high-quality screenshot: mesh_mesh_distance_executed.png
  [timing] final_screenshot: 0.2s
    Captured 7 video frames