Capturing execution frames: reconstruct_all.json
  Frame 1 saved (frame_000.jpg, t=0.0s)
  Validating workflow...
  Queuing workflow for execution...
  Node executed (1 total), capturing...
  Frame 2 saved (frame_001.jpg, t=0.7s)
  [capture-node] freeze=77ms shot=125ms unfreeze=4ms saved=True
  Node executed (3 total), capturing...
  Frame 3 saved (frame_002.jpg, t=2.5s)
  [capture-node] freeze=3ms shot=145ms unfreeze=12ms saved=True
  Node executed (4 total), capturing...
  [capture-node] freeze=3ms shot=141ms unfreeze=4ms saved=False
  Frame 4 saved (frame_003.jpg, t=5.2s)
  [capture-periodic] freeze=3ms shot=135ms unfreeze=13ms saved=True
  [capture-loop] iter=50 t=6.8s state={'complete': False, 'error': None, 'executedCount': 4, 'wsState': 1} eval_ms=3 ram=3.4/15.6GB (22%) swap=0.0/3.0GB (0%) cpu=34% browser_rss=1.00GB
  Node executed (5 total), capturing...
  Frame 5 saved (frame_004.jpg, t=7.4s)
  [capture-node] freeze=3ms shot=105ms unfreeze=3ms saved=True
  Node executed (6 total), capturing...
  Frame 6 saved (frame_005.jpg, t=8.3s)
  [capture-node] freeze=1093ms shot=558ms unfreeze=0ms saved=True
  Execution complete (t=8.3s)
  Captured 6 unique frames over 9.94s
  [debug] iframes: 2
  [debug]   iframe[0]: src=http://127.0.0.1:8188/extensions/ComfyUI-GeometryPack/viewer_vtk.html?v=17782123, canvas=486x384, rafFrozen=True
  [debug]   iframe[1]: src=http://127.0.0.1:8188/extensions/ComfyUI-GeometryPack/viewer_multi.html?v=177821, canvas=368x195, rafFrozen=True
  [timing] trigger_3d_previews: 0.0s
  Saved high-quality screenshot: reconstruct_all_executed.png
  [timing] final_screenshot: 0.3s
    Captured 7 video frames