Capturing execution frames: sharpen_all.json
  Frame 1 saved (frame_000.jpg, t=0.0s)
  Validating workflow...
  Queuing workflow for execution...
  Frame 2 saved (frame_001.jpg, t=2.2s)
  [capture-periodic] freeze=3ms shot=105ms unfreeze=4ms saved=True
  Node executed (1 total), capturing...
  Frame 3 saved (frame_002.jpg, t=3.1s)
  [capture-node] freeze=3ms shot=107ms unfreeze=5ms saved=True
  Frame 4 saved (frame_003.jpg, t=5.3s)
  [capture-periodic] freeze=4ms shot=100ms unfreeze=6ms saved=True
  Node executed (2 total), capturing...
  Frame 5 saved (frame_004.jpg, t=6.0s)
  [capture-node] freeze=3ms shot=110ms unfreeze=6ms saved=True
  [capture-loop] iter=50 t=6.5s state={'complete': False, 'error': None, 'executedCount': 2, 'wsState': 1} eval_ms=14 ram=3.3/15.6GB (21%) swap=0.0/3.0GB (0%) cpu=35% browser_rss=1.14GB
  Frame 6 saved (frame_005.jpg, t=8.2s)
  [capture-periodic] freeze=4ms shot=106ms unfreeze=3ms saved=True
  [capture-loop] iter=100 t=12.1s state={'complete': False, 'error': None, 'executedCount': 2, 'wsState': 1} eval_ms=4 ram=3.1/15.6GB (20%) swap=0.0/3.0GB (0%) cpu=36% browser_rss=1.00GB
  Node executed (3 total), capturing...
  Frame 7 saved (frame_006.jpg, t=12.7s)
  [capture-node] freeze=3ms shot=108ms unfreeze=6ms saved=True
  Node executed (5 total), capturing...
  Frame 8 saved (frame_007.jpg, t=13.1s)
  [capture-node] freeze=101ms shot=1031ms unfreeze=4ms saved=True
  Node executed (6 total), capturing...
  Frame 9 saved (frame_008.jpg, t=14.8s)
  [capture-node] freeze=4ms shot=129ms unfreeze=3ms saved=True
  [capture-loop] iter=150 t=20.0s state={'complete': False, 'error': None, 'executedCount': 6, 'wsState': 1} eval_ms=4 ram=3.2/15.6GB (21%) swap=0.0/3.0GB (0%) cpu=46% browser_rss=1.09GB
  Node executed (7 total), capturing...
  Frame 10 saved (frame_009.jpg, t=21.4s)
  [capture-node] freeze=4ms shot=121ms unfreeze=3ms saved=True
  Frame 11 saved (frame_010.jpg, t=23.6s)
  [capture-periodic] freeze=4ms shot=133ms unfreeze=4ms saved=True
  [capture-loop] iter=200 t=25.8s state={'complete': False, 'error': None, 'executedCount': 7, 'wsState': 1} eval_ms=3 ram=3.2/15.6GB (20%) swap=0.0/3.0GB (0%) cpu=37% browser_rss=1.02GB
  [capture-loop] iter=250 t=31.6s state={'complete': False, 'error': None, 'executedCount': 7, 'wsState': 1} eval_ms=3 ram=3.1/15.6GB (20%) swap=0.0/3.0GB (0%) cpu=36% browser_rss=1.03GB
  [capture-loop] iter=300 t=37.3s state={'complete': False, 'error': None, 'executedCount': 7, 'wsState': 1} eval_ms=3 ram=3.1/15.6GB (20%) swap=0.0/3.0GB (0%) cpu=35% browser_rss=1.03GB
  [capture-loop] iter=350 t=42.9s state={'complete': False, 'error': None, 'executedCount': 7, 'wsState': 1} eval_ms=3 ram=3.1/15.6GB (20%) swap=0.0/3.0GB (0%) cpu=35% browser_rss=1.03GB
  Node executed (8 total), capturing...
  Frame 12 saved (frame_011.jpg, t=45.3s)
  [capture-node] freeze=3ms shot=135ms unfreeze=4ms saved=True
  Node executed (9 total), capturing...
  Frame 13 saved (frame_012.jpg, t=45.9s)
  [capture-node] freeze=605ms shot=405ms unfreeze=0ms saved=True
  Execution complete (t=45.9s)
  Captured 13 unique frames over 46.93s
  [debug] iframes: 2
  [debug]   iframe[0]: src=http://127.0.0.1:8188/extensions/ComfyUI-GeometryPack/viewer_multi.html?v=177821, canvas=368x195, rafFrozen=True
  [debug]   iframe[1]: src=http://127.0.0.1:8188/extensions/ComfyUI-GeometryPack/viewer_multi.html?v=177821, canvas=368x195, rafFrozen=True
  [timing] trigger_3d_previews: 0.0s
  Saved high-quality screenshot: sharpen_all_executed.png
  [timing] final_screenshot: 0.3s
    Captured 14 video frames