Capturing execution frames: smooth_all.json
  Frame 1 saved (frame_000.jpg, t=0.0s)
  Validating workflow...
  Queuing workflow for execution...
  Frame 2 saved (frame_001.jpg, t=2.3s)
  [capture-periodic] freeze=3ms shot=105ms unfreeze=5ms saved=True
  Node executed (3 total), capturing...
  Frame 3 saved (frame_002.jpg, t=3.2s)
  [capture-node] freeze=250ms shot=691ms unfreeze=6ms saved=True
  Node executed (7 total), capturing...
  Frame 4 saved (frame_003.jpg, t=4.5s)
  [capture-node] freeze=3ms shot=121ms unfreeze=0ms saved=True
  Execution complete (t=4.5s)
  Captured 4 unique frames over 4.65s
  [debug] iframes: 2
  [debug]   iframe[0]: src=http://127.0.0.1:8188/extensions/ComfyUI-GeometryPack/viewer_multi.html?v=177821, canvas=368x393, rafFrozen=True
  [debug]   iframe[1]: src=http://127.0.0.1:8188/extensions/ComfyUI-GeometryPack/viewer_multi.html?v=177821, canvas=368x195, rafFrozen=True
  [timing] trigger_3d_previews: 0.0s
  Saved high-quality screenshot: smooth_all_executed.png
  [timing] final_screenshot: 0.3s
    Captured 5 video frames