Capturing execution frames: surface_reconstruction.json
  Frame 1 saved (frame_000.jpg, t=0.0s)
  Validating workflow...
  Queuing workflow for execution...
  Frame 2 saved (frame_001.jpg, t=2.3s)
  [capture-periodic] freeze=4ms shot=116ms unfreeze=9ms saved=True
  Frame 3 saved (frame_002.jpg, t=4.5s)
  [capture-periodic] freeze=3ms shot=114ms unfreeze=4ms saved=True
  Node executed (1 total), capturing...
  Frame 4 saved (frame_003.jpg, t=5.4s)
  [capture-node] freeze=4ms shot=98ms unfreeze=5ms saved=True
  [capture-loop] iter=50 t=6.1s state={'complete': True, 'error': None, 'executedCount': 2, 'wsState': 1} eval_ms=19 ram=3.0/15.6GB (19%) swap=0.0/3.0GB (0%) cpu=28% browser_rss=1.09GB
  Node executed (2 total), capturing...
  Frame 5 saved (frame_004.jpg, t=6.3s)
  [capture-node] freeze=200ms shot=1070ms unfreeze=0ms saved=True
  Execution complete (t=6.3s)
  Captured 5 unique frames over 7.6s
  [debug] iframes: 1
  [debug]   iframe[0]: src=http://127.0.0.1:8188/extensions/ComfyUI-GeometryPack/viewer_dual.html?v=1778212, canvas=370x485, rafFrozen=True
  [timing] trigger_3d_previews: 0.0s
  Saved high-quality screenshot: surface_reconstruction_executed.png
  [timing] final_screenshot: 0.2s
    Captured 6 video frames