Capturing execution frames: uv_unwrap.json
  Frame 1 saved (frame_000.jpg, t=0.0s)
  Validating workflow...
  Queuing workflow for execution...
  Frame 2 saved (frame_001.jpg, t=2.3s)
  [capture-periodic] freeze=4ms shot=131ms unfreeze=9ms saved=True
  Frame 3 saved (frame_002.jpg, t=4.6s)
  [capture-periodic] freeze=4ms shot=221ms unfreeze=21ms saved=True
  Node executed (1 total), capturing...
  Frame 4 saved (frame_003.jpg, t=5.8s)
  [capture-node] freeze=9ms shot=112ms unfreeze=3ms saved=True
  Node executed (2 total), capturing...
  Frame 5 saved (frame_004.jpg, t=6.2s)
  [capture-node] freeze=54ms shot=212ms unfreeze=3ms saved=True
  Execution complete (t=6.7s)
  Captured 5 unique frames over 6.8s
  [debug] iframes: 1
  [debug]   iframe[0]: src=http://127.0.0.1:8188/extensions/ComfyUI-GeometryPack/viewer_uv.html?v=177821240, canvas=287x287, rafFrozen=False
  [timing] trigger_3d_previews: 0.1s
  Saved high-quality screenshot: uv_unwrap_executed.png
  [timing] final_screenshot: 0.2s
    Captured 6 video frames